<?xml version="1.0" encoding="utf-8"?>
<CoverageSession xmlns:xsd="http://www.w3.org/2001/XMLSchema" xmlns:xsi="http://www.w3.org/2001/XMLSchema-instance">
  <Summary numSequencePoints="1543" visitedSequencePoints="1506" numBranchPoints="512" visitedBranchPoints="475" sequenceCoverage="97.60" branchCoverage="92.77" maxCyclomaticComplexity="61" minCyclomaticComplexity="1" visitedClasses="52" numClasses="58" visitedMethods="399" numMethods="432" />
  <Modules>
    <Module skippedDueTo="Filter" hash="E8-5D-0D-DF-48-0E-E1-36-C7-A9-9F-6C-BD-62-D5-34-9F-F0-17-FE">
      <ModulePath>C:\WINDOWS\Microsoft.Net\assembly\GAC_64\mscorlib\v4.0_4.0.0.0__b77a5c561934e089\mscorlib.dll</ModulePath>
      <ModuleTime>2017-02-22T02:17:32.1365185Z</ModuleTime>
      <ModuleName>mscorlib</ModuleName>
      <Classes />
    </Module>
    <Module skippedDueTo="Filter" hash="70-0A-8C-00-26-D7-8E-3A-41-3C-43-6D-01-3C-09-CC-C9-73-85-C0">
      <ModulePath>C:\Users\RonaldRicardo\Source\Repos\Helpful.TextParser\packages\NUnit.ConsoleRunner.3.6.1\tools\nunit3-console.exe</ModulePath>
      <ModuleTime>2017-03-07T00:27:00Z</ModuleTime>
      <ModuleName>nunit3-console</ModuleName>
      <Classes />
    </Module>
    <Module skippedDueTo="Filter" hash="4F-2D-57-51-8C-EB-A3-76-1B-CA-7F-0F-4C-1E-A5-88-77-48-84-05">
      <ModulePath>C:\WINDOWS\Microsoft.Net\assembly\GAC_MSIL\System\v4.0_4.0.0.0__b77a5c561934e089\System.dll</ModulePath>
      <ModuleTime>2017-01-24T02:27:50.5038952Z</ModuleTime>
      <ModuleName>System</ModuleName>
      <Classes />
    </Module>
    <Module skippedDueTo="Filter" hash="90-A5-CB-F1-B1-A1-C2-DE-2A-BF-0B-6F-28-E9-82-CA-41-44-09-3A">
      <ModulePath>C:\Users\RonaldRicardo\Source\Repos\Helpful.TextParser\packages\NUnit.ConsoleRunner.3.6.1\tools\nunit.engine.api.dll</ModulePath>
      <ModuleTime>2017-03-07T00:27:00Z</ModuleTime>
      <ModuleName>nunit.engine.api</ModuleName>
      <Classes />
    </Module>
    <Module skippedDueTo="Filter" hash="96-DE-EF-3F-02-DC-0C-37-07-3E-B9-1D-D2-EF-F9-A2-D3-8E-11-00">
      <ModulePath>C:\Users\RonaldRicardo\Source\Repos\Helpful.TextParser\packages\NUnit.ConsoleRunner.3.6.1\tools\nunit.engine.dll</ModulePath>
      <ModuleTime>2017-03-07T00:27:00Z</ModuleTime>
      <ModuleName>nunit.engine</ModuleName>
      <Classes />
    </Module>
    <Module skippedDueTo="Filter" hash="96-DE-EF-3F-02-DC-0C-37-07-3E-B9-1D-D2-EF-F9-A2-D3-8E-11-00">
      <ModulePath>C:\Users\RonaldRicardo\Source\Repos\Helpful.TextParser\packages\NUnit.ConsoleRunner.3.6.1\tools\nunit.engine.dll</ModulePath>
      <ModuleTime>2017-03-07T00:27:00Z</ModuleTime>
      <ModuleName>nunit.engine</ModuleName>
      <Classes />
    </Module>
    <Module skippedDueTo="Filter" hash="88-45-F0-9C-3C-9F-72-79-CB-6A-82-FA-D7-DB-C3-4A-59-80-3C-6B">
      <ModulePath>C:\WINDOWS\Microsoft.Net\assembly\GAC_MSIL\System.Xml\v4.0_4.0.0.0__b77a5c561934e089\System.Xml.dll</ModulePath>
      <ModuleTime>2016-07-16T11:43:55.4992744Z</ModuleTime>
      <ModuleName>System.Xml</ModuleName>
      <Classes />
    </Module>
    <Module skippedDueTo="Filter" hash="11-98-E7-2B-6C-7D-11-C5-0F-66-CE-47-1E-CA-60-19-D0-EB-15-8B">
      <ModulePath>C:\WINDOWS\Microsoft.Net\assembly\GAC_64\System.Web\v4.0_4.0.0.0__b03f5f7f11d50a3a\System.Web.dll</ModulePath>
      <ModuleTime>2017-02-22T02:17:32.9959633Z</ModuleTime>
      <ModuleName>System.Web</ModuleName>
      <Classes />
    </Module>
    <Module skippedDueTo="Filter" hash="8A-2E-8F-D6-9D-39-02-4A-2F-30-FC-06-42-F7-0F-A8-32-69-07-72">
      <ModulePath>C:\Users\RonaldRicardo\Source\Repos\Helpful.TextParser\packages\NUnit.ConsoleRunner.3.6.1\tools\Mono.Cecil.dll</ModulePath>
      <ModuleTime>2017-03-07T00:27:00Z</ModuleTime>
      <ModuleName>Mono.Cecil</ModuleName>
      <Classes />
    </Module>
    <Module skippedDueTo="Filter" hash="A6-44-D7-5C-2C-AA-24-6D-2E-64-A4-48-13-C2-22-F5-E4-2D-CE-96">
      <ModulePath>C:\WINDOWS\Microsoft.Net\assembly\GAC_MSIL\System.Runtime.Remoting\v4.0_4.0.0.0__b77a5c561934e089\System.Runtime.Remoting.dll</ModulePath>
      <ModuleTime>2016-07-16T11:43:55.4680251Z</ModuleTime>
      <ModuleName>System.Runtime.Remoting</ModuleName>
      <Classes />
    </Module>
    <Module skippedDueTo="Filter" hash="34-A3-5D-67-8E-E7-DB-60-FE-97-F3-BD-D4-E7-40-6B-00-DA-51-C8">
      <ModulePath>C:\WINDOWS\Microsoft.Net\assembly\GAC_MSIL\System.Configuration\v4.0_4.0.0.0__b03f5f7f11d50a3a\System.Configuration.dll</ModulePath>
      <ModuleTime>2016-07-16T11:43:53.9992781Z</ModuleTime>
      <ModuleName>System.Configuration</ModuleName>
      <Classes />
    </Module>
    <Module skippedDueTo="Filter" hash="E8-5D-0D-DF-48-0E-E1-36-C7-A9-9F-6C-BD-62-D5-34-9F-F0-17-FE">
      <ModulePath>C:\WINDOWS\Microsoft.Net\assembly\GAC_64\mscorlib\v4.0_4.0.0.0__b77a5c561934e089\mscorlib.dll</ModulePath>
      <ModuleTime>2017-02-22T02:17:32.1365185Z</ModuleTime>
      <ModuleName>mscorlib</ModuleName>
      <Classes />
    </Module>
    <Module skippedDueTo="Filter" hash="75-5F-1A-C1-0E-E6-C9-A3-EC-A1-F0-6E-89-B4-98-86-0B-A8-B2-AD">
      <ModulePath>C:\Users\RonaldRicardo\Source\Repos\Helpful.TextParser\packages\NUnit.ConsoleRunner.3.6.1\tools\nunit-agent.exe</ModulePath>
      <ModuleTime>2017-03-07T00:27:00Z</ModuleTime>
      <ModuleName>nunit-agent</ModuleName>
      <Classes />
    </Module>
    <Module skippedDueTo="Filter" hash="96-DE-EF-3F-02-DC-0C-37-07-3E-B9-1D-D2-EF-F9-A2-D3-8E-11-00">
      <ModulePath>C:\Users\RonaldRicardo\Source\Repos\Helpful.TextParser\packages\NUnit.ConsoleRunner.3.6.1\tools\nunit.engine.dll</ModulePath>
      <ModuleTime>2017-03-07T00:27:00Z</ModuleTime>
      <ModuleName>nunit.engine</ModuleName>
      <Classes />
    </Module>
    <Module skippedDueTo="Filter" hash="90-A5-CB-F1-B1-A1-C2-DE-2A-BF-0B-6F-28-E9-82-CA-41-44-09-3A">
      <ModulePath>C:\Users\RonaldRicardo\Source\Repos\Helpful.TextParser\packages\NUnit.ConsoleRunner.3.6.1\tools\nunit.engine.api.dll</ModulePath>
      <ModuleTime>2017-03-07T00:27:00Z</ModuleTime>
      <ModuleName>nunit.engine.api</ModuleName>
      <Classes />
    </Module>
    <Module skippedDueTo="Filter" hash="4F-2D-57-51-8C-EB-A3-76-1B-CA-7F-0F-4C-1E-A5-88-77-48-84-05">
      <ModulePath>C:\WINDOWS\Microsoft.Net\assembly\GAC_MSIL\System\v4.0_4.0.0.0__b77a5c561934e089\System.dll</ModulePath>
      <ModuleTime>2017-01-24T02:27:50.5038952Z</ModuleTime>
      <ModuleName>System</ModuleName>
      <Classes />
    </Module>
    <Module skippedDueTo="Filter" hash="A6-44-D7-5C-2C-AA-24-6D-2E-64-A4-48-13-C2-22-F5-E4-2D-CE-96">
      <ModulePath>C:\WINDOWS\Microsoft.Net\assembly\GAC_MSIL\System.Runtime.Remoting\v4.0_4.0.0.0__b77a5c561934e089\System.Runtime.Remoting.dll</ModulePath>
      <ModuleTime>2016-07-16T11:43:55.4680251Z</ModuleTime>
      <ModuleName>System.Runtime.Remoting</ModuleName>
      <Classes />
    </Module>
    <Module skippedDueTo="Filter" hash="88-45-F0-9C-3C-9F-72-79-CB-6A-82-FA-D7-DB-C3-4A-59-80-3C-6B">
      <ModulePath>C:\WINDOWS\Microsoft.Net\assembly\GAC_MSIL\System.Xml\v4.0_4.0.0.0__b77a5c561934e089\System.Xml.dll</ModulePath>
      <ModuleTime>2016-07-16T11:43:55.4992744Z</ModuleTime>
      <ModuleName>System.Xml</ModuleName>
      <Classes />
    </Module>
    <Module skippedDueTo="Filter" hash="11-98-E7-2B-6C-7D-11-C5-0F-66-CE-47-1E-CA-60-19-D0-EB-15-8B">
      <ModulePath>C:\WINDOWS\Microsoft.Net\assembly\GAC_64\System.Web\v4.0_4.0.0.0__b03f5f7f11d50a3a\System.Web.dll</ModulePath>
      <ModuleTime>2017-02-22T02:17:32.9959633Z</ModuleTime>
      <ModuleName>System.Web</ModuleName>
      <Classes />
    </Module>
    <Module skippedDueTo="Filter" hash="8A-2E-8F-D6-9D-39-02-4A-2F-30-FC-06-42-F7-0F-A8-32-69-07-72">
      <ModulePath>C:\Users\RonaldRicardo\Source\Repos\Helpful.TextParser\packages\NUnit.ConsoleRunner.3.6.1\tools\Mono.Cecil.dll</ModulePath>
      <ModuleTime>2017-03-07T00:27:00Z</ModuleTime>
      <ModuleName>Mono.Cecil</ModuleName>
      <Classes />
    </Module>
    <Module skippedDueTo="Filter" hash="34-A3-5D-67-8E-E7-DB-60-FE-97-F3-BD-D4-E7-40-6B-00-DA-51-C8">
      <ModulePath>C:\WINDOWS\Microsoft.Net\assembly\GAC_MSIL\System.Configuration\v4.0_4.0.0.0__b03f5f7f11d50a3a\System.Configuration.dll</ModulePath>
      <ModuleTime>2016-07-16T11:43:53.9992781Z</ModuleTime>
      <ModuleName>System.Configuration</ModuleName>
      <Classes />
    </Module>
    <Module skippedDueTo="Filter" hash="6C-04-8C-57-BA-16-AC-9A-1E-6F-C5-9B-72-58-A4-91-04-FA-A5-1E">
      <ModulePath>C:\Users\RonaldRicardo\Source\Repos\Helpful.TextParser\Helpful.TextParser.Test\bin\Debug\nunit.framework.dll</ModulePath>
      <ModuleTime>2017-02-25T15:53:22Z</ModuleTime>
      <ModuleName>nunit.framework</ModuleName>
      <Classes />
    </Module>
    <Module skippedDueTo="Filter" hash="4F-2D-57-51-8C-EB-A3-76-1B-CA-7F-0F-4C-1E-A5-88-77-48-84-05">
      <ModulePath>C:\WINDOWS\Microsoft.Net\assembly\GAC_MSIL\System\v4.0_4.0.0.0__b77a5c561934e089\System.dll</ModulePath>
      <ModuleTime>2017-01-24T02:27:50.5038952Z</ModuleTime>
      <ModuleName>System</ModuleName>
      <Classes />
    </Module>
    <Module skippedDueTo="Filter" hash="0E-27-EE-48-18-43-E9-5B-DA-5C-9E-39-CB-7D-31-B7-EA-D9-09-31">
      <ModulePath>C:\WINDOWS\Microsoft.Net\assembly\GAC_MSIL\System.Core\v4.0_4.0.0.0__b77a5c561934e089\System.Core.dll</ModulePath>
      <ModuleTime>2017-02-22T02:02:52.7009184Z</ModuleTime>
      <ModuleName>System.Core</ModuleName>
      <Classes />
    </Module>
    <Module skippedDueTo="Filter" hash="11-98-E7-2B-6C-7D-11-C5-0F-66-CE-47-1E-CA-60-19-D0-EB-15-8B">
      <ModulePath>C:\WINDOWS\Microsoft.Net\assembly\GAC_64\System.Web\v4.0_4.0.0.0__b03f5f7f11d50a3a\System.Web.dll</ModulePath>
      <ModuleTime>2017-02-22T02:17:32.9959633Z</ModuleTime>
      <ModuleName>System.Web</ModuleName>
      <Classes />
    </Module>
    <Module hash="B1-8E-FB-11-DB-37-01-19-EB-E4-AE-93-F5-2D-F5-82-25-F2-D1-07">
      <Summary numSequencePoints="1002" visitedSequencePoints="969" numBranchPoints="332" visitedBranchPoints="299" sequenceCoverage="96.71" branchCoverage="90.06" maxCyclomaticComplexity="61" minCyclomaticComplexity="1" visitedClasses="25" numClasses="31" visitedMethods="297" numMethods="330" />
      <ModulePath>C:\Users\RonaldRicardo\Source\Repos\Helpful.TextParser\Helpful.TextParser.Test\bin\Debug\Helpful.TextParser.Test.dll</ModulePath>
      <ModuleTime>2017-04-10T02:28:51.5081352Z</ModuleTime>
      <ModuleName>Helpful.TextParser.Test</ModuleName>
      <Files>
        <File uid="1" fullPath="C:\Users\RonaldRicardo\Source\Repos\Helpful.TextParser\Helpful.TextParser.Test\ValueSetter\ValueSetterTest.cs" />
        <File uid="3" fullPath="C:\Users\RonaldRicardo\Source\Repos\Helpful.TextParser\Helpful.TextParser.Test\Parser\ParserTest.cs" />
        <File uid="8" fullPath="C:\Users\RonaldRicardo\Source\Repos\Helpful.TextParser\Helpful.TextParser.Test\LineValueExtractor\DelimitedLineValueExtractorTest.cs" />
        <File uid="9" fullPath="C:\Users\RonaldRicardo\Source\Repos\Helpful.TextParser\Helpful.TextParser.Test\LineValueExtractor\LineValueExtractorFactoryTest.cs" />
        <File uid="10" fullPath="C:\Users\RonaldRicardo\Source\Repos\Helpful.TextParser\Helpful.TextParser.Test\LineValueExtractor\PositionedLineValueExtractorTest.cs" />
        <File uid="11" fullPath="C:\Users\RonaldRicardo\Source\Repos\Helpful.TextParser\Helpful.TextParser.Test\Fluent\DelimitedDescriptorTest.cs" />
        <File uid="20" fullPath="C:\Users\RonaldRicardo\Source\Repos\Helpful.TextParser\Helpful.TextParser.Test\Fluent\PositionedDescriptorTest.cs" />
      </Files>
      <Classes>
        <Class>
          <Summary numSequencePoints="0" visitedSequencePoints="0" numBranchPoints="0" visitedBranchPoints="0" sequenceCoverage="0" branchCoverage="0" maxCyclomaticComplexity="0" minCyclomaticComplexity="0" visitedClasses="0" numClasses="0" visitedMethods="0" numMethods="0" />
          <FullName>&lt;Module&gt;</FullName>
          <Methods />
        </Class>
        <Class>
          <Summary numSequencePoints="17" visitedSequencePoints="17" numBranchPoints="4" visitedBranchPoints="4" sequenceCoverage="100" branchCoverage="100" maxCyclomaticComplexity="2" minCyclomaticComplexity="1" visitedClasses="1" numClasses="1" visitedMethods="2" numMethods="2" />
          <FullName>Helpful.TextParser.Test.ValueSetter.ValueSetterTest</FullName>
          <Methods>
            <Method visited="true" cyclomaticComplexity="2" nPathComplexity="2" sequenceCoverage="100" branchCoverage="100" isConstructor="false" isStatic="false" isGetter="false" isSetter="false">
              <Summary numSequencePoints="10" visitedSequencePoints="10" numBranchPoints="3" visitedBranchPoints="3" sequenceCoverage="100" branchCoverage="100" maxCyclomaticComplexity="2" minCyclomaticComplexity="2" visitedClasses="0" numClasses="0" visitedMethods="1" numMethods="1" />
              <MetadataToken>100663297</MetadataToken>
              <Name>System.Void Helpful.TextParser.Test.ValueSetter.ValueSetterTest::Set_SetValue_ValueIsSet(System.String,System.String,System.Boolean,System.Object)</Name>
              <FileRef uid="1" />
              <SequencePoints>
                <SequencePoint vc="21" uspid="1" ordinal="0" offset="0" sl="33" sc="9" el="33" ec="10" bec="0" bev="0" fileid="1" />
                <SequencePoint vc="21" uspid="2" ordinal="1" offset="1" sl="34" sc="13" el="34" ec="54" bec="0" bev="0" fileid="1" />
                <SequencePoint vc="21" uspid="3" ordinal="2" offset="7" sl="36" sc="13" el="36" ec="130" bec="0" bev="0" fileid="1" />
                <SequencePoint vc="21" uspid="4" ordinal="3" offset="26" sl="38" sc="13" el="38" ec="46" bec="0" bev="0" fileid="1" />
                <SequencePoint vc="21" uspid="5" ordinal="4" offset="32" sl="40" sc="13" el="40" ec="71" bec="0" bev="0" fileid="1" />
                <SequencePoint vc="21" uspid="6" ordinal="5" offset="48" sl="42" sc="13" el="42" ec="29" bec="2" bev="2" fileid="1" />
                <SequencePoint vc="16" uspid="7" ordinal="6" offset="53" sl="43" sc="13" el="43" ec="14" bec="0" bev="0" fileid="1" />
                <SequencePoint vc="16" uspid="8" ordinal="7" offset="54" sl="44" sc="17" el="44" ec="70" bec="0" bev="0" fileid="1" />
                <SequencePoint vc="16" uspid="9" ordinal="8" offset="69" sl="45" sc="13" el="45" ec="14" bec="0" bev="0" fileid="1" />
                <SequencePoint vc="21" uspid="10" ordinal="9" offset="70" sl="46" sc="9" el="46" ec="10" bec="0" bev="0" fileid="1" />
              </SequencePoints>
              <BranchPoints>
                <BranchPoint vc="16" uspid="11" ordinal="0" offset="51" sl="42" path="0" offsetend="53" fileid="1" />
                <BranchPoint vc="5" uspid="12" ordinal="1" offset="51" sl="42" path="1" offsetend="70" fileid="1" />
              </BranchPoints>
              <MethodPoint xsi:type="SequencePoint" vc="21" uspid="1" ordinal="0" offset="0" sl="33" sc="9" el="33" ec="10" bec="0" bev="0" fileid="1" />
            </Method>
            <Method visited="true" cyclomaticComplexity="1" nPathComplexity="0" sequenceCoverage="100" branchCoverage="100" isConstructor="false" isStatic="false" isGetter="false" isSetter="false">
              <Summary numSequencePoints="7" visitedSequencePoints="7" numBranchPoints="1" visitedBranchPoints="1" sequenceCoverage="100" branchCoverage="100" maxCyclomaticComplexity="1" minCyclomaticComplexity="1" visitedClasses="0" numClasses="0" visitedMethods="1" numMethods="1" />
              <MetadataToken>100663298</MetadataToken>
              <Name>System.Void Helpful.TextParser.Test.ValueSetter.ValueSetterTest::Set_SetValueDateTime_ValueIsSet()</Name>
              <FileRef uid="1" />
              <SequencePoints>
                <SequencePoint vc="1" uspid="13" ordinal="0" offset="0" sl="50" sc="9" el="50" ec="10" bec="0" bev="0" fileid="1" />
                <SequencePoint vc="1" uspid="14" ordinal="1" offset="1" sl="51" sc="13" el="51" ec="54" bec="0" bev="0" fileid="1" />
                <SequencePoint vc="1" uspid="15" ordinal="2" offset="7" sl="53" sc="13" el="53" ec="132" bec="0" bev="0" fileid="1" />
                <SequencePoint vc="1" uspid="16" ordinal="3" offset="30" sl="55" sc="13" el="55" ec="46" bec="0" bev="0" fileid="1" />
                <SequencePoint vc="1" uspid="17" ordinal="4" offset="36" sl="57" sc="13" el="57" ec="71" bec="0" bev="0" fileid="1" />
                <SequencePoint vc="1" uspid="18" ordinal="5" offset="55" sl="59" sc="13" el="59" ec="79" bec="0" bev="0" fileid="1" />
                <SequencePoint vc="1" uspid="19" ordinal="6" offset="85" sl="60" sc="9" el="60" ec="10" bec="0" bev="0" fileid="1" />
              </SequencePoints>
              <BranchPoints />
              <MethodPoint xsi:type="SequencePoint" vc="1" uspid="13" ordinal="0" offset="0" sl="50" sc="9" el="50" ec="10" bec="0" bev="0" fileid="1" />
            </Method>
            <Method visited="true" cyclomaticComplexity="1" nPathComplexity="0" sequenceCoverage="0" branchCoverage="0" isConstructor="true" isStatic="false" isGetter="false" isSetter="false">
              <Summary numSequencePoints="0" visitedSequencePoints="0" numBranchPoints="0" visitedBranchPoints="0" sequenceCoverage="0" branchCoverage="0" maxCyclomaticComplexity="1" minCyclomaticComplexity="1" visitedClasses="0" numClasses="0" visitedMethods="0" numMethods="0" />
              <MetadataToken>100663299</MetadataToken>
              <Name>System.Void Helpful.TextParser.Test.ValueSetter.ValueSetterTest::.ctor()</Name>
              <SequencePoints />
              <BranchPoints />
              <MethodPoint vc="1" uspid="20" ordinal="0" offset="0" />
            </Method>
          </Methods>
        </Class>
        <Class>
          <Summary numSequencePoints="34" visitedSequencePoints="33" numBranchPoints="34" visitedBranchPoints="33" sequenceCoverage="97.06" branchCoverage="97.06" maxCyclomaticComplexity="1" minCyclomaticComplexity="1" visitedClasses="1" numClasses="1" visitedMethods="33" numMethods="34" />
          <FullName>Helpful.TextParser.Test.ValueSetter.DummyWithAllProperties</FullName>
          <Methods>
            <Method visited="true" cyclomaticComplexity="1" nPathComplexity="0" sequenceCoverage="100" branchCoverage="100" isConstructor="false" isStatic="false" isGetter="true" isSetter="false">
              <Summary numSequencePoints="1" visitedSequencePoints="1" numBranchPoints="1" visitedBranchPoints="1" sequenceCoverage="100" branchCoverage="100" maxCyclomaticComplexity="1" minCyclomaticComplexity="1" visitedClasses="0" numClasses="0" visitedMethods="1" numMethods="1" />
              <MetadataToken>100663300</MetadataToken>
              <Name>System.Nullable`1&lt;System.DateTime&gt; Helpful.TextParser.Test.ValueSetter.DummyWithAllProperties::get_NullableDateTime()</Name>
              <FileRef uid="1" />
              <SequencePoints>
                <SequencePoint vc="1" uspid="21" ordinal="0" offset="0" sl="65" sc="45" el="65" ec="49" bec="0" bev="0" fileid="1" />
              </SequencePoints>
              <BranchPoints />
              <MethodPoint xsi:type="SequencePoint" vc="1" uspid="21" ordinal="0" offset="0" sl="65" sc="45" el="65" ec="49" bec="0" bev="0" fileid="1" />
            </Method>
            <Method visited="false" cyclomaticComplexity="1" nPathComplexity="0" sequenceCoverage="0" branchCoverage="0" isConstructor="false" isStatic="false" isGetter="false" isSetter="true">
              <Summary numSequencePoints="1" visitedSequencePoints="0" numBranchPoints="1" visitedBranchPoints="0" sequenceCoverage="0" branchCoverage="0" maxCyclomaticComplexity="1" minCyclomaticComplexity="1" visitedClasses="0" numClasses="0" visitedMethods="0" numMethods="1" />
              <MetadataToken>100663301</MetadataToken>
              <Name>System.Void Helpful.TextParser.Test.ValueSetter.DummyWithAllProperties::set_NullableDateTime(System.Nullable`1&lt;System.DateTime&gt;)</Name>
              <FileRef uid="1" />
              <SequencePoints>
                <SequencePoint vc="0" uspid="22" ordinal="0" offset="0" sl="65" sc="50" el="65" ec="54" bec="0" bev="0" fileid="1" />
              </SequencePoints>
              <BranchPoints />
              <MethodPoint xsi:type="SequencePoint" vc="0" uspid="22" ordinal="0" offset="0" sl="65" sc="50" el="65" ec="54" bec="0" bev="0" fileid="1" />
            </Method>
            <Method visited="true" cyclomaticComplexity="1" nPathComplexity="0" sequenceCoverage="100" branchCoverage="100" isConstructor="false" isStatic="false" isGetter="true" isSetter="false">
              <Summary numSequencePoints="1" visitedSequencePoints="1" numBranchPoints="1" visitedBranchPoints="1" sequenceCoverage="100" branchCoverage="100" maxCyclomaticComplexity="1" minCyclomaticComplexity="1" visitedClasses="0" numClasses="0" visitedMethods="1" numMethods="1" />
              <MetadataToken>100663302</MetadataToken>
              <Name>System.DateTime Helpful.TextParser.Test.ValueSetter.DummyWithAllProperties::get_DateTime()</Name>
              <FileRef uid="1" />
              <SequencePoints>
                <SequencePoint vc="1" uspid="23" ordinal="0" offset="0" sl="67" sc="36" el="67" ec="40" bec="0" bev="0" fileid="1" />
              </SequencePoints>
              <BranchPoints />
              <MethodPoint xsi:type="SequencePoint" vc="1" uspid="23" ordinal="0" offset="0" sl="67" sc="36" el="67" ec="40" bec="0" bev="0" fileid="1" />
            </Method>
            <Method visited="true" cyclomaticComplexity="1" nPathComplexity="0" sequenceCoverage="100" branchCoverage="100" isConstructor="false" isStatic="false" isGetter="false" isSetter="true">
              <Summary numSequencePoints="1" visitedSequencePoints="1" numBranchPoints="1" visitedBranchPoints="1" sequenceCoverage="100" branchCoverage="100" maxCyclomaticComplexity="1" minCyclomaticComplexity="1" visitedClasses="0" numClasses="0" visitedMethods="1" numMethods="1" />
              <MetadataToken>100663303</MetadataToken>
              <Name>System.Void Helpful.TextParser.Test.ValueSetter.DummyWithAllProperties::set_DateTime(System.DateTime)</Name>
              <FileRef uid="1" />
              <SequencePoints>
                <SequencePoint vc="1" uspid="24" ordinal="0" offset="0" sl="67" sc="41" el="67" ec="45" bec="0" bev="0" fileid="1" />
              </SequencePoints>
              <BranchPoints />
              <MethodPoint xsi:type="SequencePoint" vc="1" uspid="24" ordinal="0" offset="0" sl="67" sc="41" el="67" ec="45" bec="0" bev="0" fileid="1" />
            </Method>
            <Method visited="true" cyclomaticComplexity="1" nPathComplexity="0" sequenceCoverage="100" branchCoverage="100" isConstructor="false" isStatic="false" isGetter="true" isSetter="false">
              <Summary numSequencePoints="1" visitedSequencePoints="1" numBranchPoints="1" visitedBranchPoints="1" sequenceCoverage="100" branchCoverage="100" maxCyclomaticComplexity="1" minCyclomaticComplexity="1" visitedClasses="0" numClasses="0" visitedMethods="1" numMethods="1" />
              <MetadataToken>100663304</MetadataToken>
              <Name>System.Boolean Helpful.TextParser.Test.ValueSetter.DummyWithAllProperties::get_Boolean()</Name>
              <FileRef uid="1" />
              <SequencePoints>
                <SequencePoint vc="1" uspid="25" ordinal="0" offset="0" sl="69" sc="31" el="69" ec="35" bec="0" bev="0" fileid="1" />
              </SequencePoints>
              <BranchPoints />
              <MethodPoint xsi:type="SequencePoint" vc="1" uspid="25" ordinal="0" offset="0" sl="69" sc="31" el="69" ec="35" bec="0" bev="0" fileid="1" />
            </Method>
            <Method visited="true" cyclomaticComplexity="1" nPathComplexity="0" sequenceCoverage="100" branchCoverage="100" isConstructor="false" isStatic="false" isGetter="false" isSetter="true">
              <Summary numSequencePoints="1" visitedSequencePoints="1" numBranchPoints="1" visitedBranchPoints="1" sequenceCoverage="100" branchCoverage="100" maxCyclomaticComplexity="1" minCyclomaticComplexity="1" visitedClasses="0" numClasses="0" visitedMethods="1" numMethods="1" />
              <MetadataToken>100663305</MetadataToken>
              <Name>System.Void Helpful.TextParser.Test.ValueSetter.DummyWithAllProperties::set_Boolean(System.Boolean)</Name>
              <FileRef uid="1" />
              <SequencePoints>
                <SequencePoint vc="1" uspid="26" ordinal="0" offset="0" sl="69" sc="36" el="69" ec="40" bec="0" bev="0" fileid="1" />
              </SequencePoints>
              <BranchPoints />
              <MethodPoint xsi:type="SequencePoint" vc="1" uspid="26" ordinal="0" offset="0" sl="69" sc="36" el="69" ec="40" bec="0" bev="0" fileid="1" />
            </Method>
            <Method visited="true" cyclomaticComplexity="1" nPathComplexity="0" sequenceCoverage="100" branchCoverage="100" isConstructor="false" isStatic="false" isGetter="true" isSetter="false">
              <Summary numSequencePoints="1" visitedSequencePoints="1" numBranchPoints="1" visitedBranchPoints="1" sequenceCoverage="100" branchCoverage="100" maxCyclomaticComplexity="1" minCyclomaticComplexity="1" visitedClasses="0" numClasses="0" visitedMethods="1" numMethods="1" />
              <MetadataToken>100663306</MetadataToken>
              <Name>System.Byte Helpful.TextParser.Test.ValueSetter.DummyWithAllProperties::get_Byte()</Name>
              <FileRef uid="1" />
              <SequencePoints>
                <SequencePoint vc="1" uspid="27" ordinal="0" offset="0" sl="71" sc="28" el="71" ec="32" bec="0" bev="0" fileid="1" />
              </SequencePoints>
              <BranchPoints />
              <MethodPoint xsi:type="SequencePoint" vc="1" uspid="27" ordinal="0" offset="0" sl="71" sc="28" el="71" ec="32" bec="0" bev="0" fileid="1" />
            </Method>
            <Method visited="true" cyclomaticComplexity="1" nPathComplexity="0" sequenceCoverage="100" branchCoverage="100" isConstructor="false" isStatic="false" isGetter="false" isSetter="true">
              <Summary numSequencePoints="1" visitedSequencePoints="1" numBranchPoints="1" visitedBranchPoints="1" sequenceCoverage="100" branchCoverage="100" maxCyclomaticComplexity="1" minCyclomaticComplexity="1" visitedClasses="0" numClasses="0" visitedMethods="1" numMethods="1" />
              <MetadataToken>100663307</MetadataToken>
              <Name>System.Void Helpful.TextParser.Test.ValueSetter.DummyWithAllProperties::set_Byte(System.Byte)</Name>
              <FileRef uid="1" />
              <SequencePoints>
                <SequencePoint vc="1" uspid="28" ordinal="0" offset="0" sl="71" sc="33" el="71" ec="37" bec="0" bev="0" fileid="1" />
              </SequencePoints>
              <BranchPoints />
              <MethodPoint xsi:type="SequencePoint" vc="1" uspid="28" ordinal="0" offset="0" sl="71" sc="33" el="71" ec="37" bec="0" bev="0" fileid="1" />
            </Method>
            <Method visited="true" cyclomaticComplexity="1" nPathComplexity="0" sequenceCoverage="100" branchCoverage="100" isConstructor="false" isStatic="false" isGetter="true" isSetter="false">
              <Summary numSequencePoints="1" visitedSequencePoints="1" numBranchPoints="1" visitedBranchPoints="1" sequenceCoverage="100" branchCoverage="100" maxCyclomaticComplexity="1" minCyclomaticComplexity="1" visitedClasses="0" numClasses="0" visitedMethods="1" numMethods="1" />
              <MetadataToken>100663308</MetadataToken>
              <Name>System.SByte Helpful.TextParser.Test.ValueSetter.DummyWithAllProperties::get_SByte()</Name>
              <FileRef uid="1" />
              <SequencePoints>
                <SequencePoint vc="1" uspid="29" ordinal="0" offset="0" sl="73" sc="30" el="73" ec="34" bec="0" bev="0" fileid="1" />
              </SequencePoints>
              <BranchPoints />
              <MethodPoint xsi:type="SequencePoint" vc="1" uspid="29" ordinal="0" offset="0" sl="73" sc="30" el="73" ec="34" bec="0" bev="0" fileid="1" />
            </Method>
            <Method visited="true" cyclomaticComplexity="1" nPathComplexity="0" sequenceCoverage="100" branchCoverage="100" isConstructor="false" isStatic="false" isGetter="false" isSetter="true">
              <Summary numSequencePoints="1" visitedSequencePoints="1" numBranchPoints="1" visitedBranchPoints="1" sequenceCoverage="100" branchCoverage="100" maxCyclomaticComplexity="1" minCyclomaticComplexity="1" visitedClasses="0" numClasses="0" visitedMethods="1" numMethods="1" />
              <MetadataToken>100663309</MetadataToken>
              <Name>System.Void Helpful.TextParser.Test.ValueSetter.DummyWithAllProperties::set_SByte(System.SByte)</Name>
              <FileRef uid="1" />
              <SequencePoints>
                <SequencePoint vc="1" uspid="30" ordinal="0" offset="0" sl="73" sc="35" el="73" ec="39" bec="0" bev="0" fileid="1" />
              </SequencePoints>
              <BranchPoints />
              <MethodPoint xsi:type="SequencePoint" vc="1" uspid="30" ordinal="0" offset="0" sl="73" sc="35" el="73" ec="39" bec="0" bev="0" fileid="1" />
            </Method>
            <Method visited="true" cyclomaticComplexity="1" nPathComplexity="0" sequenceCoverage="100" branchCoverage="100" isConstructor="false" isStatic="false" isGetter="true" isSetter="false">
              <Summary numSequencePoints="1" visitedSequencePoints="1" numBranchPoints="1" visitedBranchPoints="1" sequenceCoverage="100" branchCoverage="100" maxCyclomaticComplexity="1" minCyclomaticComplexity="1" visitedClasses="0" numClasses="0" visitedMethods="1" numMethods="1" />
              <MetadataToken>100663310</MetadataToken>
              <Name>System.Char Helpful.TextParser.Test.ValueSetter.DummyWithAllProperties::get_Char()</Name>
              <FileRef uid="1" />
              <SequencePoints>
                <SequencePoint vc="1" uspid="31" ordinal="0" offset="0" sl="75" sc="28" el="75" ec="32" bec="0" bev="0" fileid="1" />
              </SequencePoints>
              <BranchPoints />
              <MethodPoint xsi:type="SequencePoint" vc="1" uspid="31" ordinal="0" offset="0" sl="75" sc="28" el="75" ec="32" bec="0" bev="0" fileid="1" />
            </Method>
            <Method visited="true" cyclomaticComplexity="1" nPathComplexity="0" sequenceCoverage="100" branchCoverage="100" isConstructor="false" isStatic="false" isGetter="false" isSetter="true">
              <Summary numSequencePoints="1" visitedSequencePoints="1" numBranchPoints="1" visitedBranchPoints="1" sequenceCoverage="100" branchCoverage="100" maxCyclomaticComplexity="1" minCyclomaticComplexity="1" visitedClasses="0" numClasses="0" visitedMethods="1" numMethods="1" />
              <MetadataToken>100663311</MetadataToken>
              <Name>System.Void Helpful.TextParser.Test.ValueSetter.DummyWithAllProperties::set_Char(System.Char)</Name>
              <FileRef uid="1" />
              <SequencePoints>
                <SequencePoint vc="1" uspid="32" ordinal="0" offset="0" sl="75" sc="33" el="75" ec="37" bec="0" bev="0" fileid="1" />
              </SequencePoints>
              <BranchPoints />
              <MethodPoint xsi:type="SequencePoint" vc="1" uspid="32" ordinal="0" offset="0" sl="75" sc="33" el="75" ec="37" bec="0" bev="0" fileid="1" />
            </Method>
            <Method visited="true" cyclomaticComplexity="1" nPathComplexity="0" sequenceCoverage="100" branchCoverage="100" isConstructor="false" isStatic="false" isGetter="true" isSetter="false">
              <Summary numSequencePoints="1" visitedSequencePoints="1" numBranchPoints="1" visitedBranchPoints="1" sequenceCoverage="100" branchCoverage="100" maxCyclomaticComplexity="1" minCyclomaticComplexity="1" visitedClasses="0" numClasses="0" visitedMethods="1" numMethods="1" />
              <MetadataToken>100663312</MetadataToken>
              <Name>System.Decimal Helpful.TextParser.Test.ValueSetter.DummyWithAllProperties::get_Decimal()</Name>
              <FileRef uid="1" />
              <SequencePoints>
                <SequencePoint vc="1" uspid="33" ordinal="0" offset="0" sl="77" sc="34" el="77" ec="38" bec="0" bev="0" fileid="1" />
              </SequencePoints>
              <BranchPoints />
              <MethodPoint xsi:type="SequencePoint" vc="1" uspid="33" ordinal="0" offset="0" sl="77" sc="34" el="77" ec="38" bec="0" bev="0" fileid="1" />
            </Method>
            <Method visited="true" cyclomaticComplexity="1" nPathComplexity="0" sequenceCoverage="100" branchCoverage="100" isConstructor="false" isStatic="false" isGetter="false" isSetter="true">
              <Summary numSequencePoints="1" visitedSequencePoints="1" numBranchPoints="1" visitedBranchPoints="1" sequenceCoverage="100" branchCoverage="100" maxCyclomaticComplexity="1" minCyclomaticComplexity="1" visitedClasses="0" numClasses="0" visitedMethods="1" numMethods="1" />
              <MetadataToken>100663313</MetadataToken>
              <Name>System.Void Helpful.TextParser.Test.ValueSetter.DummyWithAllProperties::set_Decimal(System.Decimal)</Name>
              <FileRef uid="1" />
              <SequencePoints>
                <SequencePoint vc="1" uspid="34" ordinal="0" offset="0" sl="77" sc="39" el="77" ec="43" bec="0" bev="0" fileid="1" />
              </SequencePoints>
              <BranchPoints />
              <MethodPoint xsi:type="SequencePoint" vc="1" uspid="34" ordinal="0" offset="0" sl="77" sc="39" el="77" ec="43" bec="0" bev="0" fileid="1" />
            </Method>
            <Method visited="true" cyclomaticComplexity="1" nPathComplexity="0" sequenceCoverage="100" branchCoverage="100" isConstructor="false" isStatic="false" isGetter="true" isSetter="false">
              <Summary numSequencePoints="1" visitedSequencePoints="1" numBranchPoints="1" visitedBranchPoints="1" sequenceCoverage="100" branchCoverage="100" maxCyclomaticComplexity="1" minCyclomaticComplexity="1" visitedClasses="0" numClasses="0" visitedMethods="1" numMethods="1" />
              <MetadataToken>100663314</MetadataToken>
              <Name>System.Double Helpful.TextParser.Test.ValueSetter.DummyWithAllProperties::get_Double()</Name>
              <FileRef uid="1" />
              <SequencePoints>
                <SequencePoint vc="1" uspid="35" ordinal="0" offset="0" sl="79" sc="32" el="79" ec="36" bec="0" bev="0" fileid="1" />
              </SequencePoints>
              <BranchPoints />
              <MethodPoint xsi:type="SequencePoint" vc="1" uspid="35" ordinal="0" offset="0" sl="79" sc="32" el="79" ec="36" bec="0" bev="0" fileid="1" />
            </Method>
            <Method visited="true" cyclomaticComplexity="1" nPathComplexity="0" sequenceCoverage="100" branchCoverage="100" isConstructor="false" isStatic="false" isGetter="false" isSetter="true">
              <Summary numSequencePoints="1" visitedSequencePoints="1" numBranchPoints="1" visitedBranchPoints="1" sequenceCoverage="100" branchCoverage="100" maxCyclomaticComplexity="1" minCyclomaticComplexity="1" visitedClasses="0" numClasses="0" visitedMethods="1" numMethods="1" />
              <MetadataToken>100663315</MetadataToken>
              <Name>System.Void Helpful.TextParser.Test.ValueSetter.DummyWithAllProperties::set_Double(System.Double)</Name>
              <FileRef uid="1" />
              <SequencePoints>
                <SequencePoint vc="1" uspid="36" ordinal="0" offset="0" sl="79" sc="37" el="79" ec="41" bec="0" bev="0" fileid="1" />
              </SequencePoints>
              <BranchPoints />
              <MethodPoint xsi:type="SequencePoint" vc="1" uspid="36" ordinal="0" offset="0" sl="79" sc="37" el="79" ec="41" bec="0" bev="0" fileid="1" />
            </Method>
            <Method visited="true" cyclomaticComplexity="1" nPathComplexity="0" sequenceCoverage="100" branchCoverage="100" isConstructor="false" isStatic="false" isGetter="true" isSetter="false">
              <Summary numSequencePoints="1" visitedSequencePoints="1" numBranchPoints="1" visitedBranchPoints="1" sequenceCoverage="100" branchCoverage="100" maxCyclomaticComplexity="1" minCyclomaticComplexity="1" visitedClasses="0" numClasses="0" visitedMethods="1" numMethods="1" />
              <MetadataToken>100663316</MetadataToken>
              <Name>System.Single Helpful.TextParser.Test.ValueSetter.DummyWithAllProperties::get_Float()</Name>
              <FileRef uid="1" />
              <SequencePoints>
                <SequencePoint vc="1" uspid="37" ordinal="0" offset="0" sl="81" sc="30" el="81" ec="34" bec="0" bev="0" fileid="1" />
              </SequencePoints>
              <BranchPoints />
              <MethodPoint xsi:type="SequencePoint" vc="1" uspid="37" ordinal="0" offset="0" sl="81" sc="30" el="81" ec="34" bec="0" bev="0" fileid="1" />
            </Method>
            <Method visited="true" cyclomaticComplexity="1" nPathComplexity="0" sequenceCoverage="100" branchCoverage="100" isConstructor="false" isStatic="false" isGetter="false" isSetter="true">
              <Summary numSequencePoints="1" visitedSequencePoints="1" numBranchPoints="1" visitedBranchPoints="1" sequenceCoverage="100" branchCoverage="100" maxCyclomaticComplexity="1" minCyclomaticComplexity="1" visitedClasses="0" numClasses="0" visitedMethods="1" numMethods="1" />
              <MetadataToken>100663317</MetadataToken>
              <Name>System.Void Helpful.TextParser.Test.ValueSetter.DummyWithAllProperties::set_Float(System.Single)</Name>
              <FileRef uid="1" />
              <SequencePoints>
                <SequencePoint vc="1" uspid="38" ordinal="0" offset="0" sl="81" sc="35" el="81" ec="39" bec="0" bev="0" fileid="1" />
              </SequencePoints>
              <BranchPoints />
              <MethodPoint xsi:type="SequencePoint" vc="1" uspid="38" ordinal="0" offset="0" sl="81" sc="35" el="81" ec="39" bec="0" bev="0" fileid="1" />
            </Method>
            <Method visited="true" cyclomaticComplexity="1" nPathComplexity="0" sequenceCoverage="100" branchCoverage="100" isConstructor="false" isStatic="false" isGetter="true" isSetter="false">
              <Summary numSequencePoints="1" visitedSequencePoints="1" numBranchPoints="1" visitedBranchPoints="1" sequenceCoverage="100" branchCoverage="100" maxCyclomaticComplexity="1" minCyclomaticComplexity="1" visitedClasses="0" numClasses="0" visitedMethods="1" numMethods="1" />
              <MetadataToken>100663318</MetadataToken>
              <Name>System.Int32 Helpful.TextParser.Test.ValueSetter.DummyWithAllProperties::get_Int()</Name>
              <FileRef uid="1" />
              <SequencePoints>
                <SequencePoint vc="1" uspid="39" ordinal="0" offset="0" sl="83" sc="26" el="83" ec="30" bec="0" bev="0" fileid="1" />
              </SequencePoints>
              <BranchPoints />
              <MethodPoint xsi:type="SequencePoint" vc="1" uspid="39" ordinal="0" offset="0" sl="83" sc="26" el="83" ec="30" bec="0" bev="0" fileid="1" />
            </Method>
            <Method visited="true" cyclomaticComplexity="1" nPathComplexity="0" sequenceCoverage="100" branchCoverage="100" isConstructor="false" isStatic="false" isGetter="false" isSetter="true">
              <Summary numSequencePoints="1" visitedSequencePoints="1" numBranchPoints="1" visitedBranchPoints="1" sequenceCoverage="100" branchCoverage="100" maxCyclomaticComplexity="1" minCyclomaticComplexity="1" visitedClasses="0" numClasses="0" visitedMethods="1" numMethods="1" />
              <MetadataToken>100663319</MetadataToken>
              <Name>System.Void Helpful.TextParser.Test.ValueSetter.DummyWithAllProperties::set_Int(System.Int32)</Name>
              <FileRef uid="1" />
              <SequencePoints>
                <SequencePoint vc="1" uspid="40" ordinal="0" offset="0" sl="83" sc="31" el="83" ec="35" bec="0" bev="0" fileid="1" />
              </SequencePoints>
              <BranchPoints />
              <MethodPoint xsi:type="SequencePoint" vc="1" uspid="40" ordinal="0" offset="0" sl="83" sc="31" el="83" ec="35" bec="0" bev="0" fileid="1" />
            </Method>
            <Method visited="true" cyclomaticComplexity="1" nPathComplexity="0" sequenceCoverage="100" branchCoverage="100" isConstructor="false" isStatic="false" isGetter="true" isSetter="false">
              <Summary numSequencePoints="1" visitedSequencePoints="1" numBranchPoints="1" visitedBranchPoints="1" sequenceCoverage="100" branchCoverage="100" maxCyclomaticComplexity="1" minCyclomaticComplexity="1" visitedClasses="0" numClasses="0" visitedMethods="1" numMethods="1" />
              <MetadataToken>100663320</MetadataToken>
              <Name>System.UInt32 Helpful.TextParser.Test.ValueSetter.DummyWithAllProperties::get_UInt()</Name>
              <FileRef uid="1" />
              <SequencePoints>
                <SequencePoint vc="1" uspid="41" ordinal="0" offset="0" sl="85" sc="28" el="85" ec="32" bec="0" bev="0" fileid="1" />
              </SequencePoints>
              <BranchPoints />
              <MethodPoint xsi:type="SequencePoint" vc="1" uspid="41" ordinal="0" offset="0" sl="85" sc="28" el="85" ec="32" bec="0" bev="0" fileid="1" />
            </Method>
            <Method visited="true" cyclomaticComplexity="1" nPathComplexity="0" sequenceCoverage="100" branchCoverage="100" isConstructor="false" isStatic="false" isGetter="false" isSetter="true">
              <Summary numSequencePoints="1" visitedSequencePoints="1" numBranchPoints="1" visitedBranchPoints="1" sequenceCoverage="100" branchCoverage="100" maxCyclomaticComplexity="1" minCyclomaticComplexity="1" visitedClasses="0" numClasses="0" visitedMethods="1" numMethods="1" />
              <MetadataToken>100663321</MetadataToken>
              <Name>System.Void Helpful.TextParser.Test.ValueSetter.DummyWithAllProperties::set_UInt(System.UInt32)</Name>
              <FileRef uid="1" />
              <SequencePoints>
                <SequencePoint vc="1" uspid="42" ordinal="0" offset="0" sl="85" sc="33" el="85" ec="37" bec="0" bev="0" fileid="1" />
              </SequencePoints>
              <BranchPoints />
              <MethodPoint xsi:type="SequencePoint" vc="1" uspid="42" ordinal="0" offset="0" sl="85" sc="33" el="85" ec="37" bec="0" bev="0" fileid="1" />
            </Method>
            <Method visited="true" cyclomaticComplexity="1" nPathComplexity="0" sequenceCoverage="100" branchCoverage="100" isConstructor="false" isStatic="false" isGetter="true" isSetter="false">
              <Summary numSequencePoints="1" visitedSequencePoints="1" numBranchPoints="1" visitedBranchPoints="1" sequenceCoverage="100" branchCoverage="100" maxCyclomaticComplexity="1" minCyclomaticComplexity="1" visitedClasses="0" numClasses="0" visitedMethods="1" numMethods="1" />
              <MetadataToken>100663322</MetadataToken>
              <Name>System.Int64 Helpful.TextParser.Test.ValueSetter.DummyWithAllProperties::get_Long()</Name>
              <FileRef uid="1" />
              <SequencePoints>
                <SequencePoint vc="1" uspid="43" ordinal="0" offset="0" sl="87" sc="28" el="87" ec="32" bec="0" bev="0" fileid="1" />
              </SequencePoints>
              <BranchPoints />
              <MethodPoint xsi:type="SequencePoint" vc="1" uspid="43" ordinal="0" offset="0" sl="87" sc="28" el="87" ec="32" bec="0" bev="0" fileid="1" />
            </Method>
            <Method visited="true" cyclomaticComplexity="1" nPathComplexity="0" sequenceCoverage="100" branchCoverage="100" isConstructor="false" isStatic="false" isGetter="false" isSetter="true">
              <Summary numSequencePoints="1" visitedSequencePoints="1" numBranchPoints="1" visitedBranchPoints="1" sequenceCoverage="100" branchCoverage="100" maxCyclomaticComplexity="1" minCyclomaticComplexity="1" visitedClasses="0" numClasses="0" visitedMethods="1" numMethods="1" />
              <MetadataToken>100663323</MetadataToken>
              <Name>System.Void Helpful.TextParser.Test.ValueSetter.DummyWithAllProperties::set_Long(System.Int64)</Name>
              <FileRef uid="1" />
              <SequencePoints>
                <SequencePoint vc="1" uspid="44" ordinal="0" offset="0" sl="87" sc="33" el="87" ec="37" bec="0" bev="0" fileid="1" />
              </SequencePoints>
              <BranchPoints />
              <MethodPoint xsi:type="SequencePoint" vc="1" uspid="44" ordinal="0" offset="0" sl="87" sc="33" el="87" ec="37" bec="0" bev="0" fileid="1" />
            </Method>
            <Method visited="true" cyclomaticComplexity="1" nPathComplexity="0" sequenceCoverage="100" branchCoverage="100" isConstructor="false" isStatic="false" isGetter="true" isSetter="false">
              <Summary numSequencePoints="1" visitedSequencePoints="1" numBranchPoints="1" visitedBranchPoints="1" sequenceCoverage="100" branchCoverage="100" maxCyclomaticComplexity="1" minCyclomaticComplexity="1" visitedClasses="0" numClasses="0" visitedMethods="1" numMethods="1" />
              <MetadataToken>100663324</MetadataToken>
              <Name>System.UInt64 Helpful.TextParser.Test.ValueSetter.DummyWithAllProperties::get_ULong()</Name>
              <FileRef uid="1" />
              <SequencePoints>
                <SequencePoint vc="1" uspid="45" ordinal="0" offset="0" sl="89" sc="30" el="89" ec="34" bec="0" bev="0" fileid="1" />
              </SequencePoints>
              <BranchPoints />
              <MethodPoint xsi:type="SequencePoint" vc="1" uspid="45" ordinal="0" offset="0" sl="89" sc="30" el="89" ec="34" bec="0" bev="0" fileid="1" />
            </Method>
            <Method visited="true" cyclomaticComplexity="1" nPathComplexity="0" sequenceCoverage="100" branchCoverage="100" isConstructor="false" isStatic="false" isGetter="false" isSetter="true">
              <Summary numSequencePoints="1" visitedSequencePoints="1" numBranchPoints="1" visitedBranchPoints="1" sequenceCoverage="100" branchCoverage="100" maxCyclomaticComplexity="1" minCyclomaticComplexity="1" visitedClasses="0" numClasses="0" visitedMethods="1" numMethods="1" />
              <MetadataToken>100663325</MetadataToken>
              <Name>System.Void Helpful.TextParser.Test.ValueSetter.DummyWithAllProperties::set_ULong(System.UInt64)</Name>
              <FileRef uid="1" />
              <SequencePoints>
                <SequencePoint vc="1" uspid="46" ordinal="0" offset="0" sl="89" sc="35" el="89" ec="39" bec="0" bev="0" fileid="1" />
              </SequencePoints>
              <BranchPoints />
              <MethodPoint xsi:type="SequencePoint" vc="1" uspid="46" ordinal="0" offset="0" sl="89" sc="35" el="89" ec="39" bec="0" bev="0" fileid="1" />
            </Method>
            <Method visited="true" cyclomaticComplexity="1" nPathComplexity="0" sequenceCoverage="100" branchCoverage="100" isConstructor="false" isStatic="false" isGetter="true" isSetter="false">
              <Summary numSequencePoints="1" visitedSequencePoints="1" numBranchPoints="1" visitedBranchPoints="1" sequenceCoverage="100" branchCoverage="100" maxCyclomaticComplexity="1" minCyclomaticComplexity="1" visitedClasses="0" numClasses="0" visitedMethods="1" numMethods="1" />
              <MetadataToken>100663326</MetadataToken>
              <Name>System.Object Helpful.TextParser.Test.ValueSetter.DummyWithAllProperties::get_Object()</Name>
              <FileRef uid="1" />
              <SequencePoints>
                <SequencePoint vc="1" uspid="47" ordinal="0" offset="0" sl="91" sc="32" el="91" ec="36" bec="0" bev="0" fileid="1" />
              </SequencePoints>
              <BranchPoints />
              <MethodPoint xsi:type="SequencePoint" vc="1" uspid="47" ordinal="0" offset="0" sl="91" sc="32" el="91" ec="36" bec="0" bev="0" fileid="1" />
            </Method>
            <Method visited="true" cyclomaticComplexity="1" nPathComplexity="0" sequenceCoverage="100" branchCoverage="100" isConstructor="false" isStatic="false" isGetter="false" isSetter="true">
              <Summary numSequencePoints="1" visitedSequencePoints="1" numBranchPoints="1" visitedBranchPoints="1" sequenceCoverage="100" branchCoverage="100" maxCyclomaticComplexity="1" minCyclomaticComplexity="1" visitedClasses="0" numClasses="0" visitedMethods="1" numMethods="1" />
              <MetadataToken>100663327</MetadataToken>
              <Name>System.Void Helpful.TextParser.Test.ValueSetter.DummyWithAllProperties::set_Object(System.Object)</Name>
              <FileRef uid="1" />
              <SequencePoints>
                <SequencePoint vc="1" uspid="48" ordinal="0" offset="0" sl="91" sc="37" el="91" ec="41" bec="0" bev="0" fileid="1" />
              </SequencePoints>
              <BranchPoints />
              <MethodPoint xsi:type="SequencePoint" vc="1" uspid="48" ordinal="0" offset="0" sl="91" sc="37" el="91" ec="41" bec="0" bev="0" fileid="1" />
            </Method>
            <Method visited="true" cyclomaticComplexity="1" nPathComplexity="0" sequenceCoverage="100" branchCoverage="100" isConstructor="false" isStatic="false" isGetter="true" isSetter="false">
              <Summary numSequencePoints="1" visitedSequencePoints="1" numBranchPoints="1" visitedBranchPoints="1" sequenceCoverage="100" branchCoverage="100" maxCyclomaticComplexity="1" minCyclomaticComplexity="1" visitedClasses="0" numClasses="0" visitedMethods="1" numMethods="1" />
              <MetadataToken>100663328</MetadataToken>
              <Name>System.Int16 Helpful.TextParser.Test.ValueSetter.DummyWithAllProperties::get_Short()</Name>
              <FileRef uid="1" />
              <SequencePoints>
                <SequencePoint vc="1" uspid="49" ordinal="0" offset="0" sl="93" sc="30" el="93" ec="34" bec="0" bev="0" fileid="1" />
              </SequencePoints>
              <BranchPoints />
              <MethodPoint xsi:type="SequencePoint" vc="1" uspid="49" ordinal="0" offset="0" sl="93" sc="30" el="93" ec="34" bec="0" bev="0" fileid="1" />
            </Method>
            <Method visited="true" cyclomaticComplexity="1" nPathComplexity="0" sequenceCoverage="100" branchCoverage="100" isConstructor="false" isStatic="false" isGetter="false" isSetter="true">
              <Summary numSequencePoints="1" visitedSequencePoints="1" numBranchPoints="1" visitedBranchPoints="1" sequenceCoverage="100" branchCoverage="100" maxCyclomaticComplexity="1" minCyclomaticComplexity="1" visitedClasses="0" numClasses="0" visitedMethods="1" numMethods="1" />
              <MetadataToken>100663329</MetadataToken>
              <Name>System.Void Helpful.TextParser.Test.ValueSetter.DummyWithAllProperties::set_Short(System.Int16)</Name>
              <FileRef uid="1" />
              <SequencePoints>
                <SequencePoint vc="1" uspid="50" ordinal="0" offset="0" sl="93" sc="35" el="93" ec="39" bec="0" bev="0" fileid="1" />
              </SequencePoints>
              <BranchPoints />
              <MethodPoint xsi:type="SequencePoint" vc="1" uspid="50" ordinal="0" offset="0" sl="93" sc="35" el="93" ec="39" bec="0" bev="0" fileid="1" />
            </Method>
            <Method visited="true" cyclomaticComplexity="1" nPathComplexity="0" sequenceCoverage="100" branchCoverage="100" isConstructor="false" isStatic="false" isGetter="true" isSetter="false">
              <Summary numSequencePoints="1" visitedSequencePoints="1" numBranchPoints="1" visitedBranchPoints="1" sequenceCoverage="100" branchCoverage="100" maxCyclomaticComplexity="1" minCyclomaticComplexity="1" visitedClasses="0" numClasses="0" visitedMethods="1" numMethods="1" />
              <MetadataToken>100663330</MetadataToken>
              <Name>System.UInt16 Helpful.TextParser.Test.ValueSetter.DummyWithAllProperties::get_UShort()</Name>
              <FileRef uid="1" />
              <SequencePoints>
                <SequencePoint vc="1" uspid="51" ordinal="0" offset="0" sl="95" sc="32" el="95" ec="36" bec="0" bev="0" fileid="1" />
              </SequencePoints>
              <BranchPoints />
              <MethodPoint xsi:type="SequencePoint" vc="1" uspid="51" ordinal="0" offset="0" sl="95" sc="32" el="95" ec="36" bec="0" bev="0" fileid="1" />
            </Method>
            <Method visited="true" cyclomaticComplexity="1" nPathComplexity="0" sequenceCoverage="100" branchCoverage="100" isConstructor="false" isStatic="false" isGetter="false" isSetter="true">
              <Summary numSequencePoints="1" visitedSequencePoints="1" numBranchPoints="1" visitedBranchPoints="1" sequenceCoverage="100" branchCoverage="100" maxCyclomaticComplexity="1" minCyclomaticComplexity="1" visitedClasses="0" numClasses="0" visitedMethods="1" numMethods="1" />
              <MetadataToken>100663331</MetadataToken>
              <Name>System.Void Helpful.TextParser.Test.ValueSetter.DummyWithAllProperties::set_UShort(System.UInt16)</Name>
              <FileRef uid="1" />
              <SequencePoints>
                <SequencePoint vc="1" uspid="52" ordinal="0" offset="0" sl="95" sc="37" el="95" ec="41" bec="0" bev="0" fileid="1" />
              </SequencePoints>
              <BranchPoints />
              <MethodPoint xsi:type="SequencePoint" vc="1" uspid="52" ordinal="0" offset="0" sl="95" sc="37" el="95" ec="41" bec="0" bev="0" fileid="1" />
            </Method>
            <Method visited="true" cyclomaticComplexity="1" nPathComplexity="0" sequenceCoverage="100" branchCoverage="100" isConstructor="false" isStatic="false" isGetter="true" isSetter="false">
              <Summary numSequencePoints="1" visitedSequencePoints="1" numBranchPoints="1" visitedBranchPoints="1" sequenceCoverage="100" branchCoverage="100" maxCyclomaticComplexity="1" minCyclomaticComplexity="1" visitedClasses="0" numClasses="0" visitedMethods="1" numMethods="1" />
              <MetadataToken>100663332</MetadataToken>
              <Name>System.String Helpful.TextParser.Test.ValueSetter.DummyWithAllProperties::get_String()</Name>
              <FileRef uid="1" />
              <SequencePoints>
                <SequencePoint vc="1" uspid="53" ordinal="0" offset="0" sl="97" sc="32" el="97" ec="36" bec="0" bev="0" fileid="1" />
              </SequencePoints>
              <BranchPoints />
              <MethodPoint xsi:type="SequencePoint" vc="1" uspid="53" ordinal="0" offset="0" sl="97" sc="32" el="97" ec="36" bec="0" bev="0" fileid="1" />
            </Method>
            <Method visited="true" cyclomaticComplexity="1" nPathComplexity="0" sequenceCoverage="100" branchCoverage="100" isConstructor="false" isStatic="false" isGetter="false" isSetter="true">
              <Summary numSequencePoints="1" visitedSequencePoints="1" numBranchPoints="1" visitedBranchPoints="1" sequenceCoverage="100" branchCoverage="100" maxCyclomaticComplexity="1" minCyclomaticComplexity="1" visitedClasses="0" numClasses="0" visitedMethods="1" numMethods="1" />
              <MetadataToken>100663333</MetadataToken>
              <Name>System.Void Helpful.TextParser.Test.ValueSetter.DummyWithAllProperties::set_String(System.String)</Name>
              <FileRef uid="1" />
              <SequencePoints>
                <SequencePoint vc="1" uspid="54" ordinal="0" offset="0" sl="97" sc="37" el="97" ec="41" bec="0" bev="0" fileid="1" />
              </SequencePoints>
              <BranchPoints />
              <MethodPoint xsi:type="SequencePoint" vc="1" uspid="54" ordinal="0" offset="0" sl="97" sc="37" el="97" ec="41" bec="0" bev="0" fileid="1" />
            </Method>
            <Method visited="true" cyclomaticComplexity="1" nPathComplexity="0" sequenceCoverage="0" branchCoverage="0" isConstructor="true" isStatic="false" isGetter="false" isSetter="false">
              <Summary numSequencePoints="0" visitedSequencePoints="0" numBranchPoints="0" visitedBranchPoints="0" sequenceCoverage="0" branchCoverage="0" maxCyclomaticComplexity="1" minCyclomaticComplexity="1" visitedClasses="0" numClasses="0" visitedMethods="0" numMethods="0" />
              <MetadataToken>100663334</MetadataToken>
              <Name>System.Void Helpful.TextParser.Test.ValueSetter.DummyWithAllProperties::.ctor()</Name>
              <SequencePoints />
              <BranchPoints />
              <MethodPoint vc="22" uspid="55" ordinal="0" offset="0" />
            </Method>
          </Methods>
        </Class>
        <Class>
          <Summary numSequencePoints="290" visitedSequencePoints="290" numBranchPoints="14" visitedBranchPoints="14" sequenceCoverage="100" branchCoverage="100" maxCyclomaticComplexity="2" minCyclomaticComplexity="1" visitedClasses="1" numClasses="1" visitedMethods="14" numMethods="14" />
          <FullName>Helpful.TextParser.Test.Parser.ParserTest</FullName>
          <Methods>
            <Method visited="true" cyclomaticComplexity="2" nPathComplexity="0" sequenceCoverage="100" branchCoverage="100" isConstructor="false" isStatic="false" isGetter="false" isSetter="false">
              <Summary numSequencePoints="11" visitedSequencePoints="11" numBranchPoints="1" visitedBranchPoints="1" sequenceCoverage="100" branchCoverage="100" maxCyclomaticComplexity="2" minCyclomaticComplexity="2" visitedClasses="0" numClasses="0" visitedMethods="1" numMethods="1" />
              <MetadataToken>100663335</MetadataToken>
              <Name>System.Void Helpful.TextParser.Test.Parser.ParserTest::Parser_DelimitedWithoutTagParse_WithErrors()</Name>
              <FileRef uid="3" />
              <SequencePoints>
                <SequencePoint vc="1" uspid="56" ordinal="0" offset="0" sl="15" sc="9" el="15" ec="10" bec="0" bev="0" fileid="3" />
                <SequencePoint vc="1" uspid="57" ordinal="1" offset="1" sl="16" sc="13" el="23" ec="20" bec="0" bev="0" fileid="3" />
                <SequencePoint vc="1" uspid="58" ordinal="2" offset="44" sl="25" sc="13" el="31" ec="20" bec="0" bev="0" fileid="3" />
                <SequencePoint vc="1" uspid="59" ordinal="3" offset="97" sl="33" sc="13" el="41" ec="24" bec="0" bev="0" fileid="3" />
                <SequencePoint vc="1" uspid="60" ordinal="4" offset="158" sl="43" sc="13" el="43" ec="45" bec="0" bev="0" fileid="3" />
                <SequencePoint vc="1" uspid="61" ordinal="5" offset="176" sl="45" sc="13" el="45" ec="83" bec="0" bev="0" fileid="3" />
                <SequencePoint vc="1" uspid="62" ordinal="6" offset="199" sl="46" sc="13" el="46" ec="83" bec="0" bev="0" fileid="3" />
                <SequencePoint vc="1" uspid="63" ordinal="7" offset="222" sl="47" sc="13" el="47" ec="83" bec="0" bev="0" fileid="3" />
                <SequencePoint vc="1" uspid="64" ordinal="8" offset="245" sl="48" sc="13" el="48" ec="83" bec="0" bev="0" fileid="3" />
                <SequencePoint vc="1" uspid="65" ordinal="9" offset="268" sl="49" sc="13" el="49" ec="94" bec="0" bev="0" fileid="3" />
                <SequencePoint vc="1" uspid="66" ordinal="10" offset="291" sl="50" sc="9" el="50" ec="10" bec="0" bev="0" fileid="3" />
              </SequencePoints>
              <BranchPoints />
              <MethodPoint xsi:type="SequencePoint" vc="1" uspid="56" ordinal="0" offset="0" sl="15" sc="9" el="15" ec="10" bec="0" bev="0" fileid="3" />
            </Method>
            <Method visited="true" cyclomaticComplexity="2" nPathComplexity="0" sequenceCoverage="100" branchCoverage="100" isConstructor="false" isStatic="false" isGetter="false" isSetter="false">
              <Summary numSequencePoints="31" visitedSequencePoints="31" numBranchPoints="1" visitedBranchPoints="1" sequenceCoverage="100" branchCoverage="100" maxCyclomaticComplexity="2" minCyclomaticComplexity="2" visitedClasses="0" numClasses="0" visitedMethods="1" numMethods="1" />
              <MetadataToken>100663336</MetadataToken>
              <Name>System.Void Helpful.TextParser.Test.Parser.ParserTest::Parser_DelimitedWithoutTagParse_Success()</Name>
              <FileRef uid="3" />
              <SequencePoints>
                <SequencePoint vc="1" uspid="69" ordinal="0" offset="0" sl="54" sc="9" el="54" ec="10" bec="0" bev="0" fileid="3" />
                <SequencePoint vc="1" uspid="70" ordinal="1" offset="1" sl="55" sc="13" el="62" ec="20" bec="0" bev="0" fileid="3" />
                <SequencePoint vc="1" uspid="71" ordinal="2" offset="44" sl="64" sc="13" el="73" ec="20" bec="0" bev="0" fileid="3" />
                <SequencePoint vc="1" uspid="72" ordinal="3" offset="97" sl="75" sc="13" el="81" ec="24" bec="0" bev="0" fileid="3" />
                <SequencePoint vc="1" uspid="73" ordinal="4" offset="142" sl="83" sc="13" el="83" ec="45" bec="0" bev="0" fileid="3" />
                <SequencePoint vc="1" uspid="74" ordinal="5" offset="160" sl="85" sc="13" el="85" ec="46" bec="0" bev="0" fileid="3" />
                <SequencePoint vc="1" uspid="75" ordinal="6" offset="178" sl="87" sc="13" el="87" ec="64" bec="0" bev="0" fileid="3" />
                <SequencePoint vc="1" uspid="76" ordinal="7" offset="206" sl="88" sc="13" el="88" ec="64" bec="0" bev="0" fileid="3" />
                <SequencePoint vc="1" uspid="77" ordinal="8" offset="234" sl="89" sc="13" el="89" ec="68" bec="0" bev="0" fileid="3" />
                <SequencePoint vc="1" uspid="78" ordinal="9" offset="271" sl="90" sc="13" el="90" ec="78" bec="0" bev="0" fileid="3" />
                <SequencePoint vc="1" uspid="79" ordinal="10" offset="306" sl="91" sc="13" el="91" ec="64" bec="0" bev="0" fileid="3" />
                <SequencePoint vc="1" uspid="80" ordinal="11" offset="334" sl="92" sc="13" el="92" ec="56" bec="0" bev="0" fileid="3" />
                <SequencePoint vc="1" uspid="81" ordinal="12" offset="357" sl="94" sc="13" el="94" ec="64" bec="0" bev="0" fileid="3" />
                <SequencePoint vc="1" uspid="82" ordinal="13" offset="385" sl="95" sc="13" el="95" ec="63" bec="0" bev="0" fileid="3" />
                <SequencePoint vc="1" uspid="83" ordinal="14" offset="408" sl="96" sc="13" el="96" ec="67" bec="0" bev="0" fileid="3" />
                <SequencePoint vc="1" uspid="84" ordinal="15" offset="445" sl="97" sc="13" el="97" ec="78" bec="0" bev="0" fileid="3" />
                <SequencePoint vc="1" uspid="85" ordinal="16" offset="480" sl="98" sc="13" el="98" ec="64" bec="0" bev="0" fileid="3" />
                <SequencePoint vc="1" uspid="86" ordinal="17" offset="508" sl="99" sc="13" el="99" ec="56" bec="0" bev="0" fileid="3" />
                <SequencePoint vc="1" uspid="87" ordinal="18" offset="531" sl="101" sc="13" el="101" ec="64" bec="0" bev="0" fileid="3" />
                <SequencePoint vc="1" uspid="88" ordinal="19" offset="559" sl="102" sc="13" el="102" ec="64" bec="0" bev="0" fileid="3" />
                <SequencePoint vc="1" uspid="89" ordinal="20" offset="587" sl="103" sc="13" el="103" ec="70" bec="0" bev="0" fileid="3" />
                <SequencePoint vc="1" uspid="90" ordinal="21" offset="624" sl="104" sc="13" el="104" ec="78" bec="0" bev="0" fileid="3" />
                <SequencePoint vc="1" uspid="91" ordinal="22" offset="660" sl="105" sc="13" el="105" ec="63" bec="0" bev="0" fileid="3" />
                <SequencePoint vc="1" uspid="92" ordinal="23" offset="683" sl="106" sc="13" el="106" ec="56" bec="0" bev="0" fileid="3" />
                <SequencePoint vc="1" uspid="93" ordinal="24" offset="706" sl="108" sc="13" el="108" ec="64" bec="0" bev="0" fileid="3" />
                <SequencePoint vc="1" uspid="94" ordinal="25" offset="734" sl="109" sc="13" el="109" ec="64" bec="0" bev="0" fileid="3" />
                <SequencePoint vc="1" uspid="95" ordinal="26" offset="762" sl="110" sc="13" el="110" ec="66" bec="0" bev="0" fileid="3" />
                <SequencePoint vc="1" uspid="96" ordinal="27" offset="799" sl="111" sc="13" el="111" ec="78" bec="0" bev="0" fileid="3" />
                <SequencePoint vc="1" uspid="97" ordinal="28" offset="835" sl="112" sc="13" el="112" ec="64" bec="0" bev="0" fileid="3" />
                <SequencePoint vc="1" uspid="98" ordinal="29" offset="863" sl="113" sc="13" el="113" ec="54" bec="0" bev="0" fileid="3" />
                <SequencePoint vc="1" uspid="99" ordinal="30" offset="893" sl="114" sc="9" el="114" ec="10" bec="0" bev="0" fileid="3" />
              </SequencePoints>
              <BranchPoints />
              <MethodPoint xsi:type="SequencePoint" vc="1" uspid="69" ordinal="0" offset="0" sl="54" sc="9" el="54" ec="10" bec="0" bev="0" fileid="3" />
            </Method>
            <Method visited="true" cyclomaticComplexity="2" nPathComplexity="0" sequenceCoverage="100" branchCoverage="100" isConstructor="false" isStatic="false" isGetter="false" isSetter="false">
              <Summary numSequencePoints="9" visitedSequencePoints="9" numBranchPoints="1" visitedBranchPoints="1" sequenceCoverage="100" branchCoverage="100" maxCyclomaticComplexity="2" minCyclomaticComplexity="2" visitedClasses="0" numClasses="0" visitedMethods="1" numMethods="1" />
              <MetadataToken>100663337</MetadataToken>
              <Name>System.Void Helpful.TextParser.Test.Parser.ParserTest::Parser_DelimitedWithTagParse_TagNotValid(System.Int32,System.String)</Name>
              <FileRef uid="3" />
              <SequencePoints>
                <SequencePoint vc="4" uspid="102" ordinal="0" offset="0" sl="122" sc="9" el="122" ec="10" bec="0" bev="0" fileid="3" />
                <SequencePoint vc="4" uspid="103" ordinal="1" offset="1" sl="123" sc="13" el="130" ec="20" bec="0" bev="0" fileid="3" />
                <SequencePoint vc="4" uspid="104" ordinal="2" offset="44" sl="132" sc="13" el="138" ec="20" bec="0" bev="0" fileid="3" />
                <SequencePoint vc="4" uspid="105" ordinal="3" offset="108" sl="140" sc="13" el="146" ec="15" bec="0" bev="0" fileid="3" />
                <SequencePoint vc="4" uspid="106" ordinal="4" offset="147" sl="148" sc="13" el="148" ec="38" bec="0" bev="0" fileid="3" />
                <SequencePoint vc="4" uspid="107" ordinal="5" offset="151" sl="150" sc="13" el="150" ec="46" bec="0" bev="0" fileid="3" />
                <SequencePoint vc="4" uspid="108" ordinal="6" offset="159" sl="152" sc="13" el="152" ec="45" bec="0" bev="0" fileid="3" />
                <SequencePoint vc="4" uspid="109" ordinal="7" offset="177" sl="154" sc="13" el="154" ec="92" bec="0" bev="0" fileid="3" />
                <SequencePoint vc="4" uspid="110" ordinal="8" offset="211" sl="155" sc="9" el="155" ec="10" bec="0" bev="0" fileid="3" />
              </SequencePoints>
              <BranchPoints />
              <MethodPoint xsi:type="SequencePoint" vc="4" uspid="102" ordinal="0" offset="0" sl="122" sc="9" el="122" ec="10" bec="0" bev="0" fileid="3" />
            </Method>
            <Method visited="true" cyclomaticComplexity="2" nPathComplexity="0" sequenceCoverage="100" branchCoverage="100" isConstructor="false" isStatic="false" isGetter="false" isSetter="false">
              <Summary numSequencePoints="9" visitedSequencePoints="9" numBranchPoints="1" visitedBranchPoints="1" sequenceCoverage="100" branchCoverage="100" maxCyclomaticComplexity="2" minCyclomaticComplexity="2" visitedClasses="0" numClasses="0" visitedMethods="1" numMethods="1" />
              <MetadataToken>100663338</MetadataToken>
              <Name>System.Void Helpful.TextParser.Test.Parser.ParserTest::Parser_DelimitedWithTagParse_ChildrenTagNotValid(System.Int32,System.String)</Name>
              <FileRef uid="3" />
              <SequencePoints>
                <SequencePoint vc="4" uspid="113" ordinal="0" offset="0" sl="163" sc="9" el="163" ec="10" bec="0" bev="0" fileid="3" />
                <SequencePoint vc="4" uspid="114" ordinal="1" offset="1" sl="164" sc="13" el="171" ec="20" bec="0" bev="0" fileid="3" />
                <SequencePoint vc="4" uspid="115" ordinal="2" offset="44" sl="173" sc="13" el="187" ec="20" bec="0" bev="0" fileid="3" />
                <SequencePoint vc="4" uspid="116" ordinal="3" offset="108" sl="189" sc="13" el="200" ec="15" bec="0" bev="0" fileid="3" />
                <SequencePoint vc="4" uspid="117" ordinal="4" offset="188" sl="202" sc="13" el="202" ec="38" bec="0" bev="0" fileid="3" />
                <SequencePoint vc="4" uspid="118" ordinal="5" offset="192" sl="204" sc="13" el="204" ec="46" bec="0" bev="0" fileid="3" />
                <SequencePoint vc="4" uspid="119" ordinal="6" offset="200" sl="206" sc="13" el="206" ec="45" bec="0" bev="0" fileid="3" />
                <SequencePoint vc="4" uspid="120" ordinal="7" offset="218" sl="208" sc="13" el="208" ec="92" bec="0" bev="0" fileid="3" />
                <SequencePoint vc="4" uspid="121" ordinal="8" offset="252" sl="209" sc="9" el="209" ec="10" bec="0" bev="0" fileid="3" />
              </SequencePoints>
              <BranchPoints />
              <MethodPoint xsi:type="SequencePoint" vc="4" uspid="113" ordinal="0" offset="0" sl="163" sc="9" el="163" ec="10" bec="0" bev="0" fileid="3" />
            </Method>
            <Method visited="true" cyclomaticComplexity="2" nPathComplexity="0" sequenceCoverage="100" branchCoverage="100" isConstructor="false" isStatic="false" isGetter="false" isSetter="false">
              <Summary numSequencePoints="9" visitedSequencePoints="9" numBranchPoints="1" visitedBranchPoints="1" sequenceCoverage="100" branchCoverage="100" maxCyclomaticComplexity="2" minCyclomaticComplexity="2" visitedClasses="0" numClasses="0" visitedMethods="1" numMethods="1" />
              <MetadataToken>100663339</MetadataToken>
              <Name>System.Void Helpful.TextParser.Test.Parser.ParserTest::Parser_DelimitedWithTagParse_GrandChildrenTagNotValid(System.Int32,System.String)</Name>
              <FileRef uid="3" />
              <SequencePoints>
                <SequencePoint vc="4" uspid="124" ordinal="0" offset="0" sl="217" sc="9" el="217" ec="10" bec="0" bev="0" fileid="3" />
                <SequencePoint vc="4" uspid="125" ordinal="1" offset="1" sl="218" sc="13" el="225" ec="20" bec="0" bev="0" fileid="3" />
                <SequencePoint vc="4" uspid="126" ordinal="2" offset="44" sl="227" sc="13" el="249" ec="20" bec="0" bev="0" fileid="3" />
                <SequencePoint vc="4" uspid="127" ordinal="3" offset="108" sl="251" sc="13" el="272" ec="15" bec="0" bev="0" fileid="3" />
                <SequencePoint vc="4" uspid="128" ordinal="4" offset="278" sl="274" sc="13" el="274" ec="38" bec="0" bev="0" fileid="3" />
                <SequencePoint vc="4" uspid="129" ordinal="5" offset="282" sl="276" sc="13" el="276" ec="46" bec="0" bev="0" fileid="3" />
                <SequencePoint vc="4" uspid="130" ordinal="6" offset="290" sl="278" sc="13" el="278" ec="45" bec="0" bev="0" fileid="3" />
                <SequencePoint vc="4" uspid="131" ordinal="7" offset="308" sl="280" sc="13" el="280" ec="92" bec="0" bev="0" fileid="3" />
                <SequencePoint vc="4" uspid="132" ordinal="8" offset="342" sl="281" sc="9" el="281" ec="10" bec="0" bev="0" fileid="3" />
              </SequencePoints>
              <BranchPoints />
              <MethodPoint xsi:type="SequencePoint" vc="4" uspid="124" ordinal="0" offset="0" sl="217" sc="9" el="217" ec="10" bec="0" bev="0" fileid="3" />
            </Method>
            <Method visited="true" cyclomaticComplexity="2" nPathComplexity="0" sequenceCoverage="100" branchCoverage="100" isConstructor="false" isStatic="false" isGetter="false" isSetter="false">
              <Summary numSequencePoints="15" visitedSequencePoints="15" numBranchPoints="1" visitedBranchPoints="1" sequenceCoverage="100" branchCoverage="100" maxCyclomaticComplexity="2" minCyclomaticComplexity="2" visitedClasses="0" numClasses="0" visitedMethods="1" numMethods="1" />
              <MetadataToken>100663340</MetadataToken>
              <Name>System.Void Helpful.TextParser.Test.Parser.ParserTest::Parser_DelimitedWithTagParse_WithErrors()</Name>
              <FileRef uid="3" />
              <SequencePoints>
                <SequencePoint vc="1" uspid="135" ordinal="0" offset="0" sl="285" sc="9" el="285" ec="10" bec="0" bev="0" fileid="3" />
                <SequencePoint vc="1" uspid="136" ordinal="1" offset="1" sl="286" sc="13" el="293" ec="20" bec="0" bev="0" fileid="3" />
                <SequencePoint vc="1" uspid="137" ordinal="2" offset="44" sl="295" sc="13" el="317" ec="20" bec="0" bev="0" fileid="3" />
                <SequencePoint vc="1" uspid="138" ordinal="3" offset="108" sl="319" sc="13" el="340" ec="15" bec="0" bev="0" fileid="3" />
                <SequencePoint vc="1" uspid="139" ordinal="4" offset="278" sl="342" sc="13" el="342" ec="46" bec="0" bev="0" fileid="3" />
                <SequencePoint vc="1" uspid="140" ordinal="5" offset="286" sl="344" sc="13" el="344" ec="45" bec="0" bev="0" fileid="3" />
                <SequencePoint vc="1" uspid="141" ordinal="6" offset="304" sl="346" sc="13" el="346" ec="83" bec="0" bev="0" fileid="3" />
                <SequencePoint vc="1" uspid="142" ordinal="7" offset="327" sl="347" sc="13" el="347" ec="94" bec="0" bev="0" fileid="3" />
                <SequencePoint vc="1" uspid="143" ordinal="8" offset="350" sl="348" sc="13" el="348" ec="83" bec="0" bev="0" fileid="3" />
                <SequencePoint vc="1" uspid="144" ordinal="9" offset="373" sl="349" sc="13" el="349" ec="83" bec="0" bev="0" fileid="3" />
                <SequencePoint vc="1" uspid="145" ordinal="10" offset="396" sl="350" sc="13" el="350" ec="94" bec="0" bev="0" fileid="3" />
                <SequencePoint vc="1" uspid="146" ordinal="11" offset="419" sl="351" sc="13" el="351" ec="95" bec="0" bev="0" fileid="3" />
                <SequencePoint vc="1" uspid="147" ordinal="12" offset="442" sl="352" sc="13" el="352" ec="84" bec="0" bev="0" fileid="3" />
                <SequencePoint vc="1" uspid="148" ordinal="13" offset="465" sl="353" sc="13" el="353" ec="84" bec="0" bev="0" fileid="3" />
                <SequencePoint vc="1" uspid="149" ordinal="14" offset="488" sl="354" sc="9" el="354" ec="10" bec="0" bev="0" fileid="3" />
              </SequencePoints>
              <BranchPoints />
              <MethodPoint xsi:type="SequencePoint" vc="1" uspid="135" ordinal="0" offset="0" sl="285" sc="9" el="285" ec="10" bec="0" bev="0" fileid="3" />
            </Method>
            <Method visited="true" cyclomaticComplexity="2" nPathComplexity="0" sequenceCoverage="100" branchCoverage="100" isConstructor="false" isStatic="false" isGetter="false" isSetter="false">
              <Summary numSequencePoints="61" visitedSequencePoints="61" numBranchPoints="1" visitedBranchPoints="1" sequenceCoverage="100" branchCoverage="100" maxCyclomaticComplexity="2" minCyclomaticComplexity="2" visitedClasses="0" numClasses="0" visitedMethods="1" numMethods="1" />
              <MetadataToken>100663341</MetadataToken>
              <Name>System.Void Helpful.TextParser.Test.Parser.ParserTest::Parser_DelimitedWithTagParse_Success()</Name>
              <FileRef uid="3" />
              <SequencePoints>
                <SequencePoint vc="1" uspid="152" ordinal="0" offset="0" sl="358" sc="9" el="358" ec="10" bec="0" bev="0" fileid="3" />
                <SequencePoint vc="1" uspid="153" ordinal="1" offset="1" sl="359" sc="13" el="366" ec="20" bec="0" bev="0" fileid="3" />
                <SequencePoint vc="1" uspid="154" ordinal="2" offset="44" sl="368" sc="13" el="399" ec="20" bec="0" bev="0" fileid="3" />
                <SequencePoint vc="1" uspid="155" ordinal="3" offset="108" sl="401" sc="13" el="411" ec="15" bec="0" bev="0" fileid="3" />
                <SequencePoint vc="1" uspid="156" ordinal="4" offset="179" sl="413" sc="13" el="413" ec="46" bec="0" bev="0" fileid="3" />
                <SequencePoint vc="1" uspid="157" ordinal="5" offset="187" sl="415" sc="13" el="415" ec="45" bec="0" bev="0" fileid="3" />
                <SequencePoint vc="1" uspid="158" ordinal="6" offset="205" sl="417" sc="13" el="417" ec="56" bec="0" bev="0" fileid="3" />
                <SequencePoint vc="1" uspid="159" ordinal="7" offset="228" sl="418" sc="13" el="418" ec="60" bec="0" bev="0" fileid="3" />
                <SequencePoint vc="1" uspid="160" ordinal="8" offset="256" sl="419" sc="13" el="419" ec="60" bec="0" bev="0" fileid="3" />
                <SequencePoint vc="1" uspid="161" ordinal="9" offset="284" sl="420" sc="13" el="420" ec="65" bec="0" bev="0" fileid="3" />
                <SequencePoint vc="1" uspid="162" ordinal="10" offset="321" sl="421" sc="13" el="421" ec="78" bec="0" bev="0" fileid="3" />
                <SequencePoint vc="1" uspid="163" ordinal="11" offset="356" sl="422" sc="13" el="422" ec="60" bec="0" bev="0" fileid="3" />
                <SequencePoint vc="1" uspid="164" ordinal="12" offset="384" sl="423" sc="13" el="423" ec="54" bec="0" bev="0" fileid="3" />
                <SequencePoint vc="1" uspid="165" ordinal="13" offset="414" sl="425" sc="13" el="425" ec="59" bec="0" bev="0" fileid="3" />
                <SequencePoint vc="1" uspid="166" ordinal="14" offset="443" sl="426" sc="13" el="426" ec="60" bec="0" bev="0" fileid="3" />
                <SequencePoint vc="1" uspid="167" ordinal="15" offset="471" sl="427" sc="13" el="427" ec="60" bec="0" bev="0" fileid="3" />
                <SequencePoint vc="1" uspid="168" ordinal="16" offset="499" sl="428" sc="13" el="428" ec="68" bec="0" bev="0" fileid="3" />
                <SequencePoint vc="1" uspid="169" ordinal="17" offset="536" sl="429" sc="13" el="429" ec="78" bec="0" bev="0" fileid="3" />
                <SequencePoint vc="1" uspid="170" ordinal="18" offset="571" sl="430" sc="13" el="430" ec="60" bec="0" bev="0" fileid="3" />
                <SequencePoint vc="1" uspid="171" ordinal="19" offset="599" sl="431" sc="13" el="431" ec="56" bec="0" bev="0" fileid="3" />
                <SequencePoint vc="1" uspid="172" ordinal="20" offset="622" sl="433" sc="13" el="433" ec="69" bec="0" bev="0" fileid="3" />
                <SequencePoint vc="1" uspid="173" ordinal="21" offset="656" sl="434" sc="13" el="434" ec="76" bec="0" bev="0" fileid="3" />
                <SequencePoint vc="1" uspid="174" ordinal="22" offset="695" sl="435" sc="13" el="435" ec="76" bec="0" bev="0" fileid="3" />
                <SequencePoint vc="1" uspid="175" ordinal="23" offset="734" sl="436" sc="13" el="436" ec="79" bec="0" bev="0" fileid="3" />
                <SequencePoint vc="1" uspid="176" ordinal="24" offset="782" sl="437" sc="13" el="437" ec="91" bec="0" bev="0" fileid="3" />
                <SequencePoint vc="1" uspid="177" ordinal="25" offset="828" sl="438" sc="13" el="438" ec="76" bec="0" bev="0" fileid="3" />
                <SequencePoint vc="1" uspid="178" ordinal="26" offset="867" sl="439" sc="13" el="439" ec="67" bec="0" bev="0" fileid="3" />
                <SequencePoint vc="1" uspid="179" ordinal="27" offset="908" sl="441" sc="13" el="441" ec="69" bec="0" bev="0" fileid="3" />
                <SequencePoint vc="1" uspid="180" ordinal="28" offset="942" sl="442" sc="13" el="442" ec="76" bec="0" bev="0" fileid="3" />
                <SequencePoint vc="1" uspid="181" ordinal="29" offset="981" sl="443" sc="13" el="443" ec="76" bec="0" bev="0" fileid="3" />
                <SequencePoint vc="1" uspid="182" ordinal="30" offset="1020" sl="444" sc="13" el="444" ec="82" bec="0" bev="0" fileid="3" />
                <SequencePoint vc="1" uspid="183" ordinal="31" offset="1068" sl="445" sc="13" el="445" ec="91" bec="0" bev="0" fileid="3" />
                <SequencePoint vc="1" uspid="184" ordinal="32" offset="1114" sl="446" sc="13" el="446" ec="76" bec="0" bev="0" fileid="3" />
                <SequencePoint vc="1" uspid="185" ordinal="33" offset="1153" sl="447" sc="13" el="447" ec="67" bec="0" bev="0" fileid="3" />
                <SequencePoint vc="1" uspid="186" ordinal="34" offset="1194" sl="449" sc="13" el="449" ec="59" bec="0" bev="0" fileid="3" />
                <SequencePoint vc="1" uspid="187" ordinal="35" offset="1223" sl="450" sc="13" el="450" ec="60" bec="0" bev="0" fileid="3" />
                <SequencePoint vc="1" uspid="188" ordinal="36" offset="1251" sl="451" sc="13" el="451" ec="60" bec="0" bev="0" fileid="3" />
                <SequencePoint vc="1" uspid="189" ordinal="37" offset="1279" sl="452" sc="13" el="452" ec="67" bec="0" bev="0" fileid="3" />
                <SequencePoint vc="1" uspid="190" ordinal="38" offset="1316" sl="453" sc="13" el="453" ec="78" bec="0" bev="0" fileid="3" />
                <SequencePoint vc="1" uspid="191" ordinal="39" offset="1351" sl="454" sc="13" el="454" ec="60" bec="0" bev="0" fileid="3" />
                <SequencePoint vc="1" uspid="192" ordinal="40" offset="1379" sl="455" sc="13" el="455" ec="56" bec="0" bev="0" fileid="3" />
                <SequencePoint vc="1" uspid="193" ordinal="41" offset="1402" sl="457" sc="13" el="457" ec="72" bec="0" bev="0" fileid="3" />
                <SequencePoint vc="1" uspid="194" ordinal="42" offset="1442" sl="458" sc="13" el="458" ec="76" bec="0" bev="0" fileid="3" />
                <SequencePoint vc="1" uspid="195" ordinal="43" offset="1481" sl="459" sc="13" el="459" ec="76" bec="0" bev="0" fileid="3" />
                <SequencePoint vc="1" uspid="196" ordinal="44" offset="1520" sl="460" sc="13" el="460" ec="81" bec="0" bev="0" fileid="3" />
                <SequencePoint vc="1" uspid="197" ordinal="45" offset="1568" sl="461" sc="13" el="461" ec="91" bec="0" bev="0" fileid="3" />
                <SequencePoint vc="1" uspid="198" ordinal="46" offset="1614" sl="462" sc="13" el="462" ec="76" bec="0" bev="0" fileid="3" />
                <SequencePoint vc="1" uspid="199" ordinal="47" offset="1653" sl="463" sc="13" el="463" ec="67" bec="0" bev="0" fileid="3" />
                <SequencePoint vc="1" uspid="200" ordinal="48" offset="1694" sl="465" sc="13" el="465" ec="93" bec="0" bev="0" fileid="3" />
                <SequencePoint vc="1" uspid="201" ordinal="49" offset="1744" sl="466" sc="13" el="466" ec="93" bec="0" bev="0" fileid="3" />
                <SequencePoint vc="1" uspid="202" ordinal="50" offset="1794" sl="467" sc="13" el="467" ec="96" bec="0" bev="0" fileid="3" />
                <SequencePoint vc="1" uspid="203" ordinal="51" offset="1853" sl="468" sc="13" el="468" ec="104" bec="0" bev="0" fileid="3" />
                <SequencePoint vc="1" uspid="204" ordinal="52" offset="1911" sl="469" sc="13" el="469" ec="93" bec="0" bev="0" fileid="3" />
                <SequencePoint vc="1" uspid="205" ordinal="53" offset="1961" sl="470" sc="13" el="470" ec="80" bec="0" bev="0" fileid="3" />
                <SequencePoint vc="1" uspid="206" ordinal="54" offset="2013" sl="472" sc="13" el="472" ec="93" bec="0" bev="0" fileid="3" />
                <SequencePoint vc="1" uspid="207" ordinal="55" offset="2063" sl="473" sc="13" el="473" ec="93" bec="0" bev="0" fileid="3" />
                <SequencePoint vc="1" uspid="208" ordinal="56" offset="2113" sl="474" sc="13" el="474" ec="90" bec="0" bev="0" fileid="3" />
                <SequencePoint vc="1" uspid="209" ordinal="57" offset="2169" sl="475" sc="13" el="475" ec="104" bec="0" bev="0" fileid="3" />
                <SequencePoint vc="1" uspid="210" ordinal="58" offset="2227" sl="476" sc="13" el="476" ec="93" bec="0" bev="0" fileid="3" />
                <SequencePoint vc="1" uspid="211" ordinal="59" offset="2277" sl="477" sc="13" el="477" ec="80" bec="0" bev="0" fileid="3" />
                <SequencePoint vc="1" uspid="212" ordinal="60" offset="2329" sl="478" sc="9" el="478" ec="10" bec="0" bev="0" fileid="3" />
              </SequencePoints>
              <BranchPoints />
              <MethodPoint xsi:type="SequencePoint" vc="1" uspid="152" ordinal="0" offset="0" sl="358" sc="9" el="358" ec="10" bec="0" bev="0" fileid="3" />
            </Method>
            <Method visited="true" cyclomaticComplexity="2" nPathComplexity="0" sequenceCoverage="100" branchCoverage="100" isConstructor="false" isStatic="false" isGetter="false" isSetter="false">
              <Summary numSequencePoints="10" visitedSequencePoints="10" numBranchPoints="1" visitedBranchPoints="1" sequenceCoverage="100" branchCoverage="100" maxCyclomaticComplexity="2" minCyclomaticComplexity="2" visitedClasses="0" numClasses="0" visitedMethods="1" numMethods="1" />
              <MetadataToken>100663342</MetadataToken>
              <Name>System.Void Helpful.TextParser.Test.Parser.ParserTest::Parser_PositionedWithoutTagParse_WithErrors()</Name>
              <FileRef uid="3" />
              <SequencePoints>
                <SequencePoint vc="1" uspid="215" ordinal="0" offset="0" sl="482" sc="9" el="482" ec="10" bec="0" bev="0" fileid="3" />
                <SequencePoint vc="1" uspid="216" ordinal="1" offset="1" sl="483" sc="13" el="490" ec="20" bec="0" bev="0" fileid="3" />
                <SequencePoint vc="1" uspid="217" ordinal="2" offset="44" sl="492" sc="13" el="498" ec="20" bec="0" bev="0" fileid="3" />
                <SequencePoint vc="1" uspid="218" ordinal="3" offset="92" sl="500" sc="13" el="508" ec="24" bec="0" bev="0" fileid="3" />
                <SequencePoint vc="1" uspid="219" ordinal="4" offset="153" sl="510" sc="13" el="510" ec="45" bec="0" bev="0" fileid="3" />
                <SequencePoint vc="1" uspid="220" ordinal="5" offset="171" sl="512" sc="13" el="512" ec="94" bec="0" bev="0" fileid="3" />
                <SequencePoint vc="1" uspid="221" ordinal="6" offset="194" sl="513" sc="13" el="513" ec="83" bec="0" bev="0" fileid="3" />
                <SequencePoint vc="1" uspid="222" ordinal="7" offset="217" sl="514" sc="13" el="514" ec="83" bec="0" bev="0" fileid="3" />
                <SequencePoint vc="1" uspid="223" ordinal="8" offset="240" sl="515" sc="13" el="515" ec="94" bec="0" bev="0" fileid="3" />
                <SequencePoint vc="1" uspid="224" ordinal="9" offset="263" sl="516" sc="9" el="516" ec="10" bec="0" bev="0" fileid="3" />
              </SequencePoints>
              <BranchPoints />
              <MethodPoint xsi:type="SequencePoint" vc="1" uspid="215" ordinal="0" offset="0" sl="482" sc="9" el="482" ec="10" bec="0" bev="0" fileid="3" />
            </Method>
            <Method visited="true" cyclomaticComplexity="2" nPathComplexity="0" sequenceCoverage="100" branchCoverage="100" isConstructor="false" isStatic="false" isGetter="false" isSetter="false">
              <Summary numSequencePoints="37" visitedSequencePoints="37" numBranchPoints="1" visitedBranchPoints="1" sequenceCoverage="100" branchCoverage="100" maxCyclomaticComplexity="2" minCyclomaticComplexity="2" visitedClasses="0" numClasses="0" visitedMethods="1" numMethods="1" />
              <MetadataToken>100663343</MetadataToken>
              <Name>System.Void Helpful.TextParser.Test.Parser.ParserTest::Parser_PositioneddWithoutTagParse_Success()</Name>
              <FileRef uid="3" />
              <SequencePoints>
                <SequencePoint vc="1" uspid="227" ordinal="0" offset="0" sl="520" sc="9" el="520" ec="10" bec="0" bev="0" fileid="3" />
                <SequencePoint vc="1" uspid="228" ordinal="1" offset="1" sl="521" sc="13" el="528" ec="20" bec="0" bev="0" fileid="3" />
                <SequencePoint vc="1" uspid="229" ordinal="2" offset="44" sl="530" sc="13" el="539" ec="20" bec="0" bev="0" fileid="3" />
                <SequencePoint vc="1" uspid="230" ordinal="3" offset="92" sl="541" sc="13" el="548" ec="24" bec="0" bev="0" fileid="3" />
                <SequencePoint vc="1" uspid="231" ordinal="4" offset="145" sl="550" sc="13" el="550" ec="45" bec="0" bev="0" fileid="3" />
                <SequencePoint vc="1" uspid="232" ordinal="5" offset="163" sl="552" sc="13" el="552" ec="46" bec="0" bev="0" fileid="3" />
                <SequencePoint vc="1" uspid="233" ordinal="6" offset="181" sl="554" sc="13" el="554" ec="64" bec="0" bev="0" fileid="3" />
                <SequencePoint vc="1" uspid="234" ordinal="7" offset="209" sl="555" sc="13" el="555" ec="64" bec="0" bev="0" fileid="3" />
                <SequencePoint vc="1" uspid="235" ordinal="8" offset="237" sl="556" sc="13" el="556" ec="71" bec="0" bev="0" fileid="3" />
                <SequencePoint vc="1" uspid="236" ordinal="9" offset="274" sl="557" sc="13" el="557" ec="78" bec="0" bev="0" fileid="3" />
                <SequencePoint vc="1" uspid="237" ordinal="10" offset="309" sl="558" sc="13" el="558" ec="64" bec="0" bev="0" fileid="3" />
                <SequencePoint vc="1" uspid="238" ordinal="11" offset="337" sl="559" sc="13" el="559" ec="56" bec="0" bev="0" fileid="3" />
                <SequencePoint vc="1" uspid="239" ordinal="12" offset="360" sl="561" sc="13" el="561" ec="64" bec="0" bev="0" fileid="3" />
                <SequencePoint vc="1" uspid="240" ordinal="13" offset="388" sl="562" sc="13" el="562" ec="64" bec="0" bev="0" fileid="3" />
                <SequencePoint vc="1" uspid="241" ordinal="14" offset="416" sl="563" sc="13" el="563" ec="67" bec="0" bev="0" fileid="3" />
                <SequencePoint vc="1" uspid="242" ordinal="15" offset="453" sl="564" sc="13" el="564" ec="78" bec="0" bev="0" fileid="3" />
                <SequencePoint vc="1" uspid="243" ordinal="16" offset="488" sl="565" sc="13" el="565" ec="64" bec="0" bev="0" fileid="3" />
                <SequencePoint vc="1" uspid="244" ordinal="17" offset="516" sl="566" sc="13" el="566" ec="56" bec="0" bev="0" fileid="3" />
                <SequencePoint vc="1" uspid="245" ordinal="18" offset="539" sl="568" sc="13" el="568" ec="64" bec="0" bev="0" fileid="3" />
                <SequencePoint vc="1" uspid="246" ordinal="19" offset="567" sl="569" sc="13" el="569" ec="64" bec="0" bev="0" fileid="3" />
                <SequencePoint vc="1" uspid="247" ordinal="20" offset="595" sl="570" sc="13" el="570" ec="70" bec="0" bev="0" fileid="3" />
                <SequencePoint vc="1" uspid="248" ordinal="21" offset="632" sl="571" sc="13" el="571" ec="78" bec="0" bev="0" fileid="3" />
                <SequencePoint vc="1" uspid="249" ordinal="22" offset="668" sl="572" sc="13" el="572" ec="63" bec="0" bev="0" fileid="3" />
                <SequencePoint vc="1" uspid="250" ordinal="23" offset="691" sl="573" sc="13" el="573" ec="56" bec="0" bev="0" fileid="3" />
                <SequencePoint vc="1" uspid="251" ordinal="24" offset="714" sl="575" sc="13" el="575" ec="64" bec="0" bev="0" fileid="3" />
                <SequencePoint vc="1" uspid="252" ordinal="25" offset="742" sl="576" sc="13" el="576" ec="64" bec="0" bev="0" fileid="3" />
                <SequencePoint vc="1" uspid="253" ordinal="26" offset="770" sl="577" sc="13" el="577" ec="66" bec="0" bev="0" fileid="3" />
                <SequencePoint vc="1" uspid="254" ordinal="27" offset="807" sl="578" sc="13" el="578" ec="78" bec="0" bev="0" fileid="3" />
                <SequencePoint vc="1" uspid="255" ordinal="28" offset="843" sl="579" sc="13" el="579" ec="64" bec="0" bev="0" fileid="3" />
                <SequencePoint vc="1" uspid="256" ordinal="29" offset="871" sl="580" sc="13" el="580" ec="54" bec="0" bev="0" fileid="3" />
                <SequencePoint vc="1" uspid="257" ordinal="30" offset="901" sl="582" sc="13" el="582" ec="64" bec="0" bev="0" fileid="3" />
                <SequencePoint vc="1" uspid="258" ordinal="31" offset="929" sl="583" sc="13" el="583" ec="64" bec="0" bev="0" fileid="3" />
                <SequencePoint vc="1" uspid="259" ordinal="32" offset="957" sl="584" sc="13" el="584" ec="66" bec="0" bev="0" fileid="3" />
                <SequencePoint vc="1" uspid="260" ordinal="33" offset="994" sl="585" sc="13" el="585" ec="78" bec="0" bev="0" fileid="3" />
                <SequencePoint vc="1" uspid="261" ordinal="34" offset="1029" sl="586" sc="13" el="586" ec="56" bec="0" bev="0" fileid="3" />
                <SequencePoint vc="1" uspid="262" ordinal="35" offset="1057" sl="587" sc="13" el="587" ec="56" bec="0" bev="0" fileid="3" />
                <SequencePoint vc="1" uspid="263" ordinal="36" offset="1080" sl="588" sc="9" el="588" ec="10" bec="0" bev="0" fileid="3" />
              </SequencePoints>
              <BranchPoints />
              <MethodPoint xsi:type="SequencePoint" vc="1" uspid="227" ordinal="0" offset="0" sl="520" sc="9" el="520" ec="10" bec="0" bev="0" fileid="3" />
            </Method>
            <Method visited="true" cyclomaticComplexity="2" nPathComplexity="0" sequenceCoverage="100" branchCoverage="100" isConstructor="false" isStatic="false" isGetter="false" isSetter="false">
              <Summary numSequencePoints="9" visitedSequencePoints="9" numBranchPoints="1" visitedBranchPoints="1" sequenceCoverage="100" branchCoverage="100" maxCyclomaticComplexity="2" minCyclomaticComplexity="2" visitedClasses="0" numClasses="0" visitedMethods="1" numMethods="1" />
              <MetadataToken>100663344</MetadataToken>
              <Name>System.Void Helpful.TextParser.Test.Parser.ParserTest::Parser_PositionedWithTagParse_TagNotValid(System.Int32,System.String)</Name>
              <FileRef uid="3" />
              <SequencePoints>
                <SequencePoint vc="4" uspid="266" ordinal="0" offset="0" sl="596" sc="9" el="596" ec="10" bec="0" bev="0" fileid="3" />
                <SequencePoint vc="4" uspid="267" ordinal="1" offset="1" sl="597" sc="13" el="604" ec="20" bec="0" bev="0" fileid="3" />
                <SequencePoint vc="4" uspid="268" ordinal="2" offset="44" sl="606" sc="13" el="612" ec="20" bec="0" bev="0" fileid="3" />
                <SequencePoint vc="4" uspid="269" ordinal="3" offset="104" sl="614" sc="13" el="620" ec="15" bec="0" bev="0" fileid="3" />
                <SequencePoint vc="4" uspid="270" ordinal="4" offset="143" sl="622" sc="13" el="622" ec="38" bec="0" bev="0" fileid="3" />
                <SequencePoint vc="4" uspid="271" ordinal="5" offset="147" sl="624" sc="13" el="624" ec="46" bec="0" bev="0" fileid="3" />
                <SequencePoint vc="4" uspid="272" ordinal="6" offset="155" sl="626" sc="13" el="626" ec="45" bec="0" bev="0" fileid="3" />
                <SequencePoint vc="4" uspid="273" ordinal="7" offset="173" sl="628" sc="13" el="628" ec="92" bec="0" bev="0" fileid="3" />
                <SequencePoint vc="4" uspid="274" ordinal="8" offset="207" sl="629" sc="9" el="629" ec="10" bec="0" bev="0" fileid="3" />
              </SequencePoints>
              <BranchPoints />
              <MethodPoint xsi:type="SequencePoint" vc="4" uspid="266" ordinal="0" offset="0" sl="596" sc="9" el="596" ec="10" bec="0" bev="0" fileid="3" />
            </Method>
            <Method visited="true" cyclomaticComplexity="2" nPathComplexity="0" sequenceCoverage="100" branchCoverage="100" isConstructor="false" isStatic="false" isGetter="false" isSetter="false">
              <Summary numSequencePoints="9" visitedSequencePoints="9" numBranchPoints="1" visitedBranchPoints="1" sequenceCoverage="100" branchCoverage="100" maxCyclomaticComplexity="2" minCyclomaticComplexity="2" visitedClasses="0" numClasses="0" visitedMethods="1" numMethods="1" />
              <MetadataToken>100663345</MetadataToken>
              <Name>System.Void Helpful.TextParser.Test.Parser.ParserTest::Parser_PositionedWithTagParse_ChildrenTagNotValid(System.Int32,System.String)</Name>
              <FileRef uid="3" />
              <SequencePoints>
                <SequencePoint vc="4" uspid="277" ordinal="0" offset="0" sl="637" sc="9" el="637" ec="10" bec="0" bev="0" fileid="3" />
                <SequencePoint vc="4" uspid="278" ordinal="1" offset="1" sl="638" sc="13" el="645" ec="20" bec="0" bev="0" fileid="3" />
                <SequencePoint vc="4" uspid="279" ordinal="2" offset="44" sl="647" sc="13" el="661" ec="20" bec="0" bev="0" fileid="3" />
                <SequencePoint vc="4" uspid="280" ordinal="3" offset="104" sl="663" sc="13" el="674" ec="15" bec="0" bev="0" fileid="3" />
                <SequencePoint vc="4" uspid="281" ordinal="4" offset="184" sl="676" sc="13" el="676" ec="38" bec="0" bev="0" fileid="3" />
                <SequencePoint vc="4" uspid="282" ordinal="5" offset="188" sl="678" sc="13" el="678" ec="46" bec="0" bev="0" fileid="3" />
                <SequencePoint vc="4" uspid="283" ordinal="6" offset="196" sl="680" sc="13" el="680" ec="45" bec="0" bev="0" fileid="3" />
                <SequencePoint vc="4" uspid="284" ordinal="7" offset="214" sl="682" sc="13" el="682" ec="92" bec="0" bev="0" fileid="3" />
                <SequencePoint vc="4" uspid="285" ordinal="8" offset="248" sl="683" sc="9" el="683" ec="10" bec="0" bev="0" fileid="3" />
              </SequencePoints>
              <BranchPoints />
              <MethodPoint xsi:type="SequencePoint" vc="4" uspid="277" ordinal="0" offset="0" sl="637" sc="9" el="637" ec="10" bec="0" bev="0" fileid="3" />
            </Method>
            <Method visited="true" cyclomaticComplexity="2" nPathComplexity="0" sequenceCoverage="100" branchCoverage="100" isConstructor="false" isStatic="false" isGetter="false" isSetter="false">
              <Summary numSequencePoints="9" visitedSequencePoints="9" numBranchPoints="1" visitedBranchPoints="1" sequenceCoverage="100" branchCoverage="100" maxCyclomaticComplexity="2" minCyclomaticComplexity="2" visitedClasses="0" numClasses="0" visitedMethods="1" numMethods="1" />
              <MetadataToken>100663346</MetadataToken>
              <Name>System.Void Helpful.TextParser.Test.Parser.ParserTest::Parser_PositionedWithTagParse_GrandChildrenTagNotValid(System.Int32,System.String)</Name>
              <FileRef uid="3" />
              <SequencePoints>
                <SequencePoint vc="4" uspid="288" ordinal="0" offset="0" sl="691" sc="9" el="691" ec="10" bec="0" bev="0" fileid="3" />
                <SequencePoint vc="4" uspid="289" ordinal="1" offset="1" sl="692" sc="13" el="699" ec="20" bec="0" bev="0" fileid="3" />
                <SequencePoint vc="4" uspid="290" ordinal="2" offset="44" sl="701" sc="13" el="723" ec="20" bec="0" bev="0" fileid="3" />
                <SequencePoint vc="4" uspid="291" ordinal="3" offset="104" sl="725" sc="13" el="746" ec="15" bec="0" bev="0" fileid="3" />
                <SequencePoint vc="4" uspid="292" ordinal="4" offset="274" sl="748" sc="13" el="748" ec="38" bec="0" bev="0" fileid="3" />
                <SequencePoint vc="4" uspid="293" ordinal="5" offset="278" sl="750" sc="13" el="750" ec="46" bec="0" bev="0" fileid="3" />
                <SequencePoint vc="4" uspid="294" ordinal="6" offset="286" sl="752" sc="13" el="752" ec="45" bec="0" bev="0" fileid="3" />
                <SequencePoint vc="4" uspid="295" ordinal="7" offset="304" sl="754" sc="13" el="754" ec="92" bec="0" bev="0" fileid="3" />
                <SequencePoint vc="4" uspid="296" ordinal="8" offset="338" sl="755" sc="9" el="755" ec="10" bec="0" bev="0" fileid="3" />
              </SequencePoints>
              <BranchPoints />
              <MethodPoint xsi:type="SequencePoint" vc="4" uspid="288" ordinal="0" offset="0" sl="691" sc="9" el="691" ec="10" bec="0" bev="0" fileid="3" />
            </Method>
            <Method visited="true" cyclomaticComplexity="2" nPathComplexity="0" sequenceCoverage="100" branchCoverage="100" isConstructor="false" isStatic="false" isGetter="false" isSetter="false">
              <Summary numSequencePoints="10" visitedSequencePoints="10" numBranchPoints="1" visitedBranchPoints="1" sequenceCoverage="100" branchCoverage="100" maxCyclomaticComplexity="2" minCyclomaticComplexity="2" visitedClasses="0" numClasses="0" visitedMethods="1" numMethods="1" />
              <MetadataToken>100663347</MetadataToken>
              <Name>System.Void Helpful.TextParser.Test.Parser.ParserTest::Parser_PositionedWithTagParse_WithErrors()</Name>
              <FileRef uid="3" />
              <SequencePoints>
                <SequencePoint vc="1" uspid="299" ordinal="0" offset="0" sl="759" sc="9" el="759" ec="10" bec="0" bev="0" fileid="3" />
                <SequencePoint vc="1" uspid="300" ordinal="1" offset="1" sl="760" sc="13" el="767" ec="20" bec="0" bev="0" fileid="3" />
                <SequencePoint vc="1" uspid="301" ordinal="2" offset="44" sl="769" sc="13" el="791" ec="20" bec="0" bev="0" fileid="3" />
                <SequencePoint vc="1" uspid="302" ordinal="3" offset="104" sl="793" sc="13" el="814" ec="15" bec="0" bev="0" fileid="3" />
                <SequencePoint vc="1" uspid="303" ordinal="4" offset="274" sl="816" sc="13" el="816" ec="46" bec="0" bev="0" fileid="3" />
                <SequencePoint vc="1" uspid="304" ordinal="5" offset="282" sl="818" sc="13" el="818" ec="45" bec="0" bev="0" fileid="3" />
                <SequencePoint vc="1" uspid="305" ordinal="6" offset="300" sl="820" sc="13" el="820" ec="94" bec="0" bev="0" fileid="3" />
                <SequencePoint vc="1" uspid="306" ordinal="7" offset="323" sl="821" sc="13" el="821" ec="94" bec="0" bev="0" fileid="3" />
                <SequencePoint vc="1" uspid="307" ordinal="8" offset="346" sl="822" sc="13" el="822" ec="95" bec="0" bev="0" fileid="3" />
                <SequencePoint vc="1" uspid="308" ordinal="9" offset="369" sl="823" sc="9" el="823" ec="10" bec="0" bev="0" fileid="3" />
              </SequencePoints>
              <BranchPoints />
              <MethodPoint xsi:type="SequencePoint" vc="1" uspid="299" ordinal="0" offset="0" sl="759" sc="9" el="759" ec="10" bec="0" bev="0" fileid="3" />
            </Method>
            <Method visited="true" cyclomaticComplexity="2" nPathComplexity="0" sequenceCoverage="100" branchCoverage="100" isConstructor="false" isStatic="false" isGetter="false" isSetter="false">
              <Summary numSequencePoints="61" visitedSequencePoints="61" numBranchPoints="1" visitedBranchPoints="1" sequenceCoverage="100" branchCoverage="100" maxCyclomaticComplexity="2" minCyclomaticComplexity="2" visitedClasses="0" numClasses="0" visitedMethods="1" numMethods="1" />
              <MetadataToken>100663348</MetadataToken>
              <Name>System.Void Helpful.TextParser.Test.Parser.ParserTest::Parser_PositionedWithTagParse_Success()</Name>
              <FileRef uid="3" />
              <SequencePoints>
                <SequencePoint vc="1" uspid="311" ordinal="0" offset="0" sl="827" sc="9" el="827" ec="10" bec="0" bev="0" fileid="3" />
                <SequencePoint vc="1" uspid="312" ordinal="1" offset="1" sl="828" sc="13" el="835" ec="20" bec="0" bev="0" fileid="3" />
                <SequencePoint vc="1" uspid="313" ordinal="2" offset="44" sl="837" sc="13" el="868" ec="20" bec="0" bev="0" fileid="3" />
                <SequencePoint vc="1" uspid="314" ordinal="3" offset="104" sl="870" sc="13" el="880" ec="15" bec="0" bev="0" fileid="3" />
                <SequencePoint vc="1" uspid="315" ordinal="4" offset="175" sl="882" sc="13" el="882" ec="46" bec="0" bev="0" fileid="3" />
                <SequencePoint vc="1" uspid="316" ordinal="5" offset="183" sl="884" sc="13" el="884" ec="45" bec="0" bev="0" fileid="3" />
                <SequencePoint vc="1" uspid="317" ordinal="6" offset="201" sl="886" sc="13" el="886" ec="56" bec="0" bev="0" fileid="3" />
                <SequencePoint vc="1" uspid="318" ordinal="7" offset="224" sl="887" sc="13" el="887" ec="60" bec="0" bev="0" fileid="3" />
                <SequencePoint vc="1" uspid="319" ordinal="8" offset="252" sl="888" sc="13" el="888" ec="60" bec="0" bev="0" fileid="3" />
                <SequencePoint vc="1" uspid="320" ordinal="9" offset="280" sl="889" sc="13" el="889" ec="65" bec="0" bev="0" fileid="3" />
                <SequencePoint vc="1" uspid="321" ordinal="10" offset="317" sl="890" sc="13" el="890" ec="78" bec="0" bev="0" fileid="3" />
                <SequencePoint vc="1" uspid="322" ordinal="11" offset="352" sl="891" sc="13" el="891" ec="60" bec="0" bev="0" fileid="3" />
                <SequencePoint vc="1" uspid="323" ordinal="12" offset="380" sl="892" sc="13" el="892" ec="54" bec="0" bev="0" fileid="3" />
                <SequencePoint vc="1" uspid="324" ordinal="13" offset="410" sl="894" sc="13" el="894" ec="59" bec="0" bev="0" fileid="3" />
                <SequencePoint vc="1" uspid="325" ordinal="14" offset="439" sl="895" sc="13" el="895" ec="60" bec="0" bev="0" fileid="3" />
                <SequencePoint vc="1" uspid="326" ordinal="15" offset="467" sl="896" sc="13" el="896" ec="60" bec="0" bev="0" fileid="3" />
                <SequencePoint vc="1" uspid="327" ordinal="16" offset="495" sl="897" sc="13" el="897" ec="68" bec="0" bev="0" fileid="3" />
                <SequencePoint vc="1" uspid="328" ordinal="17" offset="532" sl="898" sc="13" el="898" ec="78" bec="0" bev="0" fileid="3" />
                <SequencePoint vc="1" uspid="329" ordinal="18" offset="567" sl="899" sc="13" el="899" ec="60" bec="0" bev="0" fileid="3" />
                <SequencePoint vc="1" uspid="330" ordinal="19" offset="595" sl="900" sc="13" el="900" ec="56" bec="0" bev="0" fileid="3" />
                <SequencePoint vc="1" uspid="331" ordinal="20" offset="618" sl="902" sc="13" el="902" ec="69" bec="0" bev="0" fileid="3" />
                <SequencePoint vc="1" uspid="332" ordinal="21" offset="652" sl="903" sc="13" el="903" ec="76" bec="0" bev="0" fileid="3" />
                <SequencePoint vc="1" uspid="333" ordinal="22" offset="691" sl="904" sc="13" el="904" ec="76" bec="0" bev="0" fileid="3" />
                <SequencePoint vc="1" uspid="334" ordinal="23" offset="730" sl="905" sc="13" el="905" ec="79" bec="0" bev="0" fileid="3" />
                <SequencePoint vc="1" uspid="335" ordinal="24" offset="778" sl="906" sc="13" el="906" ec="91" bec="0" bev="0" fileid="3" />
                <SequencePoint vc="1" uspid="336" ordinal="25" offset="824" sl="907" sc="13" el="907" ec="76" bec="0" bev="0" fileid="3" />
                <SequencePoint vc="1" uspid="337" ordinal="26" offset="863" sl="908" sc="13" el="908" ec="67" bec="0" bev="0" fileid="3" />
                <SequencePoint vc="1" uspid="338" ordinal="27" offset="904" sl="910" sc="13" el="910" ec="69" bec="0" bev="0" fileid="3" />
                <SequencePoint vc="1" uspid="339" ordinal="28" offset="938" sl="911" sc="13" el="911" ec="76" bec="0" bev="0" fileid="3" />
                <SequencePoint vc="1" uspid="340" ordinal="29" offset="977" sl="912" sc="13" el="912" ec="76" bec="0" bev="0" fileid="3" />
                <SequencePoint vc="1" uspid="341" ordinal="30" offset="1016" sl="913" sc="13" el="913" ec="82" bec="0" bev="0" fileid="3" />
                <SequencePoint vc="1" uspid="342" ordinal="31" offset="1064" sl="914" sc="13" el="914" ec="91" bec="0" bev="0" fileid="3" />
                <SequencePoint vc="1" uspid="343" ordinal="32" offset="1110" sl="915" sc="13" el="915" ec="76" bec="0" bev="0" fileid="3" />
                <SequencePoint vc="1" uspid="344" ordinal="33" offset="1149" sl="916" sc="13" el="916" ec="67" bec="0" bev="0" fileid="3" />
                <SequencePoint vc="1" uspid="345" ordinal="34" offset="1190" sl="918" sc="13" el="918" ec="59" bec="0" bev="0" fileid="3" />
                <SequencePoint vc="1" uspid="346" ordinal="35" offset="1219" sl="919" sc="13" el="919" ec="60" bec="0" bev="0" fileid="3" />
                <SequencePoint vc="1" uspid="347" ordinal="36" offset="1247" sl="920" sc="13" el="920" ec="60" bec="0" bev="0" fileid="3" />
                <SequencePoint vc="1" uspid="348" ordinal="37" offset="1275" sl="921" sc="13" el="921" ec="67" bec="0" bev="0" fileid="3" />
                <SequencePoint vc="1" uspid="349" ordinal="38" offset="1312" sl="922" sc="13" el="922" ec="78" bec="0" bev="0" fileid="3" />
                <SequencePoint vc="1" uspid="350" ordinal="39" offset="1347" sl="923" sc="13" el="923" ec="60" bec="0" bev="0" fileid="3" />
                <SequencePoint vc="1" uspid="351" ordinal="40" offset="1375" sl="924" sc="13" el="924" ec="56" bec="0" bev="0" fileid="3" />
                <SequencePoint vc="1" uspid="352" ordinal="41" offset="1398" sl="926" sc="13" el="926" ec="72" bec="0" bev="0" fileid="3" />
                <SequencePoint vc="1" uspid="353" ordinal="42" offset="1438" sl="927" sc="13" el="927" ec="76" bec="0" bev="0" fileid="3" />
                <SequencePoint vc="1" uspid="354" ordinal="43" offset="1477" sl="928" sc="13" el="928" ec="76" bec="0" bev="0" fileid="3" />
                <SequencePoint vc="1" uspid="355" ordinal="44" offset="1516" sl="929" sc="13" el="929" ec="82" bec="0" bev="0" fileid="3" />
                <SequencePoint vc="1" uspid="356" ordinal="45" offset="1564" sl="930" sc="13" el="930" ec="91" bec="0" bev="0" fileid="3" />
                <SequencePoint vc="1" uspid="357" ordinal="46" offset="1610" sl="931" sc="13" el="931" ec="76" bec="0" bev="0" fileid="3" />
                <SequencePoint vc="1" uspid="358" ordinal="47" offset="1649" sl="932" sc="13" el="932" ec="67" bec="0" bev="0" fileid="3" />
                <SequencePoint vc="1" uspid="359" ordinal="48" offset="1690" sl="934" sc="13" el="934" ec="93" bec="0" bev="0" fileid="3" />
                <SequencePoint vc="1" uspid="360" ordinal="49" offset="1740" sl="935" sc="13" el="935" ec="93" bec="0" bev="0" fileid="3" />
                <SequencePoint vc="1" uspid="361" ordinal="50" offset="1790" sl="936" sc="13" el="936" ec="96" bec="0" bev="0" fileid="3" />
                <SequencePoint vc="1" uspid="362" ordinal="51" offset="1849" sl="937" sc="13" el="937" ec="104" bec="0" bev="0" fileid="3" />
                <SequencePoint vc="1" uspid="363" ordinal="52" offset="1907" sl="938" sc="13" el="938" ec="93" bec="0" bev="0" fileid="3" />
                <SequencePoint vc="1" uspid="364" ordinal="53" offset="1957" sl="939" sc="13" el="939" ec="80" bec="0" bev="0" fileid="3" />
                <SequencePoint vc="1" uspid="365" ordinal="54" offset="2009" sl="941" sc="13" el="941" ec="93" bec="0" bev="0" fileid="3" />
                <SequencePoint vc="1" uspid="366" ordinal="55" offset="2059" sl="942" sc="13" el="942" ec="93" bec="0" bev="0" fileid="3" />
                <SequencePoint vc="1" uspid="367" ordinal="56" offset="2109" sl="943" sc="13" el="943" ec="90" bec="0" bev="0" fileid="3" />
                <SequencePoint vc="1" uspid="368" ordinal="57" offset="2165" sl="944" sc="13" el="944" ec="104" bec="0" bev="0" fileid="3" />
                <SequencePoint vc="1" uspid="369" ordinal="58" offset="2223" sl="945" sc="13" el="945" ec="93" bec="0" bev="0" fileid="3" />
                <SequencePoint vc="1" uspid="370" ordinal="59" offset="2273" sl="946" sc="13" el="946" ec="80" bec="0" bev="0" fileid="3" />
                <SequencePoint vc="1" uspid="371" ordinal="60" offset="2325" sl="947" sc="9" el="947" ec="10" bec="0" bev="0" fileid="3" />
              </SequencePoints>
              <BranchPoints />
              <MethodPoint xsi:type="SequencePoint" vc="1" uspid="311" ordinal="0" offset="0" sl="827" sc="9" el="827" ec="10" bec="0" bev="0" fileid="3" />
            </Method>
            <Method visited="true" cyclomaticComplexity="1" nPathComplexity="0" sequenceCoverage="0" branchCoverage="0" isConstructor="true" isStatic="false" isGetter="false" isSetter="false">
              <Summary numSequencePoints="0" visitedSequencePoints="0" numBranchPoints="0" visitedBranchPoints="0" sequenceCoverage="0" branchCoverage="0" maxCyclomaticComplexity="1" minCyclomaticComplexity="1" visitedClasses="0" numClasses="0" visitedMethods="0" numMethods="0" />
              <MetadataToken>100663349</MetadataToken>
              <Name>System.Void Helpful.TextParser.Test.Parser.ParserTest::.ctor()</Name>
              <SequencePoints />
              <BranchPoints />
              <MethodPoint vc="1" uspid="374" ordinal="0" offset="0" />
            </Method>
          </Methods>
        </Class>
        <Class>
          <Summary numSequencePoints="178" visitedSequencePoints="178" numBranchPoints="28" visitedBranchPoints="28" sequenceCoverage="100" branchCoverage="100" maxCyclomaticComplexity="2" minCyclomaticComplexity="1" visitedClasses="1" numClasses="1" visitedMethods="28" numMethods="28" />
          <FullName>Helpful.TextParser.Test.Parser.ParserTest/&lt;&gt;c</FullName>
          <Methods>
            <Method visited="true" cyclomaticComplexity="1" nPathComplexity="0" sequenceCoverage="0" branchCoverage="0" isConstructor="true" isStatic="true" isGetter="false" isSetter="false">
              <Summary numSequencePoints="0" visitedSequencePoints="0" numBranchPoints="0" visitedBranchPoints="0" sequenceCoverage="0" branchCoverage="0" maxCyclomaticComplexity="1" minCyclomaticComplexity="1" visitedClasses="0" numClasses="0" visitedMethods="0" numMethods="0" />
              <MetadataToken>100663465</MetadataToken>
              <Name>System.Void Helpful.TextParser.Test.Parser.ParserTest/&lt;&gt;c::.cctor()</Name>
              <SequencePoints />
              <BranchPoints />
              <MethodPoint vc="1" uspid="375" ordinal="0" offset="0" />
            </Method>
            <Method visited="true" cyclomaticComplexity="1" nPathComplexity="0" sequenceCoverage="0" branchCoverage="0" isConstructor="true" isStatic="false" isGetter="false" isSetter="false">
              <Summary numSequencePoints="0" visitedSequencePoints="0" numBranchPoints="0" visitedBranchPoints="0" sequenceCoverage="0" branchCoverage="0" maxCyclomaticComplexity="1" minCyclomaticComplexity="1" visitedClasses="0" numClasses="0" visitedMethods="0" numMethods="0" />
              <MetadataToken>100663466</MetadataToken>
              <Name>System.Void Helpful.TextParser.Test.Parser.ParserTest/&lt;&gt;c::.ctor()</Name>
              <SequencePoints />
              <BranchPoints />
              <MethodPoint vc="1" uspid="376" ordinal="0" offset="0" />
            </Method>
            <Method visited="true" cyclomaticComplexity="1" nPathComplexity="0" sequenceCoverage="100" branchCoverage="100" isConstructor="false" isStatic="false" isGetter="false" isSetter="false">
              <Summary numSequencePoints="5" visitedSequencePoints="5" numBranchPoints="1" visitedBranchPoints="1" sequenceCoverage="100" branchCoverage="100" maxCyclomaticComplexity="1" minCyclomaticComplexity="1" visitedClasses="0" numClasses="0" visitedMethods="1" numMethods="1" />
              <MetadataToken>100663467</MetadataToken>
              <Name>System.Void Helpful.TextParser.Test.Parser.ParserTest/&lt;&gt;c::&lt;Parser_DelimitedWithoutTagParse_WithErrors&gt;b__0_0(Helpful.TextParser.Fluent.Interface.IDelimitedPropertyOnlyDescriptor`1&lt;Helpful.TextParser.Test.Parser.ParserFooClass1&gt;)</Name>
              <FileRef uid="3" />
              <SequencePoints>
                <SequencePoint vc="1" uspid="377" ordinal="0" offset="0" sl="27" sc="17" el="27" ec="18" bec="0" bev="0" fileid="3" />
                <SequencePoint vc="1" uspid="378" ordinal="1" offset="1" sl="28" sc="21" el="28" ec="82" bec="0" bev="0" fileid="3" />
                <SequencePoint vc="1" uspid="379" ordinal="2" offset="76" sl="29" sc="21" el="29" ec="82" bec="0" bev="0" fileid="3" />
                <SequencePoint vc="1" uspid="380" ordinal="3" offset="151" sl="30" sc="21" el="30" ec="82" bec="0" bev="0" fileid="3" />
                <SequencePoint vc="1" uspid="381" ordinal="4" offset="226" sl="31" sc="17" el="31" ec="18" bec="0" bev="0" fileid="3" />
              </SequencePoints>
              <BranchPoints />
              <MethodPoint xsi:type="SequencePoint" vc="1" uspid="377" ordinal="0" offset="0" sl="27" sc="17" el="27" ec="18" bec="0" bev="0" fileid="3" />
            </Method>
            <Method visited="true" cyclomaticComplexity="1" nPathComplexity="0" sequenceCoverage="100" branchCoverage="100" isConstructor="false" isStatic="false" isGetter="false" isSetter="false">
              <Summary numSequencePoints="8" visitedSequencePoints="8" numBranchPoints="1" visitedBranchPoints="1" sequenceCoverage="100" branchCoverage="100" maxCyclomaticComplexity="1" minCyclomaticComplexity="1" visitedClasses="0" numClasses="0" visitedMethods="1" numMethods="1" />
              <MetadataToken>100663468</MetadataToken>
              <Name>System.Void Helpful.TextParser.Test.Parser.ParserTest/&lt;&gt;c::&lt;Parser_DelimitedWithoutTagParse_Success&gt;b__1_0(Helpful.TextParser.Fluent.Interface.IDelimitedPropertyOnlyDescriptor`1&lt;Helpful.TextParser.Test.Parser.ParserFooClass1&gt;)</Name>
              <FileRef uid="3" />
              <SequencePoints>
                <SequencePoint vc="1" uspid="382" ordinal="0" offset="0" sl="66" sc="17" el="66" ec="18" bec="0" bev="0" fileid="3" />
                <SequencePoint vc="1" uspid="383" ordinal="1" offset="1" sl="67" sc="21" el="67" ec="82" bec="0" bev="0" fileid="3" />
                <SequencePoint vc="1" uspid="384" ordinal="2" offset="76" sl="68" sc="21" el="68" ec="85" bec="0" bev="0" fileid="3" />
                <SequencePoint vc="1" uspid="385" ordinal="3" offset="151" sl="69" sc="21" el="69" ec="82" bec="0" bev="0" fileid="3" />
                <SequencePoint vc="1" uspid="386" ordinal="4" offset="226" sl="70" sc="21" el="70" ec="82" bec="0" bev="0" fileid="3" />
                <SequencePoint vc="1" uspid="387" ordinal="5" offset="301" sl="71" sc="21" el="71" ec="85" bec="0" bev="0" fileid="3" />
                <SequencePoint vc="1" uspid="388" ordinal="6" offset="376" sl="72" sc="21" el="72" ec="85" bec="0" bev="0" fileid="3" />
                <SequencePoint vc="1" uspid="389" ordinal="7" offset="451" sl="73" sc="17" el="73" ec="18" bec="0" bev="0" fileid="3" />
              </SequencePoints>
              <BranchPoints />
              <MethodPoint xsi:type="SequencePoint" vc="1" uspid="382" ordinal="0" offset="0" sl="66" sc="17" el="66" ec="18" bec="0" bev="0" fileid="3" />
            </Method>
            <Method visited="true" cyclomaticComplexity="1" nPathComplexity="0" sequenceCoverage="100" branchCoverage="100" isConstructor="false" isStatic="false" isGetter="false" isSetter="false">
              <Summary numSequencePoints="5" visitedSequencePoints="5" numBranchPoints="1" visitedBranchPoints="1" sequenceCoverage="100" branchCoverage="100" maxCyclomaticComplexity="1" minCyclomaticComplexity="1" visitedClasses="0" numClasses="0" visitedMethods="1" numMethods="1" />
              <MetadataToken>100663469</MetadataToken>
              <Name>System.Void Helpful.TextParser.Test.Parser.ParserTest/&lt;&gt;c::&lt;Parser_DelimitedWithTagParse_TagNotValid&gt;b__2_0(Helpful.TextParser.Fluent.Interface.IDelimitedPropertyDescriptor`1&lt;Helpful.TextParser.Test.Parser.ParserFooClass1&gt;)</Name>
              <FileRef uid="3" />
              <SequencePoints>
                <SequencePoint vc="4" uspid="390" ordinal="0" offset="0" sl="134" sc="17" el="134" ec="18" bec="0" bev="0" fileid="3" />
                <SequencePoint vc="4" uspid="391" ordinal="1" offset="1" sl="135" sc="21" el="135" ec="82" bec="0" bev="0" fileid="3" />
                <SequencePoint vc="4" uspid="392" ordinal="2" offset="76" sl="136" sc="21" el="136" ec="82" bec="0" bev="0" fileid="3" />
                <SequencePoint vc="4" uspid="393" ordinal="3" offset="151" sl="137" sc="21" el="137" ec="82" bec="0" bev="0" fileid="3" />
                <SequencePoint vc="4" uspid="394" ordinal="4" offset="226" sl="138" sc="17" el="138" ec="18" bec="0" bev="0" fileid="3" />
              </SequencePoints>
              <BranchPoints />
              <MethodPoint xsi:type="SequencePoint" vc="4" uspid="390" ordinal="0" offset="0" sl="134" sc="17" el="134" ec="18" bec="0" bev="0" fileid="3" />
            </Method>
            <Method visited="true" cyclomaticComplexity="2" nPathComplexity="0" sequenceCoverage="100" branchCoverage="100" isConstructor="false" isStatic="false" isGetter="false" isSetter="false">
              <Summary numSequencePoints="6" visitedSequencePoints="6" numBranchPoints="1" visitedBranchPoints="1" sequenceCoverage="100" branchCoverage="100" maxCyclomaticComplexity="2" minCyclomaticComplexity="2" visitedClasses="0" numClasses="0" visitedMethods="1" numMethods="1" />
              <MetadataToken>100663470</MetadataToken>
              <Name>System.Void Helpful.TextParser.Test.Parser.ParserTest/&lt;&gt;c::&lt;Parser_DelimitedWithTagParse_ChildrenTagNotValid&gt;b__3_0(Helpful.TextParser.Fluent.Interface.IDelimitedPropertyDescriptor`1&lt;Helpful.TextParser.Test.Parser.ParserFooClass1&gt;)</Name>
              <FileRef uid="3" />
              <SequencePoints>
                <SequencePoint vc="4" uspid="395" ordinal="0" offset="0" sl="175" sc="17" el="175" ec="18" bec="0" bev="0" fileid="3" />
                <SequencePoint vc="4" uspid="396" ordinal="1" offset="1" sl="176" sc="21" el="176" ec="82" bec="0" bev="0" fileid="3" />
                <SequencePoint vc="4" uspid="397" ordinal="2" offset="76" sl="177" sc="21" el="177" ec="82" bec="0" bev="0" fileid="3" />
                <SequencePoint vc="4" uspid="398" ordinal="3" offset="151" sl="178" sc="21" el="178" ec="82" bec="0" bev="0" fileid="3" />
                <SequencePoint vc="4" uspid="399" ordinal="4" offset="226" sl="180" sc="21" el="186" ec="28" bec="0" bev="0" fileid="3" />
                <SequencePoint vc="4" uspid="400" ordinal="5" offset="342" sl="187" sc="17" el="187" ec="18" bec="0" bev="0" fileid="3" />
              </SequencePoints>
              <BranchPoints />
              <MethodPoint xsi:type="SequencePoint" vc="4" uspid="395" ordinal="0" offset="0" sl="175" sc="17" el="175" ec="18" bec="0" bev="0" fileid="3" />
            </Method>
            <Method visited="true" cyclomaticComplexity="1" nPathComplexity="0" sequenceCoverage="100" branchCoverage="100" isConstructor="false" isStatic="false" isGetter="false" isSetter="false">
              <Summary numSequencePoints="5" visitedSequencePoints="5" numBranchPoints="1" visitedBranchPoints="1" sequenceCoverage="100" branchCoverage="100" maxCyclomaticComplexity="1" minCyclomaticComplexity="1" visitedClasses="0" numClasses="0" visitedMethods="1" numMethods="1" />
              <MetadataToken>100663471</MetadataToken>
              <Name>System.Void Helpful.TextParser.Test.Parser.ParserTest/&lt;&gt;c::&lt;Parser_DelimitedWithTagParse_ChildrenTagNotValid&gt;b__3_1(Helpful.TextParser.Fluent.Interface.IDelimitedPropertyDescriptor`1&lt;Helpful.TextParser.Test.Parser.ParserFooClass2&gt;)</Name>
              <FileRef uid="3" />
              <SequencePoints>
                <SequencePoint vc="4" uspid="403" ordinal="0" offset="0" sl="182" sc="25" el="182" ec="26" bec="0" bev="0" fileid="3" />
                <SequencePoint vc="4" uspid="404" ordinal="1" offset="1" sl="183" sc="29" el="183" ec="95" bec="0" bev="0" fileid="3" />
                <SequencePoint vc="4" uspid="405" ordinal="2" offset="76" sl="184" sc="29" el="184" ec="95" bec="0" bev="0" fileid="3" />
                <SequencePoint vc="4" uspid="406" ordinal="3" offset="151" sl="185" sc="29" el="185" ec="95" bec="0" bev="0" fileid="3" />
                <SequencePoint vc="4" uspid="407" ordinal="4" offset="226" sl="186" sc="25" el="186" ec="26" bec="0" bev="0" fileid="3" />
              </SequencePoints>
              <BranchPoints />
              <MethodPoint xsi:type="SequencePoint" vc="4" uspid="403" ordinal="0" offset="0" sl="182" sc="25" el="182" ec="26" bec="0" bev="0" fileid="3" />
            </Method>
            <Method visited="true" cyclomaticComplexity="2" nPathComplexity="0" sequenceCoverage="100" branchCoverage="100" isConstructor="false" isStatic="false" isGetter="false" isSetter="false">
              <Summary numSequencePoints="6" visitedSequencePoints="6" numBranchPoints="1" visitedBranchPoints="1" sequenceCoverage="100" branchCoverage="100" maxCyclomaticComplexity="2" minCyclomaticComplexity="2" visitedClasses="0" numClasses="0" visitedMethods="1" numMethods="1" />
              <MetadataToken>100663472</MetadataToken>
              <Name>System.Void Helpful.TextParser.Test.Parser.ParserTest/&lt;&gt;c::&lt;Parser_DelimitedWithTagParse_GrandChildrenTagNotValid&gt;b__4_0(Helpful.TextParser.Fluent.Interface.IDelimitedPropertyDescriptor`1&lt;Helpful.TextParser.Test.Parser.ParserFooClass1&gt;)</Name>
              <FileRef uid="3" />
              <SequencePoints>
                <SequencePoint vc="4" uspid="408" ordinal="0" offset="0" sl="229" sc="17" el="229" ec="18" bec="0" bev="0" fileid="3" />
                <SequencePoint vc="4" uspid="409" ordinal="1" offset="1" sl="230" sc="21" el="230" ec="82" bec="0" bev="0" fileid="3" />
                <SequencePoint vc="4" uspid="410" ordinal="2" offset="76" sl="231" sc="21" el="231" ec="82" bec="0" bev="0" fileid="3" />
                <SequencePoint vc="4" uspid="411" ordinal="3" offset="151" sl="232" sc="21" el="232" ec="82" bec="0" bev="0" fileid="3" />
                <SequencePoint vc="4" uspid="412" ordinal="4" offset="226" sl="234" sc="21" el="248" ec="28" bec="0" bev="0" fileid="3" />
                <SequencePoint vc="4" uspid="413" ordinal="5" offset="342" sl="249" sc="17" el="249" ec="18" bec="0" bev="0" fileid="3" />
              </SequencePoints>
              <BranchPoints />
              <MethodPoint xsi:type="SequencePoint" vc="4" uspid="408" ordinal="0" offset="0" sl="229" sc="17" el="229" ec="18" bec="0" bev="0" fileid="3" />
            </Method>
            <Method visited="true" cyclomaticComplexity="2" nPathComplexity="0" sequenceCoverage="100" branchCoverage="100" isConstructor="false" isStatic="false" isGetter="false" isSetter="false">
              <Summary numSequencePoints="6" visitedSequencePoints="6" numBranchPoints="1" visitedBranchPoints="1" sequenceCoverage="100" branchCoverage="100" maxCyclomaticComplexity="2" minCyclomaticComplexity="2" visitedClasses="0" numClasses="0" visitedMethods="1" numMethods="1" />
              <MetadataToken>100663473</MetadataToken>
              <Name>System.Void Helpful.TextParser.Test.Parser.ParserTest/&lt;&gt;c::&lt;Parser_DelimitedWithTagParse_GrandChildrenTagNotValid&gt;b__4_1(Helpful.TextParser.Fluent.Interface.IDelimitedPropertyDescriptor`1&lt;Helpful.TextParser.Test.Parser.ParserFooClass2&gt;)</Name>
              <FileRef uid="3" />
              <SequencePoints>
                <SequencePoint vc="4" uspid="416" ordinal="0" offset="0" sl="236" sc="25" el="236" ec="26" bec="0" bev="0" fileid="3" />
                <SequencePoint vc="4" uspid="417" ordinal="1" offset="1" sl="237" sc="29" el="237" ec="95" bec="0" bev="0" fileid="3" />
                <SequencePoint vc="4" uspid="418" ordinal="2" offset="76" sl="238" sc="29" el="238" ec="95" bec="0" bev="0" fileid="3" />
                <SequencePoint vc="4" uspid="419" ordinal="3" offset="151" sl="239" sc="29" el="239" ec="95" bec="0" bev="0" fileid="3" />
                <SequencePoint vc="4" uspid="420" ordinal="4" offset="226" sl="241" sc="29" el="247" ec="36" bec="0" bev="0" fileid="3" />
                <SequencePoint vc="4" uspid="421" ordinal="5" offset="342" sl="248" sc="25" el="248" ec="26" bec="0" bev="0" fileid="3" />
              </SequencePoints>
              <BranchPoints />
              <MethodPoint xsi:type="SequencePoint" vc="4" uspid="416" ordinal="0" offset="0" sl="236" sc="25" el="236" ec="26" bec="0" bev="0" fileid="3" />
            </Method>
            <Method visited="true" cyclomaticComplexity="1" nPathComplexity="0" sequenceCoverage="100" branchCoverage="100" isConstructor="false" isStatic="false" isGetter="false" isSetter="false">
              <Summary numSequencePoints="5" visitedSequencePoints="5" numBranchPoints="1" visitedBranchPoints="1" sequenceCoverage="100" branchCoverage="100" maxCyclomaticComplexity="1" minCyclomaticComplexity="1" visitedClasses="0" numClasses="0" visitedMethods="1" numMethods="1" />
              <MetadataToken>100663474</MetadataToken>
              <Name>System.Void Helpful.TextParser.Test.Parser.ParserTest/&lt;&gt;c::&lt;Parser_DelimitedWithTagParse_GrandChildrenTagNotValid&gt;b__4_2(Helpful.TextParser.Fluent.Interface.IDelimitedPropertyDescriptor`1&lt;Helpful.TextParser.Test.Parser.ParserFooClass3&gt;)</Name>
              <FileRef uid="3" />
              <SequencePoints>
                <SequencePoint vc="4" uspid="424" ordinal="0" offset="0" sl="243" sc="33" el="243" ec="34" bec="0" bev="0" fileid="3" />
                <SequencePoint vc="4" uspid="425" ordinal="1" offset="1" sl="244" sc="37" el="244" ec="108" bec="0" bev="0" fileid="3" />
                <SequencePoint vc="4" uspid="426" ordinal="2" offset="76" sl="245" sc="37" el="245" ec="108" bec="0" bev="0" fileid="3" />
                <SequencePoint vc="4" uspid="427" ordinal="3" offset="151" sl="246" sc="37" el="246" ec="108" bec="0" bev="0" fileid="3" />
                <SequencePoint vc="4" uspid="428" ordinal="4" offset="226" sl="247" sc="33" el="247" ec="34" bec="0" bev="0" fileid="3" />
              </SequencePoints>
              <BranchPoints />
              <MethodPoint xsi:type="SequencePoint" vc="4" uspid="424" ordinal="0" offset="0" sl="243" sc="33" el="243" ec="34" bec="0" bev="0" fileid="3" />
            </Method>
            <Method visited="true" cyclomaticComplexity="2" nPathComplexity="0" sequenceCoverage="100" branchCoverage="100" isConstructor="false" isStatic="false" isGetter="false" isSetter="false">
              <Summary numSequencePoints="6" visitedSequencePoints="6" numBranchPoints="1" visitedBranchPoints="1" sequenceCoverage="100" branchCoverage="100" maxCyclomaticComplexity="2" minCyclomaticComplexity="2" visitedClasses="0" numClasses="0" visitedMethods="1" numMethods="1" />
              <MetadataToken>100663475</MetadataToken>
              <Name>System.Void Helpful.TextParser.Test.Parser.ParserTest/&lt;&gt;c::&lt;Parser_DelimitedWithTagParse_WithErrors&gt;b__5_0(Helpful.TextParser.Fluent.Interface.IDelimitedPropertyDescriptor`1&lt;Helpful.TextParser.Test.Parser.ParserFooClass1&gt;)</Name>
              <FileRef uid="3" />
              <SequencePoints>
                <SequencePoint vc="1" uspid="429" ordinal="0" offset="0" sl="297" sc="17" el="297" ec="18" bec="0" bev="0" fileid="3" />
                <SequencePoint vc="1" uspid="430" ordinal="1" offset="1" sl="298" sc="21" el="298" ec="82" bec="0" bev="0" fileid="3" />
                <SequencePoint vc="1" uspid="431" ordinal="2" offset="76" sl="299" sc="21" el="299" ec="82" bec="0" bev="0" fileid="3" />
                <SequencePoint vc="1" uspid="432" ordinal="3" offset="151" sl="300" sc="21" el="300" ec="82" bec="0" bev="0" fileid="3" />
                <SequencePoint vc="1" uspid="433" ordinal="4" offset="226" sl="302" sc="21" el="316" ec="28" bec="0" bev="0" fileid="3" />
                <SequencePoint vc="1" uspid="434" ordinal="5" offset="342" sl="317" sc="17" el="317" ec="18" bec="0" bev="0" fileid="3" />
              </SequencePoints>
              <BranchPoints />
              <MethodPoint xsi:type="SequencePoint" vc="1" uspid="429" ordinal="0" offset="0" sl="297" sc="17" el="297" ec="18" bec="0" bev="0" fileid="3" />
            </Method>
            <Method visited="true" cyclomaticComplexity="2" nPathComplexity="0" sequenceCoverage="100" branchCoverage="100" isConstructor="false" isStatic="false" isGetter="false" isSetter="false">
              <Summary numSequencePoints="6" visitedSequencePoints="6" numBranchPoints="1" visitedBranchPoints="1" sequenceCoverage="100" branchCoverage="100" maxCyclomaticComplexity="2" minCyclomaticComplexity="2" visitedClasses="0" numClasses="0" visitedMethods="1" numMethods="1" />
              <MetadataToken>100663476</MetadataToken>
              <Name>System.Void Helpful.TextParser.Test.Parser.ParserTest/&lt;&gt;c::&lt;Parser_DelimitedWithTagParse_WithErrors&gt;b__5_1(Helpful.TextParser.Fluent.Interface.IDelimitedPropertyDescriptor`1&lt;Helpful.TextParser.Test.Parser.ParserFooClass2&gt;)</Name>
              <FileRef uid="3" />
              <SequencePoints>
                <SequencePoint vc="1" uspid="437" ordinal="0" offset="0" sl="304" sc="25" el="304" ec="26" bec="0" bev="0" fileid="3" />
                <SequencePoint vc="1" uspid="438" ordinal="1" offset="1" sl="305" sc="29" el="305" ec="95" bec="0" bev="0" fileid="3" />
                <SequencePoint vc="1" uspid="439" ordinal="2" offset="76" sl="306" sc="29" el="306" ec="95" bec="0" bev="0" fileid="3" />
                <SequencePoint vc="1" uspid="440" ordinal="3" offset="151" sl="307" sc="29" el="307" ec="95" bec="0" bev="0" fileid="3" />
                <SequencePoint vc="1" uspid="441" ordinal="4" offset="226" sl="309" sc="29" el="315" ec="36" bec="0" bev="0" fileid="3" />
                <SequencePoint vc="1" uspid="442" ordinal="5" offset="342" sl="316" sc="25" el="316" ec="26" bec="0" bev="0" fileid="3" />
              </SequencePoints>
              <BranchPoints />
              <MethodPoint xsi:type="SequencePoint" vc="1" uspid="437" ordinal="0" offset="0" sl="304" sc="25" el="304" ec="26" bec="0" bev="0" fileid="3" />
            </Method>
            <Method visited="true" cyclomaticComplexity="1" nPathComplexity="0" sequenceCoverage="100" branchCoverage="100" isConstructor="false" isStatic="false" isGetter="false" isSetter="false">
              <Summary numSequencePoints="5" visitedSequencePoints="5" numBranchPoints="1" visitedBranchPoints="1" sequenceCoverage="100" branchCoverage="100" maxCyclomaticComplexity="1" minCyclomaticComplexity="1" visitedClasses="0" numClasses="0" visitedMethods="1" numMethods="1" />
              <MetadataToken>100663477</MetadataToken>
              <Name>System.Void Helpful.TextParser.Test.Parser.ParserTest/&lt;&gt;c::&lt;Parser_DelimitedWithTagParse_WithErrors&gt;b__5_2(Helpful.TextParser.Fluent.Interface.IDelimitedPropertyDescriptor`1&lt;Helpful.TextParser.Test.Parser.ParserFooClass3&gt;)</Name>
              <FileRef uid="3" />
              <SequencePoints>
                <SequencePoint vc="1" uspid="445" ordinal="0" offset="0" sl="311" sc="33" el="311" ec="34" bec="0" bev="0" fileid="3" />
                <SequencePoint vc="1" uspid="446" ordinal="1" offset="1" sl="312" sc="37" el="312" ec="108" bec="0" bev="0" fileid="3" />
                <SequencePoint vc="1" uspid="447" ordinal="2" offset="76" sl="313" sc="37" el="313" ec="108" bec="0" bev="0" fileid="3" />
                <SequencePoint vc="1" uspid="448" ordinal="3" offset="151" sl="314" sc="37" el="314" ec="108" bec="0" bev="0" fileid="3" />
                <SequencePoint vc="1" uspid="449" ordinal="4" offset="226" sl="315" sc="33" el="315" ec="34" bec="0" bev="0" fileid="3" />
              </SequencePoints>
              <BranchPoints />
              <MethodPoint xsi:type="SequencePoint" vc="1" uspid="445" ordinal="0" offset="0" sl="311" sc="33" el="311" ec="34" bec="0" bev="0" fileid="3" />
            </Method>
            <Method visited="true" cyclomaticComplexity="2" nPathComplexity="0" sequenceCoverage="100" branchCoverage="100" isConstructor="false" isStatic="false" isGetter="false" isSetter="false">
              <Summary numSequencePoints="9" visitedSequencePoints="9" numBranchPoints="1" visitedBranchPoints="1" sequenceCoverage="100" branchCoverage="100" maxCyclomaticComplexity="2" minCyclomaticComplexity="2" visitedClasses="0" numClasses="0" visitedMethods="1" numMethods="1" />
              <MetadataToken>100663478</MetadataToken>
              <Name>System.Void Helpful.TextParser.Test.Parser.ParserTest/&lt;&gt;c::&lt;Parser_DelimitedWithTagParse_Success&gt;b__6_0(Helpful.TextParser.Fluent.Interface.IDelimitedPropertyDescriptor`1&lt;Helpful.TextParser.Test.Parser.ParserFooClass1&gt;)</Name>
              <FileRef uid="3" />
              <SequencePoints>
                <SequencePoint vc="1" uspid="450" ordinal="0" offset="0" sl="370" sc="17" el="370" ec="18" bec="0" bev="0" fileid="3" />
                <SequencePoint vc="1" uspid="451" ordinal="1" offset="1" sl="371" sc="21" el="371" ec="82" bec="0" bev="0" fileid="3" />
                <SequencePoint vc="1" uspid="452" ordinal="2" offset="76" sl="372" sc="21" el="372" ec="82" bec="0" bev="0" fileid="3" />
                <SequencePoint vc="1" uspid="453" ordinal="3" offset="151" sl="373" sc="21" el="373" ec="82" bec="0" bev="0" fileid="3" />
                <SequencePoint vc="1" uspid="454" ordinal="4" offset="226" sl="374" sc="21" el="374" ec="82" bec="0" bev="0" fileid="3" />
                <SequencePoint vc="1" uspid="455" ordinal="5" offset="301" sl="375" sc="21" el="375" ec="82" bec="0" bev="0" fileid="3" />
                <SequencePoint vc="1" uspid="456" ordinal="6" offset="376" sl="376" sc="21" el="376" ec="85" bec="0" bev="0" fileid="3" />
                <SequencePoint vc="1" uspid="457" ordinal="7" offset="451" sl="378" sc="21" el="398" ec="28" bec="0" bev="0" fileid="3" />
                <SequencePoint vc="1" uspid="458" ordinal="8" offset="567" sl="399" sc="17" el="399" ec="18" bec="0" bev="0" fileid="3" />
              </SequencePoints>
              <BranchPoints />
              <MethodPoint xsi:type="SequencePoint" vc="1" uspid="450" ordinal="0" offset="0" sl="370" sc="17" el="370" ec="18" bec="0" bev="0" fileid="3" />
            </Method>
            <Method visited="true" cyclomaticComplexity="2" nPathComplexity="0" sequenceCoverage="100" branchCoverage="100" isConstructor="false" isStatic="false" isGetter="false" isSetter="false">
              <Summary numSequencePoints="9" visitedSequencePoints="9" numBranchPoints="1" visitedBranchPoints="1" sequenceCoverage="100" branchCoverage="100" maxCyclomaticComplexity="2" minCyclomaticComplexity="2" visitedClasses="0" numClasses="0" visitedMethods="1" numMethods="1" />
              <MetadataToken>100663479</MetadataToken>
              <Name>System.Void Helpful.TextParser.Test.Parser.ParserTest/&lt;&gt;c::&lt;Parser_DelimitedWithTagParse_Success&gt;b__6_1(Helpful.TextParser.Fluent.Interface.IDelimitedPropertyDescriptor`1&lt;Helpful.TextParser.Test.Parser.ParserFooClass2&gt;)</Name>
              <FileRef uid="3" />
              <SequencePoints>
                <SequencePoint vc="1" uspid="461" ordinal="0" offset="0" sl="380" sc="25" el="380" ec="26" bec="0" bev="0" fileid="3" />
                <SequencePoint vc="1" uspid="462" ordinal="1" offset="1" sl="381" sc="29" el="381" ec="95" bec="0" bev="0" fileid="3" />
                <SequencePoint vc="1" uspid="463" ordinal="2" offset="76" sl="382" sc="29" el="382" ec="95" bec="0" bev="0" fileid="3" />
                <SequencePoint vc="1" uspid="464" ordinal="3" offset="151" sl="383" sc="29" el="383" ec="95" bec="0" bev="0" fileid="3" />
                <SequencePoint vc="1" uspid="465" ordinal="4" offset="226" sl="384" sc="29" el="384" ec="95" bec="0" bev="0" fileid="3" />
                <SequencePoint vc="1" uspid="466" ordinal="5" offset="301" sl="385" sc="29" el="385" ec="95" bec="0" bev="0" fileid="3" />
                <SequencePoint vc="1" uspid="467" ordinal="6" offset="376" sl="386" sc="29" el="386" ec="98" bec="0" bev="0" fileid="3" />
                <SequencePoint vc="1" uspid="468" ordinal="7" offset="451" sl="388" sc="29" el="397" ec="36" bec="0" bev="0" fileid="3" />
                <SequencePoint vc="1" uspid="469" ordinal="8" offset="567" sl="398" sc="25" el="398" ec="26" bec="0" bev="0" fileid="3" />
              </SequencePoints>
              <BranchPoints />
              <MethodPoint xsi:type="SequencePoint" vc="1" uspid="461" ordinal="0" offset="0" sl="380" sc="25" el="380" ec="26" bec="0" bev="0" fileid="3" />
            </Method>
            <Method visited="true" cyclomaticComplexity="1" nPathComplexity="0" sequenceCoverage="100" branchCoverage="100" isConstructor="false" isStatic="false" isGetter="false" isSetter="false">
              <Summary numSequencePoints="8" visitedSequencePoints="8" numBranchPoints="1" visitedBranchPoints="1" sequenceCoverage="100" branchCoverage="100" maxCyclomaticComplexity="1" minCyclomaticComplexity="1" visitedClasses="0" numClasses="0" visitedMethods="1" numMethods="1" />
              <MetadataToken>100663480</MetadataToken>
              <Name>System.Void Helpful.TextParser.Test.Parser.ParserTest/&lt;&gt;c::&lt;Parser_DelimitedWithTagParse_Success&gt;b__6_2(Helpful.TextParser.Fluent.Interface.IDelimitedPropertyDescriptor`1&lt;Helpful.TextParser.Test.Parser.ParserFooClass3&gt;)</Name>
              <FileRef uid="3" />
              <SequencePoints>
                <SequencePoint vc="1" uspid="472" ordinal="0" offset="0" sl="390" sc="33" el="390" ec="34" bec="0" bev="0" fileid="3" />
                <SequencePoint vc="1" uspid="473" ordinal="1" offset="1" sl="391" sc="37" el="391" ec="108" bec="0" bev="0" fileid="3" />
                <SequencePoint vc="1" uspid="474" ordinal="2" offset="76" sl="392" sc="37" el="392" ec="108" bec="0" bev="0" fileid="3" />
                <SequencePoint vc="1" uspid="475" ordinal="3" offset="151" sl="393" sc="37" el="393" ec="108" bec="0" bev="0" fileid="3" />
                <SequencePoint vc="1" uspid="476" ordinal="4" offset="226" sl="394" sc="37" el="394" ec="108" bec="0" bev="0" fileid="3" />
                <SequencePoint vc="1" uspid="477" ordinal="5" offset="301" sl="395" sc="37" el="395" ec="108" bec="0" bev="0" fileid="3" />
                <SequencePoint vc="1" uspid="478" ordinal="6" offset="376" sl="396" sc="37" el="396" ec="111" bec="0" bev="0" fileid="3" />
                <SequencePoint vc="1" uspid="479" ordinal="7" offset="451" sl="397" sc="33" el="397" ec="34" bec="0" bev="0" fileid="3" />
              </SequencePoints>
              <BranchPoints />
              <MethodPoint xsi:type="SequencePoint" vc="1" uspid="472" ordinal="0" offset="0" sl="390" sc="33" el="390" ec="34" bec="0" bev="0" fileid="3" />
            </Method>
            <Method visited="true" cyclomaticComplexity="1" nPathComplexity="0" sequenceCoverage="100" branchCoverage="100" isConstructor="false" isStatic="false" isGetter="false" isSetter="false">
              <Summary numSequencePoints="5" visitedSequencePoints="5" numBranchPoints="1" visitedBranchPoints="1" sequenceCoverage="100" branchCoverage="100" maxCyclomaticComplexity="1" minCyclomaticComplexity="1" visitedClasses="0" numClasses="0" visitedMethods="1" numMethods="1" />
              <MetadataToken>100663481</MetadataToken>
              <Name>System.Void Helpful.TextParser.Test.Parser.ParserTest/&lt;&gt;c::&lt;Parser_PositionedWithoutTagParse_WithErrors&gt;b__7_0(Helpful.TextParser.Fluent.Interface.IPositionedPropertyOnlyDescriptor`1&lt;Helpful.TextParser.Test.Parser.ParserFooClass1&gt;)</Name>
              <FileRef uid="3" />
              <SequencePoints>
                <SequencePoint vc="1" uspid="480" ordinal="0" offset="0" sl="494" sc="17" el="494" ec="18" bec="0" bev="0" fileid="3" />
                <SequencePoint vc="1" uspid="481" ordinal="1" offset="1" sl="495" sc="21" el="495" ec="85" bec="0" bev="0" fileid="3" />
                <SequencePoint vc="1" uspid="482" ordinal="2" offset="78" sl="496" sc="21" el="496" ec="86" bec="0" bev="0" fileid="3" />
                <SequencePoint vc="1" uspid="483" ordinal="3" offset="156" sl="497" sc="21" el="497" ec="87" bec="0" bev="0" fileid="3" />
                <SequencePoint vc="1" uspid="484" ordinal="4" offset="234" sl="498" sc="17" el="498" ec="18" bec="0" bev="0" fileid="3" />
              </SequencePoints>
              <BranchPoints />
              <MethodPoint xsi:type="SequencePoint" vc="1" uspid="480" ordinal="0" offset="0" sl="494" sc="17" el="494" ec="18" bec="0" bev="0" fileid="3" />
            </Method>
            <Method visited="true" cyclomaticComplexity="1" nPathComplexity="0" sequenceCoverage="100" branchCoverage="100" isConstructor="false" isStatic="false" isGetter="false" isSetter="false">
              <Summary numSequencePoints="8" visitedSequencePoints="8" numBranchPoints="1" visitedBranchPoints="1" sequenceCoverage="100" branchCoverage="100" maxCyclomaticComplexity="1" minCyclomaticComplexity="1" visitedClasses="0" numClasses="0" visitedMethods="1" numMethods="1" />
              <MetadataToken>100663482</MetadataToken>
              <Name>System.Void Helpful.TextParser.Test.Parser.ParserTest/&lt;&gt;c::&lt;Parser_PositioneddWithoutTagParse_Success&gt;b__8_0(Helpful.TextParser.Fluent.Interface.IPositionedPropertyOnlyDescriptor`1&lt;Helpful.TextParser.Test.Parser.ParserFooClass1&gt;)</Name>
              <FileRef uid="3" />
              <SequencePoints>
                <SequencePoint vc="1" uspid="485" ordinal="0" offset="0" sl="532" sc="17" el="532" ec="18" bec="0" bev="0" fileid="3" />
                <SequencePoint vc="1" uspid="486" ordinal="1" offset="1" sl="533" sc="21" el="533" ec="86" bec="0" bev="0" fileid="3" />
                <SequencePoint vc="1" uspid="487" ordinal="2" offset="78" sl="534" sc="21" el="534" ec="90" bec="0" bev="0" fileid="3" />
                <SequencePoint vc="1" uspid="488" ordinal="3" offset="156" sl="535" sc="21" el="535" ec="87" bec="0" bev="0" fileid="3" />
                <SequencePoint vc="1" uspid="489" ordinal="4" offset="234" sl="536" sc="21" el="536" ec="87" bec="0" bev="0" fileid="3" />
                <SequencePoint vc="1" uspid="490" ordinal="5" offset="312" sl="537" sc="21" el="537" ec="90" bec="0" bev="0" fileid="3" />
                <SequencePoint vc="1" uspid="491" ordinal="6" offset="390" sl="538" sc="21" el="538" ec="90" bec="0" bev="0" fileid="3" />
                <SequencePoint vc="1" uspid="492" ordinal="7" offset="468" sl="539" sc="17" el="539" ec="18" bec="0" bev="0" fileid="3" />
              </SequencePoints>
              <BranchPoints />
              <MethodPoint xsi:type="SequencePoint" vc="1" uspid="485" ordinal="0" offset="0" sl="532" sc="17" el="532" ec="18" bec="0" bev="0" fileid="3" />
            </Method>
            <Method visited="true" cyclomaticComplexity="1" nPathComplexity="0" sequenceCoverage="100" branchCoverage="100" isConstructor="false" isStatic="false" isGetter="false" isSetter="false">
              <Summary numSequencePoints="5" visitedSequencePoints="5" numBranchPoints="1" visitedBranchPoints="1" sequenceCoverage="100" branchCoverage="100" maxCyclomaticComplexity="1" minCyclomaticComplexity="1" visitedClasses="0" numClasses="0" visitedMethods="1" numMethods="1" />
              <MetadataToken>100663483</MetadataToken>
              <Name>System.Void Helpful.TextParser.Test.Parser.ParserTest/&lt;&gt;c::&lt;Parser_PositionedWithTagParse_TagNotValid&gt;b__9_0(Helpful.TextParser.Fluent.Interface.IPositionedPropertyDescriptor`1&lt;Helpful.TextParser.Test.Parser.ParserFooClass1&gt;)</Name>
              <FileRef uid="3" />
              <SequencePoints>
                <SequencePoint vc="4" uspid="493" ordinal="0" offset="0" sl="608" sc="17" el="608" ec="18" bec="0" bev="0" fileid="3" />
                <SequencePoint vc="4" uspid="494" ordinal="1" offset="1" sl="609" sc="21" el="609" ec="86" bec="0" bev="0" fileid="3" />
                <SequencePoint vc="4" uspid="495" ordinal="2" offset="78" sl="610" sc="21" el="610" ec="87" bec="0" bev="0" fileid="3" />
                <SequencePoint vc="4" uspid="496" ordinal="3" offset="156" sl="611" sc="21" el="611" ec="87" bec="0" bev="0" fileid="3" />
                <SequencePoint vc="4" uspid="497" ordinal="4" offset="234" sl="612" sc="17" el="612" ec="18" bec="0" bev="0" fileid="3" />
              </SequencePoints>
              <BranchPoints />
              <MethodPoint xsi:type="SequencePoint" vc="4" uspid="493" ordinal="0" offset="0" sl="608" sc="17" el="608" ec="18" bec="0" bev="0" fileid="3" />
            </Method>
            <Method visited="true" cyclomaticComplexity="2" nPathComplexity="0" sequenceCoverage="100" branchCoverage="100" isConstructor="false" isStatic="false" isGetter="false" isSetter="false">
              <Summary numSequencePoints="6" visitedSequencePoints="6" numBranchPoints="1" visitedBranchPoints="1" sequenceCoverage="100" branchCoverage="100" maxCyclomaticComplexity="2" minCyclomaticComplexity="2" visitedClasses="0" numClasses="0" visitedMethods="1" numMethods="1" />
              <MetadataToken>100663484</MetadataToken>
              <Name>System.Void Helpful.TextParser.Test.Parser.ParserTest/&lt;&gt;c::&lt;Parser_PositionedWithTagParse_ChildrenTagNotValid&gt;b__10_0(Helpful.TextParser.Fluent.Interface.IPositionedPropertyDescriptor`1&lt;Helpful.TextParser.Test.Parser.ParserFooClass1&gt;)</Name>
              <FileRef uid="3" />
              <SequencePoints>
                <SequencePoint vc="4" uspid="498" ordinal="0" offset="0" sl="649" sc="17" el="649" ec="18" bec="0" bev="0" fileid="3" />
                <SequencePoint vc="4" uspid="499" ordinal="1" offset="1" sl="650" sc="21" el="650" ec="86" bec="0" bev="0" fileid="3" />
                <SequencePoint vc="4" uspid="500" ordinal="2" offset="78" sl="651" sc="21" el="651" ec="87" bec="0" bev="0" fileid="3" />
                <SequencePoint vc="4" uspid="501" ordinal="3" offset="156" sl="652" sc="21" el="652" ec="87" bec="0" bev="0" fileid="3" />
                <SequencePoint vc="4" uspid="502" ordinal="4" offset="234" sl="654" sc="21" el="660" ec="28" bec="0" bev="0" fileid="3" />
                <SequencePoint vc="4" uspid="503" ordinal="5" offset="351" sl="661" sc="17" el="661" ec="18" bec="0" bev="0" fileid="3" />
              </SequencePoints>
              <BranchPoints />
              <MethodPoint xsi:type="SequencePoint" vc="4" uspid="498" ordinal="0" offset="0" sl="649" sc="17" el="649" ec="18" bec="0" bev="0" fileid="3" />
            </Method>
            <Method visited="true" cyclomaticComplexity="1" nPathComplexity="0" sequenceCoverage="100" branchCoverage="100" isConstructor="false" isStatic="false" isGetter="false" isSetter="false">
              <Summary numSequencePoints="5" visitedSequencePoints="5" numBranchPoints="1" visitedBranchPoints="1" sequenceCoverage="100" branchCoverage="100" maxCyclomaticComplexity="1" minCyclomaticComplexity="1" visitedClasses="0" numClasses="0" visitedMethods="1" numMethods="1" />
              <MetadataToken>100663485</MetadataToken>
              <Name>System.Void Helpful.TextParser.Test.Parser.ParserTest/&lt;&gt;c::&lt;Parser_PositionedWithTagParse_ChildrenTagNotValid&gt;b__10_1(Helpful.TextParser.Fluent.Interface.IPositionedPropertyDescriptor`1&lt;Helpful.TextParser.Test.Parser.ParserFooClass2&gt;)</Name>
              <FileRef uid="3" />
              <SequencePoints>
                <SequencePoint vc="4" uspid="506" ordinal="0" offset="0" sl="656" sc="25" el="656" ec="26" bec="0" bev="0" fileid="3" />
                <SequencePoint vc="4" uspid="507" ordinal="1" offset="1" sl="657" sc="29" el="657" ec="99" bec="0" bev="0" fileid="3" />
                <SequencePoint vc="4" uspid="508" ordinal="2" offset="78" sl="658" sc="29" el="658" ec="100" bec="0" bev="0" fileid="3" />
                <SequencePoint vc="4" uspid="509" ordinal="3" offset="156" sl="659" sc="29" el="659" ec="100" bec="0" bev="0" fileid="3" />
                <SequencePoint vc="4" uspid="510" ordinal="4" offset="234" sl="660" sc="25" el="660" ec="26" bec="0" bev="0" fileid="3" />
              </SequencePoints>
              <BranchPoints />
              <MethodPoint xsi:type="SequencePoint" vc="4" uspid="506" ordinal="0" offset="0" sl="656" sc="25" el="656" ec="26" bec="0" bev="0" fileid="3" />
            </Method>
            <Method visited="true" cyclomaticComplexity="2" nPathComplexity="0" sequenceCoverage="100" branchCoverage="100" isConstructor="false" isStatic="false" isGetter="false" isSetter="false">
              <Summary numSequencePoints="6" visitedSequencePoints="6" numBranchPoints="1" visitedBranchPoints="1" sequenceCoverage="100" branchCoverage="100" maxCyclomaticComplexity="2" minCyclomaticComplexity="2" visitedClasses="0" numClasses="0" visitedMethods="1" numMethods="1" />
              <MetadataToken>100663486</MetadataToken>
              <Name>System.Void Helpful.TextParser.Test.Parser.ParserTest/&lt;&gt;c::&lt;Parser_PositionedWithTagParse_GrandChildrenTagNotValid&gt;b__11_0(Helpful.TextParser.Fluent.Interface.IPositionedPropertyDescriptor`1&lt;Helpful.TextParser.Test.Parser.ParserFooClass1&gt;)</Name>
              <FileRef uid="3" />
              <SequencePoints>
                <SequencePoint vc="4" uspid="511" ordinal="0" offset="0" sl="703" sc="17" el="703" ec="18" bec="0" bev="0" fileid="3" />
                <SequencePoint vc="4" uspid="512" ordinal="1" offset="1" sl="704" sc="21" el="704" ec="86" bec="0" bev="0" fileid="3" />
                <SequencePoint vc="4" uspid="513" ordinal="2" offset="78" sl="705" sc="21" el="705" ec="87" bec="0" bev="0" fileid="3" />
                <SequencePoint vc="4" uspid="514" ordinal="3" offset="156" sl="706" sc="21" el="706" ec="87" bec="0" bev="0" fileid="3" />
                <SequencePoint vc="4" uspid="515" ordinal="4" offset="234" sl="708" sc="21" el="722" ec="28" bec="0" bev="0" fileid="3" />
                <SequencePoint vc="4" uspid="516" ordinal="5" offset="351" sl="723" sc="17" el="723" ec="18" bec="0" bev="0" fileid="3" />
              </SequencePoints>
              <BranchPoints />
              <MethodPoint xsi:type="SequencePoint" vc="4" uspid="511" ordinal="0" offset="0" sl="703" sc="17" el="703" ec="18" bec="0" bev="0" fileid="3" />
            </Method>
            <Method visited="true" cyclomaticComplexity="2" nPathComplexity="0" sequenceCoverage="100" branchCoverage="100" isConstructor="false" isStatic="false" isGetter="false" isSetter="false">
              <Summary numSequencePoints="6" visitedSequencePoints="6" numBranchPoints="1" visitedBranchPoints="1" sequenceCoverage="100" branchCoverage="100" maxCyclomaticComplexity="2" minCyclomaticComplexity="2" visitedClasses="0" numClasses="0" visitedMethods="1" numMethods="1" />
              <MetadataToken>100663487</MetadataToken>
              <Name>System.Void Helpful.TextParser.Test.Parser.ParserTest/&lt;&gt;c::&lt;Parser_PositionedWithTagParse_GrandChildrenTagNotValid&gt;b__11_1(Helpful.TextParser.Fluent.Interface.IPositionedPropertyDescriptor`1&lt;Helpful.TextParser.Test.Parser.ParserFooClass2&gt;)</Name>
              <FileRef uid="3" />
              <SequencePoints>
                <SequencePoint vc="4" uspid="519" ordinal="0" offset="0" sl="710" sc="25" el="710" ec="26" bec="0" bev="0" fileid="3" />
                <SequencePoint vc="4" uspid="520" ordinal="1" offset="1" sl="711" sc="29" el="711" ec="99" bec="0" bev="0" fileid="3" />
                <SequencePoint vc="4" uspid="521" ordinal="2" offset="78" sl="712" sc="29" el="712" ec="100" bec="0" bev="0" fileid="3" />
                <SequencePoint vc="4" uspid="522" ordinal="3" offset="156" sl="713" sc="29" el="713" ec="100" bec="0" bev="0" fileid="3" />
                <SequencePoint vc="4" uspid="523" ordinal="4" offset="234" sl="715" sc="29" el="721" ec="36" bec="0" bev="0" fileid="3" />
                <SequencePoint vc="4" uspid="524" ordinal="5" offset="351" sl="722" sc="25" el="722" ec="26" bec="0" bev="0" fileid="3" />
              </SequencePoints>
              <BranchPoints />
              <MethodPoint xsi:type="SequencePoint" vc="4" uspid="519" ordinal="0" offset="0" sl="710" sc="25" el="710" ec="26" bec="0" bev="0" fileid="3" />
            </Method>
            <Method visited="true" cyclomaticComplexity="1" nPathComplexity="0" sequenceCoverage="100" branchCoverage="100" isConstructor="false" isStatic="false" isGetter="false" isSetter="false">
              <Summary numSequencePoints="5" visitedSequencePoints="5" numBranchPoints="1" visitedBranchPoints="1" sequenceCoverage="100" branchCoverage="100" maxCyclomaticComplexity="1" minCyclomaticComplexity="1" visitedClasses="0" numClasses="0" visitedMethods="1" numMethods="1" />
              <MetadataToken>100663488</MetadataToken>
              <Name>System.Void Helpful.TextParser.Test.Parser.ParserTest/&lt;&gt;c::&lt;Parser_PositionedWithTagParse_GrandChildrenTagNotValid&gt;b__11_2(Helpful.TextParser.Fluent.Interface.IPositionedPropertyDescriptor`1&lt;Helpful.TextParser.Test.Parser.ParserFooClass3&gt;)</Name>
              <FileRef uid="3" />
              <SequencePoints>
                <SequencePoint vc="4" uspid="527" ordinal="0" offset="0" sl="717" sc="33" el="717" ec="34" bec="0" bev="0" fileid="3" />
                <SequencePoint vc="4" uspid="528" ordinal="1" offset="1" sl="718" sc="37" el="718" ec="112" bec="0" bev="0" fileid="3" />
                <SequencePoint vc="4" uspid="529" ordinal="2" offset="78" sl="719" sc="37" el="719" ec="113" bec="0" bev="0" fileid="3" />
                <SequencePoint vc="4" uspid="530" ordinal="3" offset="156" sl="720" sc="37" el="720" ec="113" bec="0" bev="0" fileid="3" />
                <SequencePoint vc="4" uspid="531" ordinal="4" offset="234" sl="721" sc="33" el="721" ec="34" bec="0" bev="0" fileid="3" />
              </SequencePoints>
              <BranchPoints />
              <MethodPoint xsi:type="SequencePoint" vc="4" uspid="527" ordinal="0" offset="0" sl="717" sc="33" el="717" ec="34" bec="0" bev="0" fileid="3" />
            </Method>
            <Method visited="true" cyclomaticComplexity="2" nPathComplexity="0" sequenceCoverage="100" branchCoverage="100" isConstructor="false" isStatic="false" isGetter="false" isSetter="false">
              <Summary numSequencePoints="6" visitedSequencePoints="6" numBranchPoints="1" visitedBranchPoints="1" sequenceCoverage="100" branchCoverage="100" maxCyclomaticComplexity="2" minCyclomaticComplexity="2" visitedClasses="0" numClasses="0" visitedMethods="1" numMethods="1" />
              <MetadataToken>100663489</MetadataToken>
              <Name>System.Void Helpful.TextParser.Test.Parser.ParserTest/&lt;&gt;c::&lt;Parser_PositionedWithTagParse_WithErrors&gt;b__12_0(Helpful.TextParser.Fluent.Interface.IPositionedPropertyDescriptor`1&lt;Helpful.TextParser.Test.Parser.ParserFooClass1&gt;)</Name>
              <FileRef uid="3" />
              <SequencePoints>
                <SequencePoint vc="1" uspid="532" ordinal="0" offset="0" sl="771" sc="17" el="771" ec="18" bec="0" bev="0" fileid="3" />
                <SequencePoint vc="1" uspid="533" ordinal="1" offset="1" sl="772" sc="21" el="772" ec="86" bec="0" bev="0" fileid="3" />
                <SequencePoint vc="1" uspid="534" ordinal="2" offset="78" sl="773" sc="21" el="773" ec="87" bec="0" bev="0" fileid="3" />
                <SequencePoint vc="1" uspid="535" ordinal="3" offset="156" sl="774" sc="21" el="774" ec="87" bec="0" bev="0" fileid="3" />
                <SequencePoint vc="1" uspid="536" ordinal="4" offset="234" sl="776" sc="21" el="790" ec="28" bec="0" bev="0" fileid="3" />
                <SequencePoint vc="1" uspid="537" ordinal="5" offset="351" sl="791" sc="17" el="791" ec="18" bec="0" bev="0" fileid="3" />
              </SequencePoints>
              <BranchPoints />
              <MethodPoint xsi:type="SequencePoint" vc="1" uspid="532" ordinal="0" offset="0" sl="771" sc="17" el="771" ec="18" bec="0" bev="0" fileid="3" />
            </Method>
            <Method visited="true" cyclomaticComplexity="2" nPathComplexity="0" sequenceCoverage="100" branchCoverage="100" isConstructor="false" isStatic="false" isGetter="false" isSetter="false">
              <Summary numSequencePoints="6" visitedSequencePoints="6" numBranchPoints="1" visitedBranchPoints="1" sequenceCoverage="100" branchCoverage="100" maxCyclomaticComplexity="2" minCyclomaticComplexity="2" visitedClasses="0" numClasses="0" visitedMethods="1" numMethods="1" />
              <MetadataToken>100663490</MetadataToken>
              <Name>System.Void Helpful.TextParser.Test.Parser.ParserTest/&lt;&gt;c::&lt;Parser_PositionedWithTagParse_WithErrors&gt;b__12_1(Helpful.TextParser.Fluent.Interface.IPositionedPropertyDescriptor`1&lt;Helpful.TextParser.Test.Parser.ParserFooClass2&gt;)</Name>
              <FileRef uid="3" />
              <SequencePoints>
                <SequencePoint vc="1" uspid="540" ordinal="0" offset="0" sl="778" sc="25" el="778" ec="26" bec="0" bev="0" fileid="3" />
                <SequencePoint vc="1" uspid="541" ordinal="1" offset="1" sl="779" sc="29" el="779" ec="99" bec="0" bev="0" fileid="3" />
                <SequencePoint vc="1" uspid="542" ordinal="2" offset="78" sl="780" sc="29" el="780" ec="100" bec="0" bev="0" fileid="3" />
                <SequencePoint vc="1" uspid="543" ordinal="3" offset="156" sl="781" sc="29" el="781" ec="100" bec="0" bev="0" fileid="3" />
                <SequencePoint vc="1" uspid="544" ordinal="4" offset="234" sl="783" sc="29" el="789" ec="36" bec="0" bev="0" fileid="3" />
                <SequencePoint vc="1" uspid="545" ordinal="5" offset="351" sl="790" sc="25" el="790" ec="26" bec="0" bev="0" fileid="3" />
              </SequencePoints>
              <BranchPoints />
              <MethodPoint xsi:type="SequencePoint" vc="1" uspid="540" ordinal="0" offset="0" sl="778" sc="25" el="778" ec="26" bec="0" bev="0" fileid="3" />
            </Method>
            <Method visited="true" cyclomaticComplexity="1" nPathComplexity="0" sequenceCoverage="100" branchCoverage="100" isConstructor="false" isStatic="false" isGetter="false" isSetter="false">
              <Summary numSequencePoints="5" visitedSequencePoints="5" numBranchPoints="1" visitedBranchPoints="1" sequenceCoverage="100" branchCoverage="100" maxCyclomaticComplexity="1" minCyclomaticComplexity="1" visitedClasses="0" numClasses="0" visitedMethods="1" numMethods="1" />
              <MetadataToken>100663491</MetadataToken>
              <Name>System.Void Helpful.TextParser.Test.Parser.ParserTest/&lt;&gt;c::&lt;Parser_PositionedWithTagParse_WithErrors&gt;b__12_2(Helpful.TextParser.Fluent.Interface.IPositionedPropertyDescriptor`1&lt;Helpful.TextParser.Test.Parser.ParserFooClass3&gt;)</Name>
              <FileRef uid="3" />
              <SequencePoints>
                <SequencePoint vc="1" uspid="548" ordinal="0" offset="0" sl="785" sc="33" el="785" ec="34" bec="0" bev="0" fileid="3" />
                <SequencePoint vc="1" uspid="549" ordinal="1" offset="1" sl="786" sc="37" el="786" ec="112" bec="0" bev="0" fileid="3" />
                <SequencePoint vc="1" uspid="550" ordinal="2" offset="78" sl="787" sc="37" el="787" ec="113" bec="0" bev="0" fileid="3" />
                <SequencePoint vc="1" uspid="551" ordinal="3" offset="156" sl="788" sc="37" el="788" ec="113" bec="0" bev="0" fileid="3" />
                <SequencePoint vc="1" uspid="552" ordinal="4" offset="234" sl="789" sc="33" el="789" ec="34" bec="0" bev="0" fileid="3" />
              </SequencePoints>
              <BranchPoints />
              <MethodPoint xsi:type="SequencePoint" vc="1" uspid="548" ordinal="0" offset="0" sl="785" sc="33" el="785" ec="34" bec="0" bev="0" fileid="3" />
            </Method>
            <Method visited="true" cyclomaticComplexity="2" nPathComplexity="0" sequenceCoverage="100" branchCoverage="100" isConstructor="false" isStatic="false" isGetter="false" isSetter="false">
              <Summary numSequencePoints="9" visitedSequencePoints="9" numBranchPoints="1" visitedBranchPoints="1" sequenceCoverage="100" branchCoverage="100" maxCyclomaticComplexity="2" minCyclomaticComplexity="2" visitedClasses="0" numClasses="0" visitedMethods="1" numMethods="1" />
              <MetadataToken>100663492</MetadataToken>
              <Name>System.Void Helpful.TextParser.Test.Parser.ParserTest/&lt;&gt;c::&lt;Parser_PositionedWithTagParse_Success&gt;b__13_0(Helpful.TextParser.Fluent.Interface.IPositionedPropertyDescriptor`1&lt;Helpful.TextParser.Test.Parser.ParserFooClass1&gt;)</Name>
              <FileRef uid="3" />
              <SequencePoints>
                <SequencePoint vc="1" uspid="553" ordinal="0" offset="0" sl="839" sc="17" el="839" ec="18" bec="0" bev="0" fileid="3" />
                <SequencePoint vc="1" uspid="554" ordinal="1" offset="1" sl="840" sc="21" el="840" ec="85" bec="0" bev="0" fileid="3" />
                <SequencePoint vc="1" uspid="555" ordinal="2" offset="77" sl="841" sc="21" el="841" ec="86" bec="0" bev="0" fileid="3" />
                <SequencePoint vc="1" uspid="556" ordinal="3" offset="154" sl="842" sc="21" el="842" ec="87" bec="0" bev="0" fileid="3" />
                <SequencePoint vc="1" uspid="557" ordinal="4" offset="232" sl="843" sc="21" el="843" ec="87" bec="0" bev="0" fileid="3" />
                <SequencePoint vc="1" uspid="558" ordinal="5" offset="310" sl="844" sc="21" el="844" ec="87" bec="0" bev="0" fileid="3" />
                <SequencePoint vc="1" uspid="559" ordinal="6" offset="388" sl="845" sc="21" el="845" ec="90" bec="0" bev="0" fileid="3" />
                <SequencePoint vc="1" uspid="560" ordinal="7" offset="466" sl="847" sc="21" el="867" ec="28" bec="0" bev="0" fileid="3" />
                <SequencePoint vc="1" uspid="561" ordinal="8" offset="583" sl="868" sc="17" el="868" ec="18" bec="0" bev="0" fileid="3" />
              </SequencePoints>
              <BranchPoints />
              <MethodPoint xsi:type="SequencePoint" vc="1" uspid="553" ordinal="0" offset="0" sl="839" sc="17" el="839" ec="18" bec="0" bev="0" fileid="3" />
            </Method>
            <Method visited="true" cyclomaticComplexity="2" nPathComplexity="0" sequenceCoverage="100" branchCoverage="100" isConstructor="false" isStatic="false" isGetter="false" isSetter="false">
              <Summary numSequencePoints="9" visitedSequencePoints="9" numBranchPoints="1" visitedBranchPoints="1" sequenceCoverage="100" branchCoverage="100" maxCyclomaticComplexity="2" minCyclomaticComplexity="2" visitedClasses="0" numClasses="0" visitedMethods="1" numMethods="1" />
              <MetadataToken>100663493</MetadataToken>
              <Name>System.Void Helpful.TextParser.Test.Parser.ParserTest/&lt;&gt;c::&lt;Parser_PositionedWithTagParse_Success&gt;b__13_1(Helpful.TextParser.Fluent.Interface.IPositionedPropertyDescriptor`1&lt;Helpful.TextParser.Test.Parser.ParserFooClass2&gt;)</Name>
              <FileRef uid="3" />
              <SequencePoints>
                <SequencePoint vc="1" uspid="564" ordinal="0" offset="0" sl="849" sc="25" el="849" ec="26" bec="0" bev="0" fileid="3" />
                <SequencePoint vc="1" uspid="565" ordinal="1" offset="1" sl="850" sc="29" el="850" ec="99" bec="0" bev="0" fileid="3" />
                <SequencePoint vc="1" uspid="566" ordinal="2" offset="78" sl="851" sc="29" el="851" ec="100" bec="0" bev="0" fileid="3" />
                <SequencePoint vc="1" uspid="567" ordinal="3" offset="156" sl="852" sc="29" el="852" ec="100" bec="0" bev="0" fileid="3" />
                <SequencePoint vc="1" uspid="568" ordinal="4" offset="234" sl="853" sc="29" el="853" ec="100" bec="0" bev="0" fileid="3" />
                <SequencePoint vc="1" uspid="569" ordinal="5" offset="312" sl="854" sc="29" el="854" ec="100" bec="0" bev="0" fileid="3" />
                <SequencePoint vc="1" uspid="570" ordinal="6" offset="390" sl="855" sc="29" el="855" ec="103" bec="0" bev="0" fileid="3" />
                <SequencePoint vc="1" uspid="571" ordinal="7" offset="468" sl="857" sc="29" el="866" ec="36" bec="0" bev="0" fileid="3" />
                <SequencePoint vc="1" uspid="572" ordinal="8" offset="585" sl="867" sc="25" el="867" ec="26" bec="0" bev="0" fileid="3" />
              </SequencePoints>
              <BranchPoints />
              <MethodPoint xsi:type="SequencePoint" vc="1" uspid="564" ordinal="0" offset="0" sl="849" sc="25" el="849" ec="26" bec="0" bev="0" fileid="3" />
            </Method>
            <Method visited="true" cyclomaticComplexity="1" nPathComplexity="0" sequenceCoverage="100" branchCoverage="100" isConstructor="false" isStatic="false" isGetter="false" isSetter="false">
              <Summary numSequencePoints="8" visitedSequencePoints="8" numBranchPoints="1" visitedBranchPoints="1" sequenceCoverage="100" branchCoverage="100" maxCyclomaticComplexity="1" minCyclomaticComplexity="1" visitedClasses="0" numClasses="0" visitedMethods="1" numMethods="1" />
              <MetadataToken>100663494</MetadataToken>
              <Name>System.Void Helpful.TextParser.Test.Parser.ParserTest/&lt;&gt;c::&lt;Parser_PositionedWithTagParse_Success&gt;b__13_2(Helpful.TextParser.Fluent.Interface.IPositionedPropertyDescriptor`1&lt;Helpful.TextParser.Test.Parser.ParserFooClass3&gt;)</Name>
              <FileRef uid="3" />
              <SequencePoints>
                <SequencePoint vc="1" uspid="575" ordinal="0" offset="0" sl="859" sc="33" el="859" ec="34" bec="0" bev="0" fileid="3" />
                <SequencePoint vc="1" uspid="576" ordinal="1" offset="1" sl="860" sc="37" el="860" ec="112" bec="0" bev="0" fileid="3" />
                <SequencePoint vc="1" uspid="577" ordinal="2" offset="78" sl="861" sc="37" el="861" ec="113" bec="0" bev="0" fileid="3" />
                <SequencePoint vc="1" uspid="578" ordinal="3" offset="156" sl="862" sc="37" el="862" ec="113" bec="0" bev="0" fileid="3" />
                <SequencePoint vc="1" uspid="579" ordinal="4" offset="234" sl="863" sc="37" el="863" ec="113" bec="0" bev="0" fileid="3" />
                <SequencePoint vc="1" uspid="580" ordinal="5" offset="312" sl="864" sc="37" el="864" ec="113" bec="0" bev="0" fileid="3" />
                <SequencePoint vc="1" uspid="581" ordinal="6" offset="390" sl="865" sc="37" el="865" ec="116" bec="0" bev="0" fileid="3" />
                <SequencePoint vc="1" uspid="582" ordinal="7" offset="468" sl="866" sc="33" el="866" ec="34" bec="0" bev="0" fileid="3" />
              </SequencePoints>
              <BranchPoints />
              <MethodPoint xsi:type="SequencePoint" vc="1" uspid="575" ordinal="0" offset="0" sl="859" sc="33" el="859" ec="34" bec="0" bev="0" fileid="3" />
            </Method>
          </Methods>
        </Class>
        <Class>
          <Summary numSequencePoints="14" visitedSequencePoints="14" numBranchPoints="14" visitedBranchPoints="14" sequenceCoverage="100" branchCoverage="100" maxCyclomaticComplexity="1" minCyclomaticComplexity="1" visitedClasses="1" numClasses="1" visitedMethods="14" numMethods="14" />
          <FullName>Helpful.TextParser.Test.Parser.ParserFooClass1</FullName>
          <Methods>
            <Method visited="true" cyclomaticComplexity="1" nPathComplexity="0" sequenceCoverage="100" branchCoverage="100" isConstructor="false" isStatic="false" isGetter="true" isSetter="false">
              <Summary numSequencePoints="1" visitedSequencePoints="1" numBranchPoints="1" visitedBranchPoints="1" sequenceCoverage="100" branchCoverage="100" maxCyclomaticComplexity="1" minCyclomaticComplexity="1" visitedClasses="0" numClasses="0" visitedMethods="1" numMethods="1" />
              <MetadataToken>100663350</MetadataToken>
              <Name>System.String Helpful.TextParser.Test.Parser.ParserFooClass1::get_Property1()</Name>
              <FileRef uid="3" />
              <SequencePoints>
                <SequencePoint vc="15" uspid="583" ordinal="0" offset="0" sl="952" sc="35" el="952" ec="39" bec="0" bev="0" fileid="3" />
              </SequencePoints>
              <BranchPoints />
              <MethodPoint xsi:type="SequencePoint" vc="15" uspid="583" ordinal="0" offset="0" sl="952" sc="35" el="952" ec="39" bec="0" bev="0" fileid="3" />
            </Method>
            <Method visited="true" cyclomaticComplexity="1" nPathComplexity="0" sequenceCoverage="100" branchCoverage="100" isConstructor="false" isStatic="false" isGetter="false" isSetter="true">
              <Summary numSequencePoints="1" visitedSequencePoints="1" numBranchPoints="1" visitedBranchPoints="1" sequenceCoverage="100" branchCoverage="100" maxCyclomaticComplexity="1" minCyclomaticComplexity="1" visitedClasses="0" numClasses="0" visitedMethods="1" numMethods="1" />
              <MetadataToken>100663351</MetadataToken>
              <Name>System.Void Helpful.TextParser.Test.Parser.ParserFooClass1::set_Property1(System.String)</Name>
              <FileRef uid="3" />
              <SequencePoints>
                <SequencePoint vc="70" uspid="584" ordinal="0" offset="0" sl="952" sc="40" el="952" ec="44" bec="0" bev="0" fileid="3" />
              </SequencePoints>
              <BranchPoints />
              <MethodPoint xsi:type="SequencePoint" vc="70" uspid="584" ordinal="0" offset="0" sl="952" sc="40" el="952" ec="44" bec="0" bev="0" fileid="3" />
            </Method>
            <Method visited="true" cyclomaticComplexity="1" nPathComplexity="0" sequenceCoverage="100" branchCoverage="100" isConstructor="false" isStatic="false" isGetter="true" isSetter="false">
              <Summary numSequencePoints="1" visitedSequencePoints="1" numBranchPoints="1" visitedBranchPoints="1" sequenceCoverage="100" branchCoverage="100" maxCyclomaticComplexity="1" minCyclomaticComplexity="1" visitedClasses="0" numClasses="0" visitedMethods="1" numMethods="1" />
              <MetadataToken>100663352</MetadataToken>
              <Name>System.String Helpful.TextParser.Test.Parser.ParserFooClass1::get_Property2()</Name>
              <FileRef uid="3" />
              <SequencePoints>
                <SequencePoint vc="15" uspid="585" ordinal="0" offset="0" sl="954" sc="35" el="954" ec="39" bec="0" bev="0" fileid="3" />
              </SequencePoints>
              <BranchPoints />
              <MethodPoint xsi:type="SequencePoint" vc="15" uspid="585" ordinal="0" offset="0" sl="954" sc="35" el="954" ec="39" bec="0" bev="0" fileid="3" />
            </Method>
            <Method visited="true" cyclomaticComplexity="1" nPathComplexity="0" sequenceCoverage="100" branchCoverage="100" isConstructor="false" isStatic="false" isGetter="false" isSetter="true">
              <Summary numSequencePoints="1" visitedSequencePoints="1" numBranchPoints="1" visitedBranchPoints="1" sequenceCoverage="100" branchCoverage="100" maxCyclomaticComplexity="1" minCyclomaticComplexity="1" visitedClasses="0" numClasses="0" visitedMethods="1" numMethods="1" />
              <MetadataToken>100663353</MetadataToken>
              <Name>System.Void Helpful.TextParser.Test.Parser.ParserFooClass1::set_Property2(System.String)</Name>
              <FileRef uid="3" />
              <SequencePoints>
                <SequencePoint vc="69" uspid="586" ordinal="0" offset="0" sl="954" sc="40" el="954" ec="44" bec="0" bev="0" fileid="3" />
              </SequencePoints>
              <BranchPoints />
              <MethodPoint xsi:type="SequencePoint" vc="69" uspid="586" ordinal="0" offset="0" sl="954" sc="40" el="954" ec="44" bec="0" bev="0" fileid="3" />
            </Method>
            <Method visited="true" cyclomaticComplexity="1" nPathComplexity="0" sequenceCoverage="100" branchCoverage="100" isConstructor="false" isStatic="false" isGetter="true" isSetter="false">
              <Summary numSequencePoints="1" visitedSequencePoints="1" numBranchPoints="1" visitedBranchPoints="1" sequenceCoverage="100" branchCoverage="100" maxCyclomaticComplexity="1" minCyclomaticComplexity="1" visitedClasses="0" numClasses="0" visitedMethods="1" numMethods="1" />
              <MetadataToken>100663354</MetadataToken>
              <Name>System.Decimal Helpful.TextParser.Test.Parser.ParserFooClass1::get_Property3()</Name>
              <FileRef uid="3" />
              <SequencePoints>
                <SequencePoint vc="15" uspid="587" ordinal="0" offset="0" sl="956" sc="36" el="956" ec="40" bec="0" bev="0" fileid="3" />
              </SequencePoints>
              <BranchPoints />
              <MethodPoint xsi:type="SequencePoint" vc="15" uspid="587" ordinal="0" offset="0" sl="956" sc="36" el="956" ec="40" bec="0" bev="0" fileid="3" />
            </Method>
            <Method visited="true" cyclomaticComplexity="1" nPathComplexity="0" sequenceCoverage="100" branchCoverage="100" isConstructor="false" isStatic="false" isGetter="false" isSetter="true">
              <Summary numSequencePoints="1" visitedSequencePoints="1" numBranchPoints="1" visitedBranchPoints="1" sequenceCoverage="100" branchCoverage="100" maxCyclomaticComplexity="1" minCyclomaticComplexity="1" visitedClasses="0" numClasses="0" visitedMethods="1" numMethods="1" />
              <MetadataToken>100663355</MetadataToken>
              <Name>System.Void Helpful.TextParser.Test.Parser.ParserFooClass1::set_Property3(System.Decimal)</Name>
              <FileRef uid="3" />
              <SequencePoints>
                <SequencePoint vc="64" uspid="588" ordinal="0" offset="0" sl="956" sc="41" el="956" ec="45" bec="0" bev="0" fileid="3" />
              </SequencePoints>
              <BranchPoints />
              <MethodPoint xsi:type="SequencePoint" vc="64" uspid="588" ordinal="0" offset="0" sl="956" sc="41" el="956" ec="45" bec="0" bev="0" fileid="3" />
            </Method>
            <Method visited="true" cyclomaticComplexity="1" nPathComplexity="0" sequenceCoverage="100" branchCoverage="100" isConstructor="false" isStatic="false" isGetter="true" isSetter="false">
              <Summary numSequencePoints="1" visitedSequencePoints="1" numBranchPoints="1" visitedBranchPoints="1" sequenceCoverage="100" branchCoverage="100" maxCyclomaticComplexity="1" minCyclomaticComplexity="1" visitedClasses="0" numClasses="0" visitedMethods="1" numMethods="1" />
              <MetadataToken>100663356</MetadataToken>
              <Name>System.DateTime Helpful.TextParser.Test.Parser.ParserFooClass1::get_Property4()</Name>
              <FileRef uid="3" />
              <SequencePoints>
                <SequencePoint vc="15" uspid="589" ordinal="0" offset="0" sl="958" sc="37" el="958" ec="41" bec="0" bev="0" fileid="3" />
              </SequencePoints>
              <BranchPoints />
              <MethodPoint xsi:type="SequencePoint" vc="15" uspid="589" ordinal="0" offset="0" sl="958" sc="37" el="958" ec="41" bec="0" bev="0" fileid="3" />
            </Method>
            <Method visited="true" cyclomaticComplexity="1" nPathComplexity="0" sequenceCoverage="100" branchCoverage="100" isConstructor="false" isStatic="false" isGetter="false" isSetter="true">
              <Summary numSequencePoints="1" visitedSequencePoints="1" numBranchPoints="1" visitedBranchPoints="1" sequenceCoverage="100" branchCoverage="100" maxCyclomaticComplexity="1" minCyclomaticComplexity="1" visitedClasses="0" numClasses="0" visitedMethods="1" numMethods="1" />
              <MetadataToken>100663357</MetadataToken>
              <Name>System.Void Helpful.TextParser.Test.Parser.ParserFooClass1::set_Property4(System.DateTime)</Name>
              <FileRef uid="3" />
              <SequencePoints>
                <SequencePoint vc="15" uspid="590" ordinal="0" offset="0" sl="958" sc="42" el="958" ec="46" bec="0" bev="0" fileid="3" />
              </SequencePoints>
              <BranchPoints />
              <MethodPoint xsi:type="SequencePoint" vc="15" uspid="590" ordinal="0" offset="0" sl="958" sc="42" el="958" ec="46" bec="0" bev="0" fileid="3" />
            </Method>
            <Method visited="true" cyclomaticComplexity="1" nPathComplexity="0" sequenceCoverage="100" branchCoverage="100" isConstructor="false" isStatic="false" isGetter="true" isSetter="false">
              <Summary numSequencePoints="1" visitedSequencePoints="1" numBranchPoints="1" visitedBranchPoints="1" sequenceCoverage="100" branchCoverage="100" maxCyclomaticComplexity="1" minCyclomaticComplexity="1" visitedClasses="0" numClasses="0" visitedMethods="1" numMethods="1" />
              <MetadataToken>100663358</MetadataToken>
              <Name>System.String Helpful.TextParser.Test.Parser.ParserFooClass1::get_Property5()</Name>
              <FileRef uid="3" />
              <SequencePoints>
                <SequencePoint vc="15" uspid="591" ordinal="0" offset="0" sl="960" sc="35" el="960" ec="39" bec="0" bev="0" fileid="3" />
              </SequencePoints>
              <BranchPoints />
              <MethodPoint xsi:type="SequencePoint" vc="15" uspid="591" ordinal="0" offset="0" sl="960" sc="35" el="960" ec="39" bec="0" bev="0" fileid="3" />
            </Method>
            <Method visited="true" cyclomaticComplexity="1" nPathComplexity="0" sequenceCoverage="100" branchCoverage="100" isConstructor="false" isStatic="false" isGetter="false" isSetter="true">
              <Summary numSequencePoints="1" visitedSequencePoints="1" numBranchPoints="1" visitedBranchPoints="1" sequenceCoverage="100" branchCoverage="100" maxCyclomaticComplexity="1" minCyclomaticComplexity="1" visitedClasses="0" numClasses="0" visitedMethods="1" numMethods="1" />
              <MetadataToken>100663359</MetadataToken>
              <Name>System.Void Helpful.TextParser.Test.Parser.ParserFooClass1::set_Property5(System.String)</Name>
              <FileRef uid="3" />
              <SequencePoints>
                <SequencePoint vc="15" uspid="592" ordinal="0" offset="0" sl="960" sc="40" el="960" ec="44" bec="0" bev="0" fileid="3" />
              </SequencePoints>
              <BranchPoints />
              <MethodPoint xsi:type="SequencePoint" vc="15" uspid="592" ordinal="0" offset="0" sl="960" sc="40" el="960" ec="44" bec="0" bev="0" fileid="3" />
            </Method>
            <Method visited="true" cyclomaticComplexity="1" nPathComplexity="0" sequenceCoverage="100" branchCoverage="100" isConstructor="false" isStatic="false" isGetter="true" isSetter="false">
              <Summary numSequencePoints="1" visitedSequencePoints="1" numBranchPoints="1" visitedBranchPoints="1" sequenceCoverage="100" branchCoverage="100" maxCyclomaticComplexity="1" minCyclomaticComplexity="1" visitedClasses="0" numClasses="0" visitedMethods="1" numMethods="1" />
              <MetadataToken>100663360</MetadataToken>
              <Name>System.Nullable`1&lt;System.Int32&gt; Helpful.TextParser.Test.Parser.ParserFooClass1::get_Property6()</Name>
              <FileRef uid="3" />
              <SequencePoints>
                <SequencePoint vc="15" uspid="593" ordinal="0" offset="0" sl="962" sc="33" el="962" ec="37" bec="0" bev="0" fileid="3" />
              </SequencePoints>
              <BranchPoints />
              <MethodPoint xsi:type="SequencePoint" vc="15" uspid="593" ordinal="0" offset="0" sl="962" sc="33" el="962" ec="37" bec="0" bev="0" fileid="3" />
            </Method>
            <Method visited="true" cyclomaticComplexity="1" nPathComplexity="0" sequenceCoverage="100" branchCoverage="100" isConstructor="false" isStatic="false" isGetter="false" isSetter="true">
              <Summary numSequencePoints="1" visitedSequencePoints="1" numBranchPoints="1" visitedBranchPoints="1" sequenceCoverage="100" branchCoverage="100" maxCyclomaticComplexity="1" minCyclomaticComplexity="1" visitedClasses="0" numClasses="0" visitedMethods="1" numMethods="1" />
              <MetadataToken>100663361</MetadataToken>
              <Name>System.Void Helpful.TextParser.Test.Parser.ParserFooClass1::set_Property6(System.Nullable`1&lt;System.Int32&gt;)</Name>
              <FileRef uid="3" />
              <SequencePoints>
                <SequencePoint vc="4" uspid="594" ordinal="0" offset="0" sl="962" sc="38" el="962" ec="42" bec="0" bev="0" fileid="3" />
              </SequencePoints>
              <BranchPoints />
              <MethodPoint xsi:type="SequencePoint" vc="4" uspid="594" ordinal="0" offset="0" sl="962" sc="38" el="962" ec="42" bec="0" bev="0" fileid="3" />
            </Method>
            <Method visited="true" cyclomaticComplexity="1" nPathComplexity="0" sequenceCoverage="100" branchCoverage="100" isConstructor="false" isStatic="false" isGetter="true" isSetter="false">
              <Summary numSequencePoints="1" visitedSequencePoints="1" numBranchPoints="1" visitedBranchPoints="1" sequenceCoverage="100" branchCoverage="100" maxCyclomaticComplexity="1" minCyclomaticComplexity="1" visitedClasses="0" numClasses="0" visitedMethods="1" numMethods="1" />
              <MetadataToken>100663362</MetadataToken>
              <Name>System.Collections.Generic.List`1&lt;Helpful.TextParser.Test.Parser.ParserFooClass2&gt; Helpful.TextParser.Test.Parser.ParserFooClass1::get_Property7()</Name>
              <FileRef uid="3" />
              <SequencePoints>
                <SequencePoint vc="214" uspid="595" ordinal="0" offset="0" sl="964" sc="50" el="964" ec="54" bec="0" bev="0" fileid="3" />
              </SequencePoints>
              <BranchPoints />
              <MethodPoint xsi:type="SequencePoint" vc="214" uspid="595" ordinal="0" offset="0" sl="964" sc="50" el="964" ec="54" bec="0" bev="0" fileid="3" />
            </Method>
            <Method visited="true" cyclomaticComplexity="1" nPathComplexity="0" sequenceCoverage="100" branchCoverage="100" isConstructor="false" isStatic="false" isGetter="false" isSetter="true">
              <Summary numSequencePoints="1" visitedSequencePoints="1" numBranchPoints="1" visitedBranchPoints="1" sequenceCoverage="100" branchCoverage="100" maxCyclomaticComplexity="1" minCyclomaticComplexity="1" visitedClasses="0" numClasses="0" visitedMethods="1" numMethods="1" />
              <MetadataToken>100663363</MetadataToken>
              <Name>System.Void Helpful.TextParser.Test.Parser.ParserFooClass1::set_Property7(System.Collections.Generic.List`1&lt;Helpful.TextParser.Test.Parser.ParserFooClass2&gt;)</Name>
              <FileRef uid="3" />
              <SequencePoints>
                <SequencePoint vc="33" uspid="596" ordinal="0" offset="0" sl="964" sc="55" el="964" ec="59" bec="0" bev="0" fileid="3" />
              </SequencePoints>
              <BranchPoints />
              <MethodPoint xsi:type="SequencePoint" vc="33" uspid="596" ordinal="0" offset="0" sl="964" sc="55" el="964" ec="59" bec="0" bev="0" fileid="3" />
            </Method>
            <Method visited="true" cyclomaticComplexity="1" nPathComplexity="0" sequenceCoverage="0" branchCoverage="0" isConstructor="true" isStatic="false" isGetter="false" isSetter="false">
              <Summary numSequencePoints="0" visitedSequencePoints="0" numBranchPoints="0" visitedBranchPoints="0" sequenceCoverage="0" branchCoverage="0" maxCyclomaticComplexity="1" minCyclomaticComplexity="1" visitedClasses="0" numClasses="0" visitedMethods="0" numMethods="0" />
              <MetadataToken>100663364</MetadataToken>
              <Name>System.Void Helpful.TextParser.Test.Parser.ParserFooClass1::.ctor()</Name>
              <SequencePoints />
              <BranchPoints />
              <MethodPoint vc="72" uspid="597" ordinal="0" offset="0" />
            </Method>
          </Methods>
        </Class>
        <Class>
          <Summary numSequencePoints="14" visitedSequencePoints="14" numBranchPoints="14" visitedBranchPoints="14" sequenceCoverage="100" branchCoverage="100" maxCyclomaticComplexity="1" minCyclomaticComplexity="1" visitedClasses="1" numClasses="1" visitedMethods="14" numMethods="14" />
          <FullName>Helpful.TextParser.Test.Parser.ParserFooClass2</FullName>
          <Methods>
            <Method visited="true" cyclomaticComplexity="1" nPathComplexity="0" sequenceCoverage="100" branchCoverage="100" isConstructor="false" isStatic="false" isGetter="true" isSetter="false">
              <Summary numSequencePoints="1" visitedSequencePoints="1" numBranchPoints="1" visitedBranchPoints="1" sequenceCoverage="100" branchCoverage="100" maxCyclomaticComplexity="1" minCyclomaticComplexity="1" visitedClasses="0" numClasses="0" visitedMethods="1" numMethods="1" />
              <MetadataToken>100663365</MetadataToken>
              <Name>System.String Helpful.TextParser.Test.Parser.ParserFooClass2::get_Property1()</Name>
              <FileRef uid="3" />
              <SequencePoints>
                <SequencePoint vc="6" uspid="598" ordinal="0" offset="0" sl="969" sc="35" el="969" ec="39" bec="0" bev="0" fileid="3" />
              </SequencePoints>
              <BranchPoints />
              <MethodPoint xsi:type="SequencePoint" vc="6" uspid="598" ordinal="0" offset="0" sl="969" sc="35" el="969" ec="39" bec="0" bev="0" fileid="3" />
            </Method>
            <Method visited="true" cyclomaticComplexity="1" nPathComplexity="0" sequenceCoverage="100" branchCoverage="100" isConstructor="false" isStatic="false" isGetter="false" isSetter="true">
              <Summary numSequencePoints="1" visitedSequencePoints="1" numBranchPoints="1" visitedBranchPoints="1" sequenceCoverage="100" branchCoverage="100" maxCyclomaticComplexity="1" minCyclomaticComplexity="1" visitedClasses="0" numClasses="0" visitedMethods="1" numMethods="1" />
              <MetadataToken>100663366</MetadataToken>
              <Name>System.Void Helpful.TextParser.Test.Parser.ParserFooClass2::set_Property1(System.String)</Name>
              <FileRef uid="3" />
              <SequencePoints>
                <SequencePoint vc="67" uspid="599" ordinal="0" offset="0" sl="969" sc="40" el="969" ec="44" bec="0" bev="0" fileid="3" />
              </SequencePoints>
              <BranchPoints />
              <MethodPoint xsi:type="SequencePoint" vc="67" uspid="599" ordinal="0" offset="0" sl="969" sc="40" el="969" ec="44" bec="0" bev="0" fileid="3" />
            </Method>
            <Method visited="true" cyclomaticComplexity="1" nPathComplexity="0" sequenceCoverage="100" branchCoverage="100" isConstructor="false" isStatic="false" isGetter="true" isSetter="false">
              <Summary numSequencePoints="1" visitedSequencePoints="1" numBranchPoints="1" visitedBranchPoints="1" sequenceCoverage="100" branchCoverage="100" maxCyclomaticComplexity="1" minCyclomaticComplexity="1" visitedClasses="0" numClasses="0" visitedMethods="1" numMethods="1" />
              <MetadataToken>100663367</MetadataToken>
              <Name>System.String Helpful.TextParser.Test.Parser.ParserFooClass2::get_Property2()</Name>
              <FileRef uid="3" />
              <SequencePoints>
                <SequencePoint vc="6" uspid="600" ordinal="0" offset="0" sl="971" sc="35" el="971" ec="39" bec="0" bev="0" fileid="3" />
              </SequencePoints>
              <BranchPoints />
              <MethodPoint xsi:type="SequencePoint" vc="6" uspid="600" ordinal="0" offset="0" sl="971" sc="35" el="971" ec="39" bec="0" bev="0" fileid="3" />
            </Method>
            <Method visited="true" cyclomaticComplexity="1" nPathComplexity="0" sequenceCoverage="100" branchCoverage="100" isConstructor="false" isStatic="false" isGetter="false" isSetter="true">
              <Summary numSequencePoints="1" visitedSequencePoints="1" numBranchPoints="1" visitedBranchPoints="1" sequenceCoverage="100" branchCoverage="100" maxCyclomaticComplexity="1" minCyclomaticComplexity="1" visitedClasses="0" numClasses="0" visitedMethods="1" numMethods="1" />
              <MetadataToken>100663368</MetadataToken>
              <Name>System.Void Helpful.TextParser.Test.Parser.ParserFooClass2::set_Property2(System.String)</Name>
              <FileRef uid="3" />
              <SequencePoints>
                <SequencePoint vc="67" uspid="601" ordinal="0" offset="0" sl="971" sc="40" el="971" ec="44" bec="0" bev="0" fileid="3" />
              </SequencePoints>
              <BranchPoints />
              <MethodPoint xsi:type="SequencePoint" vc="67" uspid="601" ordinal="0" offset="0" sl="971" sc="40" el="971" ec="44" bec="0" bev="0" fileid="3" />
            </Method>
            <Method visited="true" cyclomaticComplexity="1" nPathComplexity="0" sequenceCoverage="100" branchCoverage="100" isConstructor="false" isStatic="false" isGetter="true" isSetter="false">
              <Summary numSequencePoints="1" visitedSequencePoints="1" numBranchPoints="1" visitedBranchPoints="1" sequenceCoverage="100" branchCoverage="100" maxCyclomaticComplexity="1" minCyclomaticComplexity="1" visitedClasses="0" numClasses="0" visitedMethods="1" numMethods="1" />
              <MetadataToken>100663369</MetadataToken>
              <Name>System.Decimal Helpful.TextParser.Test.Parser.ParserFooClass2::get_Property3()</Name>
              <FileRef uid="3" />
              <SequencePoints>
                <SequencePoint vc="6" uspid="602" ordinal="0" offset="0" sl="973" sc="36" el="973" ec="40" bec="0" bev="0" fileid="3" />
              </SequencePoints>
              <BranchPoints />
              <MethodPoint xsi:type="SequencePoint" vc="6" uspid="602" ordinal="0" offset="0" sl="973" sc="36" el="973" ec="40" bec="0" bev="0" fileid="3" />
            </Method>
            <Method visited="true" cyclomaticComplexity="1" nPathComplexity="0" sequenceCoverage="100" branchCoverage="100" isConstructor="false" isStatic="false" isGetter="false" isSetter="true">
              <Summary numSequencePoints="1" visitedSequencePoints="1" numBranchPoints="1" visitedBranchPoints="1" sequenceCoverage="100" branchCoverage="100" maxCyclomaticComplexity="1" minCyclomaticComplexity="1" visitedClasses="0" numClasses="0" visitedMethods="1" numMethods="1" />
              <MetadataToken>100663370</MetadataToken>
              <Name>System.Void Helpful.TextParser.Test.Parser.ParserFooClass2::set_Property3(System.Decimal)</Name>
              <FileRef uid="3" />
              <SequencePoints>
                <SequencePoint vc="65" uspid="603" ordinal="0" offset="0" sl="973" sc="41" el="973" ec="45" bec="0" bev="0" fileid="3" />
              </SequencePoints>
              <BranchPoints />
              <MethodPoint xsi:type="SequencePoint" vc="65" uspid="603" ordinal="0" offset="0" sl="973" sc="41" el="973" ec="45" bec="0" bev="0" fileid="3" />
            </Method>
            <Method visited="true" cyclomaticComplexity="1" nPathComplexity="0" sequenceCoverage="100" branchCoverage="100" isConstructor="false" isStatic="false" isGetter="true" isSetter="false">
              <Summary numSequencePoints="1" visitedSequencePoints="1" numBranchPoints="1" visitedBranchPoints="1" sequenceCoverage="100" branchCoverage="100" maxCyclomaticComplexity="1" minCyclomaticComplexity="1" visitedClasses="0" numClasses="0" visitedMethods="1" numMethods="1" />
              <MetadataToken>100663371</MetadataToken>
              <Name>System.DateTime Helpful.TextParser.Test.Parser.ParserFooClass2::get_Property4()</Name>
              <FileRef uid="3" />
              <SequencePoints>
                <SequencePoint vc="6" uspid="604" ordinal="0" offset="0" sl="975" sc="37" el="975" ec="41" bec="0" bev="0" fileid="3" />
              </SequencePoints>
              <BranchPoints />
              <MethodPoint xsi:type="SequencePoint" vc="6" uspid="604" ordinal="0" offset="0" sl="975" sc="37" el="975" ec="41" bec="0" bev="0" fileid="3" />
            </Method>
            <Method visited="true" cyclomaticComplexity="1" nPathComplexity="0" sequenceCoverage="100" branchCoverage="100" isConstructor="false" isStatic="false" isGetter="false" isSetter="true">
              <Summary numSequencePoints="1" visitedSequencePoints="1" numBranchPoints="1" visitedBranchPoints="1" sequenceCoverage="100" branchCoverage="100" maxCyclomaticComplexity="1" minCyclomaticComplexity="1" visitedClasses="0" numClasses="0" visitedMethods="1" numMethods="1" />
              <MetadataToken>100663372</MetadataToken>
              <Name>System.Void Helpful.TextParser.Test.Parser.ParserFooClass2::set_Property4(System.DateTime)</Name>
              <FileRef uid="3" />
              <SequencePoints>
                <SequencePoint vc="6" uspid="605" ordinal="0" offset="0" sl="975" sc="42" el="975" ec="46" bec="0" bev="0" fileid="3" />
              </SequencePoints>
              <BranchPoints />
              <MethodPoint xsi:type="SequencePoint" vc="6" uspid="605" ordinal="0" offset="0" sl="975" sc="42" el="975" ec="46" bec="0" bev="0" fileid="3" />
            </Method>
            <Method visited="true" cyclomaticComplexity="1" nPathComplexity="0" sequenceCoverage="100" branchCoverage="100" isConstructor="false" isStatic="false" isGetter="true" isSetter="false">
              <Summary numSequencePoints="1" visitedSequencePoints="1" numBranchPoints="1" visitedBranchPoints="1" sequenceCoverage="100" branchCoverage="100" maxCyclomaticComplexity="1" minCyclomaticComplexity="1" visitedClasses="0" numClasses="0" visitedMethods="1" numMethods="1" />
              <MetadataToken>100663373</MetadataToken>
              <Name>System.String Helpful.TextParser.Test.Parser.ParserFooClass2::get_Property5()</Name>
              <FileRef uid="3" />
              <SequencePoints>
                <SequencePoint vc="6" uspid="606" ordinal="0" offset="0" sl="977" sc="35" el="977" ec="39" bec="0" bev="0" fileid="3" />
              </SequencePoints>
              <BranchPoints />
              <MethodPoint xsi:type="SequencePoint" vc="6" uspid="606" ordinal="0" offset="0" sl="977" sc="35" el="977" ec="39" bec="0" bev="0" fileid="3" />
            </Method>
            <Method visited="true" cyclomaticComplexity="1" nPathComplexity="0" sequenceCoverage="100" branchCoverage="100" isConstructor="false" isStatic="false" isGetter="false" isSetter="true">
              <Summary numSequencePoints="1" visitedSequencePoints="1" numBranchPoints="1" visitedBranchPoints="1" sequenceCoverage="100" branchCoverage="100" maxCyclomaticComplexity="1" minCyclomaticComplexity="1" visitedClasses="0" numClasses="0" visitedMethods="1" numMethods="1" />
              <MetadataToken>100663374</MetadataToken>
              <Name>System.Void Helpful.TextParser.Test.Parser.ParserFooClass2::set_Property5(System.String)</Name>
              <FileRef uid="3" />
              <SequencePoints>
                <SequencePoint vc="6" uspid="607" ordinal="0" offset="0" sl="977" sc="40" el="977" ec="44" bec="0" bev="0" fileid="3" />
              </SequencePoints>
              <BranchPoints />
              <MethodPoint xsi:type="SequencePoint" vc="6" uspid="607" ordinal="0" offset="0" sl="977" sc="40" el="977" ec="44" bec="0" bev="0" fileid="3" />
            </Method>
            <Method visited="true" cyclomaticComplexity="1" nPathComplexity="0" sequenceCoverage="100" branchCoverage="100" isConstructor="false" isStatic="false" isGetter="true" isSetter="false">
              <Summary numSequencePoints="1" visitedSequencePoints="1" numBranchPoints="1" visitedBranchPoints="1" sequenceCoverage="100" branchCoverage="100" maxCyclomaticComplexity="1" minCyclomaticComplexity="1" visitedClasses="0" numClasses="0" visitedMethods="1" numMethods="1" />
              <MetadataToken>100663375</MetadataToken>
              <Name>System.Nullable`1&lt;System.Int32&gt; Helpful.TextParser.Test.Parser.ParserFooClass2::get_Property6()</Name>
              <FileRef uid="3" />
              <SequencePoints>
                <SequencePoint vc="6" uspid="608" ordinal="0" offset="0" sl="979" sc="33" el="979" ec="37" bec="0" bev="0" fileid="3" />
              </SequencePoints>
              <BranchPoints />
              <MethodPoint xsi:type="SequencePoint" vc="6" uspid="608" ordinal="0" offset="0" sl="979" sc="33" el="979" ec="37" bec="0" bev="0" fileid="3" />
            </Method>
            <Method visited="true" cyclomaticComplexity="1" nPathComplexity="0" sequenceCoverage="100" branchCoverage="100" isConstructor="false" isStatic="false" isGetter="false" isSetter="true">
              <Summary numSequencePoints="1" visitedSequencePoints="1" numBranchPoints="1" visitedBranchPoints="1" sequenceCoverage="100" branchCoverage="100" maxCyclomaticComplexity="1" minCyclomaticComplexity="1" visitedClasses="0" numClasses="0" visitedMethods="1" numMethods="1" />
              <MetadataToken>100663376</MetadataToken>
              <Name>System.Void Helpful.TextParser.Test.Parser.ParserFooClass2::set_Property6(System.Nullable`1&lt;System.Int32&gt;)</Name>
              <FileRef uid="3" />
              <SequencePoints>
                <SequencePoint vc="6" uspid="609" ordinal="0" offset="0" sl="979" sc="38" el="979" ec="42" bec="0" bev="0" fileid="3" />
              </SequencePoints>
              <BranchPoints />
              <MethodPoint xsi:type="SequencePoint" vc="6" uspid="609" ordinal="0" offset="0" sl="979" sc="38" el="979" ec="42" bec="0" bev="0" fileid="3" />
            </Method>
            <Method visited="true" cyclomaticComplexity="1" nPathComplexity="0" sequenceCoverage="100" branchCoverage="100" isConstructor="false" isStatic="false" isGetter="true" isSetter="false">
              <Summary numSequencePoints="1" visitedSequencePoints="1" numBranchPoints="1" visitedBranchPoints="1" sequenceCoverage="100" branchCoverage="100" maxCyclomaticComplexity="1" minCyclomaticComplexity="1" visitedClasses="0" numClasses="0" visitedMethods="1" numMethods="1" />
              <MetadataToken>100663377</MetadataToken>
              <Name>System.Collections.Generic.List`1&lt;Helpful.TextParser.Test.Parser.ParserFooClass3&gt; Helpful.TextParser.Test.Parser.ParserFooClass2::get_Property7()</Name>
              <FileRef uid="3" />
              <SequencePoints>
                <SequencePoint vc="112" uspid="610" ordinal="0" offset="0" sl="981" sc="50" el="981" ec="54" bec="0" bev="0" fileid="3" />
              </SequencePoints>
              <BranchPoints />
              <MethodPoint xsi:type="SequencePoint" vc="112" uspid="610" ordinal="0" offset="0" sl="981" sc="50" el="981" ec="54" bec="0" bev="0" fileid="3" />
            </Method>
            <Method visited="true" cyclomaticComplexity="1" nPathComplexity="0" sequenceCoverage="100" branchCoverage="100" isConstructor="false" isStatic="false" isGetter="false" isSetter="true">
              <Summary numSequencePoints="1" visitedSequencePoints="1" numBranchPoints="1" visitedBranchPoints="1" sequenceCoverage="100" branchCoverage="100" maxCyclomaticComplexity="1" minCyclomaticComplexity="1" visitedClasses="0" numClasses="0" visitedMethods="1" numMethods="1" />
              <MetadataToken>100663378</MetadataToken>
              <Name>System.Void Helpful.TextParser.Test.Parser.ParserFooClass2::set_Property7(System.Collections.Generic.List`1&lt;Helpful.TextParser.Test.Parser.ParserFooClass3&gt;)</Name>
              <FileRef uid="3" />
              <SequencePoints>
                <SequencePoint vc="30" uspid="611" ordinal="0" offset="0" sl="981" sc="55" el="981" ec="59" bec="0" bev="0" fileid="3" />
              </SequencePoints>
              <BranchPoints />
              <MethodPoint xsi:type="SequencePoint" vc="30" uspid="611" ordinal="0" offset="0" sl="981" sc="55" el="981" ec="59" bec="0" bev="0" fileid="3" />
            </Method>
            <Method visited="true" cyclomaticComplexity="1" nPathComplexity="0" sequenceCoverage="0" branchCoverage="0" isConstructor="true" isStatic="false" isGetter="false" isSetter="false">
              <Summary numSequencePoints="0" visitedSequencePoints="0" numBranchPoints="0" visitedBranchPoints="0" sequenceCoverage="0" branchCoverage="0" maxCyclomaticComplexity="1" minCyclomaticComplexity="1" visitedClasses="0" numClasses="0" visitedMethods="0" numMethods="0" />
              <MetadataToken>100663379</MetadataToken>
              <Name>System.Void Helpful.TextParser.Test.Parser.ParserFooClass2::.ctor()</Name>
              <SequencePoints />
              <BranchPoints />
              <MethodPoint vc="67" uspid="612" ordinal="0" offset="0" />
            </Method>
          </Methods>
        </Class>
        <Class>
          <Summary numSequencePoints="12" visitedSequencePoints="12" numBranchPoints="12" visitedBranchPoints="12" sequenceCoverage="100" branchCoverage="100" maxCyclomaticComplexity="1" minCyclomaticComplexity="1" visitedClasses="1" numClasses="1" visitedMethods="12" numMethods="12" />
          <FullName>Helpful.TextParser.Test.Parser.ParserFooClass3</FullName>
          <Methods>
            <Method visited="true" cyclomaticComplexity="1" nPathComplexity="0" sequenceCoverage="100" branchCoverage="100" isConstructor="false" isStatic="false" isGetter="true" isSetter="false">
              <Summary numSequencePoints="1" visitedSequencePoints="1" numBranchPoints="1" visitedBranchPoints="1" sequenceCoverage="100" branchCoverage="100" maxCyclomaticComplexity="1" minCyclomaticComplexity="1" visitedClasses="0" numClasses="0" visitedMethods="1" numMethods="1" />
              <MetadataToken>100663380</MetadataToken>
              <Name>System.String Helpful.TextParser.Test.Parser.ParserFooClass3::get_Property1()</Name>
              <FileRef uid="3" />
              <SequencePoints>
                <SequencePoint vc="4" uspid="613" ordinal="0" offset="0" sl="986" sc="35" el="986" ec="39" bec="0" bev="0" fileid="3" />
              </SequencePoints>
              <BranchPoints />
              <MethodPoint xsi:type="SequencePoint" vc="4" uspid="613" ordinal="0" offset="0" sl="986" sc="35" el="986" ec="39" bec="0" bev="0" fileid="3" />
            </Method>
            <Method visited="true" cyclomaticComplexity="1" nPathComplexity="0" sequenceCoverage="100" branchCoverage="100" isConstructor="false" isStatic="false" isGetter="false" isSetter="true">
              <Summary numSequencePoints="1" visitedSequencePoints="1" numBranchPoints="1" visitedBranchPoints="1" sequenceCoverage="100" branchCoverage="100" maxCyclomaticComplexity="1" minCyclomaticComplexity="1" visitedClasses="0" numClasses="0" visitedMethods="1" numMethods="1" />
              <MetadataToken>100663381</MetadataToken>
              <Name>System.Void Helpful.TextParser.Test.Parser.ParserFooClass3::set_Property1(System.String)</Name>
              <FileRef uid="3" />
              <SequencePoints>
                <SequencePoint vc="52" uspid="614" ordinal="0" offset="0" sl="986" sc="40" el="986" ec="44" bec="0" bev="0" fileid="3" />
              </SequencePoints>
              <BranchPoints />
              <MethodPoint xsi:type="SequencePoint" vc="52" uspid="614" ordinal="0" offset="0" sl="986" sc="40" el="986" ec="44" bec="0" bev="0" fileid="3" />
            </Method>
            <Method visited="true" cyclomaticComplexity="1" nPathComplexity="0" sequenceCoverage="100" branchCoverage="100" isConstructor="false" isStatic="false" isGetter="true" isSetter="false">
              <Summary numSequencePoints="1" visitedSequencePoints="1" numBranchPoints="1" visitedBranchPoints="1" sequenceCoverage="100" branchCoverage="100" maxCyclomaticComplexity="1" minCyclomaticComplexity="1" visitedClasses="0" numClasses="0" visitedMethods="1" numMethods="1" />
              <MetadataToken>100663382</MetadataToken>
              <Name>System.String Helpful.TextParser.Test.Parser.ParserFooClass3::get_Property2()</Name>
              <FileRef uid="3" />
              <SequencePoints>
                <SequencePoint vc="4" uspid="615" ordinal="0" offset="0" sl="988" sc="35" el="988" ec="39" bec="0" bev="0" fileid="3" />
              </SequencePoints>
              <BranchPoints />
              <MethodPoint xsi:type="SequencePoint" vc="4" uspid="615" ordinal="0" offset="0" sl="988" sc="35" el="988" ec="39" bec="0" bev="0" fileid="3" />
            </Method>
            <Method visited="true" cyclomaticComplexity="1" nPathComplexity="0" sequenceCoverage="100" branchCoverage="100" isConstructor="false" isStatic="false" isGetter="false" isSetter="true">
              <Summary numSequencePoints="1" visitedSequencePoints="1" numBranchPoints="1" visitedBranchPoints="1" sequenceCoverage="100" branchCoverage="100" maxCyclomaticComplexity="1" minCyclomaticComplexity="1" visitedClasses="0" numClasses="0" visitedMethods="1" numMethods="1" />
              <MetadataToken>100663383</MetadataToken>
              <Name>System.Void Helpful.TextParser.Test.Parser.ParserFooClass3::set_Property2(System.String)</Name>
              <FileRef uid="3" />
              <SequencePoints>
                <SequencePoint vc="52" uspid="616" ordinal="0" offset="0" sl="988" sc="40" el="988" ec="44" bec="0" bev="0" fileid="3" />
              </SequencePoints>
              <BranchPoints />
              <MethodPoint xsi:type="SequencePoint" vc="52" uspid="616" ordinal="0" offset="0" sl="988" sc="40" el="988" ec="44" bec="0" bev="0" fileid="3" />
            </Method>
            <Method visited="true" cyclomaticComplexity="1" nPathComplexity="0" sequenceCoverage="100" branchCoverage="100" isConstructor="false" isStatic="false" isGetter="true" isSetter="false">
              <Summary numSequencePoints="1" visitedSequencePoints="1" numBranchPoints="1" visitedBranchPoints="1" sequenceCoverage="100" branchCoverage="100" maxCyclomaticComplexity="1" minCyclomaticComplexity="1" visitedClasses="0" numClasses="0" visitedMethods="1" numMethods="1" />
              <MetadataToken>100663384</MetadataToken>
              <Name>System.Decimal Helpful.TextParser.Test.Parser.ParserFooClass3::get_Property3()</Name>
              <FileRef uid="3" />
              <SequencePoints>
                <SequencePoint vc="4" uspid="617" ordinal="0" offset="0" sl="990" sc="36" el="990" ec="40" bec="0" bev="0" fileid="3" />
              </SequencePoints>
              <BranchPoints />
              <MethodPoint xsi:type="SequencePoint" vc="4" uspid="617" ordinal="0" offset="0" sl="990" sc="36" el="990" ec="40" bec="0" bev="0" fileid="3" />
            </Method>
            <Method visited="true" cyclomaticComplexity="1" nPathComplexity="0" sequenceCoverage="100" branchCoverage="100" isConstructor="false" isStatic="false" isGetter="false" isSetter="true">
              <Summary numSequencePoints="1" visitedSequencePoints="1" numBranchPoints="1" visitedBranchPoints="1" sequenceCoverage="100" branchCoverage="100" maxCyclomaticComplexity="1" minCyclomaticComplexity="1" visitedClasses="0" numClasses="0" visitedMethods="1" numMethods="1" />
              <MetadataToken>100663385</MetadataToken>
              <Name>System.Void Helpful.TextParser.Test.Parser.ParserFooClass3::set_Property3(System.Decimal)</Name>
              <FileRef uid="3" />
              <SequencePoints>
                <SequencePoint vc="50" uspid="618" ordinal="0" offset="0" sl="990" sc="41" el="990" ec="45" bec="0" bev="0" fileid="3" />
              </SequencePoints>
              <BranchPoints />
              <MethodPoint xsi:type="SequencePoint" vc="50" uspid="618" ordinal="0" offset="0" sl="990" sc="41" el="990" ec="45" bec="0" bev="0" fileid="3" />
            </Method>
            <Method visited="true" cyclomaticComplexity="1" nPathComplexity="0" sequenceCoverage="100" branchCoverage="100" isConstructor="false" isStatic="false" isGetter="true" isSetter="false">
              <Summary numSequencePoints="1" visitedSequencePoints="1" numBranchPoints="1" visitedBranchPoints="1" sequenceCoverage="100" branchCoverage="100" maxCyclomaticComplexity="1" minCyclomaticComplexity="1" visitedClasses="0" numClasses="0" visitedMethods="1" numMethods="1" />
              <MetadataToken>100663386</MetadataToken>
              <Name>System.DateTime Helpful.TextParser.Test.Parser.ParserFooClass3::get_Property4()</Name>
              <FileRef uid="3" />
              <SequencePoints>
                <SequencePoint vc="4" uspid="619" ordinal="0" offset="0" sl="992" sc="37" el="992" ec="41" bec="0" bev="0" fileid="3" />
              </SequencePoints>
              <BranchPoints />
              <MethodPoint xsi:type="SequencePoint" vc="4" uspid="619" ordinal="0" offset="0" sl="992" sc="37" el="992" ec="41" bec="0" bev="0" fileid="3" />
            </Method>
            <Method visited="true" cyclomaticComplexity="1" nPathComplexity="0" sequenceCoverage="100" branchCoverage="100" isConstructor="false" isStatic="false" isGetter="false" isSetter="true">
              <Summary numSequencePoints="1" visitedSequencePoints="1" numBranchPoints="1" visitedBranchPoints="1" sequenceCoverage="100" branchCoverage="100" maxCyclomaticComplexity="1" minCyclomaticComplexity="1" visitedClasses="0" numClasses="0" visitedMethods="1" numMethods="1" />
              <MetadataToken>100663387</MetadataToken>
              <Name>System.Void Helpful.TextParser.Test.Parser.ParserFooClass3::set_Property4(System.DateTime)</Name>
              <FileRef uid="3" />
              <SequencePoints>
                <SequencePoint vc="4" uspid="620" ordinal="0" offset="0" sl="992" sc="42" el="992" ec="46" bec="0" bev="0" fileid="3" />
              </SequencePoints>
              <BranchPoints />
              <MethodPoint xsi:type="SequencePoint" vc="4" uspid="620" ordinal="0" offset="0" sl="992" sc="42" el="992" ec="46" bec="0" bev="0" fileid="3" />
            </Method>
            <Method visited="true" cyclomaticComplexity="1" nPathComplexity="0" sequenceCoverage="100" branchCoverage="100" isConstructor="false" isStatic="false" isGetter="true" isSetter="false">
              <Summary numSequencePoints="1" visitedSequencePoints="1" numBranchPoints="1" visitedBranchPoints="1" sequenceCoverage="100" branchCoverage="100" maxCyclomaticComplexity="1" minCyclomaticComplexity="1" visitedClasses="0" numClasses="0" visitedMethods="1" numMethods="1" />
              <MetadataToken>100663388</MetadataToken>
              <Name>System.String Helpful.TextParser.Test.Parser.ParserFooClass3::get_Property5()</Name>
              <FileRef uid="3" />
              <SequencePoints>
                <SequencePoint vc="4" uspid="621" ordinal="0" offset="0" sl="994" sc="35" el="994" ec="39" bec="0" bev="0" fileid="3" />
              </SequencePoints>
              <BranchPoints />
              <MethodPoint xsi:type="SequencePoint" vc="4" uspid="621" ordinal="0" offset="0" sl="994" sc="35" el="994" ec="39" bec="0" bev="0" fileid="3" />
            </Method>
            <Method visited="true" cyclomaticComplexity="1" nPathComplexity="0" sequenceCoverage="100" branchCoverage="100" isConstructor="false" isStatic="false" isGetter="false" isSetter="true">
              <Summary numSequencePoints="1" visitedSequencePoints="1" numBranchPoints="1" visitedBranchPoints="1" sequenceCoverage="100" branchCoverage="100" maxCyclomaticComplexity="1" minCyclomaticComplexity="1" visitedClasses="0" numClasses="0" visitedMethods="1" numMethods="1" />
              <MetadataToken>100663389</MetadataToken>
              <Name>System.Void Helpful.TextParser.Test.Parser.ParserFooClass3::set_Property5(System.String)</Name>
              <FileRef uid="3" />
              <SequencePoints>
                <SequencePoint vc="4" uspid="622" ordinal="0" offset="0" sl="994" sc="40" el="994" ec="44" bec="0" bev="0" fileid="3" />
              </SequencePoints>
              <BranchPoints />
              <MethodPoint xsi:type="SequencePoint" vc="4" uspid="622" ordinal="0" offset="0" sl="994" sc="40" el="994" ec="44" bec="0" bev="0" fileid="3" />
            </Method>
            <Method visited="true" cyclomaticComplexity="1" nPathComplexity="0" sequenceCoverage="100" branchCoverage="100" isConstructor="false" isStatic="false" isGetter="true" isSetter="false">
              <Summary numSequencePoints="1" visitedSequencePoints="1" numBranchPoints="1" visitedBranchPoints="1" sequenceCoverage="100" branchCoverage="100" maxCyclomaticComplexity="1" minCyclomaticComplexity="1" visitedClasses="0" numClasses="0" visitedMethods="1" numMethods="1" />
              <MetadataToken>100663390</MetadataToken>
              <Name>System.Nullable`1&lt;System.Int32&gt; Helpful.TextParser.Test.Parser.ParserFooClass3::get_Property6()</Name>
              <FileRef uid="3" />
              <SequencePoints>
                <SequencePoint vc="4" uspid="623" ordinal="0" offset="0" sl="996" sc="33" el="996" ec="37" bec="0" bev="0" fileid="3" />
              </SequencePoints>
              <BranchPoints />
              <MethodPoint xsi:type="SequencePoint" vc="4" uspid="623" ordinal="0" offset="0" sl="996" sc="33" el="996" ec="37" bec="0" bev="0" fileid="3" />
            </Method>
            <Method visited="true" cyclomaticComplexity="1" nPathComplexity="0" sequenceCoverage="100" branchCoverage="100" isConstructor="false" isStatic="false" isGetter="false" isSetter="true">
              <Summary numSequencePoints="1" visitedSequencePoints="1" numBranchPoints="1" visitedBranchPoints="1" sequenceCoverage="100" branchCoverage="100" maxCyclomaticComplexity="1" minCyclomaticComplexity="1" visitedClasses="0" numClasses="0" visitedMethods="1" numMethods="1" />
              <MetadataToken>100663391</MetadataToken>
              <Name>System.Void Helpful.TextParser.Test.Parser.ParserFooClass3::set_Property6(System.Nullable`1&lt;System.Int32&gt;)</Name>
              <FileRef uid="3" />
              <SequencePoints>
                <SequencePoint vc="4" uspid="624" ordinal="0" offset="0" sl="996" sc="38" el="996" ec="42" bec="0" bev="0" fileid="3" />
              </SequencePoints>
              <BranchPoints />
              <MethodPoint xsi:type="SequencePoint" vc="4" uspid="624" ordinal="0" offset="0" sl="996" sc="38" el="996" ec="42" bec="0" bev="0" fileid="3" />
            </Method>
            <Method visited="true" cyclomaticComplexity="1" nPathComplexity="0" sequenceCoverage="0" branchCoverage="0" isConstructor="true" isStatic="false" isGetter="false" isSetter="false">
              <Summary numSequencePoints="0" visitedSequencePoints="0" numBranchPoints="0" visitedBranchPoints="0" sequenceCoverage="0" branchCoverage="0" maxCyclomaticComplexity="1" minCyclomaticComplexity="1" visitedClasses="0" numClasses="0" visitedMethods="0" numMethods="0" />
              <MetadataToken>100663392</MetadataToken>
              <Name>System.Void Helpful.TextParser.Test.Parser.ParserFooClass3::.ctor()</Name>
              <SequencePoints />
              <BranchPoints />
              <MethodPoint vc="52" uspid="625" ordinal="0" offset="0" />
            </Method>
          </Methods>
        </Class>
        <Class>
          <Summary numSequencePoints="19" visitedSequencePoints="19" numBranchPoints="2" visitedBranchPoints="2" sequenceCoverage="100" branchCoverage="100" maxCyclomaticComplexity="1" minCyclomaticComplexity="1" visitedClasses="1" numClasses="1" visitedMethods="2" numMethods="2" />
          <FullName>Helpful.TextParser.Test.LineValueExtractor.DelimitedLineValueExtractorTest</FullName>
          <Methods>
            <Method visited="true" cyclomaticComplexity="1" nPathComplexity="0" sequenceCoverage="100" branchCoverage="100" isConstructor="false" isStatic="false" isGetter="false" isSetter="false">
              <Summary numSequencePoints="9" visitedSequencePoints="9" numBranchPoints="1" visitedBranchPoints="1" sequenceCoverage="100" branchCoverage="100" maxCyclomaticComplexity="1" minCyclomaticComplexity="1" visitedClasses="0" numClasses="0" visitedMethods="1" numMethods="1" />
              <MetadataToken>100663393</MetadataToken>
              <Name>System.Void Helpful.TextParser.Test.LineValueExtractor.DelimitedLineValueExtractorTest::Extract_WithLines_ReturnsResult(System.String,System.String,System.Int32,System.Boolean,System.String)</Name>
              <FileRef uid="8" />
              <SequencePoints>
                <SequencePoint vc="4" uspid="626" ordinal="0" offset="0" sl="16" sc="9" el="16" ec="10" bec="0" bev="0" fileid="8" />
                <SequencePoint vc="4" uspid="627" ordinal="1" offset="1" sl="17" sc="13" el="17" ec="41" bec="0" bev="0" fileid="8" />
                <SequencePoint vc="4" uspid="628" ordinal="2" offset="7" sl="19" sc="13" el="19" ec="57" bec="0" bev="0" fileid="8" />
                <SequencePoint vc="4" uspid="629" ordinal="3" offset="25" sl="20" sc="13" el="20" ec="74" bec="0" bev="0" fileid="8" />
                <SequencePoint vc="4" uspid="630" ordinal="4" offset="43" sl="22" sc="13" el="22" ec="57" bec="0" bev="0" fileid="8" />
                <SequencePoint vc="4" uspid="631" ordinal="5" offset="49" sl="24" sc="13" el="24" ec="53" bec="0" bev="0" fileid="8" />
                <SequencePoint vc="4" uspid="632" ordinal="6" offset="59" sl="26" sc="13" el="26" ec="46" bec="0" bev="0" fileid="8" />
                <SequencePoint vc="4" uspid="633" ordinal="7" offset="73" sl="27" sc="13" el="27" ec="50" bec="0" bev="0" fileid="8" />
                <SequencePoint vc="4" uspid="634" ordinal="8" offset="87" sl="28" sc="9" el="28" ec="10" bec="0" bev="0" fileid="8" />
              </SequencePoints>
              <BranchPoints />
              <MethodPoint xsi:type="SequencePoint" vc="4" uspid="626" ordinal="0" offset="0" sl="16" sc="9" el="16" ec="10" bec="0" bev="0" fileid="8" />
            </Method>
            <Method visited="true" cyclomaticComplexity="1" nPathComplexity="0" sequenceCoverage="100" branchCoverage="100" isConstructor="false" isStatic="false" isGetter="false" isSetter="false">
              <Summary numSequencePoints="10" visitedSequencePoints="10" numBranchPoints="1" visitedBranchPoints="1" sequenceCoverage="100" branchCoverage="100" maxCyclomaticComplexity="1" minCyclomaticComplexity="1" visitedClasses="0" numClasses="0" visitedMethods="1" numMethods="1" />
              <MetadataToken>100663394</MetadataToken>
              <Name>System.Void Helpful.TextParser.Test.LineValueExtractor.DelimitedLineValueExtractorTest::Extract_WithLinesAndParentElement_ReturnsResult(System.String,System.String,System.Int32,System.Boolean,System.String)</Name>
              <FileRef uid="8" />
              <SequencePoints>
                <SequencePoint vc="4" uspid="635" ordinal="0" offset="0" sl="36" sc="9" el="36" ec="10" bec="0" bev="0" fileid="8" />
                <SequencePoint vc="4" uspid="636" ordinal="1" offset="1" sl="37" sc="13" el="37" ec="41" bec="0" bev="0" fileid="8" />
                <SequencePoint vc="4" uspid="637" ordinal="2" offset="7" sl="39" sc="13" el="39" ec="57" bec="0" bev="0" fileid="8" />
                <SequencePoint vc="4" uspid="638" ordinal="3" offset="25" sl="41" sc="13" el="41" ec="47" bec="0" bev="0" fileid="8" />
                <SequencePoint vc="4" uspid="639" ordinal="4" offset="31" sl="43" sc="13" el="43" ec="80" bec="0" bev="0" fileid="8" />
                <SequencePoint vc="4" uspid="640" ordinal="5" offset="49" sl="45" sc="13" el="45" ec="57" bec="0" bev="0" fileid="8" />
                <SequencePoint vc="4" uspid="641" ordinal="6" offset="55" sl="47" sc="13" el="47" ec="68" bec="0" bev="0" fileid="8" />
                <SequencePoint vc="4" uspid="642" ordinal="7" offset="65" sl="49" sc="13" el="49" ec="46" bec="0" bev="0" fileid="8" />
                <SequencePoint vc="4" uspid="643" ordinal="8" offset="79" sl="50" sc="13" el="50" ec="50" bec="0" bev="0" fileid="8" />
                <SequencePoint vc="4" uspid="644" ordinal="9" offset="93" sl="51" sc="9" el="51" ec="10" bec="0" bev="0" fileid="8" />
              </SequencePoints>
              <BranchPoints />
              <MethodPoint xsi:type="SequencePoint" vc="4" uspid="635" ordinal="0" offset="0" sl="36" sc="9" el="36" ec="10" bec="0" bev="0" fileid="8" />
            </Method>
            <Method visited="true" cyclomaticComplexity="1" nPathComplexity="0" sequenceCoverage="0" branchCoverage="0" isConstructor="true" isStatic="false" isGetter="false" isSetter="false">
              <Summary numSequencePoints="0" visitedSequencePoints="0" numBranchPoints="0" visitedBranchPoints="0" sequenceCoverage="0" branchCoverage="0" maxCyclomaticComplexity="1" minCyclomaticComplexity="1" visitedClasses="0" numClasses="0" visitedMethods="0" numMethods="0" />
              <MetadataToken>100663395</MetadataToken>
              <Name>System.Void Helpful.TextParser.Test.LineValueExtractor.DelimitedLineValueExtractorTest::.ctor()</Name>
              <SequencePoints />
              <BranchPoints />
              <MethodPoint vc="1" uspid="645" ordinal="0" offset="0" />
            </Method>
          </Methods>
        </Class>
        <Class>
          <Summary numSequencePoints="8" visitedSequencePoints="8" numBranchPoints="1" visitedBranchPoints="1" sequenceCoverage="100" branchCoverage="100" maxCyclomaticComplexity="1" minCyclomaticComplexity="1" visitedClasses="1" numClasses="1" visitedMethods="1" numMethods="1" />
          <FullName>Helpful.TextParser.Test.LineValueExtractor.LineValueExtractorFactoryTest</FullName>
          <Methods>
            <Method visited="true" cyclomaticComplexity="1" nPathComplexity="0" sequenceCoverage="100" branchCoverage="100" isConstructor="false" isStatic="false" isGetter="false" isSetter="false">
              <Summary numSequencePoints="8" visitedSequencePoints="8" numBranchPoints="1" visitedBranchPoints="1" sequenceCoverage="100" branchCoverage="100" maxCyclomaticComplexity="1" minCyclomaticComplexity="1" visitedClasses="0" numClasses="0" visitedMethods="1" numMethods="1" />
              <MetadataToken>100663396</MetadataToken>
              <Name>System.Void Helpful.TextParser.Test.LineValueExtractor.LineValueExtractorFactoryTest::Get_ObtainsExtractor_Returns(Helpful.TextParser.Model.LineValueExtractorType)</Name>
              <FileRef uid="9" />
              <SequencePoints>
                <SequencePoint vc="2" uspid="646" ordinal="0" offset="0" sl="16" sc="9" el="16" ec="10" bec="0" bev="0" fileid="9" />
                <SequencePoint vc="2" uspid="647" ordinal="1" offset="1" sl="17" sc="13" el="17" ec="62" bec="0" bev="0" fileid="9" />
                <SequencePoint vc="2" uspid="648" ordinal="2" offset="7" sl="18" sc="13" el="18" ec="86" bec="0" bev="0" fileid="9" />
                <SequencePoint vc="2" uspid="649" ordinal="3" offset="77" sl="20" sc="13" el="20" ec="62" bec="0" bev="0" fileid="9" />
                <SequencePoint vc="2" uspid="650" ordinal="4" offset="83" sl="21" sc="13" el="21" ec="93" bec="0" bev="0" fileid="9" />
                <SequencePoint vc="2" uspid="651" ordinal="5" offset="153" sl="23" sc="13" el="23" ec="101" bec="0" bev="0" fileid="9" />
                <SequencePoint vc="2" uspid="652" ordinal="6" offset="183" sl="25" sc="13" el="25" ec="83" bec="0" bev="0" fileid="9" />
                <SequencePoint vc="2" uspid="653" ordinal="7" offset="202" sl="26" sc="9" el="26" ec="10" bec="0" bev="0" fileid="9" />
              </SequencePoints>
              <BranchPoints />
              <MethodPoint xsi:type="SequencePoint" vc="2" uspid="646" ordinal="0" offset="0" sl="16" sc="9" el="16" ec="10" bec="0" bev="0" fileid="9" />
            </Method>
            <Method visited="true" cyclomaticComplexity="1" nPathComplexity="0" sequenceCoverage="0" branchCoverage="0" isConstructor="true" isStatic="false" isGetter="false" isSetter="false">
              <Summary numSequencePoints="0" visitedSequencePoints="0" numBranchPoints="0" visitedBranchPoints="0" sequenceCoverage="0" branchCoverage="0" maxCyclomaticComplexity="1" minCyclomaticComplexity="1" visitedClasses="0" numClasses="0" visitedMethods="0" numMethods="0" />
              <MetadataToken>100663397</MetadataToken>
              <Name>System.Void Helpful.TextParser.Test.LineValueExtractor.LineValueExtractorFactoryTest::.ctor()</Name>
              <SequencePoints />
              <BranchPoints />
              <MethodPoint vc="1" uspid="654" ordinal="0" offset="0" />
            </Method>
          </Methods>
        </Class>
        <Class>
          <Summary numSequencePoints="9" visitedSequencePoints="9" numBranchPoints="1" visitedBranchPoints="1" sequenceCoverage="100" branchCoverage="100" maxCyclomaticComplexity="1" minCyclomaticComplexity="1" visitedClasses="1" numClasses="1" visitedMethods="1" numMethods="1" />
          <FullName>Helpful.TextParser.Test.LineValueExtractor.PositionedLineValueExtractorTest</FullName>
          <Methods>
            <Method visited="true" cyclomaticComplexity="1" nPathComplexity="0" sequenceCoverage="100" branchCoverage="100" isConstructor="false" isStatic="false" isGetter="false" isSetter="false">
              <Summary numSequencePoints="9" visitedSequencePoints="9" numBranchPoints="1" visitedBranchPoints="1" sequenceCoverage="100" branchCoverage="100" maxCyclomaticComplexity="1" minCyclomaticComplexity="1" visitedClasses="0" numClasses="0" visitedMethods="1" numMethods="1" />
              <MetadataToken>100663398</MetadataToken>
              <Name>System.Void Helpful.TextParser.Test.LineValueExtractor.PositionedLineValueExtractorTest::Extract_WithLines_ReturnsResult(System.String,System.Int32,System.Int32,System.Boolean,System.String)</Name>
              <FileRef uid="10" />
              <SequencePoints>
                <SequencePoint vc="4" uspid="655" ordinal="0" offset="0" sl="16" sc="9" el="16" ec="10" bec="0" bev="0" fileid="10" />
                <SequencePoint vc="4" uspid="656" ordinal="1" offset="1" sl="17" sc="13" el="17" ec="41" bec="0" bev="0" fileid="10" />
                <SequencePoint vc="4" uspid="657" ordinal="2" offset="7" sl="19" sc="13" el="19" ec="67" bec="0" bev="0" fileid="10" />
                <SequencePoint vc="4" uspid="658" ordinal="3" offset="25" sl="20" sc="13" el="20" ec="63" bec="0" bev="0" fileid="10" />
                <SequencePoint vc="4" uspid="659" ordinal="4" offset="43" sl="22" sc="13" el="22" ec="58" bec="0" bev="0" fileid="10" />
                <SequencePoint vc="4" uspid="660" ordinal="5" offset="49" sl="24" sc="13" el="24" ec="53" bec="0" bev="0" fileid="10" />
                <SequencePoint vc="4" uspid="661" ordinal="6" offset="59" sl="26" sc="13" el="26" ec="46" bec="0" bev="0" fileid="10" />
                <SequencePoint vc="4" uspid="662" ordinal="7" offset="73" sl="27" sc="13" el="27" ec="50" bec="0" bev="0" fileid="10" />
                <SequencePoint vc="4" uspid="663" ordinal="8" offset="87" sl="28" sc="9" el="28" ec="10" bec="0" bev="0" fileid="10" />
              </SequencePoints>
              <BranchPoints />
              <MethodPoint xsi:type="SequencePoint" vc="4" uspid="655" ordinal="0" offset="0" sl="16" sc="9" el="16" ec="10" bec="0" bev="0" fileid="10" />
            </Method>
            <Method visited="true" cyclomaticComplexity="1" nPathComplexity="0" sequenceCoverage="0" branchCoverage="0" isConstructor="true" isStatic="false" isGetter="false" isSetter="false">
              <Summary numSequencePoints="0" visitedSequencePoints="0" numBranchPoints="0" visitedBranchPoints="0" sequenceCoverage="0" branchCoverage="0" maxCyclomaticComplexity="1" minCyclomaticComplexity="1" visitedClasses="0" numClasses="0" visitedMethods="0" numMethods="0" />
              <MetadataToken>100663399</MetadataToken>
              <Name>System.Void Helpful.TextParser.Test.LineValueExtractor.PositionedLineValueExtractorTest::.ctor()</Name>
              <SequencePoints />
              <BranchPoints />
              <MethodPoint vc="1" uspid="664" ordinal="0" offset="0" />
            </Method>
          </Methods>
        </Class>
        <Class>
          <Summary numSequencePoints="83" visitedSequencePoints="83" numBranchPoints="9" visitedBranchPoints="9" sequenceCoverage="100" branchCoverage="100" maxCyclomaticComplexity="52" minCyclomaticComplexity="1" visitedClasses="1" numClasses="1" visitedMethods="9" numMethods="9" />
          <FullName>Helpful.TextParser.Test.Fluent.DelimitedDescriptorTest</FullName>
          <Methods>
            <Method visited="true" cyclomaticComplexity="1" nPathComplexity="0" sequenceCoverage="100" branchCoverage="100" isConstructor="false" isStatic="false" isGetter="false" isSetter="false">
              <Summary numSequencePoints="4" visitedSequencePoints="4" numBranchPoints="1" visitedBranchPoints="1" sequenceCoverage="100" branchCoverage="100" maxCyclomaticComplexity="1" minCyclomaticComplexity="1" visitedClasses="0" numClasses="0" visitedMethods="1" numMethods="1" />
              <MetadataToken>100663400</MetadataToken>
              <Name>System.Void Helpful.TextParser.Test.Fluent.DelimitedDescriptorTest::DelimitedDescriptor_TagIsEmpty_ReturnSexception(System.String)</Name>
              <FileRef uid="11" />
              <SequencePoints>
                <SequencePoint vc="2" uspid="665" ordinal="0" offset="13" sl="19" sc="9" el="19" ec="10" bec="0" bev="0" fileid="11" />
                <SequencePoint vc="2" uspid="666" ordinal="1" offset="14" sl="20" sc="13" el="20" ec="92" bec="0" bev="0" fileid="11" />
                <SequencePoint vc="2" uspid="667" ordinal="2" offset="35" sl="22" sc="13" el="22" ec="90" bec="0" bev="0" fileid="11" />
                <SequencePoint vc="2" uspid="668" ordinal="3" offset="53" sl="23" sc="9" el="23" ec="10" bec="0" bev="0" fileid="11" />
              </SequencePoints>
              <BranchPoints />
              <MethodPoint vc="2" uspid="669" ordinal="0" offset="0" />
            </Method>
            <Method visited="true" cyclomaticComplexity="1" nPathComplexity="0" sequenceCoverage="100" branchCoverage="100" isConstructor="false" isStatic="false" isGetter="false" isSetter="false">
              <Summary numSequencePoints="4" visitedSequencePoints="4" numBranchPoints="1" visitedBranchPoints="1" sequenceCoverage="100" branchCoverage="100" maxCyclomaticComplexity="1" minCyclomaticComplexity="1" visitedClasses="0" numClasses="0" visitedMethods="1" numMethods="1" />
              <MetadataToken>100663401</MetadataToken>
              <Name>System.Void Helpful.TextParser.Test.Fluent.DelimitedDescriptorTest::DelimitedDescriptor_PropertyTagIsEmpty_ReturnSexception(System.String)</Name>
              <FileRef uid="11" />
              <SequencePoints>
                <SequencePoint vc="2" uspid="670" ordinal="0" offset="13" sl="29" sc="9" el="29" ec="10" bec="0" bev="0" fileid="11" />
                <SequencePoint vc="2" uspid="671" ordinal="1" offset="14" sl="30" sc="13" el="30" ec="92" bec="0" bev="0" fileid="11" />
                <SequencePoint vc="2" uspid="672" ordinal="2" offset="35" sl="32" sc="13" el="32" ec="207" bec="0" bev="0" fileid="11" />
                <SequencePoint vc="2" uspid="673" ordinal="3" offset="53" sl="33" sc="9" el="33" ec="10" bec="0" bev="0" fileid="11" />
              </SequencePoints>
              <BranchPoints />
              <MethodPoint vc="2" uspid="674" ordinal="0" offset="0" />
            </Method>
            <Method visited="true" cyclomaticComplexity="1" nPathComplexity="0" sequenceCoverage="100" branchCoverage="100" isConstructor="false" isStatic="false" isGetter="false" isSetter="false">
              <Summary numSequencePoints="5" visitedSequencePoints="5" numBranchPoints="1" visitedBranchPoints="1" sequenceCoverage="100" branchCoverage="100" maxCyclomaticComplexity="1" minCyclomaticComplexity="1" visitedClasses="0" numClasses="0" visitedMethods="1" numMethods="1" />
              <MetadataToken>100663402</MetadataToken>
              <Name>System.Void Helpful.TextParser.Test.Fluent.DelimitedDescriptorTest::DelimitedDescriptor_Constructor_InitializeComponentCorrectly(System.String,System.String)</Name>
              <FileRef uid="11" />
              <SequencePoints>
                <SequencePoint vc="3" uspid="675" ordinal="0" offset="0" sl="40" sc="9" el="40" ec="10" bec="0" bev="0" fileid="11" />
                <SequencePoint vc="3" uspid="676" ordinal="1" offset="1" sl="41" sc="13" el="41" ec="92" bec="0" bev="0" fileid="11" />
                <SequencePoint vc="3" uspid="677" ordinal="2" offset="13" sl="43" sc="12" el="43" ec="77" bec="0" bev="0" fileid="11" />
                <SequencePoint vc="3" uspid="678" ordinal="3" offset="41" sl="44" sc="12" el="44" ec="98" bec="0" bev="0" fileid="11" />
                <SequencePoint vc="3" uspid="679" ordinal="4" offset="59" sl="45" sc="9" el="45" ec="10" bec="0" bev="0" fileid="11" />
              </SequencePoints>
              <BranchPoints />
              <MethodPoint xsi:type="SequencePoint" vc="3" uspid="675" ordinal="0" offset="0" sl="40" sc="9" el="40" ec="10" bec="0" bev="0" fileid="11" />
            </Method>
            <Method visited="true" cyclomaticComplexity="1" nPathComplexity="0" sequenceCoverage="100" branchCoverage="100" isConstructor="false" isStatic="false" isGetter="false" isSetter="false">
              <Summary numSequencePoints="6" visitedSequencePoints="6" numBranchPoints="1" visitedBranchPoints="1" sequenceCoverage="100" branchCoverage="100" maxCyclomaticComplexity="1" minCyclomaticComplexity="1" visitedClasses="0" numClasses="0" visitedMethods="1" numMethods="1" />
              <MetadataToken>100663403</MetadataToken>
              <Name>System.Void Helpful.TextParser.Test.Fluent.DelimitedDescriptorTest::DelimitedDescriptor_WithoutTagProperties_RightQuantityOfProperties()</Name>
              <FileRef uid="11" />
              <SequencePoints>
                <SequencePoint vc="1" uspid="680" ordinal="0" offset="0" sl="49" sc="9" el="49" ec="10" bec="0" bev="0" fileid="11" />
                <SequencePoint vc="1" uspid="681" ordinal="1" offset="1" sl="50" sc="13" el="50" ec="92" bec="0" bev="0" fileid="11" />
                <SequencePoint vc="1" uspid="682" ordinal="2" offset="17" sl="52" sc="13" el="52" ec="44" bec="0" bev="0" fileid="11" />
                <SequencePoint vc="1" uspid="683" ordinal="3" offset="24" sl="54" sc="13" el="54" ec="78" bec="0" bev="0" fileid="11" />
                <SequencePoint vc="1" uspid="684" ordinal="4" offset="42" sl="55" sc="13" el="55" ec="66" bec="0" bev="0" fileid="11" />
                <SequencePoint vc="1" uspid="685" ordinal="5" offset="69" sl="56" sc="9" el="56" ec="10" bec="0" bev="0" fileid="11" />
              </SequencePoints>
              <BranchPoints />
              <MethodPoint xsi:type="SequencePoint" vc="1" uspid="680" ordinal="0" offset="0" sl="49" sc="9" el="49" ec="10" bec="0" bev="0" fileid="11" />
            </Method>
            <Method visited="true" cyclomaticComplexity="9" nPathComplexity="0" sequenceCoverage="100" branchCoverage="100" isConstructor="false" isStatic="false" isGetter="false" isSetter="false">
              <Summary numSequencePoints="12" visitedSequencePoints="12" numBranchPoints="1" visitedBranchPoints="1" sequenceCoverage="100" branchCoverage="100" maxCyclomaticComplexity="9" minCyclomaticComplexity="9" visitedClasses="0" numClasses="0" visitedMethods="1" numMethods="1" />
              <MetadataToken>100663404</MetadataToken>
              <Name>System.Void Helpful.TextParser.Test.Fluent.DelimitedDescriptorTest::DelimitedDescriptor_MapToWithoutTag_ElementIsPropertyCollection()</Name>
              <FileRef uid="11" />
              <SequencePoints>
                <SequencePoint vc="1" uspid="686" ordinal="0" offset="0" sl="60" sc="9" el="60" ec="10" bec="0" bev="0" fileid="11" />
                <SequencePoint vc="1" uspid="687" ordinal="1" offset="1" sl="61" sc="13" el="61" ec="92" bec="0" bev="0" fileid="11" />
                <SequencePoint vc="1" uspid="688" ordinal="2" offset="17" sl="63" sc="13" el="68" ec="20" bec="0" bev="0" fileid="11" />
                <SequencePoint vc="1" uspid="689" ordinal="3" offset="60" sl="68" sc="21" el="68" ec="22" bec="0" bev="0" fileid="11" />
                <SequencePoint vc="1" uspid="690" ordinal="4" offset="61" sl="70" sc="13" el="70" ec="98" bec="0" bev="0" fileid="11" />
                <SequencePoint vc="1" uspid="691" ordinal="5" offset="114" sl="71" sc="13" el="71" ec="123" bec="0" bev="0" fileid="11" />
                <SequencePoint vc="1" uspid="692" ordinal="6" offset="173" sl="72" sc="13" el="72" ec="114" bec="0" bev="0" fileid="11" />
                <SequencePoint vc="1" uspid="693" ordinal="7" offset="242" sl="73" sc="13" el="73" ec="98" bec="0" bev="0" fileid="11" />
                <SequencePoint vc="1" uspid="694" ordinal="8" offset="295" sl="74" sc="13" el="74" ec="123" bec="0" bev="0" fileid="11" />
                <SequencePoint vc="1" uspid="695" ordinal="9" offset="354" sl="75" sc="13" el="75" ec="114" bec="0" bev="0" fileid="11" />
                <SequencePoint vc="1" uspid="696" ordinal="10" offset="423" sl="77" sc="13" el="77" ec="121" bec="0" bev="0" fileid="11" />
                <SequencePoint vc="1" uspid="697" ordinal="11" offset="492" sl="78" sc="9" el="78" ec="10" bec="0" bev="0" fileid="11" />
              </SequencePoints>
              <BranchPoints />
              <MethodPoint xsi:type="SequencePoint" vc="1" uspid="686" ordinal="0" offset="0" sl="60" sc="9" el="60" ec="10" bec="0" bev="0" fileid="11" />
            </Method>
            <Method visited="true" cyclomaticComplexity="1" nPathComplexity="0" sequenceCoverage="100" branchCoverage="100" isConstructor="false" isStatic="false" isGetter="false" isSetter="false">
              <Summary numSequencePoints="7" visitedSequencePoints="7" numBranchPoints="1" visitedBranchPoints="1" sequenceCoverage="100" branchCoverage="100" maxCyclomaticComplexity="1" minCyclomaticComplexity="1" visitedClasses="0" numClasses="0" visitedMethods="1" numMethods="1" />
              <MetadataToken>100663405</MetadataToken>
              <Name>System.Void Helpful.TextParser.Test.Fluent.DelimitedDescriptorTest::DelimitedDescriptor_MapToWithTag_HasRightTag(System.String,System.String)</Name>
              <FileRef uid="11" />
              <SequencePoints>
                <SequencePoint vc="3" uspid="714" ordinal="0" offset="0" sl="85" sc="9" el="85" ec="10" bec="0" bev="0" fileid="11" />
                <SequencePoint vc="3" uspid="715" ordinal="1" offset="1" sl="86" sc="13" el="86" ec="92" bec="0" bev="0" fileid="11" />
                <SequencePoint vc="3" uspid="716" ordinal="2" offset="17" sl="88" sc="13" el="88" ec="47" bec="0" bev="0" fileid="11" />
                <SequencePoint vc="3" uspid="717" ordinal="3" offset="25" sl="90" sc="13" el="90" ec="63" bec="0" bev="0" fileid="11" />
                <SequencePoint vc="3" uspid="718" ordinal="4" offset="43" sl="91" sc="13" el="91" ec="54" bec="0" bev="0" fileid="11" />
                <SequencePoint vc="3" uspid="719" ordinal="5" offset="61" sl="92" sc="13" el="92" ec="66" bec="0" bev="0" fileid="11" />
                <SequencePoint vc="3" uspid="720" ordinal="6" offset="88" sl="93" sc="9" el="93" ec="10" bec="0" bev="0" fileid="11" />
              </SequencePoints>
              <BranchPoints />
              <MethodPoint xsi:type="SequencePoint" vc="3" uspid="714" ordinal="0" offset="0" sl="85" sc="9" el="85" ec="10" bec="0" bev="0" fileid="11" />
            </Method>
            <Method visited="true" cyclomaticComplexity="1" nPathComplexity="0" sequenceCoverage="100" branchCoverage="100" isConstructor="false" isStatic="false" isGetter="false" isSetter="false">
              <Summary numSequencePoints="4" visitedSequencePoints="4" numBranchPoints="1" visitedBranchPoints="1" sequenceCoverage="100" branchCoverage="100" maxCyclomaticComplexity="1" minCyclomaticComplexity="1" visitedClasses="0" numClasses="0" visitedMethods="1" numMethods="1" />
              <MetadataToken>100663406</MetadataToken>
              <Name>System.Void Helpful.TextParser.Test.Fluent.DelimitedDescriptorTest::DelimitedDescriptor_TagIsEmpty_ThrowsArgumentException(System.String)</Name>
              <FileRef uid="11" />
              <SequencePoints>
                <SequencePoint vc="2" uspid="721" ordinal="0" offset="13" sl="99" sc="9" el="99" ec="10" bec="0" bev="0" fileid="11" />
                <SequencePoint vc="2" uspid="722" ordinal="1" offset="14" sl="100" sc="13" el="100" ec="92" bec="0" bev="0" fileid="11" />
                <SequencePoint vc="2" uspid="723" ordinal="2" offset="35" sl="102" sc="13" el="102" ec="87" bec="0" bev="0" fileid="11" />
                <SequencePoint vc="2" uspid="724" ordinal="3" offset="53" sl="103" sc="9" el="103" ec="10" bec="0" bev="0" fileid="11" />
              </SequencePoints>
              <BranchPoints />
              <MethodPoint vc="2" uspid="725" ordinal="0" offset="0" />
            </Method>
            <Method visited="true" cyclomaticComplexity="1" nPathComplexity="0" sequenceCoverage="100" branchCoverage="100" isConstructor="false" isStatic="false" isGetter="false" isSetter="false">
              <Summary numSequencePoints="5" visitedSequencePoints="5" numBranchPoints="1" visitedBranchPoints="1" sequenceCoverage="100" branchCoverage="100" maxCyclomaticComplexity="1" minCyclomaticComplexity="1" visitedClasses="0" numClasses="0" visitedMethods="1" numMethods="1" />
              <MetadataToken>100663407</MetadataToken>
              <Name>System.Void Helpful.TextParser.Test.Fluent.DelimitedDescriptorTest::DelimitedDescriptor_Position_HasRightPosition(System.Int32,System.Int32)</Name>
              <FileRef uid="11" />
              <SequencePoints>
                <SequencePoint vc="3" uspid="726" ordinal="0" offset="0" sl="110" sc="9" el="110" ec="10" bec="0" bev="0" fileid="11" />
                <SequencePoint vc="3" uspid="727" ordinal="1" offset="1" sl="111" sc="13" el="111" ec="92" bec="0" bev="0" fileid="11" />
                <SequencePoint vc="3" uspid="728" ordinal="2" offset="17" sl="113" sc="13" el="113" ec="68" bec="0" bev="0" fileid="11" />
                <SequencePoint vc="3" uspid="729" ordinal="3" offset="35" sl="115" sc="13" el="115" ec="71" bec="0" bev="0" fileid="11" />
                <SequencePoint vc="3" uspid="730" ordinal="4" offset="63" sl="116" sc="9" el="116" ec="10" bec="0" bev="0" fileid="11" />
              </SequencePoints>
              <BranchPoints />
              <MethodPoint xsi:type="SequencePoint" vc="3" uspid="726" ordinal="0" offset="0" sl="110" sc="9" el="110" ec="10" bec="0" bev="0" fileid="11" />
            </Method>
            <Method visited="true" cyclomaticComplexity="52" nPathComplexity="0" sequenceCoverage="100" branchCoverage="100" isConstructor="false" isStatic="false" isGetter="false" isSetter="false">
              <Summary numSequencePoints="36" visitedSequencePoints="36" numBranchPoints="1" visitedBranchPoints="1" sequenceCoverage="100" branchCoverage="100" maxCyclomaticComplexity="52" minCyclomaticComplexity="52" visitedClasses="0" numClasses="0" visitedMethods="1" numMethods="1" />
              <MetadataToken>100663408</MetadataToken>
              <Name>System.Void Helpful.TextParser.Test.Fluent.DelimitedDescriptorTest::DelimitedDescriptor_WithTagAddProperties_AllTagsHaveParentDelimitationString()</Name>
              <FileRef uid="11" />
              <SequencePoints>
                <SequencePoint vc="1" uspid="731" ordinal="0" offset="0" sl="120" sc="9" el="120" ec="10" bec="0" bev="0" fileid="11" />
                <SequencePoint vc="1" uspid="732" ordinal="1" offset="1" sl="121" sc="13" el="121" ec="97" bec="0" bev="0" fileid="11" />
                <SequencePoint vc="1" uspid="733" ordinal="2" offset="17" sl="123" sc="13" el="141" ec="20" bec="0" bev="0" fileid="11" />
                <SequencePoint vc="1" uspid="734" ordinal="3" offset="71" sl="143" sc="13" el="143" ec="98" bec="0" bev="0" fileid="11" />
                <SequencePoint vc="1" uspid="735" ordinal="4" offset="124" sl="144" sc="13" el="144" ec="123" bec="0" bev="0" fileid="11" />
                <SequencePoint vc="1" uspid="736" ordinal="5" offset="183" sl="145" sc="13" el="145" ec="114" bec="0" bev="0" fileid="11" />
                <SequencePoint vc="1" uspid="737" ordinal="6" offset="252" sl="147" sc="13" el="147" ec="98" bec="0" bev="0" fileid="11" />
                <SequencePoint vc="1" uspid="738" ordinal="7" offset="305" sl="148" sc="13" el="148" ec="123" bec="0" bev="0" fileid="11" />
                <SequencePoint vc="1" uspid="739" ordinal="8" offset="364" sl="149" sc="13" el="149" ec="114" bec="0" bev="0" fileid="11" />
                <SequencePoint vc="1" uspid="740" ordinal="9" offset="433" sl="151" sc="13" el="151" ec="98" bec="0" bev="0" fileid="11" />
                <SequencePoint vc="1" uspid="741" ordinal="10" offset="486" sl="152" sc="13" el="152" ec="118" bec="0" bev="0" fileid="11" />
                <SequencePoint vc="1" uspid="742" ordinal="11" offset="545" sl="153" sc="13" el="153" ec="114" bec="0" bev="0" fileid="11" />
                <SequencePoint vc="1" uspid="743" ordinal="12" offset="614" sl="154" sc="13" el="154" ec="143" bec="0" bev="0" fileid="11" />
                <SequencePoint vc="1" uspid="744" ordinal="13" offset="687" sl="155" sc="13" el="155" ec="110" bec="0" bev="0" fileid="11" />
                <SequencePoint vc="1" uspid="745" ordinal="14" offset="750" sl="157" sc="13" el="157" ec="98" bec="0" bev="0" fileid="11" />
                <SequencePoint vc="1" uspid="746" ordinal="15" offset="803" sl="158" sc="13" el="158" ec="118" bec="0" bev="0" fileid="11" />
                <SequencePoint vc="1" uspid="747" ordinal="16" offset="862" sl="159" sc="13" el="159" ec="114" bec="0" bev="0" fileid="11" />
                <SequencePoint vc="1" uspid="748" ordinal="17" offset="931" sl="160" sc="13" el="160" ec="143" bec="0" bev="0" fileid="11" />
                <SequencePoint vc="1" uspid="749" ordinal="18" offset="1004" sl="161" sc="13" el="161" ec="110" bec="0" bev="0" fileid="11" />
                <SequencePoint vc="1" uspid="750" ordinal="19" offset="1067" sl="162" sc="13" el="162" ec="107" bec="0" bev="0" fileid="11" />
                <SequencePoint vc="1" uspid="751" ordinal="20" offset="1131" sl="164" sc="13" el="165" ec="91" bec="0" bev="0" fileid="11" />
                <SequencePoint vc="1" uspid="752" ordinal="21" offset="1225" sl="166" sc="13" el="167" ec="116" bec="0" bev="0" fileid="11" />
                <SequencePoint vc="1" uspid="753" ordinal="22" offset="1325" sl="168" sc="13" el="169" ec="108" bec="0" bev="0" fileid="11" />
                <SequencePoint vc="1" uspid="754" ordinal="23" offset="1435" sl="171" sc="13" el="172" ec="91" bec="0" bev="0" fileid="11" />
                <SequencePoint vc="1" uspid="755" ordinal="24" offset="1529" sl="173" sc="13" el="174" ec="116" bec="0" bev="0" fileid="11" />
                <SequencePoint vc="1" uspid="756" ordinal="25" offset="1629" sl="175" sc="13" el="176" ec="108" bec="0" bev="0" fileid="11" />
                <SequencePoint vc="1" uspid="757" ordinal="26" offset="1739" sl="178" sc="13" el="179" ec="92" bec="0" bev="0" fileid="11" />
                <SequencePoint vc="1" uspid="758" ordinal="27" offset="1833" sl="180" sc="13" el="181" ec="112" bec="0" bev="0" fileid="11" />
                <SequencePoint vc="1" uspid="759" ordinal="28" offset="1933" sl="182" sc="13" el="183" ec="108" bec="0" bev="0" fileid="11" />
                <SequencePoint vc="1" uspid="760" ordinal="29" offset="2043" sl="184" sc="13" el="185" ec="137" bec="0" bev="0" fileid="11" />
                <SequencePoint vc="1" uspid="761" ordinal="30" offset="2157" sl="186" sc="13" el="187" ec="107" bec="0" bev="0" fileid="11" />
                <SequencePoint vc="1" uspid="762" ordinal="31" offset="2261" sl="188" sc="13" el="189" ec="101" bec="0" bev="0" fileid="11" />
                <SequencePoint vc="1" uspid="763" ordinal="32" offset="2366" sl="191" sc="13" el="193" ec="92" bec="0" bev="0" fileid="11" />
                <SequencePoint vc="1" uspid="764" ordinal="33" offset="2501" sl="194" sc="13" el="196" ec="117" bec="0" bev="0" fileid="11" />
                <SequencePoint vc="1" uspid="765" ordinal="34" offset="2642" sl="197" sc="13" el="199" ec="108" bec="0" bev="0" fileid="11" />
                <SequencePoint vc="1" uspid="766" ordinal="35" offset="2793" sl="200" sc="9" el="200" ec="10" bec="0" bev="0" fileid="11" />
              </SequencePoints>
              <BranchPoints />
              <MethodPoint xsi:type="SequencePoint" vc="1" uspid="731" ordinal="0" offset="0" sl="120" sc="9" el="120" ec="10" bec="0" bev="0" fileid="11" />
            </Method>
            <Method visited="true" cyclomaticComplexity="1" nPathComplexity="0" sequenceCoverage="0" branchCoverage="0" isConstructor="true" isStatic="false" isGetter="false" isSetter="false">
              <Summary numSequencePoints="0" visitedSequencePoints="0" numBranchPoints="0" visitedBranchPoints="0" sequenceCoverage="0" branchCoverage="0" maxCyclomaticComplexity="1" minCyclomaticComplexity="1" visitedClasses="0" numClasses="0" visitedMethods="0" numMethods="0" />
              <MetadataToken>100663409</MetadataToken>
              <Name>System.Void Helpful.TextParser.Test.Fluent.DelimitedDescriptorTest::.ctor()</Name>
              <SequencePoints />
              <BranchPoints />
              <MethodPoint vc="1" uspid="869" ordinal="0" offset="0" />
            </Method>
          </Methods>
        </Class>
        <Class>
          <Summary numSequencePoints="1" visitedSequencePoints="1" numBranchPoints="1" visitedBranchPoints="1" sequenceCoverage="100" branchCoverage="100" maxCyclomaticComplexity="1" minCyclomaticComplexity="1" visitedClasses="1" numClasses="1" visitedMethods="1" numMethods="1" />
          <FullName>Helpful.TextParser.Test.Fluent.DelimitedDescriptorTest/&lt;&gt;c__DisplayClass0_0</FullName>
          <Methods>
            <Method visited="true" cyclomaticComplexity="1" nPathComplexity="0" sequenceCoverage="0" branchCoverage="0" isConstructor="true" isStatic="false" isGetter="false" isSetter="false">
              <Summary numSequencePoints="0" visitedSequencePoints="0" numBranchPoints="0" visitedBranchPoints="0" sequenceCoverage="0" branchCoverage="0" maxCyclomaticComplexity="1" minCyclomaticComplexity="1" visitedClasses="0" numClasses="0" visitedMethods="0" numMethods="0" />
              <MetadataToken>100663495</MetadataToken>
              <Name>System.Void Helpful.TextParser.Test.Fluent.DelimitedDescriptorTest/&lt;&gt;c__DisplayClass0_0::.ctor()</Name>
              <SequencePoints />
              <BranchPoints />
              <MethodPoint vc="2" uspid="870" ordinal="0" offset="0" />
            </Method>
            <Method visited="true" cyclomaticComplexity="1" nPathComplexity="0" sequenceCoverage="100" branchCoverage="100" isConstructor="false" isStatic="false" isGetter="false" isSetter="false">
              <Summary numSequencePoints="1" visitedSequencePoints="1" numBranchPoints="1" visitedBranchPoints="1" sequenceCoverage="100" branchCoverage="100" maxCyclomaticComplexity="1" minCyclomaticComplexity="1" visitedClasses="0" numClasses="0" visitedMethods="1" numMethods="1" />
              <MetadataToken>100663496</MetadataToken>
              <Name>System.Void Helpful.TextParser.Test.Fluent.DelimitedDescriptorTest/&lt;&gt;c__DisplayClass0_0::&lt;DelimitedDescriptor_TagIsEmpty_ReturnSexception&gt;b__0()</Name>
              <FileRef uid="11" />
              <SequencePoints>
                <SequencePoint vc="2" uspid="871" ordinal="0" offset="0" sl="22" sc="55" el="22" ec="88" bec="0" bev="0" fileid="11" />
              </SequencePoints>
              <BranchPoints />
              <MethodPoint xsi:type="SequencePoint" vc="2" uspid="871" ordinal="0" offset="0" sl="22" sc="55" el="22" ec="88" bec="0" bev="0" fileid="11" />
            </Method>
          </Methods>
        </Class>
        <Class>
          <Summary numSequencePoints="2" visitedSequencePoints="2" numBranchPoints="2" visitedBranchPoints="2" sequenceCoverage="100" branchCoverage="100" maxCyclomaticComplexity="2" minCyclomaticComplexity="1" visitedClasses="1" numClasses="1" visitedMethods="2" numMethods="2" />
          <FullName>Helpful.TextParser.Test.Fluent.DelimitedDescriptorTest/&lt;&gt;c__DisplayClass1_0</FullName>
          <Methods>
            <Method visited="true" cyclomaticComplexity="1" nPathComplexity="0" sequenceCoverage="0" branchCoverage="0" isConstructor="true" isStatic="false" isGetter="false" isSetter="false">
              <Summary numSequencePoints="0" visitedSequencePoints="0" numBranchPoints="0" visitedBranchPoints="0" sequenceCoverage="0" branchCoverage="0" maxCyclomaticComplexity="1" minCyclomaticComplexity="1" visitedClasses="0" numClasses="0" visitedMethods="0" numMethods="0" />
              <MetadataToken>100663497</MetadataToken>
              <Name>System.Void Helpful.TextParser.Test.Fluent.DelimitedDescriptorTest/&lt;&gt;c__DisplayClass1_0::.ctor()</Name>
              <SequencePoints />
              <BranchPoints />
              <MethodPoint vc="2" uspid="872" ordinal="0" offset="0" />
            </Method>
            <Method visited="true" cyclomaticComplexity="2" nPathComplexity="0" sequenceCoverage="100" branchCoverage="100" isConstructor="false" isStatic="false" isGetter="false" isSetter="false">
              <Summary numSequencePoints="1" visitedSequencePoints="1" numBranchPoints="1" visitedBranchPoints="1" sequenceCoverage="100" branchCoverage="100" maxCyclomaticComplexity="2" minCyclomaticComplexity="2" visitedClasses="0" numClasses="0" visitedMethods="1" numMethods="1" />
              <MetadataToken>100663498</MetadataToken>
              <Name>System.Void Helpful.TextParser.Test.Fluent.DelimitedDescriptorTest/&lt;&gt;c__DisplayClass1_0::&lt;DelimitedDescriptor_PropertyTagIsEmpty_ReturnSexception&gt;b__0()</Name>
              <FileRef uid="11" />
              <SequencePoints>
                <SequencePoint vc="2" uspid="873" ordinal="0" offset="0" sl="32" sc="55" el="32" ec="205" bec="0" bev="0" fileid="11" />
              </SequencePoints>
              <BranchPoints />
              <MethodPoint xsi:type="SequencePoint" vc="2" uspid="873" ordinal="0" offset="0" sl="32" sc="55" el="32" ec="205" bec="0" bev="0" fileid="11" />
            </Method>
            <Method visited="true" cyclomaticComplexity="1" nPathComplexity="0" sequenceCoverage="100" branchCoverage="100" isConstructor="false" isStatic="false" isGetter="false" isSetter="false">
              <Summary numSequencePoints="1" visitedSequencePoints="1" numBranchPoints="1" visitedBranchPoints="1" sequenceCoverage="100" branchCoverage="100" maxCyclomaticComplexity="1" minCyclomaticComplexity="1" visitedClasses="0" numClasses="0" visitedMethods="1" numMethods="1" />
              <MetadataToken>100663499</MetadataToken>
              <Name>System.Void Helpful.TextParser.Test.Fluent.DelimitedDescriptorTest/&lt;&gt;c__DisplayClass1_0::&lt;DelimitedDescriptor_PropertyTagIsEmpty_ReturnSexception&gt;b__1(Helpful.TextParser.Fluent.Interface.IDelimitedPropertyDescriptor`1&lt;Helpful.TextParser.Test.Fluent.DelimitedFooClass&gt;)</Name>
              <FileRef uid="11" />
              <SequencePoints>
                <SequencePoint vc="2" uspid="876" ordinal="0" offset="0" sl="32" sc="131" el="32" ec="204" bec="0" bev="0" fileid="11" />
              </SequencePoints>
              <BranchPoints />
              <MethodPoint xsi:type="SequencePoint" vc="2" uspid="876" ordinal="0" offset="0" sl="32" sc="131" el="32" ec="204" bec="0" bev="0" fileid="11" />
            </Method>
          </Methods>
        </Class>
        <Class>
          <Summary numSequencePoints="75" visitedSequencePoints="75" numBranchPoints="61" visitedBranchPoints="61" sequenceCoverage="100" branchCoverage="100" maxCyclomaticComplexity="2" minCyclomaticComplexity="1" visitedClasses="1" numClasses="1" visitedMethods="61" numMethods="61" />
          <FullName>Helpful.TextParser.Test.Fluent.DelimitedDescriptorTest/&lt;&gt;c</FullName>
          <Methods>
            <Method visited="true" cyclomaticComplexity="1" nPathComplexity="0" sequenceCoverage="0" branchCoverage="0" isConstructor="true" isStatic="true" isGetter="false" isSetter="false">
              <Summary numSequencePoints="0" visitedSequencePoints="0" numBranchPoints="0" visitedBranchPoints="0" sequenceCoverage="0" branchCoverage="0" maxCyclomaticComplexity="1" minCyclomaticComplexity="1" visitedClasses="0" numClasses="0" visitedMethods="0" numMethods="0" />
              <MetadataToken>100663500</MetadataToken>
              <Name>System.Void Helpful.TextParser.Test.Fluent.DelimitedDescriptorTest/&lt;&gt;c::.cctor()</Name>
              <SequencePoints />
              <BranchPoints />
              <MethodPoint vc="1" uspid="877" ordinal="0" offset="0" />
            </Method>
            <Method visited="true" cyclomaticComplexity="1" nPathComplexity="0" sequenceCoverage="0" branchCoverage="0" isConstructor="true" isStatic="false" isGetter="false" isSetter="false">
              <Summary numSequencePoints="0" visitedSequencePoints="0" numBranchPoints="0" visitedBranchPoints="0" sequenceCoverage="0" branchCoverage="0" maxCyclomaticComplexity="1" minCyclomaticComplexity="1" visitedClasses="0" numClasses="0" visitedMethods="0" numMethods="0" />
              <MetadataToken>100663501</MetadataToken>
              <Name>System.Void Helpful.TextParser.Test.Fluent.DelimitedDescriptorTest/&lt;&gt;c::.ctor()</Name>
              <SequencePoints />
              <BranchPoints />
              <MethodPoint vc="1" uspid="878" ordinal="0" offset="0" />
            </Method>
            <Method visited="true" cyclomaticComplexity="1" nPathComplexity="0" sequenceCoverage="100" branchCoverage="100" isConstructor="false" isStatic="false" isGetter="false" isSetter="false">
              <Summary numSequencePoints="4" visitedSequencePoints="4" numBranchPoints="1" visitedBranchPoints="1" sequenceCoverage="100" branchCoverage="100" maxCyclomaticComplexity="1" minCyclomaticComplexity="1" visitedClasses="0" numClasses="0" visitedMethods="1" numMethods="1" />
              <MetadataToken>100663502</MetadataToken>
              <Name>System.Void Helpful.TextParser.Test.Fluent.DelimitedDescriptorTest/&lt;&gt;c::&lt;DelimitedDescriptor_MapToWithoutTag_ElementIsPropertyCollection&gt;b__4_0(Helpful.TextParser.Fluent.Interface.IDelimitedPropertyOnlyDescriptor`1&lt;Helpful.TextParser.Test.Fluent.DelimitedFooClass&gt;)</Name>
              <FileRef uid="11" />
              <SequencePoints>
                <SequencePoint vc="1" uspid="879" ordinal="0" offset="0" sl="65" sc="17" el="65" ec="18" bec="0" bev="0" fileid="11" />
                <SequencePoint vc="1" uspid="880" ordinal="1" offset="1" sl="66" sc="21" el="66" ec="85" bec="0" bev="0" fileid="11" />
                <SequencePoint vc="1" uspid="881" ordinal="2" offset="76" sl="67" sc="21" el="67" ec="88" bec="0" bev="0" fileid="11" />
                <SequencePoint vc="1" uspid="882" ordinal="3" offset="151" sl="68" sc="17" el="68" ec="18" bec="0" bev="0" fileid="11" />
              </SequencePoints>
              <BranchPoints />
              <MethodPoint xsi:type="SequencePoint" vc="1" uspid="879" ordinal="0" offset="0" sl="65" sc="17" el="65" ec="18" bec="0" bev="0" fileid="11" />
            </Method>
            <Method visited="true" cyclomaticComplexity="1" nPathComplexity="0" sequenceCoverage="100" branchCoverage="100" isConstructor="false" isStatic="false" isGetter="false" isSetter="false">
              <Summary numSequencePoints="1" visitedSequencePoints="1" numBranchPoints="1" visitedBranchPoints="1" sequenceCoverage="100" branchCoverage="100" maxCyclomaticComplexity="1" minCyclomaticComplexity="1" visitedClasses="0" numClasses="0" visitedMethods="1" numMethods="1" />
              <MetadataToken>100663503</MetadataToken>
              <Name>System.Boolean Helpful.TextParser.Test.Fluent.DelimitedDescriptorTest/&lt;&gt;c::&lt;DelimitedDescriptor_MapToWithoutTag_ElementIsPropertyCollection&gt;b__4_1(Helpful.TextParser.Model.Element)</Name>
              <FileRef uid="11" />
              <SequencePoints>
                <SequencePoint vc="1" uspid="883" ordinal="0" offset="0" sl="70" sc="54" el="70" ec="78" bec="0" bev="0" fileid="11" />
              </SequencePoints>
              <BranchPoints />
              <MethodPoint xsi:type="SequencePoint" vc="1" uspid="883" ordinal="0" offset="0" sl="70" sc="54" el="70" ec="78" bec="0" bev="0" fileid="11" />
            </Method>
            <Method visited="true" cyclomaticComplexity="1" nPathComplexity="0" sequenceCoverage="100" branchCoverage="100" isConstructor="false" isStatic="false" isGetter="false" isSetter="false">
              <Summary numSequencePoints="1" visitedSequencePoints="1" numBranchPoints="1" visitedBranchPoints="1" sequenceCoverage="100" branchCoverage="100" maxCyclomaticComplexity="1" minCyclomaticComplexity="1" visitedClasses="0" numClasses="0" visitedMethods="1" numMethods="1" />
              <MetadataToken>100663504</MetadataToken>
              <Name>System.Boolean Helpful.TextParser.Test.Fluent.DelimitedDescriptorTest/&lt;&gt;c::&lt;DelimitedDescriptor_MapToWithoutTag_ElementIsPropertyCollection&gt;b__4_2(Helpful.TextParser.Model.Element)</Name>
              <FileRef uid="11" />
              <SequencePoints>
                <SequencePoint vc="1" uspid="884" ordinal="0" offset="0" sl="71" sc="54" el="71" ec="78" bec="0" bev="0" fileid="11" />
              </SequencePoints>
              <BranchPoints />
              <MethodPoint xsi:type="SequencePoint" vc="1" uspid="884" ordinal="0" offset="0" sl="71" sc="54" el="71" ec="78" bec="0" bev="0" fileid="11" />
            </Method>
            <Method visited="true" cyclomaticComplexity="1" nPathComplexity="0" sequenceCoverage="100" branchCoverage="100" isConstructor="false" isStatic="false" isGetter="false" isSetter="false">
              <Summary numSequencePoints="1" visitedSequencePoints="1" numBranchPoints="1" visitedBranchPoints="1" sequenceCoverage="100" branchCoverage="100" maxCyclomaticComplexity="1" minCyclomaticComplexity="1" visitedClasses="0" numClasses="0" visitedMethods="1" numMethods="1" />
              <MetadataToken>100663505</MetadataToken>
              <Name>System.Boolean Helpful.TextParser.Test.Fluent.DelimitedDescriptorTest/&lt;&gt;c::&lt;DelimitedDescriptor_MapToWithoutTag_ElementIsPropertyCollection&gt;b__4_3(Helpful.TextParser.Model.Element)</Name>
              <FileRef uid="11" />
              <SequencePoints>
                <SequencePoint vc="1" uspid="885" ordinal="0" offset="0" sl="72" sc="54" el="72" ec="78" bec="0" bev="0" fileid="11" />
              </SequencePoints>
              <BranchPoints />
              <MethodPoint xsi:type="SequencePoint" vc="1" uspid="885" ordinal="0" offset="0" sl="72" sc="54" el="72" ec="78" bec="0" bev="0" fileid="11" />
            </Method>
            <Method visited="true" cyclomaticComplexity="1" nPathComplexity="0" sequenceCoverage="100" branchCoverage="100" isConstructor="false" isStatic="false" isGetter="false" isSetter="false">
              <Summary numSequencePoints="1" visitedSequencePoints="1" numBranchPoints="1" visitedBranchPoints="1" sequenceCoverage="100" branchCoverage="100" maxCyclomaticComplexity="1" minCyclomaticComplexity="1" visitedClasses="0" numClasses="0" visitedMethods="1" numMethods="1" />
              <MetadataToken>100663506</MetadataToken>
              <Name>System.Boolean Helpful.TextParser.Test.Fluent.DelimitedDescriptorTest/&lt;&gt;c::&lt;DelimitedDescriptor_MapToWithoutTag_ElementIsPropertyCollection&gt;b__4_4(Helpful.TextParser.Model.Element)</Name>
              <FileRef uid="11" />
              <SequencePoints>
                <SequencePoint vc="2" uspid="886" ordinal="0" offset="0" sl="73" sc="54" el="73" ec="78" bec="0" bev="0" fileid="11" />
              </SequencePoints>
              <BranchPoints />
              <MethodPoint xsi:type="SequencePoint" vc="2" uspid="886" ordinal="0" offset="0" sl="73" sc="54" el="73" ec="78" bec="0" bev="0" fileid="11" />
            </Method>
            <Method visited="true" cyclomaticComplexity="1" nPathComplexity="0" sequenceCoverage="100" branchCoverage="100" isConstructor="false" isStatic="false" isGetter="false" isSetter="false">
              <Summary numSequencePoints="1" visitedSequencePoints="1" numBranchPoints="1" visitedBranchPoints="1" sequenceCoverage="100" branchCoverage="100" maxCyclomaticComplexity="1" minCyclomaticComplexity="1" visitedClasses="0" numClasses="0" visitedMethods="1" numMethods="1" />
              <MetadataToken>100663507</MetadataToken>
              <Name>System.Boolean Helpful.TextParser.Test.Fluent.DelimitedDescriptorTest/&lt;&gt;c::&lt;DelimitedDescriptor_MapToWithoutTag_ElementIsPropertyCollection&gt;b__4_5(Helpful.TextParser.Model.Element)</Name>
              <FileRef uid="11" />
              <SequencePoints>
                <SequencePoint vc="2" uspid="887" ordinal="0" offset="0" sl="74" sc="54" el="74" ec="78" bec="0" bev="0" fileid="11" />
              </SequencePoints>
              <BranchPoints />
              <MethodPoint xsi:type="SequencePoint" vc="2" uspid="887" ordinal="0" offset="0" sl="74" sc="54" el="74" ec="78" bec="0" bev="0" fileid="11" />
            </Method>
            <Method visited="true" cyclomaticComplexity="1" nPathComplexity="0" sequenceCoverage="100" branchCoverage="100" isConstructor="false" isStatic="false" isGetter="false" isSetter="false">
              <Summary numSequencePoints="1" visitedSequencePoints="1" numBranchPoints="1" visitedBranchPoints="1" sequenceCoverage="100" branchCoverage="100" maxCyclomaticComplexity="1" minCyclomaticComplexity="1" visitedClasses="0" numClasses="0" visitedMethods="1" numMethods="1" />
              <MetadataToken>100663508</MetadataToken>
              <Name>System.Boolean Helpful.TextParser.Test.Fluent.DelimitedDescriptorTest/&lt;&gt;c::&lt;DelimitedDescriptor_MapToWithoutTag_ElementIsPropertyCollection&gt;b__4_6(Helpful.TextParser.Model.Element)</Name>
              <FileRef uid="11" />
              <SequencePoints>
                <SequencePoint vc="2" uspid="888" ordinal="0" offset="0" sl="75" sc="54" el="75" ec="78" bec="0" bev="0" fileid="11" />
              </SequencePoints>
              <BranchPoints />
              <MethodPoint xsi:type="SequencePoint" vc="2" uspid="888" ordinal="0" offset="0" sl="75" sc="54" el="75" ec="78" bec="0" bev="0" fileid="11" />
            </Method>
            <Method visited="true" cyclomaticComplexity="1" nPathComplexity="0" sequenceCoverage="100" branchCoverage="100" isConstructor="false" isStatic="false" isGetter="false" isSetter="false">
              <Summary numSequencePoints="1" visitedSequencePoints="1" numBranchPoints="1" visitedBranchPoints="1" sequenceCoverage="100" branchCoverage="100" maxCyclomaticComplexity="1" minCyclomaticComplexity="1" visitedClasses="0" numClasses="0" visitedMethods="1" numMethods="1" />
              <MetadataToken>100663509</MetadataToken>
              <Name>System.Boolean Helpful.TextParser.Test.Fluent.DelimitedDescriptorTest/&lt;&gt;c::&lt;DelimitedDescriptor_MapToWithoutTag_ElementIsPropertyCollection&gt;b__4_7(Helpful.TextParser.Model.Element)</Name>
              <FileRef uid="11" />
              <SequencePoints>
                <SequencePoint vc="2" uspid="889" ordinal="0" offset="0" sl="77" sc="45" el="77" ec="82" bec="0" bev="0" fileid="11" />
              </SequencePoints>
              <BranchPoints />
              <MethodPoint xsi:type="SequencePoint" vc="2" uspid="889" ordinal="0" offset="0" sl="77" sc="45" el="77" ec="82" bec="0" bev="0" fileid="11" />
            </Method>
            <Method visited="true" cyclomaticComplexity="2" nPathComplexity="0" sequenceCoverage="100" branchCoverage="100" isConstructor="false" isStatic="false" isGetter="false" isSetter="false">
              <Summary numSequencePoints="6" visitedSequencePoints="6" numBranchPoints="1" visitedBranchPoints="1" sequenceCoverage="100" branchCoverage="100" maxCyclomaticComplexity="2" minCyclomaticComplexity="2" visitedClasses="0" numClasses="0" visitedMethods="1" numMethods="1" />
              <MetadataToken>100663510</MetadataToken>
              <Name>System.Void Helpful.TextParser.Test.Fluent.DelimitedDescriptorTest/&lt;&gt;c::&lt;DelimitedDescriptor_WithTagAddProperties_AllTagsHaveParentDelimitationString&gt;b__8_0(Helpful.TextParser.Fluent.Interface.IDelimitedPropertyDescriptor`1&lt;Helpful.TextParser.Test.Fluent.DelimitedFooClass&gt;)</Name>
              <FileRef uid="11" />
              <SequencePoints>
                <SequencePoint vc="1" uspid="890" ordinal="0" offset="0" sl="125" sc="17" el="125" ec="18" bec="0" bev="0" fileid="11" />
                <SequencePoint vc="1" uspid="891" ordinal="1" offset="1" sl="126" sc="21" el="126" ec="85" bec="0" bev="0" fileid="11" />
                <SequencePoint vc="1" uspid="892" ordinal="2" offset="76" sl="127" sc="21" el="127" ec="88" bec="0" bev="0" fileid="11" />
                <SequencePoint vc="1" uspid="893" ordinal="3" offset="151" sl="128" sc="21" el="128" ec="121" bec="0" bev="0" fileid="11" />
                <SequencePoint vc="1" uspid="894" ordinal="4" offset="231" sl="129" sc="21" el="140" ec="28" bec="0" bev="0" fileid="11" />
                <SequencePoint vc="1" uspid="895" ordinal="5" offset="347" sl="141" sc="17" el="141" ec="18" bec="0" bev="0" fileid="11" />
              </SequencePoints>
              <BranchPoints />
              <MethodPoint xsi:type="SequencePoint" vc="1" uspid="890" ordinal="0" offset="0" sl="125" sc="17" el="125" ec="18" bec="0" bev="0" fileid="11" />
            </Method>
            <Method visited="true" cyclomaticComplexity="2" nPathComplexity="0" sequenceCoverage="100" branchCoverage="100" isConstructor="false" isStatic="false" isGetter="false" isSetter="false">
              <Summary numSequencePoints="5" visitedSequencePoints="5" numBranchPoints="1" visitedBranchPoints="1" sequenceCoverage="100" branchCoverage="100" maxCyclomaticComplexity="2" minCyclomaticComplexity="2" visitedClasses="0" numClasses="0" visitedMethods="1" numMethods="1" />
              <MetadataToken>100663511</MetadataToken>
              <Name>System.Void Helpful.TextParser.Test.Fluent.DelimitedDescriptorTest/&lt;&gt;c::&lt;DelimitedDescriptor_WithTagAddProperties_AllTagsHaveParentDelimitationString&gt;b__8_1(Helpful.TextParser.Fluent.Interface.IDelimitedPropertyDescriptor`1&lt;Helpful.TextParser.Test.Fluent.DelimitedChildFooClass&gt;)</Name>
              <FileRef uid="11" />
              <SequencePoints>
                <SequencePoint vc="1" uspid="898" ordinal="0" offset="0" sl="131" sc="25" el="131" ec="26" bec="0" bev="0" fileid="11" />
                <SequencePoint vc="1" uspid="899" ordinal="1" offset="1" sl="132" sc="29" el="132" ec="98" bec="0" bev="0" fileid="11" />
                <SequencePoint vc="1" uspid="900" ordinal="2" offset="76" sl="133" sc="29" el="133" ec="101" bec="0" bev="0" fileid="11" />
                <SequencePoint vc="1" uspid="901" ordinal="3" offset="151" sl="135" sc="29" el="139" ec="36" bec="0" bev="0" fileid="11" />
                <SequencePoint vc="1" uspid="902" ordinal="4" offset="267" sl="140" sc="25" el="140" ec="26" bec="0" bev="0" fileid="11" />
              </SequencePoints>
              <BranchPoints />
              <MethodPoint xsi:type="SequencePoint" vc="1" uspid="898" ordinal="0" offset="0" sl="131" sc="25" el="131" ec="26" bec="0" bev="0" fileid="11" />
            </Method>
            <Method visited="true" cyclomaticComplexity="1" nPathComplexity="0" sequenceCoverage="100" branchCoverage="100" isConstructor="false" isStatic="false" isGetter="false" isSetter="false">
              <Summary numSequencePoints="3" visitedSequencePoints="3" numBranchPoints="1" visitedBranchPoints="1" sequenceCoverage="100" branchCoverage="100" maxCyclomaticComplexity="1" minCyclomaticComplexity="1" visitedClasses="0" numClasses="0" visitedMethods="1" numMethods="1" />
              <MetadataToken>100663512</MetadataToken>
              <Name>System.Void Helpful.TextParser.Test.Fluent.DelimitedDescriptorTest/&lt;&gt;c::&lt;DelimitedDescriptor_WithTagAddProperties_AllTagsHaveParentDelimitationString&gt;b__8_2(Helpful.TextParser.Fluent.Interface.IDelimitedPropertyDescriptor`1&lt;Helpful.TextParser.Test.Fluent.DelimitedGrandChildFooClass&gt;)</Name>
              <FileRef uid="11" />
              <SequencePoints>
                <SequencePoint vc="1" uspid="905" ordinal="0" offset="0" sl="137" sc="33" el="137" ec="34" bec="0" bev="0" fileid="11" />
                <SequencePoint vc="1" uspid="906" ordinal="1" offset="1" sl="138" sc="37" el="138" ec="114" bec="0" bev="0" fileid="11" />
                <SequencePoint vc="1" uspid="907" ordinal="2" offset="76" sl="139" sc="33" el="139" ec="34" bec="0" bev="0" fileid="11" />
              </SequencePoints>
              <BranchPoints />
              <MethodPoint xsi:type="SequencePoint" vc="1" uspid="905" ordinal="0" offset="0" sl="137" sc="33" el="137" ec="34" bec="0" bev="0" fileid="11" />
            </Method>
            <Method visited="true" cyclomaticComplexity="1" nPathComplexity="0" sequenceCoverage="100" branchCoverage="100" isConstructor="false" isStatic="false" isGetter="false" isSetter="false">
              <Summary numSequencePoints="1" visitedSequencePoints="1" numBranchPoints="1" visitedBranchPoints="1" sequenceCoverage="100" branchCoverage="100" maxCyclomaticComplexity="1" minCyclomaticComplexity="1" visitedClasses="0" numClasses="0" visitedMethods="1" numMethods="1" />
              <MetadataToken>100663513</MetadataToken>
              <Name>System.Boolean Helpful.TextParser.Test.Fluent.DelimitedDescriptorTest/&lt;&gt;c::&lt;DelimitedDescriptor_WithTagAddProperties_AllTagsHaveParentDelimitationString&gt;b__8_3(Helpful.TextParser.Model.Element)</Name>
              <FileRef uid="11" />
              <SequencePoints>
                <SequencePoint vc="1" uspid="908" ordinal="0" offset="0" sl="143" sc="54" el="143" ec="78" bec="0" bev="0" fileid="11" />
              </SequencePoints>
              <BranchPoints />
              <MethodPoint xsi:type="SequencePoint" vc="1" uspid="908" ordinal="0" offset="0" sl="143" sc="54" el="143" ec="78" bec="0" bev="0" fileid="11" />
            </Method>
            <Method visited="true" cyclomaticComplexity="1" nPathComplexity="0" sequenceCoverage="100" branchCoverage="100" isConstructor="false" isStatic="false" isGetter="false" isSetter="false">
              <Summary numSequencePoints="1" visitedSequencePoints="1" numBranchPoints="1" visitedBranchPoints="1" sequenceCoverage="100" branchCoverage="100" maxCyclomaticComplexity="1" minCyclomaticComplexity="1" visitedClasses="0" numClasses="0" visitedMethods="1" numMethods="1" />
              <MetadataToken>100663514</MetadataToken>
              <Name>System.Boolean Helpful.TextParser.Test.Fluent.DelimitedDescriptorTest/&lt;&gt;c::&lt;DelimitedDescriptor_WithTagAddProperties_AllTagsHaveParentDelimitationString&gt;b__8_4(Helpful.TextParser.Model.Element)</Name>
              <FileRef uid="11" />
              <SequencePoints>
                <SequencePoint vc="1" uspid="909" ordinal="0" offset="0" sl="144" sc="54" el="144" ec="78" bec="0" bev="0" fileid="11" />
              </SequencePoints>
              <BranchPoints />
              <MethodPoint xsi:type="SequencePoint" vc="1" uspid="909" ordinal="0" offset="0" sl="144" sc="54" el="144" ec="78" bec="0" bev="0" fileid="11" />
            </Method>
            <Method visited="true" cyclomaticComplexity="1" nPathComplexity="0" sequenceCoverage="100" branchCoverage="100" isConstructor="false" isStatic="false" isGetter="false" isSetter="false">
              <Summary numSequencePoints="1" visitedSequencePoints="1" numBranchPoints="1" visitedBranchPoints="1" sequenceCoverage="100" branchCoverage="100" maxCyclomaticComplexity="1" minCyclomaticComplexity="1" visitedClasses="0" numClasses="0" visitedMethods="1" numMethods="1" />
              <MetadataToken>100663515</MetadataToken>
              <Name>System.Boolean Helpful.TextParser.Test.Fluent.DelimitedDescriptorTest/&lt;&gt;c::&lt;DelimitedDescriptor_WithTagAddProperties_AllTagsHaveParentDelimitationString&gt;b__8_5(Helpful.TextParser.Model.Element)</Name>
              <FileRef uid="11" />
              <SequencePoints>
                <SequencePoint vc="1" uspid="910" ordinal="0" offset="0" sl="145" sc="54" el="145" ec="78" bec="0" bev="0" fileid="11" />
              </SequencePoints>
              <BranchPoints />
              <MethodPoint xsi:type="SequencePoint" vc="1" uspid="910" ordinal="0" offset="0" sl="145" sc="54" el="145" ec="78" bec="0" bev="0" fileid="11" />
            </Method>
            <Method visited="true" cyclomaticComplexity="1" nPathComplexity="0" sequenceCoverage="100" branchCoverage="100" isConstructor="false" isStatic="false" isGetter="false" isSetter="false">
              <Summary numSequencePoints="1" visitedSequencePoints="1" numBranchPoints="1" visitedBranchPoints="1" sequenceCoverage="100" branchCoverage="100" maxCyclomaticComplexity="1" minCyclomaticComplexity="1" visitedClasses="0" numClasses="0" visitedMethods="1" numMethods="1" />
              <MetadataToken>100663516</MetadataToken>
              <Name>System.Boolean Helpful.TextParser.Test.Fluent.DelimitedDescriptorTest/&lt;&gt;c::&lt;DelimitedDescriptor_WithTagAddProperties_AllTagsHaveParentDelimitationString&gt;b__8_6(Helpful.TextParser.Model.Element)</Name>
              <FileRef uid="11" />
              <SequencePoints>
                <SequencePoint vc="2" uspid="911" ordinal="0" offset="0" sl="147" sc="54" el="147" ec="78" bec="0" bev="0" fileid="11" />
              </SequencePoints>
              <BranchPoints />
              <MethodPoint xsi:type="SequencePoint" vc="2" uspid="911" ordinal="0" offset="0" sl="147" sc="54" el="147" ec="78" bec="0" bev="0" fileid="11" />
            </Method>
            <Method visited="true" cyclomaticComplexity="1" nPathComplexity="0" sequenceCoverage="100" branchCoverage="100" isConstructor="false" isStatic="false" isGetter="false" isSetter="false">
              <Summary numSequencePoints="1" visitedSequencePoints="1" numBranchPoints="1" visitedBranchPoints="1" sequenceCoverage="100" branchCoverage="100" maxCyclomaticComplexity="1" minCyclomaticComplexity="1" visitedClasses="0" numClasses="0" visitedMethods="1" numMethods="1" />
              <MetadataToken>100663517</MetadataToken>
              <Name>System.Boolean Helpful.TextParser.Test.Fluent.DelimitedDescriptorTest/&lt;&gt;c::&lt;DelimitedDescriptor_WithTagAddProperties_AllTagsHaveParentDelimitationString&gt;b__8_7(Helpful.TextParser.Model.Element)</Name>
              <FileRef uid="11" />
              <SequencePoints>
                <SequencePoint vc="2" uspid="912" ordinal="0" offset="0" sl="148" sc="54" el="148" ec="78" bec="0" bev="0" fileid="11" />
              </SequencePoints>
              <BranchPoints />
              <MethodPoint xsi:type="SequencePoint" vc="2" uspid="912" ordinal="0" offset="0" sl="148" sc="54" el="148" ec="78" bec="0" bev="0" fileid="11" />
            </Method>
            <Method visited="true" cyclomaticComplexity="1" nPathComplexity="0" sequenceCoverage="100" branchCoverage="100" isConstructor="false" isStatic="false" isGetter="false" isSetter="false">
              <Summary numSequencePoints="1" visitedSequencePoints="1" numBranchPoints="1" visitedBranchPoints="1" sequenceCoverage="100" branchCoverage="100" maxCyclomaticComplexity="1" minCyclomaticComplexity="1" visitedClasses="0" numClasses="0" visitedMethods="1" numMethods="1" />
              <MetadataToken>100663518</MetadataToken>
              <Name>System.Boolean Helpful.TextParser.Test.Fluent.DelimitedDescriptorTest/&lt;&gt;c::&lt;DelimitedDescriptor_WithTagAddProperties_AllTagsHaveParentDelimitationString&gt;b__8_8(Helpful.TextParser.Model.Element)</Name>
              <FileRef uid="11" />
              <SequencePoints>
                <SequencePoint vc="2" uspid="913" ordinal="0" offset="0" sl="149" sc="54" el="149" ec="78" bec="0" bev="0" fileid="11" />
              </SequencePoints>
              <BranchPoints />
              <MethodPoint xsi:type="SequencePoint" vc="2" uspid="913" ordinal="0" offset="0" sl="149" sc="54" el="149" ec="78" bec="0" bev="0" fileid="11" />
            </Method>
            <Method visited="true" cyclomaticComplexity="1" nPathComplexity="0" sequenceCoverage="100" branchCoverage="100" isConstructor="false" isStatic="false" isGetter="false" isSetter="false">
              <Summary numSequencePoints="1" visitedSequencePoints="1" numBranchPoints="1" visitedBranchPoints="1" sequenceCoverage="100" branchCoverage="100" maxCyclomaticComplexity="1" minCyclomaticComplexity="1" visitedClasses="0" numClasses="0" visitedMethods="1" numMethods="1" />
              <MetadataToken>100663519</MetadataToken>
              <Name>System.Boolean Helpful.TextParser.Test.Fluent.DelimitedDescriptorTest/&lt;&gt;c::&lt;DelimitedDescriptor_WithTagAddProperties_AllTagsHaveParentDelimitationString&gt;b__8_9(Helpful.TextParser.Model.Element)</Name>
              <FileRef uid="11" />
              <SequencePoints>
                <SequencePoint vc="3" uspid="914" ordinal="0" offset="0" sl="151" sc="54" el="151" ec="78" bec="0" bev="0" fileid="11" />
              </SequencePoints>
              <BranchPoints />
              <MethodPoint xsi:type="SequencePoint" vc="3" uspid="914" ordinal="0" offset="0" sl="151" sc="54" el="151" ec="78" bec="0" bev="0" fileid="11" />
            </Method>
            <Method visited="true" cyclomaticComplexity="1" nPathComplexity="0" sequenceCoverage="100" branchCoverage="100" isConstructor="false" isStatic="false" isGetter="false" isSetter="false">
              <Summary numSequencePoints="1" visitedSequencePoints="1" numBranchPoints="1" visitedBranchPoints="1" sequenceCoverage="100" branchCoverage="100" maxCyclomaticComplexity="1" minCyclomaticComplexity="1" visitedClasses="0" numClasses="0" visitedMethods="1" numMethods="1" />
              <MetadataToken>100663520</MetadataToken>
              <Name>System.Boolean Helpful.TextParser.Test.Fluent.DelimitedDescriptorTest/&lt;&gt;c::&lt;DelimitedDescriptor_WithTagAddProperties_AllTagsHaveParentDelimitationString&gt;b__8_10(Helpful.TextParser.Model.Element)</Name>
              <FileRef uid="11" />
              <SequencePoints>
                <SequencePoint vc="3" uspid="915" ordinal="0" offset="0" sl="152" sc="54" el="152" ec="78" bec="0" bev="0" fileid="11" />
              </SequencePoints>
              <BranchPoints />
              <MethodPoint xsi:type="SequencePoint" vc="3" uspid="915" ordinal="0" offset="0" sl="152" sc="54" el="152" ec="78" bec="0" bev="0" fileid="11" />
            </Method>
            <Method visited="true" cyclomaticComplexity="1" nPathComplexity="0" sequenceCoverage="100" branchCoverage="100" isConstructor="false" isStatic="false" isGetter="false" isSetter="false">
              <Summary numSequencePoints="1" visitedSequencePoints="1" numBranchPoints="1" visitedBranchPoints="1" sequenceCoverage="100" branchCoverage="100" maxCyclomaticComplexity="1" minCyclomaticComplexity="1" visitedClasses="0" numClasses="0" visitedMethods="1" numMethods="1" />
              <MetadataToken>100663521</MetadataToken>
              <Name>System.Boolean Helpful.TextParser.Test.Fluent.DelimitedDescriptorTest/&lt;&gt;c::&lt;DelimitedDescriptor_WithTagAddProperties_AllTagsHaveParentDelimitationString&gt;b__8_11(Helpful.TextParser.Model.Element)</Name>
              <FileRef uid="11" />
              <SequencePoints>
                <SequencePoint vc="3" uspid="916" ordinal="0" offset="0" sl="153" sc="54" el="153" ec="78" bec="0" bev="0" fileid="11" />
              </SequencePoints>
              <BranchPoints />
              <MethodPoint xsi:type="SequencePoint" vc="3" uspid="916" ordinal="0" offset="0" sl="153" sc="54" el="153" ec="78" bec="0" bev="0" fileid="11" />
            </Method>
            <Method visited="true" cyclomaticComplexity="1" nPathComplexity="0" sequenceCoverage="100" branchCoverage="100" isConstructor="false" isStatic="false" isGetter="false" isSetter="false">
              <Summary numSequencePoints="1" visitedSequencePoints="1" numBranchPoints="1" visitedBranchPoints="1" sequenceCoverage="100" branchCoverage="100" maxCyclomaticComplexity="1" minCyclomaticComplexity="1" visitedClasses="0" numClasses="0" visitedMethods="1" numMethods="1" />
              <MetadataToken>100663522</MetadataToken>
              <Name>System.Boolean Helpful.TextParser.Test.Fluent.DelimitedDescriptorTest/&lt;&gt;c::&lt;DelimitedDescriptor_WithTagAddProperties_AllTagsHaveParentDelimitationString&gt;b__8_12(Helpful.TextParser.Model.Element)</Name>
              <FileRef uid="11" />
              <SequencePoints>
                <SequencePoint vc="3" uspid="917" ordinal="0" offset="0" sl="154" sc="54" el="154" ec="78" bec="0" bev="0" fileid="11" />
              </SequencePoints>
              <BranchPoints />
              <MethodPoint xsi:type="SequencePoint" vc="3" uspid="917" ordinal="0" offset="0" sl="154" sc="54" el="154" ec="78" bec="0" bev="0" fileid="11" />
            </Method>
            <Method visited="true" cyclomaticComplexity="1" nPathComplexity="0" sequenceCoverage="100" branchCoverage="100" isConstructor="false" isStatic="false" isGetter="false" isSetter="false">
              <Summary numSequencePoints="1" visitedSequencePoints="1" numBranchPoints="1" visitedBranchPoints="1" sequenceCoverage="100" branchCoverage="100" maxCyclomaticComplexity="1" minCyclomaticComplexity="1" visitedClasses="0" numClasses="0" visitedMethods="1" numMethods="1" />
              <MetadataToken>100663523</MetadataToken>
              <Name>System.Boolean Helpful.TextParser.Test.Fluent.DelimitedDescriptorTest/&lt;&gt;c::&lt;DelimitedDescriptor_WithTagAddProperties_AllTagsHaveParentDelimitationString&gt;b__8_13(Helpful.TextParser.Model.Element)</Name>
              <FileRef uid="11" />
              <SequencePoints>
                <SequencePoint vc="3" uspid="918" ordinal="0" offset="0" sl="155" sc="54" el="155" ec="78" bec="0" bev="0" fileid="11" />
              </SequencePoints>
              <BranchPoints />
              <MethodPoint xsi:type="SequencePoint" vc="3" uspid="918" ordinal="0" offset="0" sl="155" sc="54" el="155" ec="78" bec="0" bev="0" fileid="11" />
            </Method>
            <Method visited="true" cyclomaticComplexity="1" nPathComplexity="0" sequenceCoverage="100" branchCoverage="100" isConstructor="false" isStatic="false" isGetter="false" isSetter="false">
              <Summary numSequencePoints="1" visitedSequencePoints="1" numBranchPoints="1" visitedBranchPoints="1" sequenceCoverage="100" branchCoverage="100" maxCyclomaticComplexity="1" minCyclomaticComplexity="1" visitedClasses="0" numClasses="0" visitedMethods="1" numMethods="1" />
              <MetadataToken>100663524</MetadataToken>
              <Name>System.Boolean Helpful.TextParser.Test.Fluent.DelimitedDescriptorTest/&lt;&gt;c::&lt;DelimitedDescriptor_WithTagAddProperties_AllTagsHaveParentDelimitationString&gt;b__8_14(Helpful.TextParser.Model.Element)</Name>
              <FileRef uid="11" />
              <SequencePoints>
                <SequencePoint vc="4" uspid="919" ordinal="0" offset="0" sl="157" sc="54" el="157" ec="78" bec="0" bev="0" fileid="11" />
              </SequencePoints>
              <BranchPoints />
              <MethodPoint xsi:type="SequencePoint" vc="4" uspid="919" ordinal="0" offset="0" sl="157" sc="54" el="157" ec="78" bec="0" bev="0" fileid="11" />
            </Method>
            <Method visited="true" cyclomaticComplexity="1" nPathComplexity="0" sequenceCoverage="100" branchCoverage="100" isConstructor="false" isStatic="false" isGetter="false" isSetter="false">
              <Summary numSequencePoints="1" visitedSequencePoints="1" numBranchPoints="1" visitedBranchPoints="1" sequenceCoverage="100" branchCoverage="100" maxCyclomaticComplexity="1" minCyclomaticComplexity="1" visitedClasses="0" numClasses="0" visitedMethods="1" numMethods="1" />
              <MetadataToken>100663525</MetadataToken>
              <Name>System.Boolean Helpful.TextParser.Test.Fluent.DelimitedDescriptorTest/&lt;&gt;c::&lt;DelimitedDescriptor_WithTagAddProperties_AllTagsHaveParentDelimitationString&gt;b__8_15(Helpful.TextParser.Model.Element)</Name>
              <FileRef uid="11" />
              <SequencePoints>
                <SequencePoint vc="4" uspid="920" ordinal="0" offset="0" sl="158" sc="54" el="158" ec="78" bec="0" bev="0" fileid="11" />
              </SequencePoints>
              <BranchPoints />
              <MethodPoint xsi:type="SequencePoint" vc="4" uspid="920" ordinal="0" offset="0" sl="158" sc="54" el="158" ec="78" bec="0" bev="0" fileid="11" />
            </Method>
            <Method visited="true" cyclomaticComplexity="1" nPathComplexity="0" sequenceCoverage="100" branchCoverage="100" isConstructor="false" isStatic="false" isGetter="false" isSetter="false">
              <Summary numSequencePoints="1" visitedSequencePoints="1" numBranchPoints="1" visitedBranchPoints="1" sequenceCoverage="100" branchCoverage="100" maxCyclomaticComplexity="1" minCyclomaticComplexity="1" visitedClasses="0" numClasses="0" visitedMethods="1" numMethods="1" />
              <MetadataToken>100663526</MetadataToken>
              <Name>System.Boolean Helpful.TextParser.Test.Fluent.DelimitedDescriptorTest/&lt;&gt;c::&lt;DelimitedDescriptor_WithTagAddProperties_AllTagsHaveParentDelimitationString&gt;b__8_16(Helpful.TextParser.Model.Element)</Name>
              <FileRef uid="11" />
              <SequencePoints>
                <SequencePoint vc="4" uspid="921" ordinal="0" offset="0" sl="159" sc="54" el="159" ec="78" bec="0" bev="0" fileid="11" />
              </SequencePoints>
              <BranchPoints />
              <MethodPoint xsi:type="SequencePoint" vc="4" uspid="921" ordinal="0" offset="0" sl="159" sc="54" el="159" ec="78" bec="0" bev="0" fileid="11" />
            </Method>
            <Method visited="true" cyclomaticComplexity="1" nPathComplexity="0" sequenceCoverage="100" branchCoverage="100" isConstructor="false" isStatic="false" isGetter="false" isSetter="false">
              <Summary numSequencePoints="1" visitedSequencePoints="1" numBranchPoints="1" visitedBranchPoints="1" sequenceCoverage="100" branchCoverage="100" maxCyclomaticComplexity="1" minCyclomaticComplexity="1" visitedClasses="0" numClasses="0" visitedMethods="1" numMethods="1" />
              <MetadataToken>100663527</MetadataToken>
              <Name>System.Boolean Helpful.TextParser.Test.Fluent.DelimitedDescriptorTest/&lt;&gt;c::&lt;DelimitedDescriptor_WithTagAddProperties_AllTagsHaveParentDelimitationString&gt;b__8_17(Helpful.TextParser.Model.Element)</Name>
              <FileRef uid="11" />
              <SequencePoints>
                <SequencePoint vc="4" uspid="922" ordinal="0" offset="0" sl="160" sc="54" el="160" ec="78" bec="0" bev="0" fileid="11" />
              </SequencePoints>
              <BranchPoints />
              <MethodPoint xsi:type="SequencePoint" vc="4" uspid="922" ordinal="0" offset="0" sl="160" sc="54" el="160" ec="78" bec="0" bev="0" fileid="11" />
            </Method>
            <Method visited="true" cyclomaticComplexity="1" nPathComplexity="0" sequenceCoverage="100" branchCoverage="100" isConstructor="false" isStatic="false" isGetter="false" isSetter="false">
              <Summary numSequencePoints="1" visitedSequencePoints="1" numBranchPoints="1" visitedBranchPoints="1" sequenceCoverage="100" branchCoverage="100" maxCyclomaticComplexity="1" minCyclomaticComplexity="1" visitedClasses="0" numClasses="0" visitedMethods="1" numMethods="1" />
              <MetadataToken>100663528</MetadataToken>
              <Name>System.Boolean Helpful.TextParser.Test.Fluent.DelimitedDescriptorTest/&lt;&gt;c::&lt;DelimitedDescriptor_WithTagAddProperties_AllTagsHaveParentDelimitationString&gt;b__8_18(Helpful.TextParser.Model.Element)</Name>
              <FileRef uid="11" />
              <SequencePoints>
                <SequencePoint vc="4" uspid="923" ordinal="0" offset="0" sl="161" sc="54" el="161" ec="78" bec="0" bev="0" fileid="11" />
              </SequencePoints>
              <BranchPoints />
              <MethodPoint xsi:type="SequencePoint" vc="4" uspid="923" ordinal="0" offset="0" sl="161" sc="54" el="161" ec="78" bec="0" bev="0" fileid="11" />
            </Method>
            <Method visited="true" cyclomaticComplexity="1" nPathComplexity="0" sequenceCoverage="100" branchCoverage="100" isConstructor="false" isStatic="false" isGetter="false" isSetter="false">
              <Summary numSequencePoints="1" visitedSequencePoints="1" numBranchPoints="1" visitedBranchPoints="1" sequenceCoverage="100" branchCoverage="100" maxCyclomaticComplexity="1" minCyclomaticComplexity="1" visitedClasses="0" numClasses="0" visitedMethods="1" numMethods="1" />
              <MetadataToken>100663529</MetadataToken>
              <Name>System.Boolean Helpful.TextParser.Test.Fluent.DelimitedDescriptorTest/&lt;&gt;c::&lt;DelimitedDescriptor_WithTagAddProperties_AllTagsHaveParentDelimitationString&gt;b__8_19(Helpful.TextParser.Model.Element)</Name>
              <FileRef uid="11" />
              <SequencePoints>
                <SequencePoint vc="4" uspid="924" ordinal="0" offset="0" sl="162" sc="54" el="162" ec="78" bec="0" bev="0" fileid="11" />
              </SequencePoints>
              <BranchPoints />
              <MethodPoint xsi:type="SequencePoint" vc="4" uspid="924" ordinal="0" offset="0" sl="162" sc="54" el="162" ec="78" bec="0" bev="0" fileid="11" />
            </Method>
            <Method visited="true" cyclomaticComplexity="1" nPathComplexity="0" sequenceCoverage="100" branchCoverage="100" isConstructor="false" isStatic="false" isGetter="false" isSetter="false">
              <Summary numSequencePoints="1" visitedSequencePoints="1" numBranchPoints="1" visitedBranchPoints="1" sequenceCoverage="100" branchCoverage="100" maxCyclomaticComplexity="1" minCyclomaticComplexity="1" visitedClasses="0" numClasses="0" visitedMethods="1" numMethods="1" />
              <MetadataToken>100663530</MetadataToken>
              <Name>System.Boolean Helpful.TextParser.Test.Fluent.DelimitedDescriptorTest/&lt;&gt;c::&lt;DelimitedDescriptor_WithTagAddProperties_AllTagsHaveParentDelimitationString&gt;b__8_20(Helpful.TextParser.Model.Element)</Name>
              <FileRef uid="11" />
              <SequencePoints>
                <SequencePoint vc="4" uspid="925" ordinal="0" offset="0" sl="164" sc="54" el="164" ec="78" bec="0" bev="0" fileid="11" />
              </SequencePoints>
              <BranchPoints />
              <MethodPoint xsi:type="SequencePoint" vc="4" uspid="925" ordinal="0" offset="0" sl="164" sc="54" el="164" ec="78" bec="0" bev="0" fileid="11" />
            </Method>
            <Method visited="true" cyclomaticComplexity="1" nPathComplexity="0" sequenceCoverage="100" branchCoverage="100" isConstructor="false" isStatic="false" isGetter="false" isSetter="false">
              <Summary numSequencePoints="1" visitedSequencePoints="1" numBranchPoints="1" visitedBranchPoints="1" sequenceCoverage="100" branchCoverage="100" maxCyclomaticComplexity="1" minCyclomaticComplexity="1" visitedClasses="0" numClasses="0" visitedMethods="1" numMethods="1" />
              <MetadataToken>100663531</MetadataToken>
              <Name>System.Boolean Helpful.TextParser.Test.Fluent.DelimitedDescriptorTest/&lt;&gt;c::&lt;DelimitedDescriptor_WithTagAddProperties_AllTagsHaveParentDelimitationString&gt;b__8_21(Helpful.TextParser.Model.Element)</Name>
              <FileRef uid="11" />
              <SequencePoints>
                <SequencePoint vc="1" uspid="926" ordinal="0" offset="0" sl="165" sc="47" el="165" ec="71" bec="0" bev="0" fileid="11" />
              </SequencePoints>
              <BranchPoints />
              <MethodPoint xsi:type="SequencePoint" vc="1" uspid="926" ordinal="0" offset="0" sl="165" sc="47" el="165" ec="71" bec="0" bev="0" fileid="11" />
            </Method>
            <Method visited="true" cyclomaticComplexity="1" nPathComplexity="0" sequenceCoverage="100" branchCoverage="100" isConstructor="false" isStatic="false" isGetter="false" isSetter="false">
              <Summary numSequencePoints="1" visitedSequencePoints="1" numBranchPoints="1" visitedBranchPoints="1" sequenceCoverage="100" branchCoverage="100" maxCyclomaticComplexity="1" minCyclomaticComplexity="1" visitedClasses="0" numClasses="0" visitedMethods="1" numMethods="1" />
              <MetadataToken>100663532</MetadataToken>
              <Name>System.Boolean Helpful.TextParser.Test.Fluent.DelimitedDescriptorTest/&lt;&gt;c::&lt;DelimitedDescriptor_WithTagAddProperties_AllTagsHaveParentDelimitationString&gt;b__8_22(Helpful.TextParser.Model.Element)</Name>
              <FileRef uid="11" />
              <SequencePoints>
                <SequencePoint vc="4" uspid="927" ordinal="0" offset="0" sl="166" sc="54" el="166" ec="78" bec="0" bev="0" fileid="11" />
              </SequencePoints>
              <BranchPoints />
              <MethodPoint xsi:type="SequencePoint" vc="4" uspid="927" ordinal="0" offset="0" sl="166" sc="54" el="166" ec="78" bec="0" bev="0" fileid="11" />
            </Method>
            <Method visited="true" cyclomaticComplexity="1" nPathComplexity="0" sequenceCoverage="100" branchCoverage="100" isConstructor="false" isStatic="false" isGetter="false" isSetter="false">
              <Summary numSequencePoints="1" visitedSequencePoints="1" numBranchPoints="1" visitedBranchPoints="1" sequenceCoverage="100" branchCoverage="100" maxCyclomaticComplexity="1" minCyclomaticComplexity="1" visitedClasses="0" numClasses="0" visitedMethods="1" numMethods="1" />
              <MetadataToken>100663533</MetadataToken>
              <Name>System.Boolean Helpful.TextParser.Test.Fluent.DelimitedDescriptorTest/&lt;&gt;c::&lt;DelimitedDescriptor_WithTagAddProperties_AllTagsHaveParentDelimitationString&gt;b__8_23(Helpful.TextParser.Model.Element)</Name>
              <FileRef uid="11" />
              <SequencePoints>
                <SequencePoint vc="1" uspid="928" ordinal="0" offset="0" sl="167" sc="47" el="167" ec="71" bec="0" bev="0" fileid="11" />
              </SequencePoints>
              <BranchPoints />
              <MethodPoint xsi:type="SequencePoint" vc="1" uspid="928" ordinal="0" offset="0" sl="167" sc="47" el="167" ec="71" bec="0" bev="0" fileid="11" />
            </Method>
            <Method visited="true" cyclomaticComplexity="1" nPathComplexity="0" sequenceCoverage="100" branchCoverage="100" isConstructor="false" isStatic="false" isGetter="false" isSetter="false">
              <Summary numSequencePoints="1" visitedSequencePoints="1" numBranchPoints="1" visitedBranchPoints="1" sequenceCoverage="100" branchCoverage="100" maxCyclomaticComplexity="1" minCyclomaticComplexity="1" visitedClasses="0" numClasses="0" visitedMethods="1" numMethods="1" />
              <MetadataToken>100663534</MetadataToken>
              <Name>System.Boolean Helpful.TextParser.Test.Fluent.DelimitedDescriptorTest/&lt;&gt;c::&lt;DelimitedDescriptor_WithTagAddProperties_AllTagsHaveParentDelimitationString&gt;b__8_24(Helpful.TextParser.Model.Element)</Name>
              <FileRef uid="11" />
              <SequencePoints>
                <SequencePoint vc="4" uspid="929" ordinal="0" offset="0" sl="168" sc="54" el="168" ec="78" bec="0" bev="0" fileid="11" />
              </SequencePoints>
              <BranchPoints />
              <MethodPoint xsi:type="SequencePoint" vc="4" uspid="929" ordinal="0" offset="0" sl="168" sc="54" el="168" ec="78" bec="0" bev="0" fileid="11" />
            </Method>
            <Method visited="true" cyclomaticComplexity="1" nPathComplexity="0" sequenceCoverage="100" branchCoverage="100" isConstructor="false" isStatic="false" isGetter="false" isSetter="false">
              <Summary numSequencePoints="1" visitedSequencePoints="1" numBranchPoints="1" visitedBranchPoints="1" sequenceCoverage="100" branchCoverage="100" maxCyclomaticComplexity="1" minCyclomaticComplexity="1" visitedClasses="0" numClasses="0" visitedMethods="1" numMethods="1" />
              <MetadataToken>100663535</MetadataToken>
              <Name>System.Boolean Helpful.TextParser.Test.Fluent.DelimitedDescriptorTest/&lt;&gt;c::&lt;DelimitedDescriptor_WithTagAddProperties_AllTagsHaveParentDelimitationString&gt;b__8_25(Helpful.TextParser.Model.Element)</Name>
              <FileRef uid="11" />
              <SequencePoints>
                <SequencePoint vc="1" uspid="930" ordinal="0" offset="0" sl="169" sc="48" el="169" ec="72" bec="0" bev="0" fileid="11" />
              </SequencePoints>
              <BranchPoints />
              <MethodPoint xsi:type="SequencePoint" vc="1" uspid="930" ordinal="0" offset="0" sl="169" sc="48" el="169" ec="72" bec="0" bev="0" fileid="11" />
            </Method>
            <Method visited="true" cyclomaticComplexity="1" nPathComplexity="0" sequenceCoverage="100" branchCoverage="100" isConstructor="false" isStatic="false" isGetter="false" isSetter="false">
              <Summary numSequencePoints="1" visitedSequencePoints="1" numBranchPoints="1" visitedBranchPoints="1" sequenceCoverage="100" branchCoverage="100" maxCyclomaticComplexity="1" minCyclomaticComplexity="1" visitedClasses="0" numClasses="0" visitedMethods="1" numMethods="1" />
              <MetadataToken>100663536</MetadataToken>
              <Name>System.Boolean Helpful.TextParser.Test.Fluent.DelimitedDescriptorTest/&lt;&gt;c::&lt;DelimitedDescriptor_WithTagAddProperties_AllTagsHaveParentDelimitationString&gt;b__8_26(Helpful.TextParser.Model.Element)</Name>
              <FileRef uid="11" />
              <SequencePoints>
                <SequencePoint vc="4" uspid="931" ordinal="0" offset="0" sl="171" sc="54" el="171" ec="78" bec="0" bev="0" fileid="11" />
              </SequencePoints>
              <BranchPoints />
              <MethodPoint xsi:type="SequencePoint" vc="4" uspid="931" ordinal="0" offset="0" sl="171" sc="54" el="171" ec="78" bec="0" bev="0" fileid="11" />
            </Method>
            <Method visited="true" cyclomaticComplexity="1" nPathComplexity="0" sequenceCoverage="100" branchCoverage="100" isConstructor="false" isStatic="false" isGetter="false" isSetter="false">
              <Summary numSequencePoints="1" visitedSequencePoints="1" numBranchPoints="1" visitedBranchPoints="1" sequenceCoverage="100" branchCoverage="100" maxCyclomaticComplexity="1" minCyclomaticComplexity="1" visitedClasses="0" numClasses="0" visitedMethods="1" numMethods="1" />
              <MetadataToken>100663537</MetadataToken>
              <Name>System.Boolean Helpful.TextParser.Test.Fluent.DelimitedDescriptorTest/&lt;&gt;c::&lt;DelimitedDescriptor_WithTagAddProperties_AllTagsHaveParentDelimitationString&gt;b__8_27(Helpful.TextParser.Model.Element)</Name>
              <FileRef uid="11" />
              <SequencePoints>
                <SequencePoint vc="2" uspid="932" ordinal="0" offset="0" sl="172" sc="47" el="172" ec="71" bec="0" bev="0" fileid="11" />
              </SequencePoints>
              <BranchPoints />
              <MethodPoint xsi:type="SequencePoint" vc="2" uspid="932" ordinal="0" offset="0" sl="172" sc="47" el="172" ec="71" bec="0" bev="0" fileid="11" />
            </Method>
            <Method visited="true" cyclomaticComplexity="1" nPathComplexity="0" sequenceCoverage="100" branchCoverage="100" isConstructor="false" isStatic="false" isGetter="false" isSetter="false">
              <Summary numSequencePoints="1" visitedSequencePoints="1" numBranchPoints="1" visitedBranchPoints="1" sequenceCoverage="100" branchCoverage="100" maxCyclomaticComplexity="1" minCyclomaticComplexity="1" visitedClasses="0" numClasses="0" visitedMethods="1" numMethods="1" />
              <MetadataToken>100663538</MetadataToken>
              <Name>System.Boolean Helpful.TextParser.Test.Fluent.DelimitedDescriptorTest/&lt;&gt;c::&lt;DelimitedDescriptor_WithTagAddProperties_AllTagsHaveParentDelimitationString&gt;b__8_28(Helpful.TextParser.Model.Element)</Name>
              <FileRef uid="11" />
              <SequencePoints>
                <SequencePoint vc="4" uspid="933" ordinal="0" offset="0" sl="173" sc="54" el="173" ec="78" bec="0" bev="0" fileid="11" />
              </SequencePoints>
              <BranchPoints />
              <MethodPoint xsi:type="SequencePoint" vc="4" uspid="933" ordinal="0" offset="0" sl="173" sc="54" el="173" ec="78" bec="0" bev="0" fileid="11" />
            </Method>
            <Method visited="true" cyclomaticComplexity="1" nPathComplexity="0" sequenceCoverage="100" branchCoverage="100" isConstructor="false" isStatic="false" isGetter="false" isSetter="false">
              <Summary numSequencePoints="1" visitedSequencePoints="1" numBranchPoints="1" visitedBranchPoints="1" sequenceCoverage="100" branchCoverage="100" maxCyclomaticComplexity="1" minCyclomaticComplexity="1" visitedClasses="0" numClasses="0" visitedMethods="1" numMethods="1" />
              <MetadataToken>100663539</MetadataToken>
              <Name>System.Boolean Helpful.TextParser.Test.Fluent.DelimitedDescriptorTest/&lt;&gt;c::&lt;DelimitedDescriptor_WithTagAddProperties_AllTagsHaveParentDelimitationString&gt;b__8_29(Helpful.TextParser.Model.Element)</Name>
              <FileRef uid="11" />
              <SequencePoints>
                <SequencePoint vc="2" uspid="934" ordinal="0" offset="0" sl="174" sc="47" el="174" ec="71" bec="0" bev="0" fileid="11" />
              </SequencePoints>
              <BranchPoints />
              <MethodPoint xsi:type="SequencePoint" vc="2" uspid="934" ordinal="0" offset="0" sl="174" sc="47" el="174" ec="71" bec="0" bev="0" fileid="11" />
            </Method>
            <Method visited="true" cyclomaticComplexity="1" nPathComplexity="0" sequenceCoverage="100" branchCoverage="100" isConstructor="false" isStatic="false" isGetter="false" isSetter="false">
              <Summary numSequencePoints="1" visitedSequencePoints="1" numBranchPoints="1" visitedBranchPoints="1" sequenceCoverage="100" branchCoverage="100" maxCyclomaticComplexity="1" minCyclomaticComplexity="1" visitedClasses="0" numClasses="0" visitedMethods="1" numMethods="1" />
              <MetadataToken>100663540</MetadataToken>
              <Name>System.Boolean Helpful.TextParser.Test.Fluent.DelimitedDescriptorTest/&lt;&gt;c::&lt;DelimitedDescriptor_WithTagAddProperties_AllTagsHaveParentDelimitationString&gt;b__8_30(Helpful.TextParser.Model.Element)</Name>
              <FileRef uid="11" />
              <SequencePoints>
                <SequencePoint vc="4" uspid="935" ordinal="0" offset="0" sl="175" sc="54" el="175" ec="78" bec="0" bev="0" fileid="11" />
              </SequencePoints>
              <BranchPoints />
              <MethodPoint xsi:type="SequencePoint" vc="4" uspid="935" ordinal="0" offset="0" sl="175" sc="54" el="175" ec="78" bec="0" bev="0" fileid="11" />
            </Method>
            <Method visited="true" cyclomaticComplexity="1" nPathComplexity="0" sequenceCoverage="100" branchCoverage="100" isConstructor="false" isStatic="false" isGetter="false" isSetter="false">
              <Summary numSequencePoints="1" visitedSequencePoints="1" numBranchPoints="1" visitedBranchPoints="1" sequenceCoverage="100" branchCoverage="100" maxCyclomaticComplexity="1" minCyclomaticComplexity="1" visitedClasses="0" numClasses="0" visitedMethods="1" numMethods="1" />
              <MetadataToken>100663541</MetadataToken>
              <Name>System.Boolean Helpful.TextParser.Test.Fluent.DelimitedDescriptorTest/&lt;&gt;c::&lt;DelimitedDescriptor_WithTagAddProperties_AllTagsHaveParentDelimitationString&gt;b__8_31(Helpful.TextParser.Model.Element)</Name>
              <FileRef uid="11" />
              <SequencePoints>
                <SequencePoint vc="2" uspid="936" ordinal="0" offset="0" sl="176" sc="48" el="176" ec="72" bec="0" bev="0" fileid="11" />
              </SequencePoints>
              <BranchPoints />
              <MethodPoint xsi:type="SequencePoint" vc="2" uspid="936" ordinal="0" offset="0" sl="176" sc="48" el="176" ec="72" bec="0" bev="0" fileid="11" />
            </Method>
            <Method visited="true" cyclomaticComplexity="1" nPathComplexity="0" sequenceCoverage="100" branchCoverage="100" isConstructor="false" isStatic="false" isGetter="false" isSetter="false">
              <Summary numSequencePoints="1" visitedSequencePoints="1" numBranchPoints="1" visitedBranchPoints="1" sequenceCoverage="100" branchCoverage="100" maxCyclomaticComplexity="1" minCyclomaticComplexity="1" visitedClasses="0" numClasses="0" visitedMethods="1" numMethods="1" />
              <MetadataToken>100663542</MetadataToken>
              <Name>System.Boolean Helpful.TextParser.Test.Fluent.DelimitedDescriptorTest/&lt;&gt;c::&lt;DelimitedDescriptor_WithTagAddProperties_AllTagsHaveParentDelimitationString&gt;b__8_32(Helpful.TextParser.Model.Element)</Name>
              <FileRef uid="11" />
              <SequencePoints>
                <SequencePoint vc="4" uspid="937" ordinal="0" offset="0" sl="178" sc="54" el="178" ec="78" bec="0" bev="0" fileid="11" />
              </SequencePoints>
              <BranchPoints />
              <MethodPoint xsi:type="SequencePoint" vc="4" uspid="937" ordinal="0" offset="0" sl="178" sc="54" el="178" ec="78" bec="0" bev="0" fileid="11" />
            </Method>
            <Method visited="true" cyclomaticComplexity="1" nPathComplexity="0" sequenceCoverage="100" branchCoverage="100" isConstructor="false" isStatic="false" isGetter="false" isSetter="false">
              <Summary numSequencePoints="1" visitedSequencePoints="1" numBranchPoints="1" visitedBranchPoints="1" sequenceCoverage="100" branchCoverage="100" maxCyclomaticComplexity="1" minCyclomaticComplexity="1" visitedClasses="0" numClasses="0" visitedMethods="1" numMethods="1" />
              <MetadataToken>100663543</MetadataToken>
              <Name>System.Boolean Helpful.TextParser.Test.Fluent.DelimitedDescriptorTest/&lt;&gt;c::&lt;DelimitedDescriptor_WithTagAddProperties_AllTagsHaveParentDelimitationString&gt;b__8_33(Helpful.TextParser.Model.Element)</Name>
              <FileRef uid="11" />
              <SequencePoints>
                <SequencePoint vc="3" uspid="938" ordinal="0" offset="0" sl="179" sc="48" el="179" ec="72" bec="0" bev="0" fileid="11" />
              </SequencePoints>
              <BranchPoints />
              <MethodPoint xsi:type="SequencePoint" vc="3" uspid="938" ordinal="0" offset="0" sl="179" sc="48" el="179" ec="72" bec="0" bev="0" fileid="11" />
            </Method>
            <Method visited="true" cyclomaticComplexity="1" nPathComplexity="0" sequenceCoverage="100" branchCoverage="100" isConstructor="false" isStatic="false" isGetter="false" isSetter="false">
              <Summary numSequencePoints="1" visitedSequencePoints="1" numBranchPoints="1" visitedBranchPoints="1" sequenceCoverage="100" branchCoverage="100" maxCyclomaticComplexity="1" minCyclomaticComplexity="1" visitedClasses="0" numClasses="0" visitedMethods="1" numMethods="1" />
              <MetadataToken>100663544</MetadataToken>
              <Name>System.Boolean Helpful.TextParser.Test.Fluent.DelimitedDescriptorTest/&lt;&gt;c::&lt;DelimitedDescriptor_WithTagAddProperties_AllTagsHaveParentDelimitationString&gt;b__8_34(Helpful.TextParser.Model.Element)</Name>
              <FileRef uid="11" />
              <SequencePoints>
                <SequencePoint vc="4" uspid="939" ordinal="0" offset="0" sl="180" sc="54" el="180" ec="78" bec="0" bev="0" fileid="11" />
              </SequencePoints>
              <BranchPoints />
              <MethodPoint xsi:type="SequencePoint" vc="4" uspid="939" ordinal="0" offset="0" sl="180" sc="54" el="180" ec="78" bec="0" bev="0" fileid="11" />
            </Method>
            <Method visited="true" cyclomaticComplexity="1" nPathComplexity="0" sequenceCoverage="100" branchCoverage="100" isConstructor="false" isStatic="false" isGetter="false" isSetter="false">
              <Summary numSequencePoints="1" visitedSequencePoints="1" numBranchPoints="1" visitedBranchPoints="1" sequenceCoverage="100" branchCoverage="100" maxCyclomaticComplexity="1" minCyclomaticComplexity="1" visitedClasses="0" numClasses="0" visitedMethods="1" numMethods="1" />
              <MetadataToken>100663545</MetadataToken>
              <Name>System.Boolean Helpful.TextParser.Test.Fluent.DelimitedDescriptorTest/&lt;&gt;c::&lt;DelimitedDescriptor_WithTagAddProperties_AllTagsHaveParentDelimitationString&gt;b__8_35(Helpful.TextParser.Model.Element)</Name>
              <FileRef uid="11" />
              <SequencePoints>
                <SequencePoint vc="3" uspid="940" ordinal="0" offset="0" sl="181" sc="48" el="181" ec="72" bec="0" bev="0" fileid="11" />
              </SequencePoints>
              <BranchPoints />
              <MethodPoint xsi:type="SequencePoint" vc="3" uspid="940" ordinal="0" offset="0" sl="181" sc="48" el="181" ec="72" bec="0" bev="0" fileid="11" />
            </Method>
            <Method visited="true" cyclomaticComplexity="1" nPathComplexity="0" sequenceCoverage="100" branchCoverage="100" isConstructor="false" isStatic="false" isGetter="false" isSetter="false">
              <Summary numSequencePoints="1" visitedSequencePoints="1" numBranchPoints="1" visitedBranchPoints="1" sequenceCoverage="100" branchCoverage="100" maxCyclomaticComplexity="1" minCyclomaticComplexity="1" visitedClasses="0" numClasses="0" visitedMethods="1" numMethods="1" />
              <MetadataToken>100663546</MetadataToken>
              <Name>System.Boolean Helpful.TextParser.Test.Fluent.DelimitedDescriptorTest/&lt;&gt;c::&lt;DelimitedDescriptor_WithTagAddProperties_AllTagsHaveParentDelimitationString&gt;b__8_36(Helpful.TextParser.Model.Element)</Name>
              <FileRef uid="11" />
              <SequencePoints>
                <SequencePoint vc="4" uspid="941" ordinal="0" offset="0" sl="182" sc="54" el="182" ec="78" bec="0" bev="0" fileid="11" />
              </SequencePoints>
              <BranchPoints />
              <MethodPoint xsi:type="SequencePoint" vc="4" uspid="941" ordinal="0" offset="0" sl="182" sc="54" el="182" ec="78" bec="0" bev="0" fileid="11" />
            </Method>
            <Method visited="true" cyclomaticComplexity="1" nPathComplexity="0" sequenceCoverage="100" branchCoverage="100" isConstructor="false" isStatic="false" isGetter="false" isSetter="false">
              <Summary numSequencePoints="1" visitedSequencePoints="1" numBranchPoints="1" visitedBranchPoints="1" sequenceCoverage="100" branchCoverage="100" maxCyclomaticComplexity="1" minCyclomaticComplexity="1" visitedClasses="0" numClasses="0" visitedMethods="1" numMethods="1" />
              <MetadataToken>100663547</MetadataToken>
              <Name>System.Boolean Helpful.TextParser.Test.Fluent.DelimitedDescriptorTest/&lt;&gt;c::&lt;DelimitedDescriptor_WithTagAddProperties_AllTagsHaveParentDelimitationString&gt;b__8_37(Helpful.TextParser.Model.Element)</Name>
              <FileRef uid="11" />
              <SequencePoints>
                <SequencePoint vc="3" uspid="942" ordinal="0" offset="0" sl="183" sc="48" el="183" ec="72" bec="0" bev="0" fileid="11" />
              </SequencePoints>
              <BranchPoints />
              <MethodPoint xsi:type="SequencePoint" vc="3" uspid="942" ordinal="0" offset="0" sl="183" sc="48" el="183" ec="72" bec="0" bev="0" fileid="11" />
            </Method>
            <Method visited="true" cyclomaticComplexity="1" nPathComplexity="0" sequenceCoverage="100" branchCoverage="100" isConstructor="false" isStatic="false" isGetter="false" isSetter="false">
              <Summary numSequencePoints="1" visitedSequencePoints="1" numBranchPoints="1" visitedBranchPoints="1" sequenceCoverage="100" branchCoverage="100" maxCyclomaticComplexity="1" minCyclomaticComplexity="1" visitedClasses="0" numClasses="0" visitedMethods="1" numMethods="1" />
              <MetadataToken>100663548</MetadataToken>
              <Name>System.Boolean Helpful.TextParser.Test.Fluent.DelimitedDescriptorTest/&lt;&gt;c::&lt;DelimitedDescriptor_WithTagAddProperties_AllTagsHaveParentDelimitationString&gt;b__8_38(Helpful.TextParser.Model.Element)</Name>
              <FileRef uid="11" />
              <SequencePoints>
                <SequencePoint vc="4" uspid="943" ordinal="0" offset="0" sl="184" sc="54" el="184" ec="78" bec="0" bev="0" fileid="11" />
              </SequencePoints>
              <BranchPoints />
              <MethodPoint xsi:type="SequencePoint" vc="4" uspid="943" ordinal="0" offset="0" sl="184" sc="54" el="184" ec="78" bec="0" bev="0" fileid="11" />
            </Method>
            <Method visited="true" cyclomaticComplexity="1" nPathComplexity="0" sequenceCoverage="100" branchCoverage="100" isConstructor="false" isStatic="false" isGetter="false" isSetter="false">
              <Summary numSequencePoints="1" visitedSequencePoints="1" numBranchPoints="1" visitedBranchPoints="1" sequenceCoverage="100" branchCoverage="100" maxCyclomaticComplexity="1" minCyclomaticComplexity="1" visitedClasses="0" numClasses="0" visitedMethods="1" numMethods="1" />
              <MetadataToken>100663549</MetadataToken>
              <Name>System.Boolean Helpful.TextParser.Test.Fluent.DelimitedDescriptorTest/&lt;&gt;c::&lt;DelimitedDescriptor_WithTagAddProperties_AllTagsHaveParentDelimitationString&gt;b__8_39(Helpful.TextParser.Model.Element)</Name>
              <FileRef uid="11" />
              <SequencePoints>
                <SequencePoint vc="3" uspid="944" ordinal="0" offset="0" sl="185" sc="48" el="185" ec="72" bec="0" bev="0" fileid="11" />
              </SequencePoints>
              <BranchPoints />
              <MethodPoint xsi:type="SequencePoint" vc="3" uspid="944" ordinal="0" offset="0" sl="185" sc="48" el="185" ec="72" bec="0" bev="0" fileid="11" />
            </Method>
            <Method visited="true" cyclomaticComplexity="1" nPathComplexity="0" sequenceCoverage="100" branchCoverage="100" isConstructor="false" isStatic="false" isGetter="false" isSetter="false">
              <Summary numSequencePoints="1" visitedSequencePoints="1" numBranchPoints="1" visitedBranchPoints="1" sequenceCoverage="100" branchCoverage="100" maxCyclomaticComplexity="1" minCyclomaticComplexity="1" visitedClasses="0" numClasses="0" visitedMethods="1" numMethods="1" />
              <MetadataToken>100663550</MetadataToken>
              <Name>System.Boolean Helpful.TextParser.Test.Fluent.DelimitedDescriptorTest/&lt;&gt;c::&lt;DelimitedDescriptor_WithTagAddProperties_AllTagsHaveParentDelimitationString&gt;b__8_40(Helpful.TextParser.Model.Element)</Name>
              <FileRef uid="11" />
              <SequencePoints>
                <SequencePoint vc="4" uspid="945" ordinal="0" offset="0" sl="186" sc="54" el="186" ec="78" bec="0" bev="0" fileid="11" />
              </SequencePoints>
              <BranchPoints />
              <MethodPoint xsi:type="SequencePoint" vc="4" uspid="945" ordinal="0" offset="0" sl="186" sc="54" el="186" ec="78" bec="0" bev="0" fileid="11" />
            </Method>
            <Method visited="true" cyclomaticComplexity="1" nPathComplexity="0" sequenceCoverage="100" branchCoverage="100" isConstructor="false" isStatic="false" isGetter="false" isSetter="false">
              <Summary numSequencePoints="1" visitedSequencePoints="1" numBranchPoints="1" visitedBranchPoints="1" sequenceCoverage="100" branchCoverage="100" maxCyclomaticComplexity="1" minCyclomaticComplexity="1" visitedClasses="0" numClasses="0" visitedMethods="1" numMethods="1" />
              <MetadataToken>100663551</MetadataToken>
              <Name>System.Boolean Helpful.TextParser.Test.Fluent.DelimitedDescriptorTest/&lt;&gt;c::&lt;DelimitedDescriptor_WithTagAddProperties_AllTagsHaveParentDelimitationString&gt;b__8_41(Helpful.TextParser.Model.Element)</Name>
              <FileRef uid="11" />
              <SequencePoints>
                <SequencePoint vc="3" uspid="946" ordinal="0" offset="0" sl="187" sc="48" el="187" ec="72" bec="0" bev="0" fileid="11" />
              </SequencePoints>
              <BranchPoints />
              <MethodPoint xsi:type="SequencePoint" vc="3" uspid="946" ordinal="0" offset="0" sl="187" sc="48" el="187" ec="72" bec="0" bev="0" fileid="11" />
            </Method>
            <Method visited="true" cyclomaticComplexity="1" nPathComplexity="0" sequenceCoverage="100" branchCoverage="100" isConstructor="false" isStatic="false" isGetter="false" isSetter="false">
              <Summary numSequencePoints="1" visitedSequencePoints="1" numBranchPoints="1" visitedBranchPoints="1" sequenceCoverage="100" branchCoverage="100" maxCyclomaticComplexity="1" minCyclomaticComplexity="1" visitedClasses="0" numClasses="0" visitedMethods="1" numMethods="1" />
              <MetadataToken>100663552</MetadataToken>
              <Name>System.Boolean Helpful.TextParser.Test.Fluent.DelimitedDescriptorTest/&lt;&gt;c::&lt;DelimitedDescriptor_WithTagAddProperties_AllTagsHaveParentDelimitationString&gt;b__8_42(Helpful.TextParser.Model.Element)</Name>
              <FileRef uid="11" />
              <SequencePoints>
                <SequencePoint vc="4" uspid="947" ordinal="0" offset="0" sl="188" sc="54" el="188" ec="78" bec="0" bev="0" fileid="11" />
              </SequencePoints>
              <BranchPoints />
              <MethodPoint xsi:type="SequencePoint" vc="4" uspid="947" ordinal="0" offset="0" sl="188" sc="54" el="188" ec="78" bec="0" bev="0" fileid="11" />
            </Method>
            <Method visited="true" cyclomaticComplexity="1" nPathComplexity="0" sequenceCoverage="100" branchCoverage="100" isConstructor="false" isStatic="false" isGetter="false" isSetter="false">
              <Summary numSequencePoints="1" visitedSequencePoints="1" numBranchPoints="1" visitedBranchPoints="1" sequenceCoverage="100" branchCoverage="100" maxCyclomaticComplexity="1" minCyclomaticComplexity="1" visitedClasses="0" numClasses="0" visitedMethods="1" numMethods="1" />
              <MetadataToken>100663553</MetadataToken>
              <Name>System.Boolean Helpful.TextParser.Test.Fluent.DelimitedDescriptorTest/&lt;&gt;c::&lt;DelimitedDescriptor_WithTagAddProperties_AllTagsHaveParentDelimitationString&gt;b__8_43(Helpful.TextParser.Model.Element)</Name>
              <FileRef uid="11" />
              <SequencePoints>
                <SequencePoint vc="3" uspid="948" ordinal="0" offset="0" sl="189" sc="48" el="189" ec="72" bec="0" bev="0" fileid="11" />
              </SequencePoints>
              <BranchPoints />
              <MethodPoint xsi:type="SequencePoint" vc="3" uspid="948" ordinal="0" offset="0" sl="189" sc="48" el="189" ec="72" bec="0" bev="0" fileid="11" />
            </Method>
            <Method visited="true" cyclomaticComplexity="1" nPathComplexity="0" sequenceCoverage="100" branchCoverage="100" isConstructor="false" isStatic="false" isGetter="false" isSetter="false">
              <Summary numSequencePoints="1" visitedSequencePoints="1" numBranchPoints="1" visitedBranchPoints="1" sequenceCoverage="100" branchCoverage="100" maxCyclomaticComplexity="1" minCyclomaticComplexity="1" visitedClasses="0" numClasses="0" visitedMethods="1" numMethods="1" />
              <MetadataToken>100663554</MetadataToken>
              <Name>System.Boolean Helpful.TextParser.Test.Fluent.DelimitedDescriptorTest/&lt;&gt;c::&lt;DelimitedDescriptor_WithTagAddProperties_AllTagsHaveParentDelimitationString&gt;b__8_44(Helpful.TextParser.Model.Element)</Name>
              <FileRef uid="11" />
              <SequencePoints>
                <SequencePoint vc="4" uspid="949" ordinal="0" offset="0" sl="191" sc="54" el="191" ec="78" bec="0" bev="0" fileid="11" />
              </SequencePoints>
              <BranchPoints />
              <MethodPoint xsi:type="SequencePoint" vc="4" uspid="949" ordinal="0" offset="0" sl="191" sc="54" el="191" ec="78" bec="0" bev="0" fileid="11" />
            </Method>
            <Method visited="true" cyclomaticComplexity="1" nPathComplexity="0" sequenceCoverage="100" branchCoverage="100" isConstructor="false" isStatic="false" isGetter="false" isSetter="false">
              <Summary numSequencePoints="1" visitedSequencePoints="1" numBranchPoints="1" visitedBranchPoints="1" sequenceCoverage="100" branchCoverage="100" maxCyclomaticComplexity="1" minCyclomaticComplexity="1" visitedClasses="0" numClasses="0" visitedMethods="1" numMethods="1" />
              <MetadataToken>100663555</MetadataToken>
              <Name>System.Boolean Helpful.TextParser.Test.Fluent.DelimitedDescriptorTest/&lt;&gt;c::&lt;DelimitedDescriptor_WithTagAddProperties_AllTagsHaveParentDelimitationString&gt;b__8_45(Helpful.TextParser.Model.Element)</Name>
              <FileRef uid="11" />
              <SequencePoints>
                <SequencePoint vc="3" uspid="950" ordinal="0" offset="0" sl="192" sc="48" el="192" ec="72" bec="0" bev="0" fileid="11" />
              </SequencePoints>
              <BranchPoints />
              <MethodPoint xsi:type="SequencePoint" vc="3" uspid="950" ordinal="0" offset="0" sl="192" sc="48" el="192" ec="72" bec="0" bev="0" fileid="11" />
            </Method>
            <Method visited="true" cyclomaticComplexity="1" nPathComplexity="0" sequenceCoverage="100" branchCoverage="100" isConstructor="false" isStatic="false" isGetter="false" isSetter="false">
              <Summary numSequencePoints="1" visitedSequencePoints="1" numBranchPoints="1" visitedBranchPoints="1" sequenceCoverage="100" branchCoverage="100" maxCyclomaticComplexity="1" minCyclomaticComplexity="1" visitedClasses="0" numClasses="0" visitedMethods="1" numMethods="1" />
              <MetadataToken>100663556</MetadataToken>
              <Name>System.Boolean Helpful.TextParser.Test.Fluent.DelimitedDescriptorTest/&lt;&gt;c::&lt;DelimitedDescriptor_WithTagAddProperties_AllTagsHaveParentDelimitationString&gt;b__8_46(Helpful.TextParser.Model.Element)</Name>
              <FileRef uid="11" />
              <SequencePoints>
                <SequencePoint vc="1" uspid="951" ordinal="0" offset="0" sl="193" sc="48" el="193" ec="72" bec="0" bev="0" fileid="11" />
              </SequencePoints>
              <BranchPoints />
              <MethodPoint xsi:type="SequencePoint" vc="1" uspid="951" ordinal="0" offset="0" sl="193" sc="48" el="193" ec="72" bec="0" bev="0" fileid="11" />
            </Method>
            <Method visited="true" cyclomaticComplexity="1" nPathComplexity="0" sequenceCoverage="100" branchCoverage="100" isConstructor="false" isStatic="false" isGetter="false" isSetter="false">
              <Summary numSequencePoints="1" visitedSequencePoints="1" numBranchPoints="1" visitedBranchPoints="1" sequenceCoverage="100" branchCoverage="100" maxCyclomaticComplexity="1" minCyclomaticComplexity="1" visitedClasses="0" numClasses="0" visitedMethods="1" numMethods="1" />
              <MetadataToken>100663557</MetadataToken>
              <Name>System.Boolean Helpful.TextParser.Test.Fluent.DelimitedDescriptorTest/&lt;&gt;c::&lt;DelimitedDescriptor_WithTagAddProperties_AllTagsHaveParentDelimitationString&gt;b__8_47(Helpful.TextParser.Model.Element)</Name>
              <FileRef uid="11" />
              <SequencePoints>
                <SequencePoint vc="4" uspid="952" ordinal="0" offset="0" sl="194" sc="54" el="194" ec="78" bec="0" bev="0" fileid="11" />
              </SequencePoints>
              <BranchPoints />
              <MethodPoint xsi:type="SequencePoint" vc="4" uspid="952" ordinal="0" offset="0" sl="194" sc="54" el="194" ec="78" bec="0" bev="0" fileid="11" />
            </Method>
            <Method visited="true" cyclomaticComplexity="1" nPathComplexity="0" sequenceCoverage="100" branchCoverage="100" isConstructor="false" isStatic="false" isGetter="false" isSetter="false">
              <Summary numSequencePoints="1" visitedSequencePoints="1" numBranchPoints="1" visitedBranchPoints="1" sequenceCoverage="100" branchCoverage="100" maxCyclomaticComplexity="1" minCyclomaticComplexity="1" visitedClasses="0" numClasses="0" visitedMethods="1" numMethods="1" />
              <MetadataToken>100663558</MetadataToken>
              <Name>System.Boolean Helpful.TextParser.Test.Fluent.DelimitedDescriptorTest/&lt;&gt;c::&lt;DelimitedDescriptor_WithTagAddProperties_AllTagsHaveParentDelimitationString&gt;b__8_48(Helpful.TextParser.Model.Element)</Name>
              <FileRef uid="11" />
              <SequencePoints>
                <SequencePoint vc="3" uspid="953" ordinal="0" offset="0" sl="195" sc="48" el="195" ec="72" bec="0" bev="0" fileid="11" />
              </SequencePoints>
              <BranchPoints />
              <MethodPoint xsi:type="SequencePoint" vc="3" uspid="953" ordinal="0" offset="0" sl="195" sc="48" el="195" ec="72" bec="0" bev="0" fileid="11" />
            </Method>
            <Method visited="true" cyclomaticComplexity="1" nPathComplexity="0" sequenceCoverage="100" branchCoverage="100" isConstructor="false" isStatic="false" isGetter="false" isSetter="false">
              <Summary numSequencePoints="1" visitedSequencePoints="1" numBranchPoints="1" visitedBranchPoints="1" sequenceCoverage="100" branchCoverage="100" maxCyclomaticComplexity="1" minCyclomaticComplexity="1" visitedClasses="0" numClasses="0" visitedMethods="1" numMethods="1" />
              <MetadataToken>100663559</MetadataToken>
              <Name>System.Boolean Helpful.TextParser.Test.Fluent.DelimitedDescriptorTest/&lt;&gt;c::&lt;DelimitedDescriptor_WithTagAddProperties_AllTagsHaveParentDelimitationString&gt;b__8_49(Helpful.TextParser.Model.Element)</Name>
              <FileRef uid="11" />
              <SequencePoints>
                <SequencePoint vc="1" uspid="954" ordinal="0" offset="0" sl="196" sc="48" el="196" ec="72" bec="0" bev="0" fileid="11" />
              </SequencePoints>
              <BranchPoints />
              <MethodPoint xsi:type="SequencePoint" vc="1" uspid="954" ordinal="0" offset="0" sl="196" sc="48" el="196" ec="72" bec="0" bev="0" fileid="11" />
            </Method>
            <Method visited="true" cyclomaticComplexity="1" nPathComplexity="0" sequenceCoverage="100" branchCoverage="100" isConstructor="false" isStatic="false" isGetter="false" isSetter="false">
              <Summary numSequencePoints="1" visitedSequencePoints="1" numBranchPoints="1" visitedBranchPoints="1" sequenceCoverage="100" branchCoverage="100" maxCyclomaticComplexity="1" minCyclomaticComplexity="1" visitedClasses="0" numClasses="0" visitedMethods="1" numMethods="1" />
              <MetadataToken>100663560</MetadataToken>
              <Name>System.Boolean Helpful.TextParser.Test.Fluent.DelimitedDescriptorTest/&lt;&gt;c::&lt;DelimitedDescriptor_WithTagAddProperties_AllTagsHaveParentDelimitationString&gt;b__8_50(Helpful.TextParser.Model.Element)</Name>
              <FileRef uid="11" />
              <SequencePoints>
                <SequencePoint vc="4" uspid="955" ordinal="0" offset="0" sl="197" sc="54" el="197" ec="78" bec="0" bev="0" fileid="11" />
              </SequencePoints>
              <BranchPoints />
              <MethodPoint xsi:type="SequencePoint" vc="4" uspid="955" ordinal="0" offset="0" sl="197" sc="54" el="197" ec="78" bec="0" bev="0" fileid="11" />
            </Method>
            <Method visited="true" cyclomaticComplexity="1" nPathComplexity="0" sequenceCoverage="100" branchCoverage="100" isConstructor="false" isStatic="false" isGetter="false" isSetter="false">
              <Summary numSequencePoints="1" visitedSequencePoints="1" numBranchPoints="1" visitedBranchPoints="1" sequenceCoverage="100" branchCoverage="100" maxCyclomaticComplexity="1" minCyclomaticComplexity="1" visitedClasses="0" numClasses="0" visitedMethods="1" numMethods="1" />
              <MetadataToken>100663561</MetadataToken>
              <Name>System.Boolean Helpful.TextParser.Test.Fluent.DelimitedDescriptorTest/&lt;&gt;c::&lt;DelimitedDescriptor_WithTagAddProperties_AllTagsHaveParentDelimitationString&gt;b__8_51(Helpful.TextParser.Model.Element)</Name>
              <FileRef uid="11" />
              <SequencePoints>
                <SequencePoint vc="3" uspid="956" ordinal="0" offset="0" sl="198" sc="48" el="198" ec="72" bec="0" bev="0" fileid="11" />
              </SequencePoints>
              <BranchPoints />
              <MethodPoint xsi:type="SequencePoint" vc="3" uspid="956" ordinal="0" offset="0" sl="198" sc="48" el="198" ec="72" bec="0" bev="0" fileid="11" />
            </Method>
            <Method visited="true" cyclomaticComplexity="1" nPathComplexity="0" sequenceCoverage="100" branchCoverage="100" isConstructor="false" isStatic="false" isGetter="false" isSetter="false">
              <Summary numSequencePoints="1" visitedSequencePoints="1" numBranchPoints="1" visitedBranchPoints="1" sequenceCoverage="100" branchCoverage="100" maxCyclomaticComplexity="1" minCyclomaticComplexity="1" visitedClasses="0" numClasses="0" visitedMethods="1" numMethods="1" />
              <MetadataToken>100663562</MetadataToken>
              <Name>System.Boolean Helpful.TextParser.Test.Fluent.DelimitedDescriptorTest/&lt;&gt;c::&lt;DelimitedDescriptor_WithTagAddProperties_AllTagsHaveParentDelimitationString&gt;b__8_52(Helpful.TextParser.Model.Element)</Name>
              <FileRef uid="11" />
              <SequencePoints>
                <SequencePoint vc="1" uspid="957" ordinal="0" offset="0" sl="199" sc="48" el="199" ec="72" bec="0" bev="0" fileid="11" />
              </SequencePoints>
              <BranchPoints />
              <MethodPoint xsi:type="SequencePoint" vc="1" uspid="957" ordinal="0" offset="0" sl="199" sc="48" el="199" ec="72" bec="0" bev="0" fileid="11" />
            </Method>
          </Methods>
        </Class>
        <Class>
          <Summary numSequencePoints="1" visitedSequencePoints="1" numBranchPoints="1" visitedBranchPoints="1" sequenceCoverage="100" branchCoverage="100" maxCyclomaticComplexity="1" minCyclomaticComplexity="1" visitedClasses="1" numClasses="1" visitedMethods="1" numMethods="1" />
          <FullName>Helpful.TextParser.Test.Fluent.DelimitedDescriptorTest/&lt;&gt;c__DisplayClass6_0</FullName>
          <Methods>
            <Method visited="true" cyclomaticComplexity="1" nPathComplexity="0" sequenceCoverage="0" branchCoverage="0" isConstructor="true" isStatic="false" isGetter="false" isSetter="false">
              <Summary numSequencePoints="0" visitedSequencePoints="0" numBranchPoints="0" visitedBranchPoints="0" sequenceCoverage="0" branchCoverage="0" maxCyclomaticComplexity="1" minCyclomaticComplexity="1" visitedClasses="0" numClasses="0" visitedMethods="0" numMethods="0" />
              <MetadataToken>100663563</MetadataToken>
              <Name>System.Void Helpful.TextParser.Test.Fluent.DelimitedDescriptorTest/&lt;&gt;c__DisplayClass6_0::.ctor()</Name>
              <SequencePoints />
              <BranchPoints />
              <MethodPoint vc="2" uspid="958" ordinal="0" offset="0" />
            </Method>
            <Method visited="true" cyclomaticComplexity="1" nPathComplexity="0" sequenceCoverage="100" branchCoverage="100" isConstructor="false" isStatic="false" isGetter="false" isSetter="false">
              <Summary numSequencePoints="1" visitedSequencePoints="1" numBranchPoints="1" visitedBranchPoints="1" sequenceCoverage="100" branchCoverage="100" maxCyclomaticComplexity="1" minCyclomaticComplexity="1" visitedClasses="0" numClasses="0" visitedMethods="1" numMethods="1" />
              <MetadataToken>100663564</MetadataToken>
              <Name>System.Void Helpful.TextParser.Test.Fluent.DelimitedDescriptorTest/&lt;&gt;c__DisplayClass6_0::&lt;DelimitedDescriptor_TagIsEmpty_ThrowsArgumentException&gt;b__0()</Name>
              <FileRef uid="11" />
              <SequencePoints>
                <SequencePoint vc="2" uspid="959" ordinal="0" offset="0" sl="102" sc="52" el="102" ec="85" bec="0" bev="0" fileid="11" />
              </SequencePoints>
              <BranchPoints />
              <MethodPoint xsi:type="SequencePoint" vc="2" uspid="959" ordinal="0" offset="0" sl="102" sc="52" el="102" ec="85" bec="0" bev="0" fileid="11" />
            </Method>
          </Methods>
        </Class>
        <Class>
          <Summary numSequencePoints="8" visitedSequencePoints="0" numBranchPoints="8" visitedBranchPoints="0" sequenceCoverage="0" branchCoverage="0" maxCyclomaticComplexity="1" minCyclomaticComplexity="1" visitedClasses="0" numClasses="1" visitedMethods="0" numMethods="8" />
          <FullName>Helpful.TextParser.Test.Fluent.DelimitedFooClass</FullName>
          <Methods>
            <Method visited="false" cyclomaticComplexity="1" nPathComplexity="0" sequenceCoverage="0" branchCoverage="0" isConstructor="false" isStatic="false" isGetter="true" isSetter="false">
              <Summary numSequencePoints="1" visitedSequencePoints="0" numBranchPoints="1" visitedBranchPoints="0" sequenceCoverage="0" branchCoverage="0" maxCyclomaticComplexity="1" minCyclomaticComplexity="1" visitedClasses="0" numClasses="0" visitedMethods="0" numMethods="1" />
              <MetadataToken>100663410</MetadataToken>
              <Name>System.Boolean Helpful.TextParser.Test.Fluent.DelimitedFooClass::get_FooProperty1()</Name>
              <FileRef uid="11" />
              <SequencePoints>
                <SequencePoint vc="0" uspid="960" ordinal="0" offset="0" sl="205" sc="36" el="205" ec="40" bec="0" bev="0" fileid="11" />
              </SequencePoints>
              <BranchPoints />
              <MethodPoint xsi:type="SequencePoint" vc="0" uspid="960" ordinal="0" offset="0" sl="205" sc="36" el="205" ec="40" bec="0" bev="0" fileid="11" />
            </Method>
            <Method visited="false" cyclomaticComplexity="1" nPathComplexity="0" sequenceCoverage="0" branchCoverage="0" isConstructor="false" isStatic="false" isGetter="false" isSetter="true">
              <Summary numSequencePoints="1" visitedSequencePoints="0" numBranchPoints="1" visitedBranchPoints="0" sequenceCoverage="0" branchCoverage="0" maxCyclomaticComplexity="1" minCyclomaticComplexity="1" visitedClasses="0" numClasses="0" visitedMethods="0" numMethods="1" />
              <MetadataToken>100663411</MetadataToken>
              <Name>System.Void Helpful.TextParser.Test.Fluent.DelimitedFooClass::set_FooProperty1(System.Boolean)</Name>
              <FileRef uid="11" />
              <SequencePoints>
                <SequencePoint vc="0" uspid="961" ordinal="0" offset="0" sl="205" sc="41" el="205" ec="45" bec="0" bev="0" fileid="11" />
              </SequencePoints>
              <BranchPoints />
              <MethodPoint xsi:type="SequencePoint" vc="0" uspid="961" ordinal="0" offset="0" sl="205" sc="41" el="205" ec="45" bec="0" bev="0" fileid="11" />
            </Method>
            <Method visited="false" cyclomaticComplexity="1" nPathComplexity="0" sequenceCoverage="0" branchCoverage="0" isConstructor="false" isStatic="false" isGetter="true" isSetter="false">
              <Summary numSequencePoints="1" visitedSequencePoints="0" numBranchPoints="1" visitedBranchPoints="0" sequenceCoverage="0" branchCoverage="0" maxCyclomaticComplexity="1" minCyclomaticComplexity="1" visitedClasses="0" numClasses="0" visitedMethods="0" numMethods="1" />
              <MetadataToken>100663412</MetadataToken>
              <Name>System.Decimal Helpful.TextParser.Test.Fluent.DelimitedFooClass::get_FooProperty2()</Name>
              <FileRef uid="11" />
              <SequencePoints>
                <SequencePoint vc="0" uspid="962" ordinal="0" offset="0" sl="207" sc="39" el="207" ec="43" bec="0" bev="0" fileid="11" />
              </SequencePoints>
              <BranchPoints />
              <MethodPoint xsi:type="SequencePoint" vc="0" uspid="962" ordinal="0" offset="0" sl="207" sc="39" el="207" ec="43" bec="0" bev="0" fileid="11" />
            </Method>
            <Method visited="false" cyclomaticComplexity="1" nPathComplexity="0" sequenceCoverage="0" branchCoverage="0" isConstructor="false" isStatic="false" isGetter="false" isSetter="true">
              <Summary numSequencePoints="1" visitedSequencePoints="0" numBranchPoints="1" visitedBranchPoints="0" sequenceCoverage="0" branchCoverage="0" maxCyclomaticComplexity="1" minCyclomaticComplexity="1" visitedClasses="0" numClasses="0" visitedMethods="0" numMethods="1" />
              <MetadataToken>100663413</MetadataToken>
              <Name>System.Void Helpful.TextParser.Test.Fluent.DelimitedFooClass::set_FooProperty2(System.Decimal)</Name>
              <FileRef uid="11" />
              <SequencePoints>
                <SequencePoint vc="0" uspid="963" ordinal="0" offset="0" sl="207" sc="44" el="207" ec="48" bec="0" bev="0" fileid="11" />
              </SequencePoints>
              <BranchPoints />
              <MethodPoint xsi:type="SequencePoint" vc="0" uspid="963" ordinal="0" offset="0" sl="207" sc="44" el="207" ec="48" bec="0" bev="0" fileid="11" />
            </Method>
            <Method visited="false" cyclomaticComplexity="1" nPathComplexity="0" sequenceCoverage="0" branchCoverage="0" isConstructor="false" isStatic="false" isGetter="true" isSetter="false">
              <Summary numSequencePoints="1" visitedSequencePoints="0" numBranchPoints="1" visitedBranchPoints="0" sequenceCoverage="0" branchCoverage="0" maxCyclomaticComplexity="1" minCyclomaticComplexity="1" visitedClasses="0" numClasses="0" visitedMethods="0" numMethods="1" />
              <MetadataToken>100663414</MetadataToken>
              <Name>System.Collections.Generic.List`1&lt;Helpful.TextParser.Test.Fluent.DelimitedChildFooClass&gt; Helpful.TextParser.Test.Fluent.DelimitedFooClass::get_FooProperty3()</Name>
              <FileRef uid="11" />
              <SequencePoints>
                <SequencePoint vc="0" uspid="964" ordinal="0" offset="0" sl="209" sc="60" el="209" ec="64" bec="0" bev="0" fileid="11" />
              </SequencePoints>
              <BranchPoints />
              <MethodPoint xsi:type="SequencePoint" vc="0" uspid="964" ordinal="0" offset="0" sl="209" sc="60" el="209" ec="64" bec="0" bev="0" fileid="11" />
            </Method>
            <Method visited="false" cyclomaticComplexity="1" nPathComplexity="0" sequenceCoverage="0" branchCoverage="0" isConstructor="false" isStatic="false" isGetter="false" isSetter="true">
              <Summary numSequencePoints="1" visitedSequencePoints="0" numBranchPoints="1" visitedBranchPoints="0" sequenceCoverage="0" branchCoverage="0" maxCyclomaticComplexity="1" minCyclomaticComplexity="1" visitedClasses="0" numClasses="0" visitedMethods="0" numMethods="1" />
              <MetadataToken>100663415</MetadataToken>
              <Name>System.Void Helpful.TextParser.Test.Fluent.DelimitedFooClass::set_FooProperty3(System.Collections.Generic.List`1&lt;Helpful.TextParser.Test.Fluent.DelimitedChildFooClass&gt;)</Name>
              <FileRef uid="11" />
              <SequencePoints>
                <SequencePoint vc="0" uspid="965" ordinal="0" offset="0" sl="209" sc="65" el="209" ec="69" bec="0" bev="0" fileid="11" />
              </SequencePoints>
              <BranchPoints />
              <MethodPoint xsi:type="SequencePoint" vc="0" uspid="965" ordinal="0" offset="0" sl="209" sc="65" el="209" ec="69" bec="0" bev="0" fileid="11" />
            </Method>
            <Method visited="false" cyclomaticComplexity="1" nPathComplexity="0" sequenceCoverage="0" branchCoverage="0" isConstructor="false" isStatic="false" isGetter="true" isSetter="false">
              <Summary numSequencePoints="1" visitedSequencePoints="0" numBranchPoints="1" visitedBranchPoints="0" sequenceCoverage="0" branchCoverage="0" maxCyclomaticComplexity="1" minCyclomaticComplexity="1" visitedClasses="0" numClasses="0" visitedMethods="0" numMethods="1" />
              <MetadataToken>100663416</MetadataToken>
              <Name>System.Collections.Generic.List`1&lt;Helpful.TextParser.Test.Fluent.DelimitedChildFooClass&gt; Helpful.TextParser.Test.Fluent.DelimitedFooClass::get_FooProperty4()</Name>
              <FileRef uid="11" />
              <SequencePoints>
                <SequencePoint vc="0" uspid="966" ordinal="0" offset="0" sl="211" sc="60" el="211" ec="64" bec="0" bev="0" fileid="11" />
              </SequencePoints>
              <BranchPoints />
              <MethodPoint xsi:type="SequencePoint" vc="0" uspid="966" ordinal="0" offset="0" sl="211" sc="60" el="211" ec="64" bec="0" bev="0" fileid="11" />
            </Method>
            <Method visited="false" cyclomaticComplexity="1" nPathComplexity="0" sequenceCoverage="0" branchCoverage="0" isConstructor="false" isStatic="false" isGetter="false" isSetter="true">
              <Summary numSequencePoints="1" visitedSequencePoints="0" numBranchPoints="1" visitedBranchPoints="0" sequenceCoverage="0" branchCoverage="0" maxCyclomaticComplexity="1" minCyclomaticComplexity="1" visitedClasses="0" numClasses="0" visitedMethods="0" numMethods="1" />
              <MetadataToken>100663417</MetadataToken>
              <Name>System.Void Helpful.TextParser.Test.Fluent.DelimitedFooClass::set_FooProperty4(System.Collections.Generic.List`1&lt;Helpful.TextParser.Test.Fluent.DelimitedChildFooClass&gt;)</Name>
              <FileRef uid="11" />
              <SequencePoints>
                <SequencePoint vc="0" uspid="967" ordinal="0" offset="0" sl="211" sc="65" el="211" ec="69" bec="0" bev="0" fileid="11" />
              </SequencePoints>
              <BranchPoints />
              <MethodPoint xsi:type="SequencePoint" vc="0" uspid="967" ordinal="0" offset="0" sl="211" sc="65" el="211" ec="69" bec="0" bev="0" fileid="11" />
            </Method>
            <Method visited="false" cyclomaticComplexity="1" nPathComplexity="0" sequenceCoverage="0" branchCoverage="0" isConstructor="true" isStatic="false" isGetter="false" isSetter="false">
              <Summary numSequencePoints="0" visitedSequencePoints="0" numBranchPoints="0" visitedBranchPoints="0" sequenceCoverage="0" branchCoverage="0" maxCyclomaticComplexity="1" minCyclomaticComplexity="1" visitedClasses="0" numClasses="0" visitedMethods="0" numMethods="0" />
              <MetadataToken>100663418</MetadataToken>
              <Name>System.Void Helpful.TextParser.Test.Fluent.DelimitedFooClass::.ctor()</Name>
              <SequencePoints />
              <BranchPoints />
              <MethodPoint vc="0" uspid="968" ordinal="0" offset="0" />
            </Method>
          </Methods>
        </Class>
        <Class>
          <Summary numSequencePoints="6" visitedSequencePoints="0" numBranchPoints="6" visitedBranchPoints="0" sequenceCoverage="0" branchCoverage="0" maxCyclomaticComplexity="1" minCyclomaticComplexity="1" visitedClasses="0" numClasses="1" visitedMethods="0" numMethods="6" />
          <FullName>Helpful.TextParser.Test.Fluent.DelimitedChildFooClass</FullName>
          <Methods>
            <Method visited="false" cyclomaticComplexity="1" nPathComplexity="0" sequenceCoverage="0" branchCoverage="0" isConstructor="false" isStatic="false" isGetter="true" isSetter="false">
              <Summary numSequencePoints="1" visitedSequencePoints="0" numBranchPoints="1" visitedBranchPoints="0" sequenceCoverage="0" branchCoverage="0" maxCyclomaticComplexity="1" minCyclomaticComplexity="1" visitedClasses="0" numClasses="0" visitedMethods="0" numMethods="1" />
              <MetadataToken>100663419</MetadataToken>
              <Name>System.String Helpful.TextParser.Test.Fluent.DelimitedChildFooClass::get_FooProperty5()</Name>
              <FileRef uid="11" />
              <SequencePoints>
                <SequencePoint vc="0" uspid="969" ordinal="0" offset="0" sl="216" sc="38" el="216" ec="42" bec="0" bev="0" fileid="11" />
              </SequencePoints>
              <BranchPoints />
              <MethodPoint xsi:type="SequencePoint" vc="0" uspid="969" ordinal="0" offset="0" sl="216" sc="38" el="216" ec="42" bec="0" bev="0" fileid="11" />
            </Method>
            <Method visited="false" cyclomaticComplexity="1" nPathComplexity="0" sequenceCoverage="0" branchCoverage="0" isConstructor="false" isStatic="false" isGetter="false" isSetter="true">
              <Summary numSequencePoints="1" visitedSequencePoints="0" numBranchPoints="1" visitedBranchPoints="0" sequenceCoverage="0" branchCoverage="0" maxCyclomaticComplexity="1" minCyclomaticComplexity="1" visitedClasses="0" numClasses="0" visitedMethods="0" numMethods="1" />
              <MetadataToken>100663420</MetadataToken>
              <Name>System.Void Helpful.TextParser.Test.Fluent.DelimitedChildFooClass::set_FooProperty5(System.String)</Name>
              <FileRef uid="11" />
              <SequencePoints>
                <SequencePoint vc="0" uspid="970" ordinal="0" offset="0" sl="216" sc="43" el="216" ec="47" bec="0" bev="0" fileid="11" />
              </SequencePoints>
              <BranchPoints />
              <MethodPoint xsi:type="SequencePoint" vc="0" uspid="970" ordinal="0" offset="0" sl="216" sc="43" el="216" ec="47" bec="0" bev="0" fileid="11" />
            </Method>
            <Method visited="false" cyclomaticComplexity="1" nPathComplexity="0" sequenceCoverage="0" branchCoverage="0" isConstructor="false" isStatic="false" isGetter="true" isSetter="false">
              <Summary numSequencePoints="1" visitedSequencePoints="0" numBranchPoints="1" visitedBranchPoints="0" sequenceCoverage="0" branchCoverage="0" maxCyclomaticComplexity="1" minCyclomaticComplexity="1" visitedClasses="0" numClasses="0" visitedMethods="0" numMethods="1" />
              <MetadataToken>100663421</MetadataToken>
              <Name>System.String Helpful.TextParser.Test.Fluent.DelimitedChildFooClass::get_FooProperty6()</Name>
              <FileRef uid="11" />
              <SequencePoints>
                <SequencePoint vc="0" uspid="971" ordinal="0" offset="0" sl="218" sc="38" el="218" ec="42" bec="0" bev="0" fileid="11" />
              </SequencePoints>
              <BranchPoints />
              <MethodPoint xsi:type="SequencePoint" vc="0" uspid="971" ordinal="0" offset="0" sl="218" sc="38" el="218" ec="42" bec="0" bev="0" fileid="11" />
            </Method>
            <Method visited="false" cyclomaticComplexity="1" nPathComplexity="0" sequenceCoverage="0" branchCoverage="0" isConstructor="false" isStatic="false" isGetter="false" isSetter="true">
              <Summary numSequencePoints="1" visitedSequencePoints="0" numBranchPoints="1" visitedBranchPoints="0" sequenceCoverage="0" branchCoverage="0" maxCyclomaticComplexity="1" minCyclomaticComplexity="1" visitedClasses="0" numClasses="0" visitedMethods="0" numMethods="1" />
              <MetadataToken>100663422</MetadataToken>
              <Name>System.Void Helpful.TextParser.Test.Fluent.DelimitedChildFooClass::set_FooProperty6(System.String)</Name>
              <FileRef uid="11" />
              <SequencePoints>
                <SequencePoint vc="0" uspid="972" ordinal="0" offset="0" sl="218" sc="43" el="218" ec="47" bec="0" bev="0" fileid="11" />
              </SequencePoints>
              <BranchPoints />
              <MethodPoint xsi:type="SequencePoint" vc="0" uspid="972" ordinal="0" offset="0" sl="218" sc="43" el="218" ec="47" bec="0" bev="0" fileid="11" />
            </Method>
            <Method visited="false" cyclomaticComplexity="1" nPathComplexity="0" sequenceCoverage="0" branchCoverage="0" isConstructor="false" isStatic="false" isGetter="true" isSetter="false">
              <Summary numSequencePoints="1" visitedSequencePoints="0" numBranchPoints="1" visitedBranchPoints="0" sequenceCoverage="0" branchCoverage="0" maxCyclomaticComplexity="1" minCyclomaticComplexity="1" visitedClasses="0" numClasses="0" visitedMethods="0" numMethods="1" />
              <MetadataToken>100663423</MetadataToken>
              <Name>System.Collections.Generic.List`1&lt;Helpful.TextParser.Test.Fluent.DelimitedGrandChildFooClass&gt; Helpful.TextParser.Test.Fluent.DelimitedChildFooClass::get_FooProperty7()</Name>
              <FileRef uid="11" />
              <SequencePoints>
                <SequencePoint vc="0" uspid="973" ordinal="0" offset="0" sl="220" sc="65" el="220" ec="69" bec="0" bev="0" fileid="11" />
              </SequencePoints>
              <BranchPoints />
              <MethodPoint xsi:type="SequencePoint" vc="0" uspid="973" ordinal="0" offset="0" sl="220" sc="65" el="220" ec="69" bec="0" bev="0" fileid="11" />
            </Method>
            <Method visited="false" cyclomaticComplexity="1" nPathComplexity="0" sequenceCoverage="0" branchCoverage="0" isConstructor="false" isStatic="false" isGetter="false" isSetter="true">
              <Summary numSequencePoints="1" visitedSequencePoints="0" numBranchPoints="1" visitedBranchPoints="0" sequenceCoverage="0" branchCoverage="0" maxCyclomaticComplexity="1" minCyclomaticComplexity="1" visitedClasses="0" numClasses="0" visitedMethods="0" numMethods="1" />
              <MetadataToken>100663424</MetadataToken>
              <Name>System.Void Helpful.TextParser.Test.Fluent.DelimitedChildFooClass::set_FooProperty7(System.Collections.Generic.List`1&lt;Helpful.TextParser.Test.Fluent.DelimitedGrandChildFooClass&gt;)</Name>
              <FileRef uid="11" />
              <SequencePoints>
                <SequencePoint vc="0" uspid="974" ordinal="0" offset="0" sl="220" sc="70" el="220" ec="74" bec="0" bev="0" fileid="11" />
              </SequencePoints>
              <BranchPoints />
              <MethodPoint xsi:type="SequencePoint" vc="0" uspid="974" ordinal="0" offset="0" sl="220" sc="70" el="220" ec="74" bec="0" bev="0" fileid="11" />
            </Method>
            <Method visited="false" cyclomaticComplexity="1" nPathComplexity="0" sequenceCoverage="0" branchCoverage="0" isConstructor="true" isStatic="false" isGetter="false" isSetter="false">
              <Summary numSequencePoints="0" visitedSequencePoints="0" numBranchPoints="0" visitedBranchPoints="0" sequenceCoverage="0" branchCoverage="0" maxCyclomaticComplexity="1" minCyclomaticComplexity="1" visitedClasses="0" numClasses="0" visitedMethods="0" numMethods="0" />
              <MetadataToken>100663425</MetadataToken>
              <Name>System.Void Helpful.TextParser.Test.Fluent.DelimitedChildFooClass::.ctor()</Name>
              <SequencePoints />
              <BranchPoints />
              <MethodPoint vc="0" uspid="975" ordinal="0" offset="0" />
            </Method>
          </Methods>
        </Class>
        <Class>
          <Summary numSequencePoints="2" visitedSequencePoints="0" numBranchPoints="2" visitedBranchPoints="0" sequenceCoverage="0" branchCoverage="0" maxCyclomaticComplexity="1" minCyclomaticComplexity="1" visitedClasses="0" numClasses="1" visitedMethods="0" numMethods="2" />
          <FullName>Helpful.TextParser.Test.Fluent.DelimitedGrandChildFooClass</FullName>
          <Methods>
            <Method visited="false" cyclomaticComplexity="1" nPathComplexity="0" sequenceCoverage="0" branchCoverage="0" isConstructor="false" isStatic="false" isGetter="true" isSetter="false">
              <Summary numSequencePoints="1" visitedSequencePoints="0" numBranchPoints="1" visitedBranchPoints="0" sequenceCoverage="0" branchCoverage="0" maxCyclomaticComplexity="1" minCyclomaticComplexity="1" visitedClasses="0" numClasses="0" visitedMethods="0" numMethods="1" />
              <MetadataToken>100663426</MetadataToken>
              <Name>System.String Helpful.TextParser.Test.Fluent.DelimitedGrandChildFooClass::get_FooProperty8()</Name>
              <FileRef uid="11" />
              <SequencePoints>
                <SequencePoint vc="0" uspid="976" ordinal="0" offset="0" sl="225" sc="38" el="225" ec="42" bec="0" bev="0" fileid="11" />
              </SequencePoints>
              <BranchPoints />
              <MethodPoint xsi:type="SequencePoint" vc="0" uspid="976" ordinal="0" offset="0" sl="225" sc="38" el="225" ec="42" bec="0" bev="0" fileid="11" />
            </Method>
            <Method visited="false" cyclomaticComplexity="1" nPathComplexity="0" sequenceCoverage="0" branchCoverage="0" isConstructor="false" isStatic="false" isGetter="false" isSetter="true">
              <Summary numSequencePoints="1" visitedSequencePoints="0" numBranchPoints="1" visitedBranchPoints="0" sequenceCoverage="0" branchCoverage="0" maxCyclomaticComplexity="1" minCyclomaticComplexity="1" visitedClasses="0" numClasses="0" visitedMethods="0" numMethods="1" />
              <MetadataToken>100663427</MetadataToken>
              <Name>System.Void Helpful.TextParser.Test.Fluent.DelimitedGrandChildFooClass::set_FooProperty8(System.String)</Name>
              <FileRef uid="11" />
              <SequencePoints>
                <SequencePoint vc="0" uspid="977" ordinal="0" offset="0" sl="225" sc="43" el="225" ec="47" bec="0" bev="0" fileid="11" />
              </SequencePoints>
              <BranchPoints />
              <MethodPoint xsi:type="SequencePoint" vc="0" uspid="977" ordinal="0" offset="0" sl="225" sc="43" el="225" ec="47" bec="0" bev="0" fileid="11" />
            </Method>
            <Method visited="false" cyclomaticComplexity="1" nPathComplexity="0" sequenceCoverage="0" branchCoverage="0" isConstructor="true" isStatic="false" isGetter="false" isSetter="false">
              <Summary numSequencePoints="0" visitedSequencePoints="0" numBranchPoints="0" visitedBranchPoints="0" sequenceCoverage="0" branchCoverage="0" maxCyclomaticComplexity="1" minCyclomaticComplexity="1" visitedClasses="0" numClasses="0" visitedMethods="0" numMethods="0" />
              <MetadataToken>100663428</MetadataToken>
              <Name>System.Void Helpful.TextParser.Test.Fluent.DelimitedGrandChildFooClass::.ctor()</Name>
              <SequencePoints />
              <BranchPoints />
              <MethodPoint vc="0" uspid="978" ordinal="0" offset="0" />
            </Method>
          </Methods>
        </Class>
        <Class>
          <Summary numSequencePoints="4" visitedSequencePoints="4" numBranchPoints="2" visitedBranchPoints="2" sequenceCoverage="100" branchCoverage="100" maxCyclomaticComplexity="1" minCyclomaticComplexity="1" visitedClasses="1" numClasses="1" visitedMethods="2" numMethods="2" />
          <FullName>Helpful.TextParser.Test.Fluent.TestDelimitedDescriptor</FullName>
          <Methods>
            <Method visited="true" cyclomaticComplexity="1" nPathComplexity="0" sequenceCoverage="100" branchCoverage="100" isConstructor="false" isStatic="false" isGetter="true" isSetter="false">
              <Summary numSequencePoints="1" visitedSequencePoints="1" numBranchPoints="1" visitedBranchPoints="1" sequenceCoverage="100" branchCoverage="100" maxCyclomaticComplexity="1" minCyclomaticComplexity="1" visitedClasses="0" numClasses="0" visitedMethods="1" numMethods="1" />
              <MetadataToken>100663430</MetadataToken>
              <Name>Helpful.TextParser.Model.Element Helpful.TextParser.Test.Fluent.TestDelimitedDescriptor::get_Element()</Name>
              <FileRef uid="11" />
              <SequencePoints>
                <SequencePoint vc="60" uspid="979" ordinal="0" offset="0" sl="234" sc="35" el="234" ec="43" bec="0" bev="0" fileid="11" />
              </SequencePoints>
              <BranchPoints />
              <MethodPoint xsi:type="SequencePoint" vc="60" uspid="979" ordinal="0" offset="0" sl="234" sc="35" el="234" ec="43" bec="0" bev="0" fileid="11" />
            </Method>
            <Method visited="true" cyclomaticComplexity="1" nPathComplexity="0" sequenceCoverage="100" branchCoverage="100" isConstructor="true" isStatic="false" isGetter="false" isSetter="false">
              <Summary numSequencePoints="3" visitedSequencePoints="3" numBranchPoints="1" visitedBranchPoints="1" sequenceCoverage="100" branchCoverage="100" maxCyclomaticComplexity="1" minCyclomaticComplexity="1" visitedClasses="0" numClasses="0" visitedMethods="1" numMethods="1" />
              <MetadataToken>100663429</MetadataToken>
              <Name>System.Void Helpful.TextParser.Test.Fluent.TestDelimitedDescriptor::.ctor(System.String,Helpful.TextParser.Interface.IParser)</Name>
              <FileRef uid="11" />
              <SequencePoints>
                <SequencePoint vc="18" uspid="980" ordinal="0" offset="0" sl="230" sc="85" el="230" ec="117" bec="0" bev="0" fileid="11" />
                <SequencePoint vc="18" uspid="981" ordinal="1" offset="9" sl="231" sc="9" el="231" ec="10" bec="0" bev="0" fileid="11" />
                <SequencePoint vc="18" uspid="982" ordinal="2" offset="10" sl="232" sc="9" el="232" ec="10" bec="0" bev="0" fileid="11" />
              </SequencePoints>
              <BranchPoints />
              <MethodPoint xsi:type="SequencePoint" vc="18" uspid="980" ordinal="0" offset="0" sl="230" sc="85" el="230" ec="117" bec="0" bev="0" fileid="11" />
            </Method>
          </Methods>
        </Class>
        <Class>
          <Summary numSequencePoints="105" visitedSequencePoints="105" numBranchPoints="12" visitedBranchPoints="12" sequenceCoverage="100" branchCoverage="100" maxCyclomaticComplexity="61" minCyclomaticComplexity="1" visitedClasses="1" numClasses="1" visitedMethods="12" numMethods="12" />
          <FullName>Helpful.TextParser.Test.Fluent.PositionedDescriptorTest</FullName>
          <Methods>
            <Method visited="true" cyclomaticComplexity="1" nPathComplexity="0" sequenceCoverage="100" branchCoverage="100" isConstructor="false" isStatic="false" isGetter="false" isSetter="false">
              <Summary numSequencePoints="4" visitedSequencePoints="4" numBranchPoints="1" visitedBranchPoints="1" sequenceCoverage="100" branchCoverage="100" maxCyclomaticComplexity="1" minCyclomaticComplexity="1" visitedClasses="0" numClasses="0" visitedMethods="1" numMethods="1" />
              <MetadataToken>100663431</MetadataToken>
              <Name>System.Void Helpful.TextParser.Test.Fluent.PositionedDescriptorTest::PositioneddDescriptor_TagIsEmpty_ReturnsException(System.String)</Name>
              <FileRef uid="20" />
              <SequencePoints>
                <SequencePoint vc="2" uspid="983" ordinal="0" offset="13" sl="19" sc="9" el="19" ec="10" bec="0" bev="0" fileid="20" />
                <SequencePoint vc="2" uspid="984" ordinal="1" offset="14" sl="20" sc="13" el="20" ec="73" bec="0" bev="0" fileid="20" />
                <SequencePoint vc="2" uspid="985" ordinal="2" offset="30" sl="22" sc="13" el="22" ec="90" bec="0" bev="0" fileid="20" />
                <SequencePoint vc="2" uspid="986" ordinal="3" offset="48" sl="23" sc="9" el="23" ec="10" bec="0" bev="0" fileid="20" />
              </SequencePoints>
              <BranchPoints />
              <MethodPoint vc="2" uspid="987" ordinal="0" offset="0" />
            </Method>
            <Method visited="true" cyclomaticComplexity="1" nPathComplexity="0" sequenceCoverage="100" branchCoverage="100" isConstructor="false" isStatic="false" isGetter="false" isSetter="false">
              <Summary numSequencePoints="4" visitedSequencePoints="4" numBranchPoints="1" visitedBranchPoints="1" sequenceCoverage="100" branchCoverage="100" maxCyclomaticComplexity="1" minCyclomaticComplexity="1" visitedClasses="0" numClasses="0" visitedMethods="1" numMethods="1" />
              <MetadataToken>100663432</MetadataToken>
              <Name>System.Void Helpful.TextParser.Test.Fluent.PositionedDescriptorTest::PositioneddDescriptor_PropertyPosition_ReturnsException(System.Int32,System.Int32)</Name>
              <FileRef uid="20" />
              <SequencePoints>
                <SequencePoint vc="3" uspid="988" ordinal="0" offset="20" sl="30" sc="9" el="30" ec="10" bec="0" bev="0" fileid="20" />
                <SequencePoint vc="3" uspid="989" ordinal="1" offset="21" sl="31" sc="13" el="31" ec="73" bec="0" bev="0" fileid="20" />
                <SequencePoint vc="3" uspid="990" ordinal="2" offset="37" sl="33" sc="13" el="33" ec="183" bec="0" bev="0" fileid="20" />
                <SequencePoint vc="3" uspid="991" ordinal="3" offset="55" sl="34" sc="9" el="34" ec="10" bec="0" bev="0" fileid="20" />
              </SequencePoints>
              <BranchPoints />
              <MethodPoint vc="3" uspid="992" ordinal="0" offset="0" />
            </Method>
            <Method visited="true" cyclomaticComplexity="1" nPathComplexity="0" sequenceCoverage="100" branchCoverage="100" isConstructor="false" isStatic="false" isGetter="false" isSetter="false">
              <Summary numSequencePoints="4" visitedSequencePoints="4" numBranchPoints="1" visitedBranchPoints="1" sequenceCoverage="100" branchCoverage="100" maxCyclomaticComplexity="1" minCyclomaticComplexity="1" visitedClasses="0" numClasses="0" visitedMethods="1" numMethods="1" />
              <MetadataToken>100663433</MetadataToken>
              <Name>System.Void Helpful.TextParser.Test.Fluent.PositionedDescriptorTest::PositioneddDescriptor_NotValidTagPosition_ReturnsException(System.Int32,System.Int32)</Name>
              <FileRef uid="20" />
              <SequencePoints>
                <SequencePoint vc="3" uspid="993" ordinal="0" offset="20" sl="41" sc="9" el="41" ec="10" bec="0" bev="0" fileid="20" />
                <SequencePoint vc="3" uspid="994" ordinal="1" offset="21" sl="42" sc="13" el="42" ec="73" bec="0" bev="0" fileid="20" />
                <SequencePoint vc="3" uspid="995" ordinal="2" offset="37" sl="44" sc="13" el="44" ec="130" bec="0" bev="0" fileid="20" />
                <SequencePoint vc="3" uspid="996" ordinal="3" offset="55" sl="45" sc="9" el="45" ec="10" bec="0" bev="0" fileid="20" />
              </SequencePoints>
              <BranchPoints />
              <MethodPoint vc="3" uspid="997" ordinal="0" offset="0" />
            </Method>
            <Method visited="true" cyclomaticComplexity="1" nPathComplexity="0" sequenceCoverage="100" branchCoverage="100" isConstructor="false" isStatic="false" isGetter="false" isSetter="false">
              <Summary numSequencePoints="4" visitedSequencePoints="4" numBranchPoints="1" visitedBranchPoints="1" sequenceCoverage="100" branchCoverage="100" maxCyclomaticComplexity="1" minCyclomaticComplexity="1" visitedClasses="0" numClasses="0" visitedMethods="1" numMethods="1" />
              <MetadataToken>100663434</MetadataToken>
              <Name>System.Void Helpful.TextParser.Test.Fluent.PositionedDescriptorTest::PositionedDescriptor_PropertyTagIsEmpty_ReturnsException(System.String)</Name>
              <FileRef uid="20" />
              <SequencePoints>
                <SequencePoint vc="2" uspid="998" ordinal="0" offset="13" sl="51" sc="9" el="51" ec="10" bec="0" bev="0" fileid="20" />
                <SequencePoint vc="2" uspid="999" ordinal="1" offset="14" sl="52" sc="13" el="52" ec="73" bec="0" bev="0" fileid="20" />
                <SequencePoint vc="2" uspid="1000" ordinal="2" offset="30" sl="54" sc="13" el="54" ec="210" bec="0" bev="0" fileid="20" />
                <SequencePoint vc="2" uspid="1001" ordinal="3" offset="48" sl="55" sc="9" el="55" ec="10" bec="0" bev="0" fileid="20" />
              </SequencePoints>
              <BranchPoints />
              <MethodPoint vc="2" uspid="1002" ordinal="0" offset="0" />
            </Method>
            <Method visited="true" cyclomaticComplexity="1" nPathComplexity="0" sequenceCoverage="100" branchCoverage="100" isConstructor="false" isStatic="false" isGetter="false" isSetter="false">
              <Summary numSequencePoints="4" visitedSequencePoints="4" numBranchPoints="1" visitedBranchPoints="1" sequenceCoverage="100" branchCoverage="100" maxCyclomaticComplexity="1" minCyclomaticComplexity="1" visitedClasses="0" numClasses="0" visitedMethods="1" numMethods="1" />
              <MetadataToken>100663435</MetadataToken>
              <Name>System.Void Helpful.TextParser.Test.Fluent.PositionedDescriptorTest::PositioneddDescriptor_NotValidPropertyTagPosition_ReturnsException(System.Int32,System.Int32)</Name>
              <FileRef uid="20" />
              <SequencePoints>
                <SequencePoint vc="3" uspid="1003" ordinal="0" offset="20" sl="62" sc="9" el="62" ec="10" bec="0" bev="0" fileid="20" />
                <SequencePoint vc="3" uspid="1004" ordinal="1" offset="21" sl="63" sc="13" el="63" ec="73" bec="0" bev="0" fileid="20" />
                <SequencePoint vc="3" uspid="1005" ordinal="2" offset="37" sl="65" sc="13" el="65" ec="250" bec="0" bev="0" fileid="20" />
                <SequencePoint vc="3" uspid="1006" ordinal="3" offset="55" sl="66" sc="9" el="66" ec="10" bec="0" bev="0" fileid="20" />
              </SequencePoints>
              <BranchPoints />
              <MethodPoint vc="3" uspid="1007" ordinal="0" offset="0" />
            </Method>
            <Method visited="true" cyclomaticComplexity="1" nPathComplexity="0" sequenceCoverage="100" branchCoverage="100" isConstructor="false" isStatic="false" isGetter="false" isSetter="false">
              <Summary numSequencePoints="4" visitedSequencePoints="4" numBranchPoints="1" visitedBranchPoints="1" sequenceCoverage="100" branchCoverage="100" maxCyclomaticComplexity="1" minCyclomaticComplexity="1" visitedClasses="0" numClasses="0" visitedMethods="1" numMethods="1" />
              <MetadataToken>100663436</MetadataToken>
              <Name>System.Void Helpful.TextParser.Test.Fluent.PositionedDescriptorTest::PositioneddDescriptor_TagPropertyPosition_ReturnsException(System.Int32,System.Int32)</Name>
              <FileRef uid="20" />
              <SequencePoints>
                <SequencePoint vc="3" uspid="1008" ordinal="0" offset="20" sl="73" sc="9" el="73" ec="10" bec="0" bev="0" fileid="20" />
                <SequencePoint vc="3" uspid="1009" ordinal="1" offset="21" sl="74" sc="13" el="74" ec="73" bec="0" bev="0" fileid="20" />
                <SequencePoint vc="3" uspid="1010" ordinal="2" offset="37" sl="76" sc="13" el="76" ec="208" bec="0" bev="0" fileid="20" />
                <SequencePoint vc="3" uspid="1011" ordinal="3" offset="55" sl="77" sc="9" el="77" ec="10" bec="0" bev="0" fileid="20" />
              </SequencePoints>
              <BranchPoints />
              <MethodPoint vc="3" uspid="1012" ordinal="0" offset="0" />
            </Method>
            <Method visited="true" cyclomaticComplexity="1" nPathComplexity="0" sequenceCoverage="100" branchCoverage="100" isConstructor="false" isStatic="false" isGetter="false" isSetter="false">
              <Summary numSequencePoints="4" visitedSequencePoints="4" numBranchPoints="1" visitedBranchPoints="1" sequenceCoverage="100" branchCoverage="100" maxCyclomaticComplexity="1" minCyclomaticComplexity="1" visitedClasses="0" numClasses="0" visitedMethods="1" numMethods="1" />
              <MetadataToken>100663437</MetadataToken>
              <Name>System.Void Helpful.TextParser.Test.Fluent.PositionedDescriptorTest::PositionedDescriptor_Constructor_InitializeComponentCorrectly()</Name>
              <FileRef uid="20" />
              <SequencePoints>
                <SequencePoint vc="1" uspid="1013" ordinal="0" offset="0" sl="81" sc="9" el="81" ec="10" bec="0" bev="0" fileid="20" />
                <SequencePoint vc="1" uspid="1014" ordinal="1" offset="1" sl="82" sc="13" el="82" ec="73" bec="0" bev="0" fileid="20" />
                <SequencePoint vc="1" uspid="1015" ordinal="2" offset="12" sl="84" sc="13" el="84" ec="92" bec="0" bev="0" fileid="20" />
                <SequencePoint vc="1" uspid="1016" ordinal="3" offset="30" sl="85" sc="9" el="85" ec="10" bec="0" bev="0" fileid="20" />
              </SequencePoints>
              <BranchPoints />
              <MethodPoint xsi:type="SequencePoint" vc="1" uspid="1013" ordinal="0" offset="0" sl="81" sc="9" el="81" ec="10" bec="0" bev="0" fileid="20" />
            </Method>
            <Method visited="true" cyclomaticComplexity="1" nPathComplexity="0" sequenceCoverage="100" branchCoverage="100" isConstructor="false" isStatic="false" isGetter="false" isSetter="false">
              <Summary numSequencePoints="6" visitedSequencePoints="6" numBranchPoints="1" visitedBranchPoints="1" sequenceCoverage="100" branchCoverage="100" maxCyclomaticComplexity="1" minCyclomaticComplexity="1" visitedClasses="0" numClasses="0" visitedMethods="1" numMethods="1" />
              <MetadataToken>100663438</MetadataToken>
              <Name>System.Void Helpful.TextParser.Test.Fluent.PositionedDescriptorTest::PositionedDescriptor_WithoutTagProperties_RightQuantityOfProperties()</Name>
              <FileRef uid="20" />
              <SequencePoints>
                <SequencePoint vc="1" uspid="1017" ordinal="0" offset="0" sl="89" sc="9" el="89" ec="10" bec="0" bev="0" fileid="20" />
                <SequencePoint vc="1" uspid="1018" ordinal="1" offset="1" sl="90" sc="13" el="90" ec="73" bec="0" bev="0" fileid="20" />
                <SequencePoint vc="1" uspid="1019" ordinal="2" offset="12" sl="92" sc="13" el="92" ec="45" bec="0" bev="0" fileid="20" />
                <SequencePoint vc="1" uspid="1020" ordinal="3" offset="19" sl="94" sc="13" el="94" ec="78" bec="0" bev="0" fileid="20" />
                <SequencePoint vc="1" uspid="1021" ordinal="4" offset="37" sl="95" sc="13" el="95" ec="67" bec="0" bev="0" fileid="20" />
                <SequencePoint vc="1" uspid="1022" ordinal="5" offset="64" sl="96" sc="9" el="96" ec="10" bec="0" bev="0" fileid="20" />
              </SequencePoints>
              <BranchPoints />
              <MethodPoint xsi:type="SequencePoint" vc="1" uspid="1017" ordinal="0" offset="0" sl="89" sc="9" el="89" ec="10" bec="0" bev="0" fileid="20" />
            </Method>
            <Method visited="true" cyclomaticComplexity="15" nPathComplexity="0" sequenceCoverage="100" branchCoverage="100" isConstructor="false" isStatic="false" isGetter="false" isSetter="false">
              <Summary numSequencePoints="16" visitedSequencePoints="16" numBranchPoints="1" visitedBranchPoints="1" sequenceCoverage="100" branchCoverage="100" maxCyclomaticComplexity="15" minCyclomaticComplexity="15" visitedClasses="0" numClasses="0" visitedMethods="1" numMethods="1" />
              <MetadataToken>100663439</MetadataToken>
              <Name>System.Void Helpful.TextParser.Test.Fluent.PositionedDescriptorTest::PositionedDescriptor_MapToWithoutTag_ElementIsPropertyCollection()</Name>
              <FileRef uid="20" />
              <SequencePoints>
                <SequencePoint vc="1" uspid="1023" ordinal="0" offset="0" sl="100" sc="9" el="100" ec="10" bec="0" bev="0" fileid="20" />
                <SequencePoint vc="1" uspid="1024" ordinal="1" offset="1" sl="101" sc="13" el="101" ec="73" bec="0" bev="0" fileid="20" />
                <SequencePoint vc="1" uspid="1025" ordinal="2" offset="12" sl="103" sc="13" el="108" ec="20" bec="0" bev="0" fileid="20" />
                <SequencePoint vc="1" uspid="1026" ordinal="3" offset="55" sl="108" sc="21" el="108" ec="22" bec="0" bev="0" fileid="20" />
                <SequencePoint vc="1" uspid="1027" ordinal="4" offset="56" sl="110" sc="13" el="110" ec="98" bec="0" bev="0" fileid="20" />
                <SequencePoint vc="1" uspid="1028" ordinal="5" offset="109" sl="111" sc="13" el="111" ec="123" bec="0" bev="0" fileid="20" />
                <SequencePoint vc="1" uspid="1029" ordinal="6" offset="168" sl="112" sc="13" el="112" ec="119" bec="0" bev="0" fileid="20" />
                <SequencePoint vc="1" uspid="1030" ordinal="7" offset="237" sl="113" sc="13" el="113" ec="117" bec="0" bev="0" fileid="20" />
                <SequencePoint vc="1" uspid="1031" ordinal="8" offset="306" sl="114" sc="13" el="114" ec="217" bec="0" bev="0" fileid="20" />
                <SequencePoint vc="1" uspid="1032" ordinal="9" offset="436" sl="116" sc="13" el="116" ec="98" bec="0" bev="0" fileid="20" />
                <SequencePoint vc="1" uspid="1033" ordinal="10" offset="489" sl="117" sc="13" el="117" ec="123" bec="0" bev="0" fileid="20" />
                <SequencePoint vc="1" uspid="1034" ordinal="11" offset="548" sl="118" sc="13" el="118" ec="119" bec="0" bev="0" fileid="20" />
                <SequencePoint vc="1" uspid="1035" ordinal="12" offset="617" sl="119" sc="13" el="119" ec="117" bec="0" bev="0" fileid="20" />
                <SequencePoint vc="1" uspid="1036" ordinal="13" offset="686" sl="120" sc="13" el="120" ec="217" bec="0" bev="0" fileid="20" />
                <SequencePoint vc="1" uspid="1037" ordinal="14" offset="816" sl="122" sc="13" el="122" ec="121" bec="0" bev="0" fileid="20" />
                <SequencePoint vc="1" uspid="1038" ordinal="15" offset="885" sl="123" sc="9" el="123" ec="10" bec="0" bev="0" fileid="20" />
              </SequencePoints>
              <BranchPoints />
              <MethodPoint xsi:type="SequencePoint" vc="1" uspid="1023" ordinal="0" offset="0" sl="100" sc="9" el="100" ec="10" bec="0" bev="0" fileid="20" />
            </Method>
            <Method visited="true" cyclomaticComplexity="1" nPathComplexity="0" sequenceCoverage="100" branchCoverage="100" isConstructor="false" isStatic="false" isGetter="false" isSetter="false">
              <Summary numSequencePoints="7" visitedSequencePoints="7" numBranchPoints="1" visitedBranchPoints="1" sequenceCoverage="100" branchCoverage="100" maxCyclomaticComplexity="1" minCyclomaticComplexity="1" visitedClasses="0" numClasses="0" visitedMethods="1" numMethods="1" />
              <MetadataToken>100663440</MetadataToken>
              <Name>System.Void Helpful.TextParser.Test.Fluent.PositionedDescriptorTest::PositionedDescriptor_MapToWithTag_HasRightTag(System.String,System.String)</Name>
              <FileRef uid="20" />
              <SequencePoints>
                <SequencePoint vc="3" uspid="1067" ordinal="0" offset="0" sl="130" sc="9" el="130" ec="10" bec="0" bev="0" fileid="20" />
                <SequencePoint vc="3" uspid="1068" ordinal="1" offset="1" sl="131" sc="13" el="131" ec="73" bec="0" bev="0" fileid="20" />
                <SequencePoint vc="3" uspid="1069" ordinal="2" offset="12" sl="133" sc="13" el="133" ec="48" bec="0" bev="0" fileid="20" />
                <SequencePoint vc="3" uspid="1070" ordinal="3" offset="20" sl="135" sc="13" el="135" ec="63" bec="0" bev="0" fileid="20" />
                <SequencePoint vc="3" uspid="1071" ordinal="4" offset="38" sl="136" sc="13" el="136" ec="54" bec="0" bev="0" fileid="20" />
                <SequencePoint vc="3" uspid="1072" ordinal="5" offset="56" sl="137" sc="13" el="137" ec="67" bec="0" bev="0" fileid="20" />
                <SequencePoint vc="3" uspid="1073" ordinal="6" offset="83" sl="138" sc="9" el="138" ec="10" bec="0" bev="0" fileid="20" />
              </SequencePoints>
              <BranchPoints />
              <MethodPoint xsi:type="SequencePoint" vc="3" uspid="1067" ordinal="0" offset="0" sl="130" sc="9" el="130" ec="10" bec="0" bev="0" fileid="20" />
            </Method>
            <Method visited="true" cyclomaticComplexity="1" nPathComplexity="0" sequenceCoverage="100" branchCoverage="100" isConstructor="false" isStatic="false" isGetter="false" isSetter="false">
              <Summary numSequencePoints="7" visitedSequencePoints="7" numBranchPoints="1" visitedBranchPoints="1" sequenceCoverage="100" branchCoverage="100" maxCyclomaticComplexity="1" minCyclomaticComplexity="1" visitedClasses="0" numClasses="0" visitedMethods="1" numMethods="1" />
              <MetadataToken>100663441</MetadataToken>
              <Name>System.Void Helpful.TextParser.Test.Fluent.PositionedDescriptorTest::PositionedDescriptor_Position_HasRightPosition(System.Int32,System.Int32,System.Int32,System.Int32)</Name>
              <FileRef uid="20" />
              <SequencePoints>
                <SequencePoint vc="3" uspid="1074" ordinal="0" offset="0" sl="145" sc="9" el="145" ec="10" bec="0" bev="0" fileid="20" />
                <SequencePoint vc="3" uspid="1075" ordinal="1" offset="1" sl="146" sc="13" el="146" ec="73" bec="0" bev="0" fileid="20" />
                <SequencePoint vc="3" uspid="1076" ordinal="2" offset="12" sl="148" sc="13" el="148" ec="87" bec="0" bev="0" fileid="20" />
                <SequencePoint vc="3" uspid="1077" ordinal="3" offset="31" sl="150" sc="13" el="150" ec="84" bec="0" bev="0" fileid="20" />
                <SequencePoint vc="3" uspid="1078" ordinal="4" offset="59" sl="151" sc="13" el="151" ec="80" bec="0" bev="0" fileid="20" />
                <SequencePoint vc="3" uspid="1079" ordinal="5" offset="88" sl="152" sc="13" el="152" ec="107" bec="0" bev="0" fileid="20" />
                <SequencePoint vc="3" uspid="1080" ordinal="6" offset="136" sl="153" sc="9" el="153" ec="10" bec="0" bev="0" fileid="20" />
              </SequencePoints>
              <BranchPoints />
              <MethodPoint xsi:type="SequencePoint" vc="3" uspid="1074" ordinal="0" offset="0" sl="145" sc="9" el="145" ec="10" bec="0" bev="0" fileid="20" />
            </Method>
            <Method visited="true" cyclomaticComplexity="61" nPathComplexity="0" sequenceCoverage="100" branchCoverage="100" isConstructor="false" isStatic="false" isGetter="false" isSetter="false">
              <Summary numSequencePoints="41" visitedSequencePoints="41" numBranchPoints="1" visitedBranchPoints="1" sequenceCoverage="100" branchCoverage="100" maxCyclomaticComplexity="61" minCyclomaticComplexity="61" visitedClasses="0" numClasses="0" visitedMethods="1" numMethods="1" />
              <MetadataToken>100663442</MetadataToken>
              <Name>System.Void Helpful.TextParser.Test.Fluent.PositionedDescriptorTest::PositionedDescriptor_WithTagAddProperties_AllTagsHaveParentDelimitationString()</Name>
              <FileRef uid="20" />
              <SequencePoints>
                <SequencePoint vc="1" uspid="1081" ordinal="0" offset="0" sl="157" sc="9" el="157" ec="10" bec="0" bev="0" fileid="20" />
                <SequencePoint vc="1" uspid="1082" ordinal="1" offset="1" sl="158" sc="13" el="158" ec="73" bec="0" bev="0" fileid="20" />
                <SequencePoint vc="1" uspid="1083" ordinal="2" offset="12" sl="160" sc="13" el="178" ec="20" bec="0" bev="0" fileid="20" />
                <SequencePoint vc="1" uspid="1084" ordinal="3" offset="67" sl="180" sc="13" el="180" ec="98" bec="0" bev="0" fileid="20" />
                <SequencePoint vc="1" uspid="1085" ordinal="4" offset="120" sl="181" sc="13" el="181" ec="123" bec="0" bev="0" fileid="20" />
                <SequencePoint vc="1" uspid="1086" ordinal="5" offset="179" sl="182" sc="13" el="182" ec="119" bec="0" bev="0" fileid="20" />
                <SequencePoint vc="1" uspid="1087" ordinal="6" offset="248" sl="183" sc="13" el="183" ec="117" bec="0" bev="0" fileid="20" />
                <SequencePoint vc="1" uspid="1088" ordinal="7" offset="317" sl="185" sc="13" el="185" ec="98" bec="0" bev="0" fileid="20" />
                <SequencePoint vc="1" uspid="1089" ordinal="8" offset="370" sl="186" sc="13" el="186" ec="123" bec="0" bev="0" fileid="20" />
                <SequencePoint vc="1" uspid="1090" ordinal="9" offset="429" sl="187" sc="13" el="187" ec="119" bec="0" bev="0" fileid="20" />
                <SequencePoint vc="1" uspid="1091" ordinal="10" offset="498" sl="188" sc="13" el="188" ec="117" bec="0" bev="0" fileid="20" />
                <SequencePoint vc="1" uspid="1092" ordinal="11" offset="567" sl="190" sc="13" el="190" ec="98" bec="0" bev="0" fileid="20" />
                <SequencePoint vc="1" uspid="1093" ordinal="12" offset="620" sl="191" sc="13" el="191" ec="118" bec="0" bev="0" fileid="20" />
                <SequencePoint vc="1" uspid="1094" ordinal="13" offset="679" sl="192" sc="13" el="192" ec="119" bec="0" bev="0" fileid="20" />
                <SequencePoint vc="1" uspid="1095" ordinal="14" offset="748" sl="193" sc="13" el="193" ec="117" bec="0" bev="0" fileid="20" />
                <SequencePoint vc="1" uspid="1096" ordinal="15" offset="817" sl="194" sc="13" el="194" ec="110" bec="0" bev="0" fileid="20" />
                <SequencePoint vc="1" uspid="1097" ordinal="16" offset="880" sl="196" sc="13" el="196" ec="98" bec="0" bev="0" fileid="20" />
                <SequencePoint vc="1" uspid="1098" ordinal="17" offset="933" sl="197" sc="13" el="197" ec="118" bec="0" bev="0" fileid="20" />
                <SequencePoint vc="1" uspid="1099" ordinal="18" offset="992" sl="198" sc="13" el="198" ec="119" bec="0" bev="0" fileid="20" />
                <SequencePoint vc="1" uspid="1100" ordinal="19" offset="1061" sl="199" sc="13" el="199" ec="117" bec="0" bev="0" fileid="20" />
                <SequencePoint vc="1" uspid="1101" ordinal="20" offset="1130" sl="200" sc="13" el="200" ec="110" bec="0" bev="0" fileid="20" />
                <SequencePoint vc="1" uspid="1102" ordinal="21" offset="1193" sl="201" sc="13" el="201" ec="107" bec="0" bev="0" fileid="20" />
                <SequencePoint vc="1" uspid="1103" ordinal="22" offset="1257" sl="203" sc="13" el="204" ec="91" bec="0" bev="0" fileid="20" />
                <SequencePoint vc="1" uspid="1104" ordinal="23" offset="1351" sl="205" sc="13" el="206" ec="116" bec="0" bev="0" fileid="20" />
                <SequencePoint vc="1" uspid="1105" ordinal="24" offset="1451" sl="207" sc="13" el="208" ec="113" bec="0" bev="0" fileid="20" />
                <SequencePoint vc="1" uspid="1106" ordinal="25" offset="1561" sl="209" sc="13" el="210" ec="111" bec="0" bev="0" fileid="20" />
                <SequencePoint vc="1" uspid="1107" ordinal="26" offset="1671" sl="212" sc="13" el="213" ec="91" bec="0" bev="0" fileid="20" />
                <SequencePoint vc="1" uspid="1108" ordinal="27" offset="1765" sl="214" sc="13" el="215" ec="116" bec="0" bev="0" fileid="20" />
                <SequencePoint vc="1" uspid="1109" ordinal="28" offset="1865" sl="216" sc="13" el="217" ec="113" bec="0" bev="0" fileid="20" />
                <SequencePoint vc="1" uspid="1110" ordinal="29" offset="1975" sl="218" sc="13" el="219" ec="111" bec="0" bev="0" fileid="20" />
                <SequencePoint vc="1" uspid="1111" ordinal="30" offset="2085" sl="221" sc="13" el="222" ec="92" bec="0" bev="0" fileid="20" />
                <SequencePoint vc="1" uspid="1112" ordinal="31" offset="2179" sl="223" sc="13" el="224" ec="112" bec="0" bev="0" fileid="20" />
                <SequencePoint vc="1" uspid="1113" ordinal="32" offset="2279" sl="225" sc="13" el="226" ec="113" bec="0" bev="0" fileid="20" />
                <SequencePoint vc="1" uspid="1114" ordinal="33" offset="2389" sl="227" sc="13" el="228" ec="111" bec="0" bev="0" fileid="20" />
                <SequencePoint vc="1" uspid="1115" ordinal="34" offset="2499" sl="229" sc="13" el="230" ec="107" bec="0" bev="0" fileid="20" />
                <SequencePoint vc="1" uspid="1116" ordinal="35" offset="2603" sl="231" sc="13" el="232" ec="101" bec="0" bev="0" fileid="20" />
                <SequencePoint vc="1" uspid="1117" ordinal="36" offset="2708" sl="234" sc="13" el="236" ec="92" bec="0" bev="0" fileid="20" />
                <SequencePoint vc="1" uspid="1118" ordinal="37" offset="2843" sl="237" sc="13" el="239" ec="117" bec="0" bev="0" fileid="20" />
                <SequencePoint vc="1" uspid="1119" ordinal="38" offset="2984" sl="240" sc="13" el="242" ec="113" bec="0" bev="0" fileid="20" />
                <SequencePoint vc="1" uspid="1120" ordinal="39" offset="3135" sl="243" sc="13" el="245" ec="111" bec="0" bev="0" fileid="20" />
                <SequencePoint vc="1" uspid="1121" ordinal="40" offset="3286" sl="246" sc="9" el="246" ec="10" bec="0" bev="0" fileid="20" />
              </SequencePoints>
              <BranchPoints />
              <MethodPoint xsi:type="SequencePoint" vc="1" uspid="1081" ordinal="0" offset="0" sl="157" sc="9" el="157" ec="10" bec="0" bev="0" fileid="20" />
            </Method>
            <Method visited="true" cyclomaticComplexity="1" nPathComplexity="0" sequenceCoverage="0" branchCoverage="0" isConstructor="true" isStatic="false" isGetter="false" isSetter="false">
              <Summary numSequencePoints="0" visitedSequencePoints="0" numBranchPoints="0" visitedBranchPoints="0" sequenceCoverage="0" branchCoverage="0" maxCyclomaticComplexity="1" minCyclomaticComplexity="1" visitedClasses="0" numClasses="0" visitedMethods="0" numMethods="0" />
              <MetadataToken>100663443</MetadataToken>
              <Name>System.Void Helpful.TextParser.Test.Fluent.PositionedDescriptorTest::.ctor()</Name>
              <SequencePoints />
              <BranchPoints />
              <MethodPoint vc="1" uspid="1242" ordinal="0" offset="0" />
            </Method>
          </Methods>
        </Class>
        <Class>
          <Summary numSequencePoints="1" visitedSequencePoints="1" numBranchPoints="1" visitedBranchPoints="1" sequenceCoverage="100" branchCoverage="100" maxCyclomaticComplexity="1" minCyclomaticComplexity="1" visitedClasses="1" numClasses="1" visitedMethods="1" numMethods="1" />
          <FullName>Helpful.TextParser.Test.Fluent.PositionedDescriptorTest/&lt;&gt;c__DisplayClass0_0</FullName>
          <Methods>
            <Method visited="true" cyclomaticComplexity="1" nPathComplexity="0" sequenceCoverage="0" branchCoverage="0" isConstructor="true" isStatic="false" isGetter="false" isSetter="false">
              <Summary numSequencePoints="0" visitedSequencePoints="0" numBranchPoints="0" visitedBranchPoints="0" sequenceCoverage="0" branchCoverage="0" maxCyclomaticComplexity="1" minCyclomaticComplexity="1" visitedClasses="0" numClasses="0" visitedMethods="0" numMethods="0" />
              <MetadataToken>100663565</MetadataToken>
              <Name>System.Void Helpful.TextParser.Test.Fluent.PositionedDescriptorTest/&lt;&gt;c__DisplayClass0_0::.ctor()</Name>
              <SequencePoints />
              <BranchPoints />
              <MethodPoint vc="2" uspid="1243" ordinal="0" offset="0" />
            </Method>
            <Method visited="true" cyclomaticComplexity="1" nPathComplexity="0" sequenceCoverage="100" branchCoverage="100" isConstructor="false" isStatic="false" isGetter="false" isSetter="false">
              <Summary numSequencePoints="1" visitedSequencePoints="1" numBranchPoints="1" visitedBranchPoints="1" sequenceCoverage="100" branchCoverage="100" maxCyclomaticComplexity="1" minCyclomaticComplexity="1" visitedClasses="0" numClasses="0" visitedMethods="1" numMethods="1" />
              <MetadataToken>100663566</MetadataToken>
              <Name>System.Void Helpful.TextParser.Test.Fluent.PositionedDescriptorTest/&lt;&gt;c__DisplayClass0_0::&lt;PositioneddDescriptor_TagIsEmpty_ReturnsException&gt;b__0()</Name>
              <FileRef uid="20" />
              <SequencePoints>
                <SequencePoint vc="2" uspid="1244" ordinal="0" offset="0" sl="22" sc="55" el="22" ec="88" bec="0" bev="0" fileid="20" />
              </SequencePoints>
              <BranchPoints />
              <MethodPoint xsi:type="SequencePoint" vc="2" uspid="1244" ordinal="0" offset="0" sl="22" sc="55" el="22" ec="88" bec="0" bev="0" fileid="20" />
            </Method>
          </Methods>
        </Class>
        <Class>
          <Summary numSequencePoints="2" visitedSequencePoints="2" numBranchPoints="2" visitedBranchPoints="2" sequenceCoverage="100" branchCoverage="100" maxCyclomaticComplexity="2" minCyclomaticComplexity="1" visitedClasses="1" numClasses="1" visitedMethods="2" numMethods="2" />
          <FullName>Helpful.TextParser.Test.Fluent.PositionedDescriptorTest/&lt;&gt;c__DisplayClass1_0</FullName>
          <Methods>
            <Method visited="true" cyclomaticComplexity="1" nPathComplexity="0" sequenceCoverage="0" branchCoverage="0" isConstructor="true" isStatic="false" isGetter="false" isSetter="false">
              <Summary numSequencePoints="0" visitedSequencePoints="0" numBranchPoints="0" visitedBranchPoints="0" sequenceCoverage="0" branchCoverage="0" maxCyclomaticComplexity="1" minCyclomaticComplexity="1" visitedClasses="0" numClasses="0" visitedMethods="0" numMethods="0" />
              <MetadataToken>100663567</MetadataToken>
              <Name>System.Void Helpful.TextParser.Test.Fluent.PositionedDescriptorTest/&lt;&gt;c__DisplayClass1_0::.ctor()</Name>
              <SequencePoints />
              <BranchPoints />
              <MethodPoint vc="3" uspid="1245" ordinal="0" offset="0" />
            </Method>
            <Method visited="true" cyclomaticComplexity="2" nPathComplexity="0" sequenceCoverage="100" branchCoverage="100" isConstructor="false" isStatic="false" isGetter="false" isSetter="false">
              <Summary numSequencePoints="1" visitedSequencePoints="1" numBranchPoints="1" visitedBranchPoints="1" sequenceCoverage="100" branchCoverage="100" maxCyclomaticComplexity="2" minCyclomaticComplexity="2" visitedClasses="0" numClasses="0" visitedMethods="1" numMethods="1" />
              <MetadataToken>100663568</MetadataToken>
              <Name>System.Void Helpful.TextParser.Test.Fluent.PositionedDescriptorTest/&lt;&gt;c__DisplayClass1_0::&lt;PositioneddDescriptor_PropertyPosition_ReturnsException&gt;b__0()</Name>
              <FileRef uid="20" />
              <SequencePoints>
                <SequencePoint vc="3" uspid="1246" ordinal="0" offset="0" sl="33" sc="51" el="33" ec="181" bec="0" bev="0" fileid="20" />
              </SequencePoints>
              <BranchPoints />
              <MethodPoint xsi:type="SequencePoint" vc="3" uspid="1246" ordinal="0" offset="0" sl="33" sc="51" el="33" ec="181" bec="0" bev="0" fileid="20" />
            </Method>
            <Method visited="true" cyclomaticComplexity="1" nPathComplexity="0" sequenceCoverage="100" branchCoverage="100" isConstructor="false" isStatic="false" isGetter="false" isSetter="false">
              <Summary numSequencePoints="1" visitedSequencePoints="1" numBranchPoints="1" visitedBranchPoints="1" sequenceCoverage="100" branchCoverage="100" maxCyclomaticComplexity="1" minCyclomaticComplexity="1" visitedClasses="0" numClasses="0" visitedMethods="1" numMethods="1" />
              <MetadataToken>100663569</MetadataToken>
              <Name>System.Void Helpful.TextParser.Test.Fluent.PositionedDescriptorTest/&lt;&gt;c__DisplayClass1_0::&lt;PositioneddDescriptor_PropertyPosition_ReturnsException&gt;b__1(Helpful.TextParser.Fluent.Interface.IPositionedPropertyOnlyDescriptor`1&lt;Helpful.TextParser.Test.Fluent.DelimitedFooClass&gt;)</Name>
              <FileRef uid="20" />
              <SequencePoints>
                <SequencePoint vc="3" uspid="1249" ordinal="0" offset="0" sl="33" sc="105" el="33" ec="180" bec="0" bev="0" fileid="20" />
              </SequencePoints>
              <BranchPoints />
              <MethodPoint xsi:type="SequencePoint" vc="3" uspid="1249" ordinal="0" offset="0" sl="33" sc="105" el="33" ec="180" bec="0" bev="0" fileid="20" />
            </Method>
          </Methods>
        </Class>
        <Class>
          <Summary numSequencePoints="1" visitedSequencePoints="1" numBranchPoints="1" visitedBranchPoints="1" sequenceCoverage="100" branchCoverage="100" maxCyclomaticComplexity="1" minCyclomaticComplexity="1" visitedClasses="1" numClasses="1" visitedMethods="1" numMethods="1" />
          <FullName>Helpful.TextParser.Test.Fluent.PositionedDescriptorTest/&lt;&gt;c__DisplayClass2_0</FullName>
          <Methods>
            <Method visited="true" cyclomaticComplexity="1" nPathComplexity="0" sequenceCoverage="0" branchCoverage="0" isConstructor="true" isStatic="false" isGetter="false" isSetter="false">
              <Summary numSequencePoints="0" visitedSequencePoints="0" numBranchPoints="0" visitedBranchPoints="0" sequenceCoverage="0" branchCoverage="0" maxCyclomaticComplexity="1" minCyclomaticComplexity="1" visitedClasses="0" numClasses="0" visitedMethods="0" numMethods="0" />
              <MetadataToken>100663570</MetadataToken>
              <Name>System.Void Helpful.TextParser.Test.Fluent.PositionedDescriptorTest/&lt;&gt;c__DisplayClass2_0::.ctor()</Name>
              <SequencePoints />
              <BranchPoints />
              <MethodPoint vc="3" uspid="1250" ordinal="0" offset="0" />
            </Method>
            <Method visited="true" cyclomaticComplexity="1" nPathComplexity="0" sequenceCoverage="100" branchCoverage="100" isConstructor="false" isStatic="false" isGetter="false" isSetter="false">
              <Summary numSequencePoints="1" visitedSequencePoints="1" numBranchPoints="1" visitedBranchPoints="1" sequenceCoverage="100" branchCoverage="100" maxCyclomaticComplexity="1" minCyclomaticComplexity="1" visitedClasses="0" numClasses="0" visitedMethods="1" numMethods="1" />
              <MetadataToken>100663571</MetadataToken>
              <Name>System.Void Helpful.TextParser.Test.Fluent.PositionedDescriptorTest/&lt;&gt;c__DisplayClass2_0::&lt;PositioneddDescriptor_NotValidTagPosition_ReturnsException&gt;b__0()</Name>
              <FileRef uid="20" />
              <SequencePoints>
                <SequencePoint vc="3" uspid="1251" ordinal="0" offset="0" sl="44" sc="51" el="44" ec="128" bec="0" bev="0" fileid="20" />
              </SequencePoints>
              <BranchPoints />
              <MethodPoint xsi:type="SequencePoint" vc="3" uspid="1251" ordinal="0" offset="0" sl="44" sc="51" el="44" ec="128" bec="0" bev="0" fileid="20" />
            </Method>
          </Methods>
        </Class>
        <Class>
          <Summary numSequencePoints="2" visitedSequencePoints="2" numBranchPoints="2" visitedBranchPoints="2" sequenceCoverage="100" branchCoverage="100" maxCyclomaticComplexity="2" minCyclomaticComplexity="1" visitedClasses="1" numClasses="1" visitedMethods="2" numMethods="2" />
          <FullName>Helpful.TextParser.Test.Fluent.PositionedDescriptorTest/&lt;&gt;c__DisplayClass3_0</FullName>
          <Methods>
            <Method visited="true" cyclomaticComplexity="1" nPathComplexity="0" sequenceCoverage="0" branchCoverage="0" isConstructor="true" isStatic="false" isGetter="false" isSetter="false">
              <Summary numSequencePoints="0" visitedSequencePoints="0" numBranchPoints="0" visitedBranchPoints="0" sequenceCoverage="0" branchCoverage="0" maxCyclomaticComplexity="1" minCyclomaticComplexity="1" visitedClasses="0" numClasses="0" visitedMethods="0" numMethods="0" />
              <MetadataToken>100663572</MetadataToken>
              <Name>System.Void Helpful.TextParser.Test.Fluent.PositionedDescriptorTest/&lt;&gt;c__DisplayClass3_0::.ctor()</Name>
              <SequencePoints />
              <BranchPoints />
              <MethodPoint vc="2" uspid="1252" ordinal="0" offset="0" />
            </Method>
            <Method visited="true" cyclomaticComplexity="2" nPathComplexity="0" sequenceCoverage="100" branchCoverage="100" isConstructor="false" isStatic="false" isGetter="false" isSetter="false">
              <Summary numSequencePoints="1" visitedSequencePoints="1" numBranchPoints="1" visitedBranchPoints="1" sequenceCoverage="100" branchCoverage="100" maxCyclomaticComplexity="2" minCyclomaticComplexity="2" visitedClasses="0" numClasses="0" visitedMethods="1" numMethods="1" />
              <MetadataToken>100663573</MetadataToken>
              <Name>System.Void Helpful.TextParser.Test.Fluent.PositionedDescriptorTest/&lt;&gt;c__DisplayClass3_0::&lt;PositionedDescriptor_PropertyTagIsEmpty_ReturnsException&gt;b__0()</Name>
              <FileRef uid="20" />
              <SequencePoints>
                <SequencePoint vc="2" uspid="1253" ordinal="0" offset="0" sl="54" sc="55" el="54" ec="208" bec="0" bev="0" fileid="20" />
              </SequencePoints>
              <BranchPoints />
              <MethodPoint xsi:type="SequencePoint" vc="2" uspid="1253" ordinal="0" offset="0" sl="54" sc="55" el="54" ec="208" bec="0" bev="0" fileid="20" />
            </Method>
            <Method visited="true" cyclomaticComplexity="1" nPathComplexity="0" sequenceCoverage="100" branchCoverage="100" isConstructor="false" isStatic="false" isGetter="false" isSetter="false">
              <Summary numSequencePoints="1" visitedSequencePoints="1" numBranchPoints="1" visitedBranchPoints="1" sequenceCoverage="100" branchCoverage="100" maxCyclomaticComplexity="1" minCyclomaticComplexity="1" visitedClasses="0" numClasses="0" visitedMethods="1" numMethods="1" />
              <MetadataToken>100663574</MetadataToken>
              <Name>System.Void Helpful.TextParser.Test.Fluent.PositionedDescriptorTest/&lt;&gt;c__DisplayClass3_0::&lt;PositionedDescriptor_PropertyTagIsEmpty_ReturnsException&gt;b__1(Helpful.TextParser.Fluent.Interface.IPositionedPropertyDescriptor`1&lt;Helpful.TextParser.Test.Fluent.DelimitedFooClass&gt;)</Name>
              <FileRef uid="20" />
              <SequencePoints>
                <SequencePoint vc="2" uspid="1256" ordinal="0" offset="0" sl="54" sc="134" el="54" ec="207" bec="0" bev="0" fileid="20" />
              </SequencePoints>
              <BranchPoints />
              <MethodPoint xsi:type="SequencePoint" vc="2" uspid="1256" ordinal="0" offset="0" sl="54" sc="134" el="54" ec="207" bec="0" bev="0" fileid="20" />
            </Method>
          </Methods>
        </Class>
        <Class>
          <Summary numSequencePoints="2" visitedSequencePoints="2" numBranchPoints="2" visitedBranchPoints="2" sequenceCoverage="100" branchCoverage="100" maxCyclomaticComplexity="2" minCyclomaticComplexity="1" visitedClasses="1" numClasses="1" visitedMethods="2" numMethods="2" />
          <FullName>Helpful.TextParser.Test.Fluent.PositionedDescriptorTest/&lt;&gt;c__DisplayClass4_0</FullName>
          <Methods>
            <Method visited="true" cyclomaticComplexity="1" nPathComplexity="0" sequenceCoverage="0" branchCoverage="0" isConstructor="true" isStatic="false" isGetter="false" isSetter="false">
              <Summary numSequencePoints="0" visitedSequencePoints="0" numBranchPoints="0" visitedBranchPoints="0" sequenceCoverage="0" branchCoverage="0" maxCyclomaticComplexity="1" minCyclomaticComplexity="1" visitedClasses="0" numClasses="0" visitedMethods="0" numMethods="0" />
              <MetadataToken>100663575</MetadataToken>
              <Name>System.Void Helpful.TextParser.Test.Fluent.PositionedDescriptorTest/&lt;&gt;c__DisplayClass4_0::.ctor()</Name>
              <SequencePoints />
              <BranchPoints />
              <MethodPoint vc="3" uspid="1257" ordinal="0" offset="0" />
            </Method>
            <Method visited="true" cyclomaticComplexity="2" nPathComplexity="0" sequenceCoverage="100" branchCoverage="100" isConstructor="false" isStatic="false" isGetter="false" isSetter="false">
              <Summary numSequencePoints="1" visitedSequencePoints="1" numBranchPoints="1" visitedBranchPoints="1" sequenceCoverage="100" branchCoverage="100" maxCyclomaticComplexity="2" minCyclomaticComplexity="2" visitedClasses="0" numClasses="0" visitedMethods="1" numMethods="1" />
              <MetadataToken>100663576</MetadataToken>
              <Name>System.Void Helpful.TextParser.Test.Fluent.PositionedDescriptorTest/&lt;&gt;c__DisplayClass4_0::&lt;PositioneddDescriptor_NotValidPropertyTagPosition_ReturnsException&gt;b__0()</Name>
              <FileRef uid="20" />
              <SequencePoints>
                <SequencePoint vc="3" uspid="1258" ordinal="0" offset="0" sl="65" sc="51" el="65" ec="248" bec="0" bev="0" fileid="20" />
              </SequencePoints>
              <BranchPoints />
              <MethodPoint xsi:type="SequencePoint" vc="3" uspid="1258" ordinal="0" offset="0" sl="65" sc="51" el="65" ec="248" bec="0" bev="0" fileid="20" />
            </Method>
            <Method visited="true" cyclomaticComplexity="1" nPathComplexity="0" sequenceCoverage="100" branchCoverage="100" isConstructor="false" isStatic="false" isGetter="false" isSetter="false">
              <Summary numSequencePoints="1" visitedSequencePoints="1" numBranchPoints="1" visitedBranchPoints="1" sequenceCoverage="100" branchCoverage="100" maxCyclomaticComplexity="1" minCyclomaticComplexity="1" visitedClasses="0" numClasses="0" visitedMethods="1" numMethods="1" />
              <MetadataToken>100663577</MetadataToken>
              <Name>System.Void Helpful.TextParser.Test.Fluent.PositionedDescriptorTest/&lt;&gt;c__DisplayClass4_0::&lt;PositioneddDescriptor_NotValidPropertyTagPosition_ReturnsException&gt;b__1(Helpful.TextParser.Fluent.Interface.IPositionedPropertyDescriptor`1&lt;Helpful.TextParser.Test.Fluent.DelimitedFooClass&gt;)</Name>
              <FileRef uid="20" />
              <SequencePoints>
                <SequencePoint vc="3" uspid="1261" ordinal="0" offset="0" sl="65" sc="130" el="65" ec="247" bec="0" bev="0" fileid="20" />
              </SequencePoints>
              <BranchPoints />
              <MethodPoint xsi:type="SequencePoint" vc="3" uspid="1261" ordinal="0" offset="0" sl="65" sc="130" el="65" ec="247" bec="0" bev="0" fileid="20" />
            </Method>
          </Methods>
        </Class>
        <Class>
          <Summary numSequencePoints="2" visitedSequencePoints="2" numBranchPoints="2" visitedBranchPoints="2" sequenceCoverage="100" branchCoverage="100" maxCyclomaticComplexity="2" minCyclomaticComplexity="1" visitedClasses="1" numClasses="1" visitedMethods="2" numMethods="2" />
          <FullName>Helpful.TextParser.Test.Fluent.PositionedDescriptorTest/&lt;&gt;c__DisplayClass5_0</FullName>
          <Methods>
            <Method visited="true" cyclomaticComplexity="1" nPathComplexity="0" sequenceCoverage="0" branchCoverage="0" isConstructor="true" isStatic="false" isGetter="false" isSetter="false">
              <Summary numSequencePoints="0" visitedSequencePoints="0" numBranchPoints="0" visitedBranchPoints="0" sequenceCoverage="0" branchCoverage="0" maxCyclomaticComplexity="1" minCyclomaticComplexity="1" visitedClasses="0" numClasses="0" visitedMethods="0" numMethods="0" />
              <MetadataToken>100663578</MetadataToken>
              <Name>System.Void Helpful.TextParser.Test.Fluent.PositionedDescriptorTest/&lt;&gt;c__DisplayClass5_0::.ctor()</Name>
              <SequencePoints />
              <BranchPoints />
              <MethodPoint vc="3" uspid="1262" ordinal="0" offset="0" />
            </Method>
            <Method visited="true" cyclomaticComplexity="2" nPathComplexity="0" sequenceCoverage="100" branchCoverage="100" isConstructor="false" isStatic="false" isGetter="false" isSetter="false">
              <Summary numSequencePoints="1" visitedSequencePoints="1" numBranchPoints="1" visitedBranchPoints="1" sequenceCoverage="100" branchCoverage="100" maxCyclomaticComplexity="2" minCyclomaticComplexity="2" visitedClasses="0" numClasses="0" visitedMethods="1" numMethods="1" />
              <MetadataToken>100663579</MetadataToken>
              <Name>System.Void Helpful.TextParser.Test.Fluent.PositionedDescriptorTest/&lt;&gt;c__DisplayClass5_0::&lt;PositioneddDescriptor_TagPropertyPosition_ReturnsException&gt;b__0()</Name>
              <FileRef uid="20" />
              <SequencePoints>
                <SequencePoint vc="3" uspid="1263" ordinal="0" offset="0" sl="76" sc="51" el="76" ec="206" bec="0" bev="0" fileid="20" />
              </SequencePoints>
              <BranchPoints />
              <MethodPoint xsi:type="SequencePoint" vc="3" uspid="1263" ordinal="0" offset="0" sl="76" sc="51" el="76" ec="206" bec="0" bev="0" fileid="20" />
            </Method>
            <Method visited="true" cyclomaticComplexity="1" nPathComplexity="0" sequenceCoverage="100" branchCoverage="100" isConstructor="false" isStatic="false" isGetter="false" isSetter="false">
              <Summary numSequencePoints="1" visitedSequencePoints="1" numBranchPoints="1" visitedBranchPoints="1" sequenceCoverage="100" branchCoverage="100" maxCyclomaticComplexity="1" minCyclomaticComplexity="1" visitedClasses="0" numClasses="0" visitedMethods="1" numMethods="1" />
              <MetadataToken>100663580</MetadataToken>
              <Name>System.Void Helpful.TextParser.Test.Fluent.PositionedDescriptorTest/&lt;&gt;c__DisplayClass5_0::&lt;PositioneddDescriptor_TagPropertyPosition_ReturnsException&gt;b__1(Helpful.TextParser.Fluent.Interface.IPositionedPropertyDescriptor`1&lt;Helpful.TextParser.Test.Fluent.DelimitedFooClass&gt;)</Name>
              <FileRef uid="20" />
              <SequencePoints>
                <SequencePoint vc="3" uspid="1266" ordinal="0" offset="0" sl="76" sc="130" el="76" ec="205" bec="0" bev="0" fileid="20" />
              </SequencePoints>
              <BranchPoints />
              <MethodPoint xsi:type="SequencePoint" vc="3" uspid="1266" ordinal="0" offset="0" sl="76" sc="130" el="76" ec="205" bec="0" bev="0" fileid="20" />
            </Method>
          </Methods>
        </Class>
        <Class>
          <Summary numSequencePoints="90" visitedSequencePoints="90" numBranchPoints="76" visitedBranchPoints="76" sequenceCoverage="100" branchCoverage="100" maxCyclomaticComplexity="2" minCyclomaticComplexity="1" visitedClasses="1" numClasses="1" visitedMethods="76" numMethods="76" />
          <FullName>Helpful.TextParser.Test.Fluent.PositionedDescriptorTest/&lt;&gt;c</FullName>
          <Methods>
            <Method visited="true" cyclomaticComplexity="1" nPathComplexity="0" sequenceCoverage="0" branchCoverage="0" isConstructor="true" isStatic="true" isGetter="false" isSetter="false">
              <Summary numSequencePoints="0" visitedSequencePoints="0" numBranchPoints="0" visitedBranchPoints="0" sequenceCoverage="0" branchCoverage="0" maxCyclomaticComplexity="1" minCyclomaticComplexity="1" visitedClasses="0" numClasses="0" visitedMethods="0" numMethods="0" />
              <MetadataToken>100663581</MetadataToken>
              <Name>System.Void Helpful.TextParser.Test.Fluent.PositionedDescriptorTest/&lt;&gt;c::.cctor()</Name>
              <SequencePoints />
              <BranchPoints />
              <MethodPoint vc="1" uspid="1267" ordinal="0" offset="0" />
            </Method>
            <Method visited="true" cyclomaticComplexity="1" nPathComplexity="0" sequenceCoverage="0" branchCoverage="0" isConstructor="true" isStatic="false" isGetter="false" isSetter="false">
              <Summary numSequencePoints="0" visitedSequencePoints="0" numBranchPoints="0" visitedBranchPoints="0" sequenceCoverage="0" branchCoverage="0" maxCyclomaticComplexity="1" minCyclomaticComplexity="1" visitedClasses="0" numClasses="0" visitedMethods="0" numMethods="0" />
              <MetadataToken>100663582</MetadataToken>
              <Name>System.Void Helpful.TextParser.Test.Fluent.PositionedDescriptorTest/&lt;&gt;c::.ctor()</Name>
              <SequencePoints />
              <BranchPoints />
              <MethodPoint vc="1" uspid="1268" ordinal="0" offset="0" />
            </Method>
            <Method visited="true" cyclomaticComplexity="1" nPathComplexity="0" sequenceCoverage="100" branchCoverage="100" isConstructor="false" isStatic="false" isGetter="false" isSetter="false">
              <Summary numSequencePoints="4" visitedSequencePoints="4" numBranchPoints="1" visitedBranchPoints="1" sequenceCoverage="100" branchCoverage="100" maxCyclomaticComplexity="1" minCyclomaticComplexity="1" visitedClasses="0" numClasses="0" visitedMethods="1" numMethods="1" />
              <MetadataToken>100663583</MetadataToken>
              <Name>System.Void Helpful.TextParser.Test.Fluent.PositionedDescriptorTest/&lt;&gt;c::&lt;PositionedDescriptor_MapToWithoutTag_ElementIsPropertyCollection&gt;b__8_0(Helpful.TextParser.Fluent.Interface.IPositionedPropertyOnlyDescriptor`1&lt;Helpful.TextParser.Test.Fluent.PositionedFooClass&gt;)</Name>
              <FileRef uid="20" />
              <SequencePoints>
                <SequencePoint vc="1" uspid="1269" ordinal="0" offset="0" sl="105" sc="17" el="105" ec="18" bec="0" bev="0" fileid="20" />
                <SequencePoint vc="1" uspid="1270" ordinal="1" offset="1" sl="106" sc="21" el="106" ec="88" bec="0" bev="0" fileid="20" />
                <SequencePoint vc="1" uspid="1271" ordinal="2" offset="77" sl="107" sc="21" el="107" ec="91" bec="0" bev="0" fileid="20" />
                <SequencePoint vc="1" uspid="1272" ordinal="3" offset="153" sl="108" sc="17" el="108" ec="18" bec="0" bev="0" fileid="20" />
              </SequencePoints>
              <BranchPoints />
              <MethodPoint xsi:type="SequencePoint" vc="1" uspid="1269" ordinal="0" offset="0" sl="105" sc="17" el="105" ec="18" bec="0" bev="0" fileid="20" />
            </Method>
            <Method visited="true" cyclomaticComplexity="1" nPathComplexity="0" sequenceCoverage="100" branchCoverage="100" isConstructor="false" isStatic="false" isGetter="false" isSetter="false">
              <Summary numSequencePoints="1" visitedSequencePoints="1" numBranchPoints="1" visitedBranchPoints="1" sequenceCoverage="100" branchCoverage="100" maxCyclomaticComplexity="1" minCyclomaticComplexity="1" visitedClasses="0" numClasses="0" visitedMethods="1" numMethods="1" />
              <MetadataToken>100663584</MetadataToken>
              <Name>System.Boolean Helpful.TextParser.Test.Fluent.PositionedDescriptorTest/&lt;&gt;c::&lt;PositionedDescriptor_MapToWithoutTag_ElementIsPropertyCollection&gt;b__8_1(Helpful.TextParser.Model.Element)</Name>
              <FileRef uid="20" />
              <SequencePoints>
                <SequencePoint vc="1" uspid="1273" ordinal="0" offset="0" sl="110" sc="54" el="110" ec="78" bec="0" bev="0" fileid="20" />
              </SequencePoints>
              <BranchPoints />
              <MethodPoint xsi:type="SequencePoint" vc="1" uspid="1273" ordinal="0" offset="0" sl="110" sc="54" el="110" ec="78" bec="0" bev="0" fileid="20" />
            </Method>
            <Method visited="true" cyclomaticComplexity="1" nPathComplexity="0" sequenceCoverage="100" branchCoverage="100" isConstructor="false" isStatic="false" isGetter="false" isSetter="false">
              <Summary numSequencePoints="1" visitedSequencePoints="1" numBranchPoints="1" visitedBranchPoints="1" sequenceCoverage="100" branchCoverage="100" maxCyclomaticComplexity="1" minCyclomaticComplexity="1" visitedClasses="0" numClasses="0" visitedMethods="1" numMethods="1" />
              <MetadataToken>100663585</MetadataToken>
              <Name>System.Boolean Helpful.TextParser.Test.Fluent.PositionedDescriptorTest/&lt;&gt;c::&lt;PositionedDescriptor_MapToWithoutTag_ElementIsPropertyCollection&gt;b__8_2(Helpful.TextParser.Model.Element)</Name>
              <FileRef uid="20" />
              <SequencePoints>
                <SequencePoint vc="1" uspid="1274" ordinal="0" offset="0" sl="111" sc="54" el="111" ec="78" bec="0" bev="0" fileid="20" />
              </SequencePoints>
              <BranchPoints />
              <MethodPoint xsi:type="SequencePoint" vc="1" uspid="1274" ordinal="0" offset="0" sl="111" sc="54" el="111" ec="78" bec="0" bev="0" fileid="20" />
            </Method>
            <Method visited="true" cyclomaticComplexity="1" nPathComplexity="0" sequenceCoverage="100" branchCoverage="100" isConstructor="false" isStatic="false" isGetter="false" isSetter="false">
              <Summary numSequencePoints="1" visitedSequencePoints="1" numBranchPoints="1" visitedBranchPoints="1" sequenceCoverage="100" branchCoverage="100" maxCyclomaticComplexity="1" minCyclomaticComplexity="1" visitedClasses="0" numClasses="0" visitedMethods="1" numMethods="1" />
              <MetadataToken>100663586</MetadataToken>
              <Name>System.Boolean Helpful.TextParser.Test.Fluent.PositionedDescriptorTest/&lt;&gt;c::&lt;PositionedDescriptor_MapToWithoutTag_ElementIsPropertyCollection&gt;b__8_3(Helpful.TextParser.Model.Element)</Name>
              <FileRef uid="20" />
              <SequencePoints>
                <SequencePoint vc="1" uspid="1275" ordinal="0" offset="0" sl="112" sc="54" el="112" ec="78" bec="0" bev="0" fileid="20" />
              </SequencePoints>
              <BranchPoints />
              <MethodPoint xsi:type="SequencePoint" vc="1" uspid="1275" ordinal="0" offset="0" sl="112" sc="54" el="112" ec="78" bec="0" bev="0" fileid="20" />
            </Method>
            <Method visited="true" cyclomaticComplexity="1" nPathComplexity="0" sequenceCoverage="100" branchCoverage="100" isConstructor="false" isStatic="false" isGetter="false" isSetter="false">
              <Summary numSequencePoints="1" visitedSequencePoints="1" numBranchPoints="1" visitedBranchPoints="1" sequenceCoverage="100" branchCoverage="100" maxCyclomaticComplexity="1" minCyclomaticComplexity="1" visitedClasses="0" numClasses="0" visitedMethods="1" numMethods="1" />
              <MetadataToken>100663587</MetadataToken>
              <Name>System.Boolean Helpful.TextParser.Test.Fluent.PositionedDescriptorTest/&lt;&gt;c::&lt;PositionedDescriptor_MapToWithoutTag_ElementIsPropertyCollection&gt;b__8_4(Helpful.TextParser.Model.Element)</Name>
              <FileRef uid="20" />
              <SequencePoints>
                <SequencePoint vc="1" uspid="1276" ordinal="0" offset="0" sl="113" sc="54" el="113" ec="78" bec="0" bev="0" fileid="20" />
              </SequencePoints>
              <BranchPoints />
              <MethodPoint xsi:type="SequencePoint" vc="1" uspid="1276" ordinal="0" offset="0" sl="113" sc="54" el="113" ec="78" bec="0" bev="0" fileid="20" />
            </Method>
            <Method visited="true" cyclomaticComplexity="1" nPathComplexity="0" sequenceCoverage="100" branchCoverage="100" isConstructor="false" isStatic="false" isGetter="false" isSetter="false">
              <Summary numSequencePoints="1" visitedSequencePoints="1" numBranchPoints="1" visitedBranchPoints="1" sequenceCoverage="100" branchCoverage="100" maxCyclomaticComplexity="1" minCyclomaticComplexity="1" visitedClasses="0" numClasses="0" visitedMethods="1" numMethods="1" />
              <MetadataToken>100663588</MetadataToken>
              <Name>System.Boolean Helpful.TextParser.Test.Fluent.PositionedDescriptorTest/&lt;&gt;c::&lt;PositionedDescriptor_MapToWithoutTag_ElementIsPropertyCollection&gt;b__8_5(Helpful.TextParser.Model.Element)</Name>
              <FileRef uid="20" />
              <SequencePoints>
                <SequencePoint vc="1" uspid="1277" ordinal="0" offset="0" sl="114" sc="54" el="114" ec="78" bec="0" bev="0" fileid="20" />
              </SequencePoints>
              <BranchPoints />
              <MethodPoint xsi:type="SequencePoint" vc="1" uspid="1277" ordinal="0" offset="0" sl="114" sc="54" el="114" ec="78" bec="0" bev="0" fileid="20" />
            </Method>
            <Method visited="true" cyclomaticComplexity="1" nPathComplexity="0" sequenceCoverage="100" branchCoverage="100" isConstructor="false" isStatic="false" isGetter="false" isSetter="false">
              <Summary numSequencePoints="1" visitedSequencePoints="1" numBranchPoints="1" visitedBranchPoints="1" sequenceCoverage="100" branchCoverage="100" maxCyclomaticComplexity="1" minCyclomaticComplexity="1" visitedClasses="0" numClasses="0" visitedMethods="1" numMethods="1" />
              <MetadataToken>100663589</MetadataToken>
              <Name>System.Boolean Helpful.TextParser.Test.Fluent.PositionedDescriptorTest/&lt;&gt;c::&lt;PositionedDescriptor_MapToWithoutTag_ElementIsPropertyCollection&gt;b__8_6(Helpful.TextParser.Model.Element)</Name>
              <FileRef uid="20" />
              <SequencePoints>
                <SequencePoint vc="1" uspid="1278" ordinal="0" offset="0" sl="114" sc="165" el="114" ec="189" bec="0" bev="0" fileid="20" />
              </SequencePoints>
              <BranchPoints />
              <MethodPoint xsi:type="SequencePoint" vc="1" uspid="1278" ordinal="0" offset="0" sl="114" sc="165" el="114" ec="189" bec="0" bev="0" fileid="20" />
            </Method>
            <Method visited="true" cyclomaticComplexity="1" nPathComplexity="0" sequenceCoverage="100" branchCoverage="100" isConstructor="false" isStatic="false" isGetter="false" isSetter="false">
              <Summary numSequencePoints="1" visitedSequencePoints="1" numBranchPoints="1" visitedBranchPoints="1" sequenceCoverage="100" branchCoverage="100" maxCyclomaticComplexity="1" minCyclomaticComplexity="1" visitedClasses="0" numClasses="0" visitedMethods="1" numMethods="1" />
              <MetadataToken>100663590</MetadataToken>
              <Name>System.Boolean Helpful.TextParser.Test.Fluent.PositionedDescriptorTest/&lt;&gt;c::&lt;PositionedDescriptor_MapToWithoutTag_ElementIsPropertyCollection&gt;b__8_7(Helpful.TextParser.Model.Element)</Name>
              <FileRef uid="20" />
              <SequencePoints>
                <SequencePoint vc="2" uspid="1279" ordinal="0" offset="0" sl="116" sc="54" el="116" ec="78" bec="0" bev="0" fileid="20" />
              </SequencePoints>
              <BranchPoints />
              <MethodPoint xsi:type="SequencePoint" vc="2" uspid="1279" ordinal="0" offset="0" sl="116" sc="54" el="116" ec="78" bec="0" bev="0" fileid="20" />
            </Method>
            <Method visited="true" cyclomaticComplexity="1" nPathComplexity="0" sequenceCoverage="100" branchCoverage="100" isConstructor="false" isStatic="false" isGetter="false" isSetter="false">
              <Summary numSequencePoints="1" visitedSequencePoints="1" numBranchPoints="1" visitedBranchPoints="1" sequenceCoverage="100" branchCoverage="100" maxCyclomaticComplexity="1" minCyclomaticComplexity="1" visitedClasses="0" numClasses="0" visitedMethods="1" numMethods="1" />
              <MetadataToken>100663591</MetadataToken>
              <Name>System.Boolean Helpful.TextParser.Test.Fluent.PositionedDescriptorTest/&lt;&gt;c::&lt;PositionedDescriptor_MapToWithoutTag_ElementIsPropertyCollection&gt;b__8_8(Helpful.TextParser.Model.Element)</Name>
              <FileRef uid="20" />
              <SequencePoints>
                <SequencePoint vc="2" uspid="1280" ordinal="0" offset="0" sl="117" sc="54" el="117" ec="78" bec="0" bev="0" fileid="20" />
              </SequencePoints>
              <BranchPoints />
              <MethodPoint xsi:type="SequencePoint" vc="2" uspid="1280" ordinal="0" offset="0" sl="117" sc="54" el="117" ec="78" bec="0" bev="0" fileid="20" />
            </Method>
            <Method visited="true" cyclomaticComplexity="1" nPathComplexity="0" sequenceCoverage="100" branchCoverage="100" isConstructor="false" isStatic="false" isGetter="false" isSetter="false">
              <Summary numSequencePoints="1" visitedSequencePoints="1" numBranchPoints="1" visitedBranchPoints="1" sequenceCoverage="100" branchCoverage="100" maxCyclomaticComplexity="1" minCyclomaticComplexity="1" visitedClasses="0" numClasses="0" visitedMethods="1" numMethods="1" />
              <MetadataToken>100663592</MetadataToken>
              <Name>System.Boolean Helpful.TextParser.Test.Fluent.PositionedDescriptorTest/&lt;&gt;c::&lt;PositionedDescriptor_MapToWithoutTag_ElementIsPropertyCollection&gt;b__8_9(Helpful.TextParser.Model.Element)</Name>
              <FileRef uid="20" />
              <SequencePoints>
                <SequencePoint vc="2" uspid="1281" ordinal="0" offset="0" sl="118" sc="54" el="118" ec="78" bec="0" bev="0" fileid="20" />
              </SequencePoints>
              <BranchPoints />
              <MethodPoint xsi:type="SequencePoint" vc="2" uspid="1281" ordinal="0" offset="0" sl="118" sc="54" el="118" ec="78" bec="0" bev="0" fileid="20" />
            </Method>
            <Method visited="true" cyclomaticComplexity="1" nPathComplexity="0" sequenceCoverage="100" branchCoverage="100" isConstructor="false" isStatic="false" isGetter="false" isSetter="false">
              <Summary numSequencePoints="1" visitedSequencePoints="1" numBranchPoints="1" visitedBranchPoints="1" sequenceCoverage="100" branchCoverage="100" maxCyclomaticComplexity="1" minCyclomaticComplexity="1" visitedClasses="0" numClasses="0" visitedMethods="1" numMethods="1" />
              <MetadataToken>100663593</MetadataToken>
              <Name>System.Boolean Helpful.TextParser.Test.Fluent.PositionedDescriptorTest/&lt;&gt;c::&lt;PositionedDescriptor_MapToWithoutTag_ElementIsPropertyCollection&gt;b__8_10(Helpful.TextParser.Model.Element)</Name>
              <FileRef uid="20" />
              <SequencePoints>
                <SequencePoint vc="2" uspid="1282" ordinal="0" offset="0" sl="119" sc="54" el="119" ec="78" bec="0" bev="0" fileid="20" />
              </SequencePoints>
              <BranchPoints />
              <MethodPoint xsi:type="SequencePoint" vc="2" uspid="1282" ordinal="0" offset="0" sl="119" sc="54" el="119" ec="78" bec="0" bev="0" fileid="20" />
            </Method>
            <Method visited="true" cyclomaticComplexity="1" nPathComplexity="0" sequenceCoverage="100" branchCoverage="100" isConstructor="false" isStatic="false" isGetter="false" isSetter="false">
              <Summary numSequencePoints="1" visitedSequencePoints="1" numBranchPoints="1" visitedBranchPoints="1" sequenceCoverage="100" branchCoverage="100" maxCyclomaticComplexity="1" minCyclomaticComplexity="1" visitedClasses="0" numClasses="0" visitedMethods="1" numMethods="1" />
              <MetadataToken>100663594</MetadataToken>
              <Name>System.Boolean Helpful.TextParser.Test.Fluent.PositionedDescriptorTest/&lt;&gt;c::&lt;PositionedDescriptor_MapToWithoutTag_ElementIsPropertyCollection&gt;b__8_11(Helpful.TextParser.Model.Element)</Name>
              <FileRef uid="20" />
              <SequencePoints>
                <SequencePoint vc="2" uspid="1283" ordinal="0" offset="0" sl="120" sc="54" el="120" ec="78" bec="0" bev="0" fileid="20" />
              </SequencePoints>
              <BranchPoints />
              <MethodPoint xsi:type="SequencePoint" vc="2" uspid="1283" ordinal="0" offset="0" sl="120" sc="54" el="120" ec="78" bec="0" bev="0" fileid="20" />
            </Method>
            <Method visited="true" cyclomaticComplexity="1" nPathComplexity="0" sequenceCoverage="100" branchCoverage="100" isConstructor="false" isStatic="false" isGetter="false" isSetter="false">
              <Summary numSequencePoints="1" visitedSequencePoints="1" numBranchPoints="1" visitedBranchPoints="1" sequenceCoverage="100" branchCoverage="100" maxCyclomaticComplexity="1" minCyclomaticComplexity="1" visitedClasses="0" numClasses="0" visitedMethods="1" numMethods="1" />
              <MetadataToken>100663595</MetadataToken>
              <Name>System.Boolean Helpful.TextParser.Test.Fluent.PositionedDescriptorTest/&lt;&gt;c::&lt;PositionedDescriptor_MapToWithoutTag_ElementIsPropertyCollection&gt;b__8_12(Helpful.TextParser.Model.Element)</Name>
              <FileRef uid="20" />
              <SequencePoints>
                <SequencePoint vc="2" uspid="1284" ordinal="0" offset="0" sl="120" sc="165" el="120" ec="189" bec="0" bev="0" fileid="20" />
              </SequencePoints>
              <BranchPoints />
              <MethodPoint xsi:type="SequencePoint" vc="2" uspid="1284" ordinal="0" offset="0" sl="120" sc="165" el="120" ec="189" bec="0" bev="0" fileid="20" />
            </Method>
            <Method visited="true" cyclomaticComplexity="1" nPathComplexity="0" sequenceCoverage="100" branchCoverage="100" isConstructor="false" isStatic="false" isGetter="false" isSetter="false">
              <Summary numSequencePoints="1" visitedSequencePoints="1" numBranchPoints="1" visitedBranchPoints="1" sequenceCoverage="100" branchCoverage="100" maxCyclomaticComplexity="1" minCyclomaticComplexity="1" visitedClasses="0" numClasses="0" visitedMethods="1" numMethods="1" />
              <MetadataToken>100663596</MetadataToken>
              <Name>System.Boolean Helpful.TextParser.Test.Fluent.PositionedDescriptorTest/&lt;&gt;c::&lt;PositionedDescriptor_MapToWithoutTag_ElementIsPropertyCollection&gt;b__8_13(Helpful.TextParser.Model.Element)</Name>
              <FileRef uid="20" />
              <SequencePoints>
                <SequencePoint vc="2" uspid="1285" ordinal="0" offset="0" sl="122" sc="45" el="122" ec="82" bec="0" bev="0" fileid="20" />
              </SequencePoints>
              <BranchPoints />
              <MethodPoint xsi:type="SequencePoint" vc="2" uspid="1285" ordinal="0" offset="0" sl="122" sc="45" el="122" ec="82" bec="0" bev="0" fileid="20" />
            </Method>
            <Method visited="true" cyclomaticComplexity="2" nPathComplexity="0" sequenceCoverage="100" branchCoverage="100" isConstructor="false" isStatic="false" isGetter="false" isSetter="false">
              <Summary numSequencePoints="6" visitedSequencePoints="6" numBranchPoints="1" visitedBranchPoints="1" sequenceCoverage="100" branchCoverage="100" maxCyclomaticComplexity="2" minCyclomaticComplexity="2" visitedClasses="0" numClasses="0" visitedMethods="1" numMethods="1" />
              <MetadataToken>100663597</MetadataToken>
              <Name>System.Void Helpful.TextParser.Test.Fluent.PositionedDescriptorTest/&lt;&gt;c::&lt;PositionedDescriptor_WithTagAddProperties_AllTagsHaveParentDelimitationString&gt;b__11_0(Helpful.TextParser.Fluent.Interface.IPositionedPropertyDescriptor`1&lt;Helpful.TextParser.Test.Fluent.PositionedFooClass&gt;)</Name>
              <FileRef uid="20" />
              <SequencePoints>
                <SequencePoint vc="1" uspid="1286" ordinal="0" offset="0" sl="162" sc="17" el="162" ec="18" bec="0" bev="0" fileid="20" />
                <SequencePoint vc="1" uspid="1287" ordinal="1" offset="1" sl="163" sc="21" el="163" ec="88" bec="0" bev="0" fileid="20" />
                <SequencePoint vc="1" uspid="1288" ordinal="2" offset="77" sl="164" sc="21" el="164" ec="91" bec="0" bev="0" fileid="20" />
                <SequencePoint vc="1" uspid="1289" ordinal="3" offset="153" sl="165" sc="21" el="165" ec="125" bec="0" bev="0" fileid="20" />
                <SequencePoint vc="1" uspid="1290" ordinal="4" offset="234" sl="166" sc="21" el="177" ec="28" bec="0" bev="0" fileid="20" />
                <SequencePoint vc="1" uspid="1291" ordinal="5" offset="351" sl="178" sc="17" el="178" ec="18" bec="0" bev="0" fileid="20" />
              </SequencePoints>
              <BranchPoints />
              <MethodPoint xsi:type="SequencePoint" vc="1" uspid="1286" ordinal="0" offset="0" sl="162" sc="17" el="162" ec="18" bec="0" bev="0" fileid="20" />
            </Method>
            <Method visited="true" cyclomaticComplexity="2" nPathComplexity="0" sequenceCoverage="100" branchCoverage="100" isConstructor="false" isStatic="false" isGetter="false" isSetter="false">
              <Summary numSequencePoints="5" visitedSequencePoints="5" numBranchPoints="1" visitedBranchPoints="1" sequenceCoverage="100" branchCoverage="100" maxCyclomaticComplexity="2" minCyclomaticComplexity="2" visitedClasses="0" numClasses="0" visitedMethods="1" numMethods="1" />
              <MetadataToken>100663598</MetadataToken>
              <Name>System.Void Helpful.TextParser.Test.Fluent.PositionedDescriptorTest/&lt;&gt;c::&lt;PositionedDescriptor_WithTagAddProperties_AllTagsHaveParentDelimitationString&gt;b__11_1(Helpful.TextParser.Fluent.Interface.IPositionedPropertyDescriptor`1&lt;Helpful.TextParser.Test.Fluent.PositionedChildFooClass&gt;)</Name>
              <FileRef uid="20" />
              <SequencePoints>
                <SequencePoint vc="1" uspid="1294" ordinal="0" offset="0" sl="168" sc="25" el="168" ec="26" bec="0" bev="0" fileid="20" />
                <SequencePoint vc="1" uspid="1295" ordinal="1" offset="1" sl="169" sc="29" el="169" ec="101" bec="0" bev="0" fileid="20" />
                <SequencePoint vc="1" uspid="1296" ordinal="2" offset="77" sl="170" sc="29" el="170" ec="104" bec="0" bev="0" fileid="20" />
                <SequencePoint vc="1" uspid="1297" ordinal="3" offset="153" sl="172" sc="29" el="176" ec="36" bec="0" bev="0" fileid="20" />
                <SequencePoint vc="1" uspid="1298" ordinal="4" offset="270" sl="177" sc="25" el="177" ec="26" bec="0" bev="0" fileid="20" />
              </SequencePoints>
              <BranchPoints />
              <MethodPoint xsi:type="SequencePoint" vc="1" uspid="1294" ordinal="0" offset="0" sl="168" sc="25" el="168" ec="26" bec="0" bev="0" fileid="20" />
            </Method>
            <Method visited="true" cyclomaticComplexity="1" nPathComplexity="0" sequenceCoverage="100" branchCoverage="100" isConstructor="false" isStatic="false" isGetter="false" isSetter="false">
              <Summary numSequencePoints="3" visitedSequencePoints="3" numBranchPoints="1" visitedBranchPoints="1" sequenceCoverage="100" branchCoverage="100" maxCyclomaticComplexity="1" minCyclomaticComplexity="1" visitedClasses="0" numClasses="0" visitedMethods="1" numMethods="1" />
              <MetadataToken>100663599</MetadataToken>
              <Name>System.Void Helpful.TextParser.Test.Fluent.PositionedDescriptorTest/&lt;&gt;c::&lt;PositionedDescriptor_WithTagAddProperties_AllTagsHaveParentDelimitationString&gt;b__11_2(Helpful.TextParser.Fluent.Interface.IPositionedPropertyDescriptor`1&lt;Helpful.TextParser.Test.Fluent.PositionedGrandChildFooClass&gt;)</Name>
              <FileRef uid="20" />
              <SequencePoints>
                <SequencePoint vc="1" uspid="1301" ordinal="0" offset="0" sl="174" sc="33" el="174" ec="34" bec="0" bev="0" fileid="20" />
                <SequencePoint vc="1" uspid="1302" ordinal="1" offset="1" sl="175" sc="37" el="175" ec="117" bec="0" bev="0" fileid="20" />
                <SequencePoint vc="1" uspid="1303" ordinal="2" offset="77" sl="176" sc="33" el="176" ec="34" bec="0" bev="0" fileid="20" />
              </SequencePoints>
              <BranchPoints />
              <MethodPoint xsi:type="SequencePoint" vc="1" uspid="1301" ordinal="0" offset="0" sl="174" sc="33" el="174" ec="34" bec="0" bev="0" fileid="20" />
            </Method>
            <Method visited="true" cyclomaticComplexity="1" nPathComplexity="0" sequenceCoverage="100" branchCoverage="100" isConstructor="false" isStatic="false" isGetter="false" isSetter="false">
              <Summary numSequencePoints="1" visitedSequencePoints="1" numBranchPoints="1" visitedBranchPoints="1" sequenceCoverage="100" branchCoverage="100" maxCyclomaticComplexity="1" minCyclomaticComplexity="1" visitedClasses="0" numClasses="0" visitedMethods="1" numMethods="1" />
              <MetadataToken>100663600</MetadataToken>
              <Name>System.Boolean Helpful.TextParser.Test.Fluent.PositionedDescriptorTest/&lt;&gt;c::&lt;PositionedDescriptor_WithTagAddProperties_AllTagsHaveParentDelimitationString&gt;b__11_3(Helpful.TextParser.Model.Element)</Name>
              <FileRef uid="20" />
              <SequencePoints>
                <SequencePoint vc="1" uspid="1304" ordinal="0" offset="0" sl="180" sc="54" el="180" ec="78" bec="0" bev="0" fileid="20" />
              </SequencePoints>
              <BranchPoints />
              <MethodPoint xsi:type="SequencePoint" vc="1" uspid="1304" ordinal="0" offset="0" sl="180" sc="54" el="180" ec="78" bec="0" bev="0" fileid="20" />
            </Method>
            <Method visited="true" cyclomaticComplexity="1" nPathComplexity="0" sequenceCoverage="100" branchCoverage="100" isConstructor="false" isStatic="false" isGetter="false" isSetter="false">
              <Summary numSequencePoints="1" visitedSequencePoints="1" numBranchPoints="1" visitedBranchPoints="1" sequenceCoverage="100" branchCoverage="100" maxCyclomaticComplexity="1" minCyclomaticComplexity="1" visitedClasses="0" numClasses="0" visitedMethods="1" numMethods="1" />
              <MetadataToken>100663601</MetadataToken>
              <Name>System.Boolean Helpful.TextParser.Test.Fluent.PositionedDescriptorTest/&lt;&gt;c::&lt;PositionedDescriptor_WithTagAddProperties_AllTagsHaveParentDelimitationString&gt;b__11_4(Helpful.TextParser.Model.Element)</Name>
              <FileRef uid="20" />
              <SequencePoints>
                <SequencePoint vc="1" uspid="1305" ordinal="0" offset="0" sl="181" sc="54" el="181" ec="78" bec="0" bev="0" fileid="20" />
              </SequencePoints>
              <BranchPoints />
              <MethodPoint xsi:type="SequencePoint" vc="1" uspid="1305" ordinal="0" offset="0" sl="181" sc="54" el="181" ec="78" bec="0" bev="0" fileid="20" />
            </Method>
            <Method visited="true" cyclomaticComplexity="1" nPathComplexity="0" sequenceCoverage="100" branchCoverage="100" isConstructor="false" isStatic="false" isGetter="false" isSetter="false">
              <Summary numSequencePoints="1" visitedSequencePoints="1" numBranchPoints="1" visitedBranchPoints="1" sequenceCoverage="100" branchCoverage="100" maxCyclomaticComplexity="1" minCyclomaticComplexity="1" visitedClasses="0" numClasses="0" visitedMethods="1" numMethods="1" />
              <MetadataToken>100663602</MetadataToken>
              <Name>System.Boolean Helpful.TextParser.Test.Fluent.PositionedDescriptorTest/&lt;&gt;c::&lt;PositionedDescriptor_WithTagAddProperties_AllTagsHaveParentDelimitationString&gt;b__11_5(Helpful.TextParser.Model.Element)</Name>
              <FileRef uid="20" />
              <SequencePoints>
                <SequencePoint vc="1" uspid="1306" ordinal="0" offset="0" sl="182" sc="54" el="182" ec="78" bec="0" bev="0" fileid="20" />
              </SequencePoints>
              <BranchPoints />
              <MethodPoint xsi:type="SequencePoint" vc="1" uspid="1306" ordinal="0" offset="0" sl="182" sc="54" el="182" ec="78" bec="0" bev="0" fileid="20" />
            </Method>
            <Method visited="true" cyclomaticComplexity="1" nPathComplexity="0" sequenceCoverage="100" branchCoverage="100" isConstructor="false" isStatic="false" isGetter="false" isSetter="false">
              <Summary numSequencePoints="1" visitedSequencePoints="1" numBranchPoints="1" visitedBranchPoints="1" sequenceCoverage="100" branchCoverage="100" maxCyclomaticComplexity="1" minCyclomaticComplexity="1" visitedClasses="0" numClasses="0" visitedMethods="1" numMethods="1" />
              <MetadataToken>100663603</MetadataToken>
              <Name>System.Boolean Helpful.TextParser.Test.Fluent.PositionedDescriptorTest/&lt;&gt;c::&lt;PositionedDescriptor_WithTagAddProperties_AllTagsHaveParentDelimitationString&gt;b__11_6(Helpful.TextParser.Model.Element)</Name>
              <FileRef uid="20" />
              <SequencePoints>
                <SequencePoint vc="1" uspid="1307" ordinal="0" offset="0" sl="183" sc="54" el="183" ec="78" bec="0" bev="0" fileid="20" />
              </SequencePoints>
              <BranchPoints />
              <MethodPoint xsi:type="SequencePoint" vc="1" uspid="1307" ordinal="0" offset="0" sl="183" sc="54" el="183" ec="78" bec="0" bev="0" fileid="20" />
            </Method>
            <Method visited="true" cyclomaticComplexity="1" nPathComplexity="0" sequenceCoverage="100" branchCoverage="100" isConstructor="false" isStatic="false" isGetter="false" isSetter="false">
              <Summary numSequencePoints="1" visitedSequencePoints="1" numBranchPoints="1" visitedBranchPoints="1" sequenceCoverage="100" branchCoverage="100" maxCyclomaticComplexity="1" minCyclomaticComplexity="1" visitedClasses="0" numClasses="0" visitedMethods="1" numMethods="1" />
              <MetadataToken>100663604</MetadataToken>
              <Name>System.Boolean Helpful.TextParser.Test.Fluent.PositionedDescriptorTest/&lt;&gt;c::&lt;PositionedDescriptor_WithTagAddProperties_AllTagsHaveParentDelimitationString&gt;b__11_7(Helpful.TextParser.Model.Element)</Name>
              <FileRef uid="20" />
              <SequencePoints>
                <SequencePoint vc="2" uspid="1308" ordinal="0" offset="0" sl="185" sc="54" el="185" ec="78" bec="0" bev="0" fileid="20" />
              </SequencePoints>
              <BranchPoints />
              <MethodPoint xsi:type="SequencePoint" vc="2" uspid="1308" ordinal="0" offset="0" sl="185" sc="54" el="185" ec="78" bec="0" bev="0" fileid="20" />
            </Method>
            <Method visited="true" cyclomaticComplexity="1" nPathComplexity="0" sequenceCoverage="100" branchCoverage="100" isConstructor="false" isStatic="false" isGetter="false" isSetter="false">
              <Summary numSequencePoints="1" visitedSequencePoints="1" numBranchPoints="1" visitedBranchPoints="1" sequenceCoverage="100" branchCoverage="100" maxCyclomaticComplexity="1" minCyclomaticComplexity="1" visitedClasses="0" numClasses="0" visitedMethods="1" numMethods="1" />
              <MetadataToken>100663605</MetadataToken>
              <Name>System.Boolean Helpful.TextParser.Test.Fluent.PositionedDescriptorTest/&lt;&gt;c::&lt;PositionedDescriptor_WithTagAddProperties_AllTagsHaveParentDelimitationString&gt;b__11_8(Helpful.TextParser.Model.Element)</Name>
              <FileRef uid="20" />
              <SequencePoints>
                <SequencePoint vc="2" uspid="1309" ordinal="0" offset="0" sl="186" sc="54" el="186" ec="78" bec="0" bev="0" fileid="20" />
              </SequencePoints>
              <BranchPoints />
              <MethodPoint xsi:type="SequencePoint" vc="2" uspid="1309" ordinal="0" offset="0" sl="186" sc="54" el="186" ec="78" bec="0" bev="0" fileid="20" />
            </Method>
            <Method visited="true" cyclomaticComplexity="1" nPathComplexity="0" sequenceCoverage="100" branchCoverage="100" isConstructor="false" isStatic="false" isGetter="false" isSetter="false">
              <Summary numSequencePoints="1" visitedSequencePoints="1" numBranchPoints="1" visitedBranchPoints="1" sequenceCoverage="100" branchCoverage="100" maxCyclomaticComplexity="1" minCyclomaticComplexity="1" visitedClasses="0" numClasses="0" visitedMethods="1" numMethods="1" />
              <MetadataToken>100663606</MetadataToken>
              <Name>System.Boolean Helpful.TextParser.Test.Fluent.PositionedDescriptorTest/&lt;&gt;c::&lt;PositionedDescriptor_WithTagAddProperties_AllTagsHaveParentDelimitationString&gt;b__11_9(Helpful.TextParser.Model.Element)</Name>
              <FileRef uid="20" />
              <SequencePoints>
                <SequencePoint vc="2" uspid="1310" ordinal="0" offset="0" sl="187" sc="54" el="187" ec="78" bec="0" bev="0" fileid="20" />
              </SequencePoints>
              <BranchPoints />
              <MethodPoint xsi:type="SequencePoint" vc="2" uspid="1310" ordinal="0" offset="0" sl="187" sc="54" el="187" ec="78" bec="0" bev="0" fileid="20" />
            </Method>
            <Method visited="true" cyclomaticComplexity="1" nPathComplexity="0" sequenceCoverage="100" branchCoverage="100" isConstructor="false" isStatic="false" isGetter="false" isSetter="false">
              <Summary numSequencePoints="1" visitedSequencePoints="1" numBranchPoints="1" visitedBranchPoints="1" sequenceCoverage="100" branchCoverage="100" maxCyclomaticComplexity="1" minCyclomaticComplexity="1" visitedClasses="0" numClasses="0" visitedMethods="1" numMethods="1" />
              <MetadataToken>100663607</MetadataToken>
              <Name>System.Boolean Helpful.TextParser.Test.Fluent.PositionedDescriptorTest/&lt;&gt;c::&lt;PositionedDescriptor_WithTagAddProperties_AllTagsHaveParentDelimitationString&gt;b__11_10(Helpful.TextParser.Model.Element)</Name>
              <FileRef uid="20" />
              <SequencePoints>
                <SequencePoint vc="2" uspid="1311" ordinal="0" offset="0" sl="188" sc="54" el="188" ec="78" bec="0" bev="0" fileid="20" />
              </SequencePoints>
              <BranchPoints />
              <MethodPoint xsi:type="SequencePoint" vc="2" uspid="1311" ordinal="0" offset="0" sl="188" sc="54" el="188" ec="78" bec="0" bev="0" fileid="20" />
            </Method>
            <Method visited="true" cyclomaticComplexity="1" nPathComplexity="0" sequenceCoverage="100" branchCoverage="100" isConstructor="false" isStatic="false" isGetter="false" isSetter="false">
              <Summary numSequencePoints="1" visitedSequencePoints="1" numBranchPoints="1" visitedBranchPoints="1" sequenceCoverage="100" branchCoverage="100" maxCyclomaticComplexity="1" minCyclomaticComplexity="1" visitedClasses="0" numClasses="0" visitedMethods="1" numMethods="1" />
              <MetadataToken>100663608</MetadataToken>
              <Name>System.Boolean Helpful.TextParser.Test.Fluent.PositionedDescriptorTest/&lt;&gt;c::&lt;PositionedDescriptor_WithTagAddProperties_AllTagsHaveParentDelimitationString&gt;b__11_11(Helpful.TextParser.Model.Element)</Name>
              <FileRef uid="20" />
              <SequencePoints>
                <SequencePoint vc="3" uspid="1312" ordinal="0" offset="0" sl="190" sc="54" el="190" ec="78" bec="0" bev="0" fileid="20" />
              </SequencePoints>
              <BranchPoints />
              <MethodPoint xsi:type="SequencePoint" vc="3" uspid="1312" ordinal="0" offset="0" sl="190" sc="54" el="190" ec="78" bec="0" bev="0" fileid="20" />
            </Method>
            <Method visited="true" cyclomaticComplexity="1" nPathComplexity="0" sequenceCoverage="100" branchCoverage="100" isConstructor="false" isStatic="false" isGetter="false" isSetter="false">
              <Summary numSequencePoints="1" visitedSequencePoints="1" numBranchPoints="1" visitedBranchPoints="1" sequenceCoverage="100" branchCoverage="100" maxCyclomaticComplexity="1" minCyclomaticComplexity="1" visitedClasses="0" numClasses="0" visitedMethods="1" numMethods="1" />
              <MetadataToken>100663609</MetadataToken>
              <Name>System.Boolean Helpful.TextParser.Test.Fluent.PositionedDescriptorTest/&lt;&gt;c::&lt;PositionedDescriptor_WithTagAddProperties_AllTagsHaveParentDelimitationString&gt;b__11_12(Helpful.TextParser.Model.Element)</Name>
              <FileRef uid="20" />
              <SequencePoints>
                <SequencePoint vc="3" uspid="1313" ordinal="0" offset="0" sl="191" sc="54" el="191" ec="78" bec="0" bev="0" fileid="20" />
              </SequencePoints>
              <BranchPoints />
              <MethodPoint xsi:type="SequencePoint" vc="3" uspid="1313" ordinal="0" offset="0" sl="191" sc="54" el="191" ec="78" bec="0" bev="0" fileid="20" />
            </Method>
            <Method visited="true" cyclomaticComplexity="1" nPathComplexity="0" sequenceCoverage="100" branchCoverage="100" isConstructor="false" isStatic="false" isGetter="false" isSetter="false">
              <Summary numSequencePoints="1" visitedSequencePoints="1" numBranchPoints="1" visitedBranchPoints="1" sequenceCoverage="100" branchCoverage="100" maxCyclomaticComplexity="1" minCyclomaticComplexity="1" visitedClasses="0" numClasses="0" visitedMethods="1" numMethods="1" />
              <MetadataToken>100663610</MetadataToken>
              <Name>System.Boolean Helpful.TextParser.Test.Fluent.PositionedDescriptorTest/&lt;&gt;c::&lt;PositionedDescriptor_WithTagAddProperties_AllTagsHaveParentDelimitationString&gt;b__11_13(Helpful.TextParser.Model.Element)</Name>
              <FileRef uid="20" />
              <SequencePoints>
                <SequencePoint vc="3" uspid="1314" ordinal="0" offset="0" sl="192" sc="54" el="192" ec="78" bec="0" bev="0" fileid="20" />
              </SequencePoints>
              <BranchPoints />
              <MethodPoint xsi:type="SequencePoint" vc="3" uspid="1314" ordinal="0" offset="0" sl="192" sc="54" el="192" ec="78" bec="0" bev="0" fileid="20" />
            </Method>
            <Method visited="true" cyclomaticComplexity="1" nPathComplexity="0" sequenceCoverage="100" branchCoverage="100" isConstructor="false" isStatic="false" isGetter="false" isSetter="false">
              <Summary numSequencePoints="1" visitedSequencePoints="1" numBranchPoints="1" visitedBranchPoints="1" sequenceCoverage="100" branchCoverage="100" maxCyclomaticComplexity="1" minCyclomaticComplexity="1" visitedClasses="0" numClasses="0" visitedMethods="1" numMethods="1" />
              <MetadataToken>100663611</MetadataToken>
              <Name>System.Boolean Helpful.TextParser.Test.Fluent.PositionedDescriptorTest/&lt;&gt;c::&lt;PositionedDescriptor_WithTagAddProperties_AllTagsHaveParentDelimitationString&gt;b__11_14(Helpful.TextParser.Model.Element)</Name>
              <FileRef uid="20" />
              <SequencePoints>
                <SequencePoint vc="3" uspid="1315" ordinal="0" offset="0" sl="193" sc="54" el="193" ec="78" bec="0" bev="0" fileid="20" />
              </SequencePoints>
              <BranchPoints />
              <MethodPoint xsi:type="SequencePoint" vc="3" uspid="1315" ordinal="0" offset="0" sl="193" sc="54" el="193" ec="78" bec="0" bev="0" fileid="20" />
            </Method>
            <Method visited="true" cyclomaticComplexity="1" nPathComplexity="0" sequenceCoverage="100" branchCoverage="100" isConstructor="false" isStatic="false" isGetter="false" isSetter="false">
              <Summary numSequencePoints="1" visitedSequencePoints="1" numBranchPoints="1" visitedBranchPoints="1" sequenceCoverage="100" branchCoverage="100" maxCyclomaticComplexity="1" minCyclomaticComplexity="1" visitedClasses="0" numClasses="0" visitedMethods="1" numMethods="1" />
              <MetadataToken>100663612</MetadataToken>
              <Name>System.Boolean Helpful.TextParser.Test.Fluent.PositionedDescriptorTest/&lt;&gt;c::&lt;PositionedDescriptor_WithTagAddProperties_AllTagsHaveParentDelimitationString&gt;b__11_15(Helpful.TextParser.Model.Element)</Name>
              <FileRef uid="20" />
              <SequencePoints>
                <SequencePoint vc="3" uspid="1316" ordinal="0" offset="0" sl="194" sc="54" el="194" ec="78" bec="0" bev="0" fileid="20" />
              </SequencePoints>
              <BranchPoints />
              <MethodPoint xsi:type="SequencePoint" vc="3" uspid="1316" ordinal="0" offset="0" sl="194" sc="54" el="194" ec="78" bec="0" bev="0" fileid="20" />
            </Method>
            <Method visited="true" cyclomaticComplexity="1" nPathComplexity="0" sequenceCoverage="100" branchCoverage="100" isConstructor="false" isStatic="false" isGetter="false" isSetter="false">
              <Summary numSequencePoints="1" visitedSequencePoints="1" numBranchPoints="1" visitedBranchPoints="1" sequenceCoverage="100" branchCoverage="100" maxCyclomaticComplexity="1" minCyclomaticComplexity="1" visitedClasses="0" numClasses="0" visitedMethods="1" numMethods="1" />
              <MetadataToken>100663613</MetadataToken>
              <Name>System.Boolean Helpful.TextParser.Test.Fluent.PositionedDescriptorTest/&lt;&gt;c::&lt;PositionedDescriptor_WithTagAddProperties_AllTagsHaveParentDelimitationString&gt;b__11_16(Helpful.TextParser.Model.Element)</Name>
              <FileRef uid="20" />
              <SequencePoints>
                <SequencePoint vc="4" uspid="1317" ordinal="0" offset="0" sl="196" sc="54" el="196" ec="78" bec="0" bev="0" fileid="20" />
              </SequencePoints>
              <BranchPoints />
              <MethodPoint xsi:type="SequencePoint" vc="4" uspid="1317" ordinal="0" offset="0" sl="196" sc="54" el="196" ec="78" bec="0" bev="0" fileid="20" />
            </Method>
            <Method visited="true" cyclomaticComplexity="1" nPathComplexity="0" sequenceCoverage="100" branchCoverage="100" isConstructor="false" isStatic="false" isGetter="false" isSetter="false">
              <Summary numSequencePoints="1" visitedSequencePoints="1" numBranchPoints="1" visitedBranchPoints="1" sequenceCoverage="100" branchCoverage="100" maxCyclomaticComplexity="1" minCyclomaticComplexity="1" visitedClasses="0" numClasses="0" visitedMethods="1" numMethods="1" />
              <MetadataToken>100663614</MetadataToken>
              <Name>System.Boolean Helpful.TextParser.Test.Fluent.PositionedDescriptorTest/&lt;&gt;c::&lt;PositionedDescriptor_WithTagAddProperties_AllTagsHaveParentDelimitationString&gt;b__11_17(Helpful.TextParser.Model.Element)</Name>
              <FileRef uid="20" />
              <SequencePoints>
                <SequencePoint vc="4" uspid="1318" ordinal="0" offset="0" sl="197" sc="54" el="197" ec="78" bec="0" bev="0" fileid="20" />
              </SequencePoints>
              <BranchPoints />
              <MethodPoint xsi:type="SequencePoint" vc="4" uspid="1318" ordinal="0" offset="0" sl="197" sc="54" el="197" ec="78" bec="0" bev="0" fileid="20" />
            </Method>
            <Method visited="true" cyclomaticComplexity="1" nPathComplexity="0" sequenceCoverage="100" branchCoverage="100" isConstructor="false" isStatic="false" isGetter="false" isSetter="false">
              <Summary numSequencePoints="1" visitedSequencePoints="1" numBranchPoints="1" visitedBranchPoints="1" sequenceCoverage="100" branchCoverage="100" maxCyclomaticComplexity="1" minCyclomaticComplexity="1" visitedClasses="0" numClasses="0" visitedMethods="1" numMethods="1" />
              <MetadataToken>100663615</MetadataToken>
              <Name>System.Boolean Helpful.TextParser.Test.Fluent.PositionedDescriptorTest/&lt;&gt;c::&lt;PositionedDescriptor_WithTagAddProperties_AllTagsHaveParentDelimitationString&gt;b__11_18(Helpful.TextParser.Model.Element)</Name>
              <FileRef uid="20" />
              <SequencePoints>
                <SequencePoint vc="4" uspid="1319" ordinal="0" offset="0" sl="198" sc="54" el="198" ec="78" bec="0" bev="0" fileid="20" />
              </SequencePoints>
              <BranchPoints />
              <MethodPoint xsi:type="SequencePoint" vc="4" uspid="1319" ordinal="0" offset="0" sl="198" sc="54" el="198" ec="78" bec="0" bev="0" fileid="20" />
            </Method>
            <Method visited="true" cyclomaticComplexity="1" nPathComplexity="0" sequenceCoverage="100" branchCoverage="100" isConstructor="false" isStatic="false" isGetter="false" isSetter="false">
              <Summary numSequencePoints="1" visitedSequencePoints="1" numBranchPoints="1" visitedBranchPoints="1" sequenceCoverage="100" branchCoverage="100" maxCyclomaticComplexity="1" minCyclomaticComplexity="1" visitedClasses="0" numClasses="0" visitedMethods="1" numMethods="1" />
              <MetadataToken>100663616</MetadataToken>
              <Name>System.Boolean Helpful.TextParser.Test.Fluent.PositionedDescriptorTest/&lt;&gt;c::&lt;PositionedDescriptor_WithTagAddProperties_AllTagsHaveParentDelimitationString&gt;b__11_19(Helpful.TextParser.Model.Element)</Name>
              <FileRef uid="20" />
              <SequencePoints>
                <SequencePoint vc="4" uspid="1320" ordinal="0" offset="0" sl="199" sc="54" el="199" ec="78" bec="0" bev="0" fileid="20" />
              </SequencePoints>
              <BranchPoints />
              <MethodPoint xsi:type="SequencePoint" vc="4" uspid="1320" ordinal="0" offset="0" sl="199" sc="54" el="199" ec="78" bec="0" bev="0" fileid="20" />
            </Method>
            <Method visited="true" cyclomaticComplexity="1" nPathComplexity="0" sequenceCoverage="100" branchCoverage="100" isConstructor="false" isStatic="false" isGetter="false" isSetter="false">
              <Summary numSequencePoints="1" visitedSequencePoints="1" numBranchPoints="1" visitedBranchPoints="1" sequenceCoverage="100" branchCoverage="100" maxCyclomaticComplexity="1" minCyclomaticComplexity="1" visitedClasses="0" numClasses="0" visitedMethods="1" numMethods="1" />
              <MetadataToken>100663617</MetadataToken>
              <Name>System.Boolean Helpful.TextParser.Test.Fluent.PositionedDescriptorTest/&lt;&gt;c::&lt;PositionedDescriptor_WithTagAddProperties_AllTagsHaveParentDelimitationString&gt;b__11_20(Helpful.TextParser.Model.Element)</Name>
              <FileRef uid="20" />
              <SequencePoints>
                <SequencePoint vc="4" uspid="1321" ordinal="0" offset="0" sl="200" sc="54" el="200" ec="78" bec="0" bev="0" fileid="20" />
              </SequencePoints>
              <BranchPoints />
              <MethodPoint xsi:type="SequencePoint" vc="4" uspid="1321" ordinal="0" offset="0" sl="200" sc="54" el="200" ec="78" bec="0" bev="0" fileid="20" />
            </Method>
            <Method visited="true" cyclomaticComplexity="1" nPathComplexity="0" sequenceCoverage="100" branchCoverage="100" isConstructor="false" isStatic="false" isGetter="false" isSetter="false">
              <Summary numSequencePoints="1" visitedSequencePoints="1" numBranchPoints="1" visitedBranchPoints="1" sequenceCoverage="100" branchCoverage="100" maxCyclomaticComplexity="1" minCyclomaticComplexity="1" visitedClasses="0" numClasses="0" visitedMethods="1" numMethods="1" />
              <MetadataToken>100663618</MetadataToken>
              <Name>System.Boolean Helpful.TextParser.Test.Fluent.PositionedDescriptorTest/&lt;&gt;c::&lt;PositionedDescriptor_WithTagAddProperties_AllTagsHaveParentDelimitationString&gt;b__11_21(Helpful.TextParser.Model.Element)</Name>
              <FileRef uid="20" />
              <SequencePoints>
                <SequencePoint vc="4" uspid="1322" ordinal="0" offset="0" sl="201" sc="54" el="201" ec="78" bec="0" bev="0" fileid="20" />
              </SequencePoints>
              <BranchPoints />
              <MethodPoint xsi:type="SequencePoint" vc="4" uspid="1322" ordinal="0" offset="0" sl="201" sc="54" el="201" ec="78" bec="0" bev="0" fileid="20" />
            </Method>
            <Method visited="true" cyclomaticComplexity="1" nPathComplexity="0" sequenceCoverage="100" branchCoverage="100" isConstructor="false" isStatic="false" isGetter="false" isSetter="false">
              <Summary numSequencePoints="1" visitedSequencePoints="1" numBranchPoints="1" visitedBranchPoints="1" sequenceCoverage="100" branchCoverage="100" maxCyclomaticComplexity="1" minCyclomaticComplexity="1" visitedClasses="0" numClasses="0" visitedMethods="1" numMethods="1" />
              <MetadataToken>100663619</MetadataToken>
              <Name>System.Boolean Helpful.TextParser.Test.Fluent.PositionedDescriptorTest/&lt;&gt;c::&lt;PositionedDescriptor_WithTagAddProperties_AllTagsHaveParentDelimitationString&gt;b__11_22(Helpful.TextParser.Model.Element)</Name>
              <FileRef uid="20" />
              <SequencePoints>
                <SequencePoint vc="4" uspid="1323" ordinal="0" offset="0" sl="203" sc="54" el="203" ec="78" bec="0" bev="0" fileid="20" />
              </SequencePoints>
              <BranchPoints />
              <MethodPoint xsi:type="SequencePoint" vc="4" uspid="1323" ordinal="0" offset="0" sl="203" sc="54" el="203" ec="78" bec="0" bev="0" fileid="20" />
            </Method>
            <Method visited="true" cyclomaticComplexity="1" nPathComplexity="0" sequenceCoverage="100" branchCoverage="100" isConstructor="false" isStatic="false" isGetter="false" isSetter="false">
              <Summary numSequencePoints="1" visitedSequencePoints="1" numBranchPoints="1" visitedBranchPoints="1" sequenceCoverage="100" branchCoverage="100" maxCyclomaticComplexity="1" minCyclomaticComplexity="1" visitedClasses="0" numClasses="0" visitedMethods="1" numMethods="1" />
              <MetadataToken>100663620</MetadataToken>
              <Name>System.Boolean Helpful.TextParser.Test.Fluent.PositionedDescriptorTest/&lt;&gt;c::&lt;PositionedDescriptor_WithTagAddProperties_AllTagsHaveParentDelimitationString&gt;b__11_23(Helpful.TextParser.Model.Element)</Name>
              <FileRef uid="20" />
              <SequencePoints>
                <SequencePoint vc="1" uspid="1324" ordinal="0" offset="0" sl="204" sc="47" el="204" ec="71" bec="0" bev="0" fileid="20" />
              </SequencePoints>
              <BranchPoints />
              <MethodPoint xsi:type="SequencePoint" vc="1" uspid="1324" ordinal="0" offset="0" sl="204" sc="47" el="204" ec="71" bec="0" bev="0" fileid="20" />
            </Method>
            <Method visited="true" cyclomaticComplexity="1" nPathComplexity="0" sequenceCoverage="100" branchCoverage="100" isConstructor="false" isStatic="false" isGetter="false" isSetter="false">
              <Summary numSequencePoints="1" visitedSequencePoints="1" numBranchPoints="1" visitedBranchPoints="1" sequenceCoverage="100" branchCoverage="100" maxCyclomaticComplexity="1" minCyclomaticComplexity="1" visitedClasses="0" numClasses="0" visitedMethods="1" numMethods="1" />
              <MetadataToken>100663621</MetadataToken>
              <Name>System.Boolean Helpful.TextParser.Test.Fluent.PositionedDescriptorTest/&lt;&gt;c::&lt;PositionedDescriptor_WithTagAddProperties_AllTagsHaveParentDelimitationString&gt;b__11_24(Helpful.TextParser.Model.Element)</Name>
              <FileRef uid="20" />
              <SequencePoints>
                <SequencePoint vc="4" uspid="1325" ordinal="0" offset="0" sl="205" sc="54" el="205" ec="78" bec="0" bev="0" fileid="20" />
              </SequencePoints>
              <BranchPoints />
              <MethodPoint xsi:type="SequencePoint" vc="4" uspid="1325" ordinal="0" offset="0" sl="205" sc="54" el="205" ec="78" bec="0" bev="0" fileid="20" />
            </Method>
            <Method visited="true" cyclomaticComplexity="1" nPathComplexity="0" sequenceCoverage="100" branchCoverage="100" isConstructor="false" isStatic="false" isGetter="false" isSetter="false">
              <Summary numSequencePoints="1" visitedSequencePoints="1" numBranchPoints="1" visitedBranchPoints="1" sequenceCoverage="100" branchCoverage="100" maxCyclomaticComplexity="1" minCyclomaticComplexity="1" visitedClasses="0" numClasses="0" visitedMethods="1" numMethods="1" />
              <MetadataToken>100663622</MetadataToken>
              <Name>System.Boolean Helpful.TextParser.Test.Fluent.PositionedDescriptorTest/&lt;&gt;c::&lt;PositionedDescriptor_WithTagAddProperties_AllTagsHaveParentDelimitationString&gt;b__11_25(Helpful.TextParser.Model.Element)</Name>
              <FileRef uid="20" />
              <SequencePoints>
                <SequencePoint vc="1" uspid="1326" ordinal="0" offset="0" sl="206" sc="47" el="206" ec="71" bec="0" bev="0" fileid="20" />
              </SequencePoints>
              <BranchPoints />
              <MethodPoint xsi:type="SequencePoint" vc="1" uspid="1326" ordinal="0" offset="0" sl="206" sc="47" el="206" ec="71" bec="0" bev="0" fileid="20" />
            </Method>
            <Method visited="true" cyclomaticComplexity="1" nPathComplexity="0" sequenceCoverage="100" branchCoverage="100" isConstructor="false" isStatic="false" isGetter="false" isSetter="false">
              <Summary numSequencePoints="1" visitedSequencePoints="1" numBranchPoints="1" visitedBranchPoints="1" sequenceCoverage="100" branchCoverage="100" maxCyclomaticComplexity="1" minCyclomaticComplexity="1" visitedClasses="0" numClasses="0" visitedMethods="1" numMethods="1" />
              <MetadataToken>100663623</MetadataToken>
              <Name>System.Boolean Helpful.TextParser.Test.Fluent.PositionedDescriptorTest/&lt;&gt;c::&lt;PositionedDescriptor_WithTagAddProperties_AllTagsHaveParentDelimitationString&gt;b__11_26(Helpful.TextParser.Model.Element)</Name>
              <FileRef uid="20" />
              <SequencePoints>
                <SequencePoint vc="4" uspid="1327" ordinal="0" offset="0" sl="207" sc="54" el="207" ec="78" bec="0" bev="0" fileid="20" />
              </SequencePoints>
              <BranchPoints />
              <MethodPoint xsi:type="SequencePoint" vc="4" uspid="1327" ordinal="0" offset="0" sl="207" sc="54" el="207" ec="78" bec="0" bev="0" fileid="20" />
            </Method>
            <Method visited="true" cyclomaticComplexity="1" nPathComplexity="0" sequenceCoverage="100" branchCoverage="100" isConstructor="false" isStatic="false" isGetter="false" isSetter="false">
              <Summary numSequencePoints="1" visitedSequencePoints="1" numBranchPoints="1" visitedBranchPoints="1" sequenceCoverage="100" branchCoverage="100" maxCyclomaticComplexity="1" minCyclomaticComplexity="1" visitedClasses="0" numClasses="0" visitedMethods="1" numMethods="1" />
              <MetadataToken>100663624</MetadataToken>
              <Name>System.Boolean Helpful.TextParser.Test.Fluent.PositionedDescriptorTest/&lt;&gt;c::&lt;PositionedDescriptor_WithTagAddProperties_AllTagsHaveParentDelimitationString&gt;b__11_27(Helpful.TextParser.Model.Element)</Name>
              <FileRef uid="20" />
              <SequencePoints>
                <SequencePoint vc="1" uspid="1328" ordinal="0" offset="0" sl="208" sc="48" el="208" ec="72" bec="0" bev="0" fileid="20" />
              </SequencePoints>
              <BranchPoints />
              <MethodPoint xsi:type="SequencePoint" vc="1" uspid="1328" ordinal="0" offset="0" sl="208" sc="48" el="208" ec="72" bec="0" bev="0" fileid="20" />
            </Method>
            <Method visited="true" cyclomaticComplexity="1" nPathComplexity="0" sequenceCoverage="100" branchCoverage="100" isConstructor="false" isStatic="false" isGetter="false" isSetter="false">
              <Summary numSequencePoints="1" visitedSequencePoints="1" numBranchPoints="1" visitedBranchPoints="1" sequenceCoverage="100" branchCoverage="100" maxCyclomaticComplexity="1" minCyclomaticComplexity="1" visitedClasses="0" numClasses="0" visitedMethods="1" numMethods="1" />
              <MetadataToken>100663625</MetadataToken>
              <Name>System.Boolean Helpful.TextParser.Test.Fluent.PositionedDescriptorTest/&lt;&gt;c::&lt;PositionedDescriptor_WithTagAddProperties_AllTagsHaveParentDelimitationString&gt;b__11_28(Helpful.TextParser.Model.Element)</Name>
              <FileRef uid="20" />
              <SequencePoints>
                <SequencePoint vc="4" uspid="1329" ordinal="0" offset="0" sl="209" sc="54" el="209" ec="78" bec="0" bev="0" fileid="20" />
              </SequencePoints>
              <BranchPoints />
              <MethodPoint xsi:type="SequencePoint" vc="4" uspid="1329" ordinal="0" offset="0" sl="209" sc="54" el="209" ec="78" bec="0" bev="0" fileid="20" />
            </Method>
            <Method visited="true" cyclomaticComplexity="1" nPathComplexity="0" sequenceCoverage="100" branchCoverage="100" isConstructor="false" isStatic="false" isGetter="false" isSetter="false">
              <Summary numSequencePoints="1" visitedSequencePoints="1" numBranchPoints="1" visitedBranchPoints="1" sequenceCoverage="100" branchCoverage="100" maxCyclomaticComplexity="1" minCyclomaticComplexity="1" visitedClasses="0" numClasses="0" visitedMethods="1" numMethods="1" />
              <MetadataToken>100663626</MetadataToken>
              <Name>System.Boolean Helpful.TextParser.Test.Fluent.PositionedDescriptorTest/&lt;&gt;c::&lt;PositionedDescriptor_WithTagAddProperties_AllTagsHaveParentDelimitationString&gt;b__11_29(Helpful.TextParser.Model.Element)</Name>
              <FileRef uid="20" />
              <SequencePoints>
                <SequencePoint vc="1" uspid="1330" ordinal="0" offset="0" sl="210" sc="48" el="210" ec="72" bec="0" bev="0" fileid="20" />
              </SequencePoints>
              <BranchPoints />
              <MethodPoint xsi:type="SequencePoint" vc="1" uspid="1330" ordinal="0" offset="0" sl="210" sc="48" el="210" ec="72" bec="0" bev="0" fileid="20" />
            </Method>
            <Method visited="true" cyclomaticComplexity="1" nPathComplexity="0" sequenceCoverage="100" branchCoverage="100" isConstructor="false" isStatic="false" isGetter="false" isSetter="false">
              <Summary numSequencePoints="1" visitedSequencePoints="1" numBranchPoints="1" visitedBranchPoints="1" sequenceCoverage="100" branchCoverage="100" maxCyclomaticComplexity="1" minCyclomaticComplexity="1" visitedClasses="0" numClasses="0" visitedMethods="1" numMethods="1" />
              <MetadataToken>100663627</MetadataToken>
              <Name>System.Boolean Helpful.TextParser.Test.Fluent.PositionedDescriptorTest/&lt;&gt;c::&lt;PositionedDescriptor_WithTagAddProperties_AllTagsHaveParentDelimitationString&gt;b__11_30(Helpful.TextParser.Model.Element)</Name>
              <FileRef uid="20" />
              <SequencePoints>
                <SequencePoint vc="4" uspid="1331" ordinal="0" offset="0" sl="212" sc="54" el="212" ec="78" bec="0" bev="0" fileid="20" />
              </SequencePoints>
              <BranchPoints />
              <MethodPoint xsi:type="SequencePoint" vc="4" uspid="1331" ordinal="0" offset="0" sl="212" sc="54" el="212" ec="78" bec="0" bev="0" fileid="20" />
            </Method>
            <Method visited="true" cyclomaticComplexity="1" nPathComplexity="0" sequenceCoverage="100" branchCoverage="100" isConstructor="false" isStatic="false" isGetter="false" isSetter="false">
              <Summary numSequencePoints="1" visitedSequencePoints="1" numBranchPoints="1" visitedBranchPoints="1" sequenceCoverage="100" branchCoverage="100" maxCyclomaticComplexity="1" minCyclomaticComplexity="1" visitedClasses="0" numClasses="0" visitedMethods="1" numMethods="1" />
              <MetadataToken>100663628</MetadataToken>
              <Name>System.Boolean Helpful.TextParser.Test.Fluent.PositionedDescriptorTest/&lt;&gt;c::&lt;PositionedDescriptor_WithTagAddProperties_AllTagsHaveParentDelimitationString&gt;b__11_31(Helpful.TextParser.Model.Element)</Name>
              <FileRef uid="20" />
              <SequencePoints>
                <SequencePoint vc="2" uspid="1332" ordinal="0" offset="0" sl="213" sc="47" el="213" ec="71" bec="0" bev="0" fileid="20" />
              </SequencePoints>
              <BranchPoints />
              <MethodPoint xsi:type="SequencePoint" vc="2" uspid="1332" ordinal="0" offset="0" sl="213" sc="47" el="213" ec="71" bec="0" bev="0" fileid="20" />
            </Method>
            <Method visited="true" cyclomaticComplexity="1" nPathComplexity="0" sequenceCoverage="100" branchCoverage="100" isConstructor="false" isStatic="false" isGetter="false" isSetter="false">
              <Summary numSequencePoints="1" visitedSequencePoints="1" numBranchPoints="1" visitedBranchPoints="1" sequenceCoverage="100" branchCoverage="100" maxCyclomaticComplexity="1" minCyclomaticComplexity="1" visitedClasses="0" numClasses="0" visitedMethods="1" numMethods="1" />
              <MetadataToken>100663629</MetadataToken>
              <Name>System.Boolean Helpful.TextParser.Test.Fluent.PositionedDescriptorTest/&lt;&gt;c::&lt;PositionedDescriptor_WithTagAddProperties_AllTagsHaveParentDelimitationString&gt;b__11_32(Helpful.TextParser.Model.Element)</Name>
              <FileRef uid="20" />
              <SequencePoints>
                <SequencePoint vc="4" uspid="1333" ordinal="0" offset="0" sl="214" sc="54" el="214" ec="78" bec="0" bev="0" fileid="20" />
              </SequencePoints>
              <BranchPoints />
              <MethodPoint xsi:type="SequencePoint" vc="4" uspid="1333" ordinal="0" offset="0" sl="214" sc="54" el="214" ec="78" bec="0" bev="0" fileid="20" />
            </Method>
            <Method visited="true" cyclomaticComplexity="1" nPathComplexity="0" sequenceCoverage="100" branchCoverage="100" isConstructor="false" isStatic="false" isGetter="false" isSetter="false">
              <Summary numSequencePoints="1" visitedSequencePoints="1" numBranchPoints="1" visitedBranchPoints="1" sequenceCoverage="100" branchCoverage="100" maxCyclomaticComplexity="1" minCyclomaticComplexity="1" visitedClasses="0" numClasses="0" visitedMethods="1" numMethods="1" />
              <MetadataToken>100663630</MetadataToken>
              <Name>System.Boolean Helpful.TextParser.Test.Fluent.PositionedDescriptorTest/&lt;&gt;c::&lt;PositionedDescriptor_WithTagAddProperties_AllTagsHaveParentDelimitationString&gt;b__11_33(Helpful.TextParser.Model.Element)</Name>
              <FileRef uid="20" />
              <SequencePoints>
                <SequencePoint vc="2" uspid="1334" ordinal="0" offset="0" sl="215" sc="47" el="215" ec="71" bec="0" bev="0" fileid="20" />
              </SequencePoints>
              <BranchPoints />
              <MethodPoint xsi:type="SequencePoint" vc="2" uspid="1334" ordinal="0" offset="0" sl="215" sc="47" el="215" ec="71" bec="0" bev="0" fileid="20" />
            </Method>
            <Method visited="true" cyclomaticComplexity="1" nPathComplexity="0" sequenceCoverage="100" branchCoverage="100" isConstructor="false" isStatic="false" isGetter="false" isSetter="false">
              <Summary numSequencePoints="1" visitedSequencePoints="1" numBranchPoints="1" visitedBranchPoints="1" sequenceCoverage="100" branchCoverage="100" maxCyclomaticComplexity="1" minCyclomaticComplexity="1" visitedClasses="0" numClasses="0" visitedMethods="1" numMethods="1" />
              <MetadataToken>100663631</MetadataToken>
              <Name>System.Boolean Helpful.TextParser.Test.Fluent.PositionedDescriptorTest/&lt;&gt;c::&lt;PositionedDescriptor_WithTagAddProperties_AllTagsHaveParentDelimitationString&gt;b__11_34(Helpful.TextParser.Model.Element)</Name>
              <FileRef uid="20" />
              <SequencePoints>
                <SequencePoint vc="4" uspid="1335" ordinal="0" offset="0" sl="216" sc="54" el="216" ec="78" bec="0" bev="0" fileid="20" />
              </SequencePoints>
              <BranchPoints />
              <MethodPoint xsi:type="SequencePoint" vc="4" uspid="1335" ordinal="0" offset="0" sl="216" sc="54" el="216" ec="78" bec="0" bev="0" fileid="20" />
            </Method>
            <Method visited="true" cyclomaticComplexity="1" nPathComplexity="0" sequenceCoverage="100" branchCoverage="100" isConstructor="false" isStatic="false" isGetter="false" isSetter="false">
              <Summary numSequencePoints="1" visitedSequencePoints="1" numBranchPoints="1" visitedBranchPoints="1" sequenceCoverage="100" branchCoverage="100" maxCyclomaticComplexity="1" minCyclomaticComplexity="1" visitedClasses="0" numClasses="0" visitedMethods="1" numMethods="1" />
              <MetadataToken>100663632</MetadataToken>
              <Name>System.Boolean Helpful.TextParser.Test.Fluent.PositionedDescriptorTest/&lt;&gt;c::&lt;PositionedDescriptor_WithTagAddProperties_AllTagsHaveParentDelimitationString&gt;b__11_35(Helpful.TextParser.Model.Element)</Name>
              <FileRef uid="20" />
              <SequencePoints>
                <SequencePoint vc="2" uspid="1336" ordinal="0" offset="0" sl="217" sc="48" el="217" ec="72" bec="0" bev="0" fileid="20" />
              </SequencePoints>
              <BranchPoints />
              <MethodPoint xsi:type="SequencePoint" vc="2" uspid="1336" ordinal="0" offset="0" sl="217" sc="48" el="217" ec="72" bec="0" bev="0" fileid="20" />
            </Method>
            <Method visited="true" cyclomaticComplexity="1" nPathComplexity="0" sequenceCoverage="100" branchCoverage="100" isConstructor="false" isStatic="false" isGetter="false" isSetter="false">
              <Summary numSequencePoints="1" visitedSequencePoints="1" numBranchPoints="1" visitedBranchPoints="1" sequenceCoverage="100" branchCoverage="100" maxCyclomaticComplexity="1" minCyclomaticComplexity="1" visitedClasses="0" numClasses="0" visitedMethods="1" numMethods="1" />
              <MetadataToken>100663633</MetadataToken>
              <Name>System.Boolean Helpful.TextParser.Test.Fluent.PositionedDescriptorTest/&lt;&gt;c::&lt;PositionedDescriptor_WithTagAddProperties_AllTagsHaveParentDelimitationString&gt;b__11_36(Helpful.TextParser.Model.Element)</Name>
              <FileRef uid="20" />
              <SequencePoints>
                <SequencePoint vc="4" uspid="1337" ordinal="0" offset="0" sl="218" sc="54" el="218" ec="78" bec="0" bev="0" fileid="20" />
              </SequencePoints>
              <BranchPoints />
              <MethodPoint xsi:type="SequencePoint" vc="4" uspid="1337" ordinal="0" offset="0" sl="218" sc="54" el="218" ec="78" bec="0" bev="0" fileid="20" />
            </Method>
            <Method visited="true" cyclomaticComplexity="1" nPathComplexity="0" sequenceCoverage="100" branchCoverage="100" isConstructor="false" isStatic="false" isGetter="false" isSetter="false">
              <Summary numSequencePoints="1" visitedSequencePoints="1" numBranchPoints="1" visitedBranchPoints="1" sequenceCoverage="100" branchCoverage="100" maxCyclomaticComplexity="1" minCyclomaticComplexity="1" visitedClasses="0" numClasses="0" visitedMethods="1" numMethods="1" />
              <MetadataToken>100663634</MetadataToken>
              <Name>System.Boolean Helpful.TextParser.Test.Fluent.PositionedDescriptorTest/&lt;&gt;c::&lt;PositionedDescriptor_WithTagAddProperties_AllTagsHaveParentDelimitationString&gt;b__11_37(Helpful.TextParser.Model.Element)</Name>
              <FileRef uid="20" />
              <SequencePoints>
                <SequencePoint vc="2" uspid="1338" ordinal="0" offset="0" sl="219" sc="48" el="219" ec="72" bec="0" bev="0" fileid="20" />
              </SequencePoints>
              <BranchPoints />
              <MethodPoint xsi:type="SequencePoint" vc="2" uspid="1338" ordinal="0" offset="0" sl="219" sc="48" el="219" ec="72" bec="0" bev="0" fileid="20" />
            </Method>
            <Method visited="true" cyclomaticComplexity="1" nPathComplexity="0" sequenceCoverage="100" branchCoverage="100" isConstructor="false" isStatic="false" isGetter="false" isSetter="false">
              <Summary numSequencePoints="1" visitedSequencePoints="1" numBranchPoints="1" visitedBranchPoints="1" sequenceCoverage="100" branchCoverage="100" maxCyclomaticComplexity="1" minCyclomaticComplexity="1" visitedClasses="0" numClasses="0" visitedMethods="1" numMethods="1" />
              <MetadataToken>100663635</MetadataToken>
              <Name>System.Boolean Helpful.TextParser.Test.Fluent.PositionedDescriptorTest/&lt;&gt;c::&lt;PositionedDescriptor_WithTagAddProperties_AllTagsHaveParentDelimitationString&gt;b__11_38(Helpful.TextParser.Model.Element)</Name>
              <FileRef uid="20" />
              <SequencePoints>
                <SequencePoint vc="4" uspid="1339" ordinal="0" offset="0" sl="221" sc="54" el="221" ec="78" bec="0" bev="0" fileid="20" />
              </SequencePoints>
              <BranchPoints />
              <MethodPoint xsi:type="SequencePoint" vc="4" uspid="1339" ordinal="0" offset="0" sl="221" sc="54" el="221" ec="78" bec="0" bev="0" fileid="20" />
            </Method>
            <Method visited="true" cyclomaticComplexity="1" nPathComplexity="0" sequenceCoverage="100" branchCoverage="100" isConstructor="false" isStatic="false" isGetter="false" isSetter="false">
              <Summary numSequencePoints="1" visitedSequencePoints="1" numBranchPoints="1" visitedBranchPoints="1" sequenceCoverage="100" branchCoverage="100" maxCyclomaticComplexity="1" minCyclomaticComplexity="1" visitedClasses="0" numClasses="0" visitedMethods="1" numMethods="1" />
              <MetadataToken>100663636</MetadataToken>
              <Name>System.Boolean Helpful.TextParser.Test.Fluent.PositionedDescriptorTest/&lt;&gt;c::&lt;PositionedDescriptor_WithTagAddProperties_AllTagsHaveParentDelimitationString&gt;b__11_39(Helpful.TextParser.Model.Element)</Name>
              <FileRef uid="20" />
              <SequencePoints>
                <SequencePoint vc="3" uspid="1340" ordinal="0" offset="0" sl="222" sc="48" el="222" ec="72" bec="0" bev="0" fileid="20" />
              </SequencePoints>
              <BranchPoints />
              <MethodPoint xsi:type="SequencePoint" vc="3" uspid="1340" ordinal="0" offset="0" sl="222" sc="48" el="222" ec="72" bec="0" bev="0" fileid="20" />
            </Method>
            <Method visited="true" cyclomaticComplexity="1" nPathComplexity="0" sequenceCoverage="100" branchCoverage="100" isConstructor="false" isStatic="false" isGetter="false" isSetter="false">
              <Summary numSequencePoints="1" visitedSequencePoints="1" numBranchPoints="1" visitedBranchPoints="1" sequenceCoverage="100" branchCoverage="100" maxCyclomaticComplexity="1" minCyclomaticComplexity="1" visitedClasses="0" numClasses="0" visitedMethods="1" numMethods="1" />
              <MetadataToken>100663637</MetadataToken>
              <Name>System.Boolean Helpful.TextParser.Test.Fluent.PositionedDescriptorTest/&lt;&gt;c::&lt;PositionedDescriptor_WithTagAddProperties_AllTagsHaveParentDelimitationString&gt;b__11_40(Helpful.TextParser.Model.Element)</Name>
              <FileRef uid="20" />
              <SequencePoints>
                <SequencePoint vc="4" uspid="1341" ordinal="0" offset="0" sl="223" sc="54" el="223" ec="78" bec="0" bev="0" fileid="20" />
              </SequencePoints>
              <BranchPoints />
              <MethodPoint xsi:type="SequencePoint" vc="4" uspid="1341" ordinal="0" offset="0" sl="223" sc="54" el="223" ec="78" bec="0" bev="0" fileid="20" />
            </Method>
            <Method visited="true" cyclomaticComplexity="1" nPathComplexity="0" sequenceCoverage="100" branchCoverage="100" isConstructor="false" isStatic="false" isGetter="false" isSetter="false">
              <Summary numSequencePoints="1" visitedSequencePoints="1" numBranchPoints="1" visitedBranchPoints="1" sequenceCoverage="100" branchCoverage="100" maxCyclomaticComplexity="1" minCyclomaticComplexity="1" visitedClasses="0" numClasses="0" visitedMethods="1" numMethods="1" />
              <MetadataToken>100663638</MetadataToken>
              <Name>System.Boolean Helpful.TextParser.Test.Fluent.PositionedDescriptorTest/&lt;&gt;c::&lt;PositionedDescriptor_WithTagAddProperties_AllTagsHaveParentDelimitationString&gt;b__11_41(Helpful.TextParser.Model.Element)</Name>
              <FileRef uid="20" />
              <SequencePoints>
                <SequencePoint vc="3" uspid="1342" ordinal="0" offset="0" sl="224" sc="48" el="224" ec="72" bec="0" bev="0" fileid="20" />
              </SequencePoints>
              <BranchPoints />
              <MethodPoint xsi:type="SequencePoint" vc="3" uspid="1342" ordinal="0" offset="0" sl="224" sc="48" el="224" ec="72" bec="0" bev="0" fileid="20" />
            </Method>
            <Method visited="true" cyclomaticComplexity="1" nPathComplexity="0" sequenceCoverage="100" branchCoverage="100" isConstructor="false" isStatic="false" isGetter="false" isSetter="false">
              <Summary numSequencePoints="1" visitedSequencePoints="1" numBranchPoints="1" visitedBranchPoints="1" sequenceCoverage="100" branchCoverage="100" maxCyclomaticComplexity="1" minCyclomaticComplexity="1" visitedClasses="0" numClasses="0" visitedMethods="1" numMethods="1" />
              <MetadataToken>100663639</MetadataToken>
              <Name>System.Boolean Helpful.TextParser.Test.Fluent.PositionedDescriptorTest/&lt;&gt;c::&lt;PositionedDescriptor_WithTagAddProperties_AllTagsHaveParentDelimitationString&gt;b__11_42(Helpful.TextParser.Model.Element)</Name>
              <FileRef uid="20" />
              <SequencePoints>
                <SequencePoint vc="4" uspid="1343" ordinal="0" offset="0" sl="225" sc="54" el="225" ec="78" bec="0" bev="0" fileid="20" />
              </SequencePoints>
              <BranchPoints />
              <MethodPoint xsi:type="SequencePoint" vc="4" uspid="1343" ordinal="0" offset="0" sl="225" sc="54" el="225" ec="78" bec="0" bev="0" fileid="20" />
            </Method>
            <Method visited="true" cyclomaticComplexity="1" nPathComplexity="0" sequenceCoverage="100" branchCoverage="100" isConstructor="false" isStatic="false" isGetter="false" isSetter="false">
              <Summary numSequencePoints="1" visitedSequencePoints="1" numBranchPoints="1" visitedBranchPoints="1" sequenceCoverage="100" branchCoverage="100" maxCyclomaticComplexity="1" minCyclomaticComplexity="1" visitedClasses="0" numClasses="0" visitedMethods="1" numMethods="1" />
              <MetadataToken>100663640</MetadataToken>
              <Name>System.Boolean Helpful.TextParser.Test.Fluent.PositionedDescriptorTest/&lt;&gt;c::&lt;PositionedDescriptor_WithTagAddProperties_AllTagsHaveParentDelimitationString&gt;b__11_43(Helpful.TextParser.Model.Element)</Name>
              <FileRef uid="20" />
              <SequencePoints>
                <SequencePoint vc="3" uspid="1344" ordinal="0" offset="0" sl="226" sc="48" el="226" ec="72" bec="0" bev="0" fileid="20" />
              </SequencePoints>
              <BranchPoints />
              <MethodPoint xsi:type="SequencePoint" vc="3" uspid="1344" ordinal="0" offset="0" sl="226" sc="48" el="226" ec="72" bec="0" bev="0" fileid="20" />
            </Method>
            <Method visited="true" cyclomaticComplexity="1" nPathComplexity="0" sequenceCoverage="100" branchCoverage="100" isConstructor="false" isStatic="false" isGetter="false" isSetter="false">
              <Summary numSequencePoints="1" visitedSequencePoints="1" numBranchPoints="1" visitedBranchPoints="1" sequenceCoverage="100" branchCoverage="100" maxCyclomaticComplexity="1" minCyclomaticComplexity="1" visitedClasses="0" numClasses="0" visitedMethods="1" numMethods="1" />
              <MetadataToken>100663641</MetadataToken>
              <Name>System.Boolean Helpful.TextParser.Test.Fluent.PositionedDescriptorTest/&lt;&gt;c::&lt;PositionedDescriptor_WithTagAddProperties_AllTagsHaveParentDelimitationString&gt;b__11_44(Helpful.TextParser.Model.Element)</Name>
              <FileRef uid="20" />
              <SequencePoints>
                <SequencePoint vc="4" uspid="1345" ordinal="0" offset="0" sl="227" sc="54" el="227" ec="78" bec="0" bev="0" fileid="20" />
              </SequencePoints>
              <BranchPoints />
              <MethodPoint xsi:type="SequencePoint" vc="4" uspid="1345" ordinal="0" offset="0" sl="227" sc="54" el="227" ec="78" bec="0" bev="0" fileid="20" />
            </Method>
            <Method visited="true" cyclomaticComplexity="1" nPathComplexity="0" sequenceCoverage="100" branchCoverage="100" isConstructor="false" isStatic="false" isGetter="false" isSetter="false">
              <Summary numSequencePoints="1" visitedSequencePoints="1" numBranchPoints="1" visitedBranchPoints="1" sequenceCoverage="100" branchCoverage="100" maxCyclomaticComplexity="1" minCyclomaticComplexity="1" visitedClasses="0" numClasses="0" visitedMethods="1" numMethods="1" />
              <MetadataToken>100663642</MetadataToken>
              <Name>System.Boolean Helpful.TextParser.Test.Fluent.PositionedDescriptorTest/&lt;&gt;c::&lt;PositionedDescriptor_WithTagAddProperties_AllTagsHaveParentDelimitationString&gt;b__11_45(Helpful.TextParser.Model.Element)</Name>
              <FileRef uid="20" />
              <SequencePoints>
                <SequencePoint vc="3" uspid="1346" ordinal="0" offset="0" sl="228" sc="48" el="228" ec="72" bec="0" bev="0" fileid="20" />
              </SequencePoints>
              <BranchPoints />
              <MethodPoint xsi:type="SequencePoint" vc="3" uspid="1346" ordinal="0" offset="0" sl="228" sc="48" el="228" ec="72" bec="0" bev="0" fileid="20" />
            </Method>
            <Method visited="true" cyclomaticComplexity="1" nPathComplexity="0" sequenceCoverage="100" branchCoverage="100" isConstructor="false" isStatic="false" isGetter="false" isSetter="false">
              <Summary numSequencePoints="1" visitedSequencePoints="1" numBranchPoints="1" visitedBranchPoints="1" sequenceCoverage="100" branchCoverage="100" maxCyclomaticComplexity="1" minCyclomaticComplexity="1" visitedClasses="0" numClasses="0" visitedMethods="1" numMethods="1" />
              <MetadataToken>100663643</MetadataToken>
              <Name>System.Boolean Helpful.TextParser.Test.Fluent.PositionedDescriptorTest/&lt;&gt;c::&lt;PositionedDescriptor_WithTagAddProperties_AllTagsHaveParentDelimitationString&gt;b__11_46(Helpful.TextParser.Model.Element)</Name>
              <FileRef uid="20" />
              <SequencePoints>
                <SequencePoint vc="4" uspid="1347" ordinal="0" offset="0" sl="229" sc="54" el="229" ec="78" bec="0" bev="0" fileid="20" />
              </SequencePoints>
              <BranchPoints />
              <MethodPoint xsi:type="SequencePoint" vc="4" uspid="1347" ordinal="0" offset="0" sl="229" sc="54" el="229" ec="78" bec="0" bev="0" fileid="20" />
            </Method>
            <Method visited="true" cyclomaticComplexity="1" nPathComplexity="0" sequenceCoverage="100" branchCoverage="100" isConstructor="false" isStatic="false" isGetter="false" isSetter="false">
              <Summary numSequencePoints="1" visitedSequencePoints="1" numBranchPoints="1" visitedBranchPoints="1" sequenceCoverage="100" branchCoverage="100" maxCyclomaticComplexity="1" minCyclomaticComplexity="1" visitedClasses="0" numClasses="0" visitedMethods="1" numMethods="1" />
              <MetadataToken>100663644</MetadataToken>
              <Name>System.Boolean Helpful.TextParser.Test.Fluent.PositionedDescriptorTest/&lt;&gt;c::&lt;PositionedDescriptor_WithTagAddProperties_AllTagsHaveParentDelimitationString&gt;b__11_47(Helpful.TextParser.Model.Element)</Name>
              <FileRef uid="20" />
              <SequencePoints>
                <SequencePoint vc="3" uspid="1348" ordinal="0" offset="0" sl="230" sc="48" el="230" ec="72" bec="0" bev="0" fileid="20" />
              </SequencePoints>
              <BranchPoints />
              <MethodPoint xsi:type="SequencePoint" vc="3" uspid="1348" ordinal="0" offset="0" sl="230" sc="48" el="230" ec="72" bec="0" bev="0" fileid="20" />
            </Method>
            <Method visited="true" cyclomaticComplexity="1" nPathComplexity="0" sequenceCoverage="100" branchCoverage="100" isConstructor="false" isStatic="false" isGetter="false" isSetter="false">
              <Summary numSequencePoints="1" visitedSequencePoints="1" numBranchPoints="1" visitedBranchPoints="1" sequenceCoverage="100" branchCoverage="100" maxCyclomaticComplexity="1" minCyclomaticComplexity="1" visitedClasses="0" numClasses="0" visitedMethods="1" numMethods="1" />
              <MetadataToken>100663645</MetadataToken>
              <Name>System.Boolean Helpful.TextParser.Test.Fluent.PositionedDescriptorTest/&lt;&gt;c::&lt;PositionedDescriptor_WithTagAddProperties_AllTagsHaveParentDelimitationString&gt;b__11_48(Helpful.TextParser.Model.Element)</Name>
              <FileRef uid="20" />
              <SequencePoints>
                <SequencePoint vc="4" uspid="1349" ordinal="0" offset="0" sl="231" sc="54" el="231" ec="78" bec="0" bev="0" fileid="20" />
              </SequencePoints>
              <BranchPoints />
              <MethodPoint xsi:type="SequencePoint" vc="4" uspid="1349" ordinal="0" offset="0" sl="231" sc="54" el="231" ec="78" bec="0" bev="0" fileid="20" />
            </Method>
            <Method visited="true" cyclomaticComplexity="1" nPathComplexity="0" sequenceCoverage="100" branchCoverage="100" isConstructor="false" isStatic="false" isGetter="false" isSetter="false">
              <Summary numSequencePoints="1" visitedSequencePoints="1" numBranchPoints="1" visitedBranchPoints="1" sequenceCoverage="100" branchCoverage="100" maxCyclomaticComplexity="1" minCyclomaticComplexity="1" visitedClasses="0" numClasses="0" visitedMethods="1" numMethods="1" />
              <MetadataToken>100663646</MetadataToken>
              <Name>System.Boolean Helpful.TextParser.Test.Fluent.PositionedDescriptorTest/&lt;&gt;c::&lt;PositionedDescriptor_WithTagAddProperties_AllTagsHaveParentDelimitationString&gt;b__11_49(Helpful.TextParser.Model.Element)</Name>
              <FileRef uid="20" />
              <SequencePoints>
                <SequencePoint vc="3" uspid="1350" ordinal="0" offset="0" sl="232" sc="48" el="232" ec="72" bec="0" bev="0" fileid="20" />
              </SequencePoints>
              <BranchPoints />
              <MethodPoint xsi:type="SequencePoint" vc="3" uspid="1350" ordinal="0" offset="0" sl="232" sc="48" el="232" ec="72" bec="0" bev="0" fileid="20" />
            </Method>
            <Method visited="true" cyclomaticComplexity="1" nPathComplexity="0" sequenceCoverage="100" branchCoverage="100" isConstructor="false" isStatic="false" isGetter="false" isSetter="false">
              <Summary numSequencePoints="1" visitedSequencePoints="1" numBranchPoints="1" visitedBranchPoints="1" sequenceCoverage="100" branchCoverage="100" maxCyclomaticComplexity="1" minCyclomaticComplexity="1" visitedClasses="0" numClasses="0" visitedMethods="1" numMethods="1" />
              <MetadataToken>100663647</MetadataToken>
              <Name>System.Boolean Helpful.TextParser.Test.Fluent.PositionedDescriptorTest/&lt;&gt;c::&lt;PositionedDescriptor_WithTagAddProperties_AllTagsHaveParentDelimitationString&gt;b__11_50(Helpful.TextParser.Model.Element)</Name>
              <FileRef uid="20" />
              <SequencePoints>
                <SequencePoint vc="4" uspid="1351" ordinal="0" offset="0" sl="234" sc="54" el="234" ec="78" bec="0" bev="0" fileid="20" />
              </SequencePoints>
              <BranchPoints />
              <MethodPoint xsi:type="SequencePoint" vc="4" uspid="1351" ordinal="0" offset="0" sl="234" sc="54" el="234" ec="78" bec="0" bev="0" fileid="20" />
            </Method>
            <Method visited="true" cyclomaticComplexity="1" nPathComplexity="0" sequenceCoverage="100" branchCoverage="100" isConstructor="false" isStatic="false" isGetter="false" isSetter="false">
              <Summary numSequencePoints="1" visitedSequencePoints="1" numBranchPoints="1" visitedBranchPoints="1" sequenceCoverage="100" branchCoverage="100" maxCyclomaticComplexity="1" minCyclomaticComplexity="1" visitedClasses="0" numClasses="0" visitedMethods="1" numMethods="1" />
              <MetadataToken>100663648</MetadataToken>
              <Name>System.Boolean Helpful.TextParser.Test.Fluent.PositionedDescriptorTest/&lt;&gt;c::&lt;PositionedDescriptor_WithTagAddProperties_AllTagsHaveParentDelimitationString&gt;b__11_51(Helpful.TextParser.Model.Element)</Name>
              <FileRef uid="20" />
              <SequencePoints>
                <SequencePoint vc="3" uspid="1352" ordinal="0" offset="0" sl="235" sc="48" el="235" ec="72" bec="0" bev="0" fileid="20" />
              </SequencePoints>
              <BranchPoints />
              <MethodPoint xsi:type="SequencePoint" vc="3" uspid="1352" ordinal="0" offset="0" sl="235" sc="48" el="235" ec="72" bec="0" bev="0" fileid="20" />
            </Method>
            <Method visited="true" cyclomaticComplexity="1" nPathComplexity="0" sequenceCoverage="100" branchCoverage="100" isConstructor="false" isStatic="false" isGetter="false" isSetter="false">
              <Summary numSequencePoints="1" visitedSequencePoints="1" numBranchPoints="1" visitedBranchPoints="1" sequenceCoverage="100" branchCoverage="100" maxCyclomaticComplexity="1" minCyclomaticComplexity="1" visitedClasses="0" numClasses="0" visitedMethods="1" numMethods="1" />
              <MetadataToken>100663649</MetadataToken>
              <Name>System.Boolean Helpful.TextParser.Test.Fluent.PositionedDescriptorTest/&lt;&gt;c::&lt;PositionedDescriptor_WithTagAddProperties_AllTagsHaveParentDelimitationString&gt;b__11_52(Helpful.TextParser.Model.Element)</Name>
              <FileRef uid="20" />
              <SequencePoints>
                <SequencePoint vc="1" uspid="1353" ordinal="0" offset="0" sl="236" sc="48" el="236" ec="72" bec="0" bev="0" fileid="20" />
              </SequencePoints>
              <BranchPoints />
              <MethodPoint xsi:type="SequencePoint" vc="1" uspid="1353" ordinal="0" offset="0" sl="236" sc="48" el="236" ec="72" bec="0" bev="0" fileid="20" />
            </Method>
            <Method visited="true" cyclomaticComplexity="1" nPathComplexity="0" sequenceCoverage="100" branchCoverage="100" isConstructor="false" isStatic="false" isGetter="false" isSetter="false">
              <Summary numSequencePoints="1" visitedSequencePoints="1" numBranchPoints="1" visitedBranchPoints="1" sequenceCoverage="100" branchCoverage="100" maxCyclomaticComplexity="1" minCyclomaticComplexity="1" visitedClasses="0" numClasses="0" visitedMethods="1" numMethods="1" />
              <MetadataToken>100663650</MetadataToken>
              <Name>System.Boolean Helpful.TextParser.Test.Fluent.PositionedDescriptorTest/&lt;&gt;c::&lt;PositionedDescriptor_WithTagAddProperties_AllTagsHaveParentDelimitationString&gt;b__11_53(Helpful.TextParser.Model.Element)</Name>
              <FileRef uid="20" />
              <SequencePoints>
                <SequencePoint vc="4" uspid="1354" ordinal="0" offset="0" sl="237" sc="54" el="237" ec="78" bec="0" bev="0" fileid="20" />
              </SequencePoints>
              <BranchPoints />
              <MethodPoint xsi:type="SequencePoint" vc="4" uspid="1354" ordinal="0" offset="0" sl="237" sc="54" el="237" ec="78" bec="0" bev="0" fileid="20" />
            </Method>
            <Method visited="true" cyclomaticComplexity="1" nPathComplexity="0" sequenceCoverage="100" branchCoverage="100" isConstructor="false" isStatic="false" isGetter="false" isSetter="false">
              <Summary numSequencePoints="1" visitedSequencePoints="1" numBranchPoints="1" visitedBranchPoints="1" sequenceCoverage="100" branchCoverage="100" maxCyclomaticComplexity="1" minCyclomaticComplexity="1" visitedClasses="0" numClasses="0" visitedMethods="1" numMethods="1" />
              <MetadataToken>100663651</MetadataToken>
              <Name>System.Boolean Helpful.TextParser.Test.Fluent.PositionedDescriptorTest/&lt;&gt;c::&lt;PositionedDescriptor_WithTagAddProperties_AllTagsHaveParentDelimitationString&gt;b__11_54(Helpful.TextParser.Model.Element)</Name>
              <FileRef uid="20" />
              <SequencePoints>
                <SequencePoint vc="3" uspid="1355" ordinal="0" offset="0" sl="238" sc="48" el="238" ec="72" bec="0" bev="0" fileid="20" />
              </SequencePoints>
              <BranchPoints />
              <MethodPoint xsi:type="SequencePoint" vc="3" uspid="1355" ordinal="0" offset="0" sl="238" sc="48" el="238" ec="72" bec="0" bev="0" fileid="20" />
            </Method>
            <Method visited="true" cyclomaticComplexity="1" nPathComplexity="0" sequenceCoverage="100" branchCoverage="100" isConstructor="false" isStatic="false" isGetter="false" isSetter="false">
              <Summary numSequencePoints="1" visitedSequencePoints="1" numBranchPoints="1" visitedBranchPoints="1" sequenceCoverage="100" branchCoverage="100" maxCyclomaticComplexity="1" minCyclomaticComplexity="1" visitedClasses="0" numClasses="0" visitedMethods="1" numMethods="1" />
              <MetadataToken>100663652</MetadataToken>
              <Name>System.Boolean Helpful.TextParser.Test.Fluent.PositionedDescriptorTest/&lt;&gt;c::&lt;PositionedDescriptor_WithTagAddProperties_AllTagsHaveParentDelimitationString&gt;b__11_55(Helpful.TextParser.Model.Element)</Name>
              <FileRef uid="20" />
              <SequencePoints>
                <SequencePoint vc="1" uspid="1356" ordinal="0" offset="0" sl="239" sc="48" el="239" ec="72" bec="0" bev="0" fileid="20" />
              </SequencePoints>
              <BranchPoints />
              <MethodPoint xsi:type="SequencePoint" vc="1" uspid="1356" ordinal="0" offset="0" sl="239" sc="48" el="239" ec="72" bec="0" bev="0" fileid="20" />
            </Method>
            <Method visited="true" cyclomaticComplexity="1" nPathComplexity="0" sequenceCoverage="100" branchCoverage="100" isConstructor="false" isStatic="false" isGetter="false" isSetter="false">
              <Summary numSequencePoints="1" visitedSequencePoints="1" numBranchPoints="1" visitedBranchPoints="1" sequenceCoverage="100" branchCoverage="100" maxCyclomaticComplexity="1" minCyclomaticComplexity="1" visitedClasses="0" numClasses="0" visitedMethods="1" numMethods="1" />
              <MetadataToken>100663653</MetadataToken>
              <Name>System.Boolean Helpful.TextParser.Test.Fluent.PositionedDescriptorTest/&lt;&gt;c::&lt;PositionedDescriptor_WithTagAddProperties_AllTagsHaveParentDelimitationString&gt;b__11_56(Helpful.TextParser.Model.Element)</Name>
              <FileRef uid="20" />
              <SequencePoints>
                <SequencePoint vc="4" uspid="1357" ordinal="0" offset="0" sl="240" sc="54" el="240" ec="78" bec="0" bev="0" fileid="20" />
              </SequencePoints>
              <BranchPoints />
              <MethodPoint xsi:type="SequencePoint" vc="4" uspid="1357" ordinal="0" offset="0" sl="240" sc="54" el="240" ec="78" bec="0" bev="0" fileid="20" />
            </Method>
            <Method visited="true" cyclomaticComplexity="1" nPathComplexity="0" sequenceCoverage="100" branchCoverage="100" isConstructor="false" isStatic="false" isGetter="false" isSetter="false">
              <Summary numSequencePoints="1" visitedSequencePoints="1" numBranchPoints="1" visitedBranchPoints="1" sequenceCoverage="100" branchCoverage="100" maxCyclomaticComplexity="1" minCyclomaticComplexity="1" visitedClasses="0" numClasses="0" visitedMethods="1" numMethods="1" />
              <MetadataToken>100663654</MetadataToken>
              <Name>System.Boolean Helpful.TextParser.Test.Fluent.PositionedDescriptorTest/&lt;&gt;c::&lt;PositionedDescriptor_WithTagAddProperties_AllTagsHaveParentDelimitationString&gt;b__11_57(Helpful.TextParser.Model.Element)</Name>
              <FileRef uid="20" />
              <SequencePoints>
                <SequencePoint vc="3" uspid="1358" ordinal="0" offset="0" sl="241" sc="48" el="241" ec="72" bec="0" bev="0" fileid="20" />
              </SequencePoints>
              <BranchPoints />
              <MethodPoint xsi:type="SequencePoint" vc="3" uspid="1358" ordinal="0" offset="0" sl="241" sc="48" el="241" ec="72" bec="0" bev="0" fileid="20" />
            </Method>
            <Method visited="true" cyclomaticComplexity="1" nPathComplexity="0" sequenceCoverage="100" branchCoverage="100" isConstructor="false" isStatic="false" isGetter="false" isSetter="false">
              <Summary numSequencePoints="1" visitedSequencePoints="1" numBranchPoints="1" visitedBranchPoints="1" sequenceCoverage="100" branchCoverage="100" maxCyclomaticComplexity="1" minCyclomaticComplexity="1" visitedClasses="0" numClasses="0" visitedMethods="1" numMethods="1" />
              <MetadataToken>100663655</MetadataToken>
              <Name>System.Boolean Helpful.TextParser.Test.Fluent.PositionedDescriptorTest/&lt;&gt;c::&lt;PositionedDescriptor_WithTagAddProperties_AllTagsHaveParentDelimitationString&gt;b__11_58(Helpful.TextParser.Model.Element)</Name>
              <FileRef uid="20" />
              <SequencePoints>
                <SequencePoint vc="1" uspid="1359" ordinal="0" offset="0" sl="242" sc="48" el="242" ec="72" bec="0" bev="0" fileid="20" />
              </SequencePoints>
              <BranchPoints />
              <MethodPoint xsi:type="SequencePoint" vc="1" uspid="1359" ordinal="0" offset="0" sl="242" sc="48" el="242" ec="72" bec="0" bev="0" fileid="20" />
            </Method>
            <Method visited="true" cyclomaticComplexity="1" nPathComplexity="0" sequenceCoverage="100" branchCoverage="100" isConstructor="false" isStatic="false" isGetter="false" isSetter="false">
              <Summary numSequencePoints="1" visitedSequencePoints="1" numBranchPoints="1" visitedBranchPoints="1" sequenceCoverage="100" branchCoverage="100" maxCyclomaticComplexity="1" minCyclomaticComplexity="1" visitedClasses="0" numClasses="0" visitedMethods="1" numMethods="1" />
              <MetadataToken>100663656</MetadataToken>
              <Name>System.Boolean Helpful.TextParser.Test.Fluent.PositionedDescriptorTest/&lt;&gt;c::&lt;PositionedDescriptor_WithTagAddProperties_AllTagsHaveParentDelimitationString&gt;b__11_59(Helpful.TextParser.Model.Element)</Name>
              <FileRef uid="20" />
              <SequencePoints>
                <SequencePoint vc="4" uspid="1360" ordinal="0" offset="0" sl="243" sc="54" el="243" ec="78" bec="0" bev="0" fileid="20" />
              </SequencePoints>
              <BranchPoints />
              <MethodPoint xsi:type="SequencePoint" vc="4" uspid="1360" ordinal="0" offset="0" sl="243" sc="54" el="243" ec="78" bec="0" bev="0" fileid="20" />
            </Method>
            <Method visited="true" cyclomaticComplexity="1" nPathComplexity="0" sequenceCoverage="100" branchCoverage="100" isConstructor="false" isStatic="false" isGetter="false" isSetter="false">
              <Summary numSequencePoints="1" visitedSequencePoints="1" numBranchPoints="1" visitedBranchPoints="1" sequenceCoverage="100" branchCoverage="100" maxCyclomaticComplexity="1" minCyclomaticComplexity="1" visitedClasses="0" numClasses="0" visitedMethods="1" numMethods="1" />
              <MetadataToken>100663657</MetadataToken>
              <Name>System.Boolean Helpful.TextParser.Test.Fluent.PositionedDescriptorTest/&lt;&gt;c::&lt;PositionedDescriptor_WithTagAddProperties_AllTagsHaveParentDelimitationString&gt;b__11_60(Helpful.TextParser.Model.Element)</Name>
              <FileRef uid="20" />
              <SequencePoints>
                <SequencePoint vc="3" uspid="1361" ordinal="0" offset="0" sl="244" sc="48" el="244" ec="72" bec="0" bev="0" fileid="20" />
              </SequencePoints>
              <BranchPoints />
              <MethodPoint xsi:type="SequencePoint" vc="3" uspid="1361" ordinal="0" offset="0" sl="244" sc="48" el="244" ec="72" bec="0" bev="0" fileid="20" />
            </Method>
            <Method visited="true" cyclomaticComplexity="1" nPathComplexity="0" sequenceCoverage="100" branchCoverage="100" isConstructor="false" isStatic="false" isGetter="false" isSetter="false">
              <Summary numSequencePoints="1" visitedSequencePoints="1" numBranchPoints="1" visitedBranchPoints="1" sequenceCoverage="100" branchCoverage="100" maxCyclomaticComplexity="1" minCyclomaticComplexity="1" visitedClasses="0" numClasses="0" visitedMethods="1" numMethods="1" />
              <MetadataToken>100663658</MetadataToken>
              <Name>System.Boolean Helpful.TextParser.Test.Fluent.PositionedDescriptorTest/&lt;&gt;c::&lt;PositionedDescriptor_WithTagAddProperties_AllTagsHaveParentDelimitationString&gt;b__11_61(Helpful.TextParser.Model.Element)</Name>
              <FileRef uid="20" />
              <SequencePoints>
                <SequencePoint vc="1" uspid="1362" ordinal="0" offset="0" sl="245" sc="48" el="245" ec="72" bec="0" bev="0" fileid="20" />
              </SequencePoints>
              <BranchPoints />
              <MethodPoint xsi:type="SequencePoint" vc="1" uspid="1362" ordinal="0" offset="0" sl="245" sc="48" el="245" ec="72" bec="0" bev="0" fileid="20" />
            </Method>
          </Methods>
        </Class>
        <Class>
          <Summary numSequencePoints="8" visitedSequencePoints="0" numBranchPoints="8" visitedBranchPoints="0" sequenceCoverage="0" branchCoverage="0" maxCyclomaticComplexity="1" minCyclomaticComplexity="1" visitedClasses="0" numClasses="1" visitedMethods="0" numMethods="8" />
          <FullName>Helpful.TextParser.Test.Fluent.PositionedFooClass</FullName>
          <Methods>
            <Method visited="false" cyclomaticComplexity="1" nPathComplexity="0" sequenceCoverage="0" branchCoverage="0" isConstructor="false" isStatic="false" isGetter="true" isSetter="false">
              <Summary numSequencePoints="1" visitedSequencePoints="0" numBranchPoints="1" visitedBranchPoints="0" sequenceCoverage="0" branchCoverage="0" maxCyclomaticComplexity="1" minCyclomaticComplexity="1" visitedClasses="0" numClasses="0" visitedMethods="0" numMethods="1" />
              <MetadataToken>100663444</MetadataToken>
              <Name>System.Boolean Helpful.TextParser.Test.Fluent.PositionedFooClass::get_FooProperty1()</Name>
              <FileRef uid="20" />
              <SequencePoints>
                <SequencePoint vc="0" uspid="1363" ordinal="0" offset="0" sl="251" sc="36" el="251" ec="40" bec="0" bev="0" fileid="20" />
              </SequencePoints>
              <BranchPoints />
              <MethodPoint xsi:type="SequencePoint" vc="0" uspid="1363" ordinal="0" offset="0" sl="251" sc="36" el="251" ec="40" bec="0" bev="0" fileid="20" />
            </Method>
            <Method visited="false" cyclomaticComplexity="1" nPathComplexity="0" sequenceCoverage="0" branchCoverage="0" isConstructor="false" isStatic="false" isGetter="false" isSetter="true">
              <Summary numSequencePoints="1" visitedSequencePoints="0" numBranchPoints="1" visitedBranchPoints="0" sequenceCoverage="0" branchCoverage="0" maxCyclomaticComplexity="1" minCyclomaticComplexity="1" visitedClasses="0" numClasses="0" visitedMethods="0" numMethods="1" />
              <MetadataToken>100663445</MetadataToken>
              <Name>System.Void Helpful.TextParser.Test.Fluent.PositionedFooClass::set_FooProperty1(System.Boolean)</Name>
              <FileRef uid="20" />
              <SequencePoints>
                <SequencePoint vc="0" uspid="1364" ordinal="0" offset="0" sl="251" sc="41" el="251" ec="45" bec="0" bev="0" fileid="20" />
              </SequencePoints>
              <BranchPoints />
              <MethodPoint xsi:type="SequencePoint" vc="0" uspid="1364" ordinal="0" offset="0" sl="251" sc="41" el="251" ec="45" bec="0" bev="0" fileid="20" />
            </Method>
            <Method visited="false" cyclomaticComplexity="1" nPathComplexity="0" sequenceCoverage="0" branchCoverage="0" isConstructor="false" isStatic="false" isGetter="true" isSetter="false">
              <Summary numSequencePoints="1" visitedSequencePoints="0" numBranchPoints="1" visitedBranchPoints="0" sequenceCoverage="0" branchCoverage="0" maxCyclomaticComplexity="1" minCyclomaticComplexity="1" visitedClasses="0" numClasses="0" visitedMethods="0" numMethods="1" />
              <MetadataToken>100663446</MetadataToken>
              <Name>System.Decimal Helpful.TextParser.Test.Fluent.PositionedFooClass::get_FooProperty2()</Name>
              <FileRef uid="20" />
              <SequencePoints>
                <SequencePoint vc="0" uspid="1365" ordinal="0" offset="0" sl="253" sc="39" el="253" ec="43" bec="0" bev="0" fileid="20" />
              </SequencePoints>
              <BranchPoints />
              <MethodPoint xsi:type="SequencePoint" vc="0" uspid="1365" ordinal="0" offset="0" sl="253" sc="39" el="253" ec="43" bec="0" bev="0" fileid="20" />
            </Method>
            <Method visited="false" cyclomaticComplexity="1" nPathComplexity="0" sequenceCoverage="0" branchCoverage="0" isConstructor="false" isStatic="false" isGetter="false" isSetter="true">
              <Summary numSequencePoints="1" visitedSequencePoints="0" numBranchPoints="1" visitedBranchPoints="0" sequenceCoverage="0" branchCoverage="0" maxCyclomaticComplexity="1" minCyclomaticComplexity="1" visitedClasses="0" numClasses="0" visitedMethods="0" numMethods="1" />
              <MetadataToken>100663447</MetadataToken>
              <Name>System.Void Helpful.TextParser.Test.Fluent.PositionedFooClass::set_FooProperty2(System.Decimal)</Name>
              <FileRef uid="20" />
              <SequencePoints>
                <SequencePoint vc="0" uspid="1366" ordinal="0" offset="0" sl="253" sc="44" el="253" ec="48" bec="0" bev="0" fileid="20" />
              </SequencePoints>
              <BranchPoints />
              <MethodPoint xsi:type="SequencePoint" vc="0" uspid="1366" ordinal="0" offset="0" sl="253" sc="44" el="253" ec="48" bec="0" bev="0" fileid="20" />
            </Method>
            <Method visited="false" cyclomaticComplexity="1" nPathComplexity="0" sequenceCoverage="0" branchCoverage="0" isConstructor="false" isStatic="false" isGetter="true" isSetter="false">
              <Summary numSequencePoints="1" visitedSequencePoints="0" numBranchPoints="1" visitedBranchPoints="0" sequenceCoverage="0" branchCoverage="0" maxCyclomaticComplexity="1" minCyclomaticComplexity="1" visitedClasses="0" numClasses="0" visitedMethods="0" numMethods="1" />
              <MetadataToken>100663448</MetadataToken>
              <Name>System.Collections.Generic.List`1&lt;Helpful.TextParser.Test.Fluent.PositionedChildFooClass&gt; Helpful.TextParser.Test.Fluent.PositionedFooClass::get_FooProperty3()</Name>
              <FileRef uid="20" />
              <SequencePoints>
                <SequencePoint vc="0" uspid="1367" ordinal="0" offset="0" sl="255" sc="61" el="255" ec="65" bec="0" bev="0" fileid="20" />
              </SequencePoints>
              <BranchPoints />
              <MethodPoint xsi:type="SequencePoint" vc="0" uspid="1367" ordinal="0" offset="0" sl="255" sc="61" el="255" ec="65" bec="0" bev="0" fileid="20" />
            </Method>
            <Method visited="false" cyclomaticComplexity="1" nPathComplexity="0" sequenceCoverage="0" branchCoverage="0" isConstructor="false" isStatic="false" isGetter="false" isSetter="true">
              <Summary numSequencePoints="1" visitedSequencePoints="0" numBranchPoints="1" visitedBranchPoints="0" sequenceCoverage="0" branchCoverage="0" maxCyclomaticComplexity="1" minCyclomaticComplexity="1" visitedClasses="0" numClasses="0" visitedMethods="0" numMethods="1" />
              <MetadataToken>100663449</MetadataToken>
              <Name>System.Void Helpful.TextParser.Test.Fluent.PositionedFooClass::set_FooProperty3(System.Collections.Generic.List`1&lt;Helpful.TextParser.Test.Fluent.PositionedChildFooClass&gt;)</Name>
              <FileRef uid="20" />
              <SequencePoints>
                <SequencePoint vc="0" uspid="1368" ordinal="0" offset="0" sl="255" sc="66" el="255" ec="70" bec="0" bev="0" fileid="20" />
              </SequencePoints>
              <BranchPoints />
              <MethodPoint xsi:type="SequencePoint" vc="0" uspid="1368" ordinal="0" offset="0" sl="255" sc="66" el="255" ec="70" bec="0" bev="0" fileid="20" />
            </Method>
            <Method visited="false" cyclomaticComplexity="1" nPathComplexity="0" sequenceCoverage="0" branchCoverage="0" isConstructor="false" isStatic="false" isGetter="true" isSetter="false">
              <Summary numSequencePoints="1" visitedSequencePoints="0" numBranchPoints="1" visitedBranchPoints="0" sequenceCoverage="0" branchCoverage="0" maxCyclomaticComplexity="1" minCyclomaticComplexity="1" visitedClasses="0" numClasses="0" visitedMethods="0" numMethods="1" />
              <MetadataToken>100663450</MetadataToken>
              <Name>System.Collections.Generic.List`1&lt;Helpful.TextParser.Test.Fluent.PositionedChildFooClass&gt; Helpful.TextParser.Test.Fluent.PositionedFooClass::get_FooProperty4()</Name>
              <FileRef uid="20" />
              <SequencePoints>
                <SequencePoint vc="0" uspid="1369" ordinal="0" offset="0" sl="257" sc="61" el="257" ec="65" bec="0" bev="0" fileid="20" />
              </SequencePoints>
              <BranchPoints />
              <MethodPoint xsi:type="SequencePoint" vc="0" uspid="1369" ordinal="0" offset="0" sl="257" sc="61" el="257" ec="65" bec="0" bev="0" fileid="20" />
            </Method>
            <Method visited="false" cyclomaticComplexity="1" nPathComplexity="0" sequenceCoverage="0" branchCoverage="0" isConstructor="false" isStatic="false" isGetter="false" isSetter="true">
              <Summary numSequencePoints="1" visitedSequencePoints="0" numBranchPoints="1" visitedBranchPoints="0" sequenceCoverage="0" branchCoverage="0" maxCyclomaticComplexity="1" minCyclomaticComplexity="1" visitedClasses="0" numClasses="0" visitedMethods="0" numMethods="1" />
              <MetadataToken>100663451</MetadataToken>
              <Name>System.Void Helpful.TextParser.Test.Fluent.PositionedFooClass::set_FooProperty4(System.Collections.Generic.List`1&lt;Helpful.TextParser.Test.Fluent.PositionedChildFooClass&gt;)</Name>
              <FileRef uid="20" />
              <SequencePoints>
                <SequencePoint vc="0" uspid="1370" ordinal="0" offset="0" sl="257" sc="66" el="257" ec="70" bec="0" bev="0" fileid="20" />
              </SequencePoints>
              <BranchPoints />
              <MethodPoint xsi:type="SequencePoint" vc="0" uspid="1370" ordinal="0" offset="0" sl="257" sc="66" el="257" ec="70" bec="0" bev="0" fileid="20" />
            </Method>
            <Method visited="false" cyclomaticComplexity="1" nPathComplexity="0" sequenceCoverage="0" branchCoverage="0" isConstructor="true" isStatic="false" isGetter="false" isSetter="false">
              <Summary numSequencePoints="0" visitedSequencePoints="0" numBranchPoints="0" visitedBranchPoints="0" sequenceCoverage="0" branchCoverage="0" maxCyclomaticComplexity="1" minCyclomaticComplexity="1" visitedClasses="0" numClasses="0" visitedMethods="0" numMethods="0" />
              <MetadataToken>100663452</MetadataToken>
              <Name>System.Void Helpful.TextParser.Test.Fluent.PositionedFooClass::.ctor()</Name>
              <SequencePoints />
              <BranchPoints />
              <MethodPoint vc="0" uspid="1371" ordinal="0" offset="0" />
            </Method>
          </Methods>
        </Class>
        <Class>
          <Summary numSequencePoints="6" visitedSequencePoints="0" numBranchPoints="6" visitedBranchPoints="0" sequenceCoverage="0" branchCoverage="0" maxCyclomaticComplexity="1" minCyclomaticComplexity="1" visitedClasses="0" numClasses="1" visitedMethods="0" numMethods="6" />
          <FullName>Helpful.TextParser.Test.Fluent.PositionedChildFooClass</FullName>
          <Methods>
            <Method visited="false" cyclomaticComplexity="1" nPathComplexity="0" sequenceCoverage="0" branchCoverage="0" isConstructor="false" isStatic="false" isGetter="true" isSetter="false">
              <Summary numSequencePoints="1" visitedSequencePoints="0" numBranchPoints="1" visitedBranchPoints="0" sequenceCoverage="0" branchCoverage="0" maxCyclomaticComplexity="1" minCyclomaticComplexity="1" visitedClasses="0" numClasses="0" visitedMethods="0" numMethods="1" />
              <MetadataToken>100663453</MetadataToken>
              <Name>System.String Helpful.TextParser.Test.Fluent.PositionedChildFooClass::get_FooProperty5()</Name>
              <FileRef uid="20" />
              <SequencePoints>
                <SequencePoint vc="0" uspid="1372" ordinal="0" offset="0" sl="262" sc="38" el="262" ec="42" bec="0" bev="0" fileid="20" />
              </SequencePoints>
              <BranchPoints />
              <MethodPoint xsi:type="SequencePoint" vc="0" uspid="1372" ordinal="0" offset="0" sl="262" sc="38" el="262" ec="42" bec="0" bev="0" fileid="20" />
            </Method>
            <Method visited="false" cyclomaticComplexity="1" nPathComplexity="0" sequenceCoverage="0" branchCoverage="0" isConstructor="false" isStatic="false" isGetter="false" isSetter="true">
              <Summary numSequencePoints="1" visitedSequencePoints="0" numBranchPoints="1" visitedBranchPoints="0" sequenceCoverage="0" branchCoverage="0" maxCyclomaticComplexity="1" minCyclomaticComplexity="1" visitedClasses="0" numClasses="0" visitedMethods="0" numMethods="1" />
              <MetadataToken>100663454</MetadataToken>
              <Name>System.Void Helpful.TextParser.Test.Fluent.PositionedChildFooClass::set_FooProperty5(System.String)</Name>
              <FileRef uid="20" />
              <SequencePoints>
                <SequencePoint vc="0" uspid="1373" ordinal="0" offset="0" sl="262" sc="43" el="262" ec="47" bec="0" bev="0" fileid="20" />
              </SequencePoints>
              <BranchPoints />
              <MethodPoint xsi:type="SequencePoint" vc="0" uspid="1373" ordinal="0" offset="0" sl="262" sc="43" el="262" ec="47" bec="0" bev="0" fileid="20" />
            </Method>
            <Method visited="false" cyclomaticComplexity="1" nPathComplexity="0" sequenceCoverage="0" branchCoverage="0" isConstructor="false" isStatic="false" isGetter="true" isSetter="false">
              <Summary numSequencePoints="1" visitedSequencePoints="0" numBranchPoints="1" visitedBranchPoints="0" sequenceCoverage="0" branchCoverage="0" maxCyclomaticComplexity="1" minCyclomaticComplexity="1" visitedClasses="0" numClasses="0" visitedMethods="0" numMethods="1" />
              <MetadataToken>100663455</MetadataToken>
              <Name>System.String Helpful.TextParser.Test.Fluent.PositionedChildFooClass::get_FooProperty6()</Name>
              <FileRef uid="20" />
              <SequencePoints>
                <SequencePoint vc="0" uspid="1374" ordinal="0" offset="0" sl="264" sc="38" el="264" ec="42" bec="0" bev="0" fileid="20" />
              </SequencePoints>
              <BranchPoints />
              <MethodPoint xsi:type="SequencePoint" vc="0" uspid="1374" ordinal="0" offset="0" sl="264" sc="38" el="264" ec="42" bec="0" bev="0" fileid="20" />
            </Method>
            <Method visited="false" cyclomaticComplexity="1" nPathComplexity="0" sequenceCoverage="0" branchCoverage="0" isConstructor="false" isStatic="false" isGetter="false" isSetter="true">
              <Summary numSequencePoints="1" visitedSequencePoints="0" numBranchPoints="1" visitedBranchPoints="0" sequenceCoverage="0" branchCoverage="0" maxCyclomaticComplexity="1" minCyclomaticComplexity="1" visitedClasses="0" numClasses="0" visitedMethods="0" numMethods="1" />
              <MetadataToken>100663456</MetadataToken>
              <Name>System.Void Helpful.TextParser.Test.Fluent.PositionedChildFooClass::set_FooProperty6(System.String)</Name>
              <FileRef uid="20" />
              <SequencePoints>
                <SequencePoint vc="0" uspid="1375" ordinal="0" offset="0" sl="264" sc="43" el="264" ec="47" bec="0" bev="0" fileid="20" />
              </SequencePoints>
              <BranchPoints />
              <MethodPoint xsi:type="SequencePoint" vc="0" uspid="1375" ordinal="0" offset="0" sl="264" sc="43" el="264" ec="47" bec="0" bev="0" fileid="20" />
            </Method>
            <Method visited="false" cyclomaticComplexity="1" nPathComplexity="0" sequenceCoverage="0" branchCoverage="0" isConstructor="false" isStatic="false" isGetter="true" isSetter="false">
              <Summary numSequencePoints="1" visitedSequencePoints="0" numBranchPoints="1" visitedBranchPoints="0" sequenceCoverage="0" branchCoverage="0" maxCyclomaticComplexity="1" minCyclomaticComplexity="1" visitedClasses="0" numClasses="0" visitedMethods="0" numMethods="1" />
              <MetadataToken>100663457</MetadataToken>
              <Name>System.Collections.Generic.List`1&lt;Helpful.TextParser.Test.Fluent.PositionedGrandChildFooClass&gt; Helpful.TextParser.Test.Fluent.PositionedChildFooClass::get_FooProperty7()</Name>
              <FileRef uid="20" />
              <SequencePoints>
                <SequencePoint vc="0" uspid="1376" ordinal="0" offset="0" sl="266" sc="66" el="266" ec="70" bec="0" bev="0" fileid="20" />
              </SequencePoints>
              <BranchPoints />
              <MethodPoint xsi:type="SequencePoint" vc="0" uspid="1376" ordinal="0" offset="0" sl="266" sc="66" el="266" ec="70" bec="0" bev="0" fileid="20" />
            </Method>
            <Method visited="false" cyclomaticComplexity="1" nPathComplexity="0" sequenceCoverage="0" branchCoverage="0" isConstructor="false" isStatic="false" isGetter="false" isSetter="true">
              <Summary numSequencePoints="1" visitedSequencePoints="0" numBranchPoints="1" visitedBranchPoints="0" sequenceCoverage="0" branchCoverage="0" maxCyclomaticComplexity="1" minCyclomaticComplexity="1" visitedClasses="0" numClasses="0" visitedMethods="0" numMethods="1" />
              <MetadataToken>100663458</MetadataToken>
              <Name>System.Void Helpful.TextParser.Test.Fluent.PositionedChildFooClass::set_FooProperty7(System.Collections.Generic.List`1&lt;Helpful.TextParser.Test.Fluent.PositionedGrandChildFooClass&gt;)</Name>
              <FileRef uid="20" />
              <SequencePoints>
                <SequencePoint vc="0" uspid="1377" ordinal="0" offset="0" sl="266" sc="71" el="266" ec="75" bec="0" bev="0" fileid="20" />
              </SequencePoints>
              <BranchPoints />
              <MethodPoint xsi:type="SequencePoint" vc="0" uspid="1377" ordinal="0" offset="0" sl="266" sc="71" el="266" ec="75" bec="0" bev="0" fileid="20" />
            </Method>
            <Method visited="false" cyclomaticComplexity="1" nPathComplexity="0" sequenceCoverage="0" branchCoverage="0" isConstructor="true" isStatic="false" isGetter="false" isSetter="false">
              <Summary numSequencePoints="0" visitedSequencePoints="0" numBranchPoints="0" visitedBranchPoints="0" sequenceCoverage="0" branchCoverage="0" maxCyclomaticComplexity="1" minCyclomaticComplexity="1" visitedClasses="0" numClasses="0" visitedMethods="0" numMethods="0" />
              <MetadataToken>100663459</MetadataToken>
              <Name>System.Void Helpful.TextParser.Test.Fluent.PositionedChildFooClass::.ctor()</Name>
              <SequencePoints />
              <BranchPoints />
              <MethodPoint vc="0" uspid="1378" ordinal="0" offset="0" />
            </Method>
          </Methods>
        </Class>
        <Class>
          <Summary numSequencePoints="2" visitedSequencePoints="0" numBranchPoints="2" visitedBranchPoints="0" sequenceCoverage="0" branchCoverage="0" maxCyclomaticComplexity="1" minCyclomaticComplexity="1" visitedClasses="0" numClasses="1" visitedMethods="0" numMethods="2" />
          <FullName>Helpful.TextParser.Test.Fluent.PositionedGrandChildFooClass</FullName>
          <Methods>
            <Method visited="false" cyclomaticComplexity="1" nPathComplexity="0" sequenceCoverage="0" branchCoverage="0" isConstructor="false" isStatic="false" isGetter="true" isSetter="false">
              <Summary numSequencePoints="1" visitedSequencePoints="0" numBranchPoints="1" visitedBranchPoints="0" sequenceCoverage="0" branchCoverage="0" maxCyclomaticComplexity="1" minCyclomaticComplexity="1" visitedClasses="0" numClasses="0" visitedMethods="0" numMethods="1" />
              <MetadataToken>100663460</MetadataToken>
              <Name>System.String Helpful.TextParser.Test.Fluent.PositionedGrandChildFooClass::get_FooProperty8()</Name>
              <FileRef uid="20" />
              <SequencePoints>
                <SequencePoint vc="0" uspid="1379" ordinal="0" offset="0" sl="271" sc="38" el="271" ec="42" bec="0" bev="0" fileid="20" />
              </SequencePoints>
              <BranchPoints />
              <MethodPoint xsi:type="SequencePoint" vc="0" uspid="1379" ordinal="0" offset="0" sl="271" sc="38" el="271" ec="42" bec="0" bev="0" fileid="20" />
            </Method>
            <Method visited="false" cyclomaticComplexity="1" nPathComplexity="0" sequenceCoverage="0" branchCoverage="0" isConstructor="false" isStatic="false" isGetter="false" isSetter="true">
              <Summary numSequencePoints="1" visitedSequencePoints="0" numBranchPoints="1" visitedBranchPoints="0" sequenceCoverage="0" branchCoverage="0" maxCyclomaticComplexity="1" minCyclomaticComplexity="1" visitedClasses="0" numClasses="0" visitedMethods="0" numMethods="1" />
              <MetadataToken>100663461</MetadataToken>
              <Name>System.Void Helpful.TextParser.Test.Fluent.PositionedGrandChildFooClass::set_FooProperty8(System.String)</Name>
              <FileRef uid="20" />
              <SequencePoints>
                <SequencePoint vc="0" uspid="1380" ordinal="0" offset="0" sl="271" sc="43" el="271" ec="47" bec="0" bev="0" fileid="20" />
              </SequencePoints>
              <BranchPoints />
              <MethodPoint xsi:type="SequencePoint" vc="0" uspid="1380" ordinal="0" offset="0" sl="271" sc="43" el="271" ec="47" bec="0" bev="0" fileid="20" />
            </Method>
            <Method visited="false" cyclomaticComplexity="1" nPathComplexity="0" sequenceCoverage="0" branchCoverage="0" isConstructor="true" isStatic="false" isGetter="false" isSetter="false">
              <Summary numSequencePoints="0" visitedSequencePoints="0" numBranchPoints="0" visitedBranchPoints="0" sequenceCoverage="0" branchCoverage="0" maxCyclomaticComplexity="1" minCyclomaticComplexity="1" visitedClasses="0" numClasses="0" visitedMethods="0" numMethods="0" />
              <MetadataToken>100663462</MetadataToken>
              <Name>System.Void Helpful.TextParser.Test.Fluent.PositionedGrandChildFooClass::.ctor()</Name>
              <SequencePoints />
              <BranchPoints />
              <MethodPoint vc="0" uspid="1381" ordinal="0" offset="0" />
            </Method>
          </Methods>
        </Class>
        <Class>
          <Summary numSequencePoints="4" visitedSequencePoints="4" numBranchPoints="2" visitedBranchPoints="2" sequenceCoverage="100" branchCoverage="100" maxCyclomaticComplexity="1" minCyclomaticComplexity="1" visitedClasses="1" numClasses="1" visitedMethods="2" numMethods="2" />
          <FullName>Helpful.TextParser.Test.Fluent.TestPositionedDescriptor</FullName>
          <Methods>
            <Method visited="true" cyclomaticComplexity="1" nPathComplexity="0" sequenceCoverage="100" branchCoverage="100" isConstructor="false" isStatic="false" isGetter="true" isSetter="false">
              <Summary numSequencePoints="1" visitedSequencePoints="1" numBranchPoints="1" visitedBranchPoints="1" sequenceCoverage="100" branchCoverage="100" maxCyclomaticComplexity="1" minCyclomaticComplexity="1" visitedClasses="0" numClasses="0" visitedMethods="1" numMethods="1" />
              <MetadataToken>100663464</MetadataToken>
              <Name>Helpful.TextParser.Model.Element Helpful.TextParser.Test.Fluent.TestPositionedDescriptor::get_Element()</Name>
              <FileRef uid="20" />
              <SequencePoints>
                <SequencePoint vc="75" uspid="1382" ordinal="0" offset="0" sl="280" sc="35" el="280" ec="43" bec="0" bev="0" fileid="20" />
              </SequencePoints>
              <BranchPoints />
              <MethodPoint xsi:type="SequencePoint" vc="75" uspid="1382" ordinal="0" offset="0" sl="280" sc="35" el="280" ec="43" bec="0" bev="0" fileid="20" />
            </Method>
            <Method visited="true" cyclomaticComplexity="1" nPathComplexity="0" sequenceCoverage="100" branchCoverage="100" isConstructor="true" isStatic="false" isGetter="false" isSetter="false">
              <Summary numSequencePoints="3" visitedSequencePoints="3" numBranchPoints="1" visitedBranchPoints="1" sequenceCoverage="100" branchCoverage="100" maxCyclomaticComplexity="1" minCyclomaticComplexity="1" visitedClasses="0" numClasses="0" visitedMethods="1" numMethods="1" />
              <MetadataToken>100663463</MetadataToken>
              <Name>System.Void Helpful.TextParser.Test.Fluent.TestPositionedDescriptor::.ctor(Helpful.TextParser.Interface.IParser)</Name>
              <FileRef uid="20" />
              <SequencePoints>
                <SequencePoint vc="26" uspid="1383" ordinal="0" offset="0" sl="276" sc="59" el="276" ec="71" bec="0" bev="0" fileid="20" />
                <SequencePoint vc="26" uspid="1384" ordinal="1" offset="8" sl="277" sc="9" el="277" ec="10" bec="0" bev="0" fileid="20" />
                <SequencePoint vc="26" uspid="1385" ordinal="2" offset="9" sl="278" sc="9" el="278" ec="10" bec="0" bev="0" fileid="20" />
              </SequencePoints>
              <BranchPoints />
              <MethodPoint xsi:type="SequencePoint" vc="26" uspid="1383" ordinal="0" offset="0" sl="276" sc="59" el="276" ec="71" bec="0" bev="0" fileid="20" />
            </Method>
          </Methods>
        </Class>
      </Classes>
    </Module>
    <Module hash="0A-0E-29-41-53-01-24-CF-A4-BC-13-35-06-0E-F5-6E-74-27-70-D9">
      <Summary numSequencePoints="541" visitedSequencePoints="537" numBranchPoints="180" visitedBranchPoints="176" sequenceCoverage="99.26" branchCoverage="97.78" maxCyclomaticComplexity="15" minCyclomaticComplexity="1" visitedClasses="27" numClasses="27" visitedMethods="102" numMethods="102" />
      <ModulePath>C:\Users\RonaldRicardo\Source\Repos\Helpful.TextParser\Helpful.TextParser.Test\bin\Debug\Helpful.TextParser.dll</ModulePath>
      <ModuleTime>2017-04-10T02:16:43.6079113Z</ModuleTime>
      <ModuleName>Helpful.TextParser</ModuleName>
      <Files>
        <File uid="63" fullPath="C:\Users\RonaldRicardo\Source\Repos\Helpful.TextParser\Helpful.TextParser\Model\Element.cs" />
        <File uid="64" fullPath="C:\Users\RonaldRicardo\Source\Repos\Helpful.TextParser\Helpful.TextParser\Model\Result.cs" />
        <File uid="65" fullPath="C:\Users\RonaldRicardo\Source\Repos\Helpful.TextParser\Helpful.TextParser\Model\LineValue.cs" />
        <File uid="66" fullPath="C:\Users\RonaldRicardo\Source\Repos\Helpful.TextParser\Helpful.TextParser\Impl\Parser.cs" />
        <File uid="72" fullPath="C:\Users\RonaldRicardo\Source\Repos\Helpful.TextParser\Helpful.TextParser\Impl\FluentParser.cs" />
        <File uid="73" fullPath="C:\Users\RonaldRicardo\Source\Repos\Helpful.TextParser\Helpful.TextParser\Impl\ValueSetter.cs" />
        <File uid="74" fullPath="C:\Users\RonaldRicardo\Source\Repos\Helpful.TextParser\Helpful.TextParser\Impl\LineValueExtractor\DelimitedLineValueExtractor.cs" />
        <File uid="75" fullPath="C:\Users\RonaldRicardo\Source\Repos\Helpful.TextParser\Helpful.TextParser\Impl\LineValueExtractor\LineValueExtractorFactory.cs" />
        <File uid="77" fullPath="C:\Users\RonaldRicardo\Source\Repos\Helpful.TextParser\Helpful.TextParser\Impl\LineValueExtractor\PositionedLineValueExtractor.cs" />
        <File uid="78" fullPath="C:\Users\RonaldRicardo\Source\Repos\Helpful.TextParser\Helpful.TextParser\Fluent\Impl\PositionedDescriptor.cs" />
        <File uid="79" fullPath="C:\Users\RonaldRicardo\Source\Repos\Helpful.TextParser\Helpful.TextParser\Fluent\Impl\DelimitedDescriptor.cs" />
        <File uid="80" fullPath="C:\Users\RonaldRicardo\Source\Repos\Helpful.TextParser\Helpful.TextParser\Fluent\Impl\PositionedPositionDescriptor.cs" />
        <File uid="81" fullPath="C:\Users\RonaldRicardo\Source\Repos\Helpful.TextParser\Helpful.TextParser\Fluent\Impl\DelimitedPositionDescriptor.cs" />
        <File uid="82" fullPath="C:\Users\RonaldRicardo\Source\Repos\Helpful.TextParser\Helpful.TextParser\Fluent\Impl\PositionedPropertiesOnlyDescriptor.cs" />
        <File uid="83" fullPath="C:\Users\RonaldRicardo\Source\Repos\Helpful.TextParser\Helpful.TextParser\Fluent\Impl\DelimitedPropertiesOnlyDescriptor.cs" />
        <File uid="84" fullPath="C:\Users\RonaldRicardo\Source\Repos\Helpful.TextParser\Helpful.TextParser\Fluent\Impl\PositionedPropertyDescriptor.cs" />
        <File uid="85" fullPath="C:\Users\RonaldRicardo\Source\Repos\Helpful.TextParser\Helpful.TextParser\Fluent\Impl\DelimitedPropertyDescriptor.cs" />
        <File uid="86" fullPath="C:\Users\RonaldRicardo\Source\Repos\Helpful.TextParser\Helpful.TextParser\Fluent\Impl\PositionedPropertyOnlyDescriptor.cs" />
        <File uid="87" fullPath="C:\Users\RonaldRicardo\Source\Repos\Helpful.TextParser\Helpful.TextParser\Fluent\Impl\DelimitedPropertyOnlyDescriptor.cs" />
        <File uid="88" fullPath="C:\Users\RonaldRicardo\Source\Repos\Helpful.TextParser\Helpful.TextParser\Fluent\Impl\PositionedPropertyPositionDescriptor.cs" />
        <File uid="89" fullPath="C:\Users\RonaldRicardo\Source\Repos\Helpful.TextParser\Helpful.TextParser\Fluent\Impl\DelimitedPropertyPositionDescriptor.cs" />
      </Files>
      <Classes>
        <Class>
          <Summary numSequencePoints="0" visitedSequencePoints="0" numBranchPoints="0" visitedBranchPoints="0" sequenceCoverage="0" branchCoverage="0" maxCyclomaticComplexity="0" minCyclomaticComplexity="0" visitedClasses="0" numClasses="0" visitedMethods="0" numMethods="0" />
          <FullName>&lt;Module&gt;</FullName>
          <Methods />
        </Class>
        <Class>
          <Summary numSequencePoints="0" visitedSequencePoints="0" numBranchPoints="0" visitedBranchPoints="0" sequenceCoverage="0" branchCoverage="0" maxCyclomaticComplexity="7" minCyclomaticComplexity="1" visitedClasses="0" numClasses="0" visitedMethods="0" numMethods="0" />
          <FullName>&lt;&gt;f__AnonymousType0`2</FullName>
          <Methods>
            <Method visited="true" cyclomaticComplexity="1" nPathComplexity="0" sequenceCoverage="0" branchCoverage="0" isConstructor="false" isStatic="false" isGetter="true" isSetter="false">
              <Summary numSequencePoints="0" visitedSequencePoints="0" numBranchPoints="0" visitedBranchPoints="0" sequenceCoverage="0" branchCoverage="0" maxCyclomaticComplexity="1" minCyclomaticComplexity="1" visitedClasses="0" numClasses="0" visitedMethods="0" numMethods="0" />
              <MetadataToken>100663297</MetadataToken>
              <Name>&lt;childTag&gt;j__TPar &lt;&gt;f__AnonymousType0`2::get_childTag()</Name>
              <SequencePoints />
              <BranchPoints />
              <MethodPoint vc="161" uspid="1386" ordinal="0" offset="0" />
            </Method>
            <Method visited="true" cyclomaticComplexity="1" nPathComplexity="0" sequenceCoverage="0" branchCoverage="0" isConstructor="false" isStatic="false" isGetter="true" isSetter="false">
              <Summary numSequencePoints="0" visitedSequencePoints="0" numBranchPoints="0" visitedBranchPoints="0" sequenceCoverage="0" branchCoverage="0" maxCyclomaticComplexity="1" minCyclomaticComplexity="1" visitedClasses="0" numClasses="0" visitedMethods="0" numMethods="0" />
              <MetadataToken>100663298</MetadataToken>
              <Name>&lt;childTagValue&gt;j__TPar &lt;&gt;f__AnonymousType0`2::get_childTagValue()</Name>
              <SequencePoints />
              <BranchPoints />
              <MethodPoint vc="172" uspid="1387" ordinal="0" offset="0" />
            </Method>
            <Method visited="true" cyclomaticComplexity="1" nPathComplexity="0" sequenceCoverage="0" branchCoverage="0" isConstructor="true" isStatic="false" isGetter="false" isSetter="false">
              <Summary numSequencePoints="0" visitedSequencePoints="0" numBranchPoints="0" visitedBranchPoints="0" sequenceCoverage="0" branchCoverage="0" maxCyclomaticComplexity="1" minCyclomaticComplexity="1" visitedClasses="0" numClasses="0" visitedMethods="0" numMethods="0" />
              <MetadataToken>100663299</MetadataToken>
              <Name>System.Void &lt;&gt;f__AnonymousType0`2::.ctor(&lt;childTag&gt;j__TPar,&lt;childTagValue&gt;j__TPar)</Name>
              <SequencePoints />
              <BranchPoints />
              <MethodPoint vc="86" uspid="1388" ordinal="0" offset="0" />
            </Method>
            <Method visited="false" cyclomaticComplexity="3" nPathComplexity="0" sequenceCoverage="0" branchCoverage="0" isConstructor="false" isStatic="false" isGetter="false" isSetter="false">
              <Summary numSequencePoints="0" visitedSequencePoints="0" numBranchPoints="0" visitedBranchPoints="0" sequenceCoverage="0" branchCoverage="0" maxCyclomaticComplexity="3" minCyclomaticComplexity="3" visitedClasses="0" numClasses="0" visitedMethods="0" numMethods="0" />
              <MetadataToken>100663300</MetadataToken>
              <Name>System.Boolean &lt;&gt;f__AnonymousType0`2::Equals(System.Object)</Name>
              <SequencePoints />
              <BranchPoints />
              <MethodPoint vc="0" uspid="1389" ordinal="0" offset="0" />
            </Method>
            <Method visited="false" cyclomaticComplexity="1" nPathComplexity="0" sequenceCoverage="0" branchCoverage="0" isConstructor="false" isStatic="false" isGetter="false" isSetter="false">
              <Summary numSequencePoints="0" visitedSequencePoints="0" numBranchPoints="0" visitedBranchPoints="0" sequenceCoverage="0" branchCoverage="0" maxCyclomaticComplexity="1" minCyclomaticComplexity="1" visitedClasses="0" numClasses="0" visitedMethods="0" numMethods="0" />
              <MetadataToken>100663301</MetadataToken>
              <Name>System.Int32 &lt;&gt;f__AnonymousType0`2::GetHashCode()</Name>
              <SequencePoints />
              <BranchPoints />
              <MethodPoint vc="0" uspid="1390" ordinal="0" offset="0" />
            </Method>
            <Method visited="false" cyclomaticComplexity="7" nPathComplexity="0" sequenceCoverage="0" branchCoverage="0" isConstructor="false" isStatic="false" isGetter="false" isSetter="false">
              <Summary numSequencePoints="0" visitedSequencePoints="0" numBranchPoints="0" visitedBranchPoints="0" sequenceCoverage="0" branchCoverage="0" maxCyclomaticComplexity="7" minCyclomaticComplexity="7" visitedClasses="0" numClasses="0" visitedMethods="0" numMethods="0" />
              <MetadataToken>100663302</MetadataToken>
              <Name>System.String &lt;&gt;f__AnonymousType0`2::ToString()</Name>
              <SequencePoints />
              <BranchPoints />
              <MethodPoint vc="0" uspid="1391" ordinal="0" offset="0" />
            </Method>
          </Methods>
        </Class>
        <Class>
          <Summary numSequencePoints="24" visitedSequencePoints="24" numBranchPoints="19" visitedBranchPoints="19" sequenceCoverage="100" branchCoverage="100" maxCyclomaticComplexity="1" minCyclomaticComplexity="1" visitedClasses="1" numClasses="1" visitedMethods="19" numMethods="19" />
          <FullName>Helpful.TextParser.Model.Element</FullName>
          <Methods>
            <Method visited="true" cyclomaticComplexity="1" nPathComplexity="0" sequenceCoverage="100" branchCoverage="100" isConstructor="false" isStatic="false" isGetter="true" isSetter="false">
              <Summary numSequencePoints="1" visitedSequencePoints="1" numBranchPoints="1" visitedBranchPoints="1" sequenceCoverage="100" branchCoverage="100" maxCyclomaticComplexity="1" minCyclomaticComplexity="1" visitedClasses="0" numClasses="0" visitedMethods="1" numMethods="1" />
              <MetadataToken>100663304</MetadataToken>
              <Name>Helpful.TextParser.Model.LineValueExtractorType Helpful.TextParser.Model.Element::get_LineValueExtractorType()</Name>
              <FileRef uid="63" />
              <SequencePoints>
                <SequencePoint vc="36" uspid="1392" ordinal="0" offset="0" sl="17" sc="64" el="17" ec="68" bec="0" bev="0" fileid="63" />
              </SequencePoints>
              <BranchPoints />
              <MethodPoint xsi:type="SequencePoint" vc="36" uspid="1392" ordinal="0" offset="0" sl="17" sc="64" el="17" ec="68" bec="0" bev="0" fileid="63" />
            </Method>
            <Method visited="true" cyclomaticComplexity="1" nPathComplexity="0" sequenceCoverage="100" branchCoverage="100" isConstructor="false" isStatic="false" isGetter="false" isSetter="true">
              <Summary numSequencePoints="1" visitedSequencePoints="1" numBranchPoints="1" visitedBranchPoints="1" sequenceCoverage="100" branchCoverage="100" maxCyclomaticComplexity="1" minCyclomaticComplexity="1" visitedClasses="0" numClasses="0" visitedMethods="1" numMethods="1" />
              <MetadataToken>100663305</MetadataToken>
              <Name>System.Void Helpful.TextParser.Model.Element::set_LineValueExtractorType(Helpful.TextParser.Model.LineValueExtractorType)</Name>
              <FileRef uid="63" />
              <SequencePoints>
                <SequencePoint vc="117" uspid="1393" ordinal="0" offset="0" sl="17" sc="69" el="17" ec="73" bec="0" bev="0" fileid="63" />
              </SequencePoints>
              <BranchPoints />
              <MethodPoint xsi:type="SequencePoint" vc="117" uspid="1393" ordinal="0" offset="0" sl="17" sc="69" el="17" ec="73" bec="0" bev="0" fileid="63" />
            </Method>
            <Method visited="true" cyclomaticComplexity="1" nPathComplexity="0" sequenceCoverage="100" branchCoverage="100" isConstructor="false" isStatic="false" isGetter="true" isSetter="false">
              <Summary numSequencePoints="1" visitedSequencePoints="1" numBranchPoints="1" visitedBranchPoints="1" sequenceCoverage="100" branchCoverage="100" maxCyclomaticComplexity="1" minCyclomaticComplexity="1" visitedClasses="0" numClasses="0" visitedMethods="1" numMethods="1" />
              <MetadataToken>100663306</MetadataToken>
              <Name>Helpful.TextParser.Model.ElementType Helpful.TextParser.Model.Element::get_ElementType()</Name>
              <FileRef uid="63" />
              <SequencePoints>
                <SequencePoint vc="1213" uspid="1394" ordinal="0" offset="0" sl="19" sc="42" el="19" ec="46" bec="0" bev="0" fileid="63" />
              </SequencePoints>
              <BranchPoints />
              <MethodPoint xsi:type="SequencePoint" vc="1213" uspid="1394" ordinal="0" offset="0" sl="19" sc="42" el="19" ec="46" bec="0" bev="0" fileid="63" />
            </Method>
            <Method visited="true" cyclomaticComplexity="1" nPathComplexity="0" sequenceCoverage="100" branchCoverage="100" isConstructor="false" isStatic="false" isGetter="false" isSetter="true">
              <Summary numSequencePoints="1" visitedSequencePoints="1" numBranchPoints="1" visitedBranchPoints="1" sequenceCoverage="100" branchCoverage="100" maxCyclomaticComplexity="1" minCyclomaticComplexity="1" visitedClasses="0" numClasses="0" visitedMethods="1" numMethods="1" />
              <MetadataToken>100663307</MetadataToken>
              <Name>System.Void Helpful.TextParser.Model.Element::set_ElementType(Helpful.TextParser.Model.ElementType)</Name>
              <FileRef uid="63" />
              <SequencePoints>
                <SequencePoint vc="337" uspid="1395" ordinal="0" offset="0" sl="19" sc="47" el="19" ec="51" bec="0" bev="0" fileid="63" />
              </SequencePoints>
              <BranchPoints />
              <MethodPoint xsi:type="SequencePoint" vc="337" uspid="1395" ordinal="0" offset="0" sl="19" sc="47" el="19" ec="51" bec="0" bev="0" fileid="63" />
            </Method>
            <Method visited="true" cyclomaticComplexity="1" nPathComplexity="0" sequenceCoverage="100" branchCoverage="100" isConstructor="false" isStatic="false" isGetter="true" isSetter="false">
              <Summary numSequencePoints="1" visitedSequencePoints="1" numBranchPoints="1" visitedBranchPoints="1" sequenceCoverage="100" branchCoverage="100" maxCyclomaticComplexity="1" minCyclomaticComplexity="1" visitedClasses="0" numClasses="0" visitedMethods="1" numMethods="1" />
              <MetadataToken>100663308</MetadataToken>
              <Name>System.Type Helpful.TextParser.Model.Element::get_Type()</Name>
              <FileRef uid="63" />
              <SequencePoints>
                <SequencePoint vc="544" uspid="1396" ordinal="0" offset="0" sl="21" sc="28" el="21" ec="32" bec="0" bev="0" fileid="63" />
              </SequencePoints>
              <BranchPoints />
              <MethodPoint xsi:type="SequencePoint" vc="544" uspid="1396" ordinal="0" offset="0" sl="21" sc="28" el="21" ec="32" bec="0" bev="0" fileid="63" />
            </Method>
            <Method visited="true" cyclomaticComplexity="1" nPathComplexity="0" sequenceCoverage="100" branchCoverage="100" isConstructor="false" isStatic="false" isGetter="false" isSetter="true">
              <Summary numSequencePoints="1" visitedSequencePoints="1" numBranchPoints="1" visitedBranchPoints="1" sequenceCoverage="100" branchCoverage="100" maxCyclomaticComplexity="1" minCyclomaticComplexity="1" visitedClasses="0" numClasses="0" visitedMethods="1" numMethods="1" />
              <MetadataToken>100663309</MetadataToken>
              <Name>System.Void Helpful.TextParser.Model.Element::set_Type(System.Type)</Name>
              <FileRef uid="63" />
              <SequencePoints>
                <SequencePoint vc="107" uspid="1397" ordinal="0" offset="0" sl="21" sc="33" el="21" ec="37" bec="0" bev="0" fileid="63" />
              </SequencePoints>
              <BranchPoints />
              <MethodPoint xsi:type="SequencePoint" vc="107" uspid="1397" ordinal="0" offset="0" sl="21" sc="33" el="21" ec="37" bec="0" bev="0" fileid="63" />
            </Method>
            <Method visited="true" cyclomaticComplexity="1" nPathComplexity="0" sequenceCoverage="100" branchCoverage="100" isConstructor="false" isStatic="false" isGetter="true" isSetter="false">
              <Summary numSequencePoints="1" visitedSequencePoints="1" numBranchPoints="1" visitedBranchPoints="1" sequenceCoverage="100" branchCoverage="100" maxCyclomaticComplexity="1" minCyclomaticComplexity="1" visitedClasses="0" numClasses="0" visitedMethods="1" numMethods="1" />
              <MetadataToken>100663310</MetadataToken>
              <Name>System.String Helpful.TextParser.Model.Element::get_Tag()</Name>
              <FileRef uid="63" />
              <SequencePoints>
                <SequencePoint vc="563" uspid="1398" ordinal="0" offset="0" sl="23" sc="29" el="23" ec="33" bec="0" bev="0" fileid="63" />
              </SequencePoints>
              <BranchPoints />
              <MethodPoint xsi:type="SequencePoint" vc="563" uspid="1398" ordinal="0" offset="0" sl="23" sc="29" el="23" ec="33" bec="0" bev="0" fileid="63" />
            </Method>
            <Method visited="true" cyclomaticComplexity="1" nPathComplexity="0" sequenceCoverage="100" branchCoverage="100" isConstructor="false" isStatic="false" isGetter="false" isSetter="true">
              <Summary numSequencePoints="1" visitedSequencePoints="1" numBranchPoints="1" visitedBranchPoints="1" sequenceCoverage="100" branchCoverage="100" maxCyclomaticComplexity="1" minCyclomaticComplexity="1" visitedClasses="0" numClasses="0" visitedMethods="1" numMethods="1" />
              <MetadataToken>100663311</MetadataToken>
              <Name>System.Void Helpful.TextParser.Model.Element::set_Tag(System.String)</Name>
              <FileRef uid="63" />
              <SequencePoints>
                <SequencePoint vc="96" uspid="1399" ordinal="0" offset="0" sl="23" sc="34" el="23" ec="38" bec="0" bev="0" fileid="63" />
              </SequencePoints>
              <BranchPoints />
              <MethodPoint xsi:type="SequencePoint" vc="96" uspid="1399" ordinal="0" offset="0" sl="23" sc="34" el="23" ec="38" bec="0" bev="0" fileid="63" />
            </Method>
            <Method visited="true" cyclomaticComplexity="1" nPathComplexity="0" sequenceCoverage="100" branchCoverage="100" isConstructor="false" isStatic="false" isGetter="true" isSetter="false">
              <Summary numSequencePoints="1" visitedSequencePoints="1" numBranchPoints="1" visitedBranchPoints="1" sequenceCoverage="100" branchCoverage="100" maxCyclomaticComplexity="1" minCyclomaticComplexity="1" visitedClasses="0" numClasses="0" visitedMethods="1" numMethods="1" />
              <MetadataToken>100663312</MetadataToken>
              <Name>System.String Helpful.TextParser.Model.Element::get_Name()</Name>
              <FileRef uid="63" />
              <SequencePoints>
                <SequencePoint vc="1078" uspid="1400" ordinal="0" offset="0" sl="25" sc="30" el="25" ec="34" bec="0" bev="0" fileid="63" />
              </SequencePoints>
              <BranchPoints />
              <MethodPoint xsi:type="SequencePoint" vc="1078" uspid="1400" ordinal="0" offset="0" sl="25" sc="30" el="25" ec="34" bec="0" bev="0" fileid="63" />
            </Method>
            <Method visited="true" cyclomaticComplexity="1" nPathComplexity="0" sequenceCoverage="100" branchCoverage="100" isConstructor="false" isStatic="false" isGetter="false" isSetter="true">
              <Summary numSequencePoints="1" visitedSequencePoints="1" numBranchPoints="1" visitedBranchPoints="1" sequenceCoverage="100" branchCoverage="100" maxCyclomaticComplexity="1" minCyclomaticComplexity="1" visitedClasses="0" numClasses="0" visitedMethods="1" numMethods="1" />
              <MetadataToken>100663313</MetadataToken>
              <Name>System.Void Helpful.TextParser.Model.Element::set_Name(System.String)</Name>
              <FileRef uid="63" />
              <SequencePoints>
                <SequencePoint vc="281" uspid="1401" ordinal="0" offset="0" sl="25" sc="35" el="25" ec="39" bec="0" bev="0" fileid="63" />
              </SequencePoints>
              <BranchPoints />
              <MethodPoint xsi:type="SequencePoint" vc="281" uspid="1401" ordinal="0" offset="0" sl="25" sc="35" el="25" ec="39" bec="0" bev="0" fileid="63" />
            </Method>
            <Method visited="true" cyclomaticComplexity="1" nPathComplexity="0" sequenceCoverage="100" branchCoverage="100" isConstructor="false" isStatic="false" isGetter="true" isSetter="false">
              <Summary numSequencePoints="1" visitedSequencePoints="1" numBranchPoints="1" visitedBranchPoints="1" sequenceCoverage="100" branchCoverage="100" maxCyclomaticComplexity="1" minCyclomaticComplexity="1" visitedClasses="0" numClasses="0" visitedMethods="1" numMethods="1" />
              <MetadataToken>100663314</MetadataToken>
              <Name>System.Boolean Helpful.TextParser.Model.Element::get_Required()</Name>
              <FileRef uid="63" />
              <SequencePoints>
                <SequencePoint vc="25" uspid="1402" ordinal="0" offset="0" sl="27" sc="32" el="27" ec="36" bec="0" bev="0" fileid="63" />
              </SequencePoints>
              <BranchPoints />
              <MethodPoint xsi:type="SequencePoint" vc="25" uspid="1402" ordinal="0" offset="0" sl="27" sc="32" el="27" ec="36" bec="0" bev="0" fileid="63" />
            </Method>
            <Method visited="true" cyclomaticComplexity="1" nPathComplexity="0" sequenceCoverage="100" branchCoverage="100" isConstructor="false" isStatic="false" isGetter="false" isSetter="true">
              <Summary numSequencePoints="1" visitedSequencePoints="1" numBranchPoints="1" visitedBranchPoints="1" sequenceCoverage="100" branchCoverage="100" maxCyclomaticComplexity="1" minCyclomaticComplexity="1" visitedClasses="0" numClasses="0" visitedMethods="1" numMethods="1" />
              <MetadataToken>100663315</MetadataToken>
              <Name>System.Void Helpful.TextParser.Model.Element::set_Required(System.Boolean)</Name>
              <FileRef uid="63" />
              <SequencePoints>
                <SequencePoint vc="230" uspid="1403" ordinal="0" offset="0" sl="27" sc="37" el="27" ec="41" bec="0" bev="0" fileid="63" />
              </SequencePoints>
              <BranchPoints />
              <MethodPoint xsi:type="SequencePoint" vc="230" uspid="1403" ordinal="0" offset="0" sl="27" sc="37" el="27" ec="41" bec="0" bev="0" fileid="63" />
            </Method>
            <Method visited="true" cyclomaticComplexity="1" nPathComplexity="0" sequenceCoverage="100" branchCoverage="100" isConstructor="false" isStatic="false" isGetter="true" isSetter="false">
              <Summary numSequencePoints="1" visitedSequencePoints="1" numBranchPoints="1" visitedBranchPoints="1" sequenceCoverage="100" branchCoverage="100" maxCyclomaticComplexity="1" minCyclomaticComplexity="1" visitedClasses="0" numClasses="0" visitedMethods="1" numMethods="1" />
              <MetadataToken>100663316</MetadataToken>
              <Name>System.Collections.Generic.Dictionary`2&lt;System.String,System.Int32&gt; Helpful.TextParser.Model.Element::get_Positions()</Name>
              <FileRef uid="63" />
              <SequencePoints>
                <SequencePoint vc="2371" uspid="1404" ordinal="0" offset="0" sl="29" sc="52" el="29" ec="56" bec="0" bev="0" fileid="63" />
              </SequencePoints>
              <BranchPoints />
              <MethodPoint xsi:type="SequencePoint" vc="2371" uspid="1404" ordinal="0" offset="0" sl="29" sc="52" el="29" ec="56" bec="0" bev="0" fileid="63" />
            </Method>
            <Method visited="true" cyclomaticComplexity="1" nPathComplexity="0" sequenceCoverage="100" branchCoverage="100" isConstructor="false" isStatic="false" isGetter="false" isSetter="true">
              <Summary numSequencePoints="1" visitedSequencePoints="1" numBranchPoints="1" visitedBranchPoints="1" sequenceCoverage="100" branchCoverage="100" maxCyclomaticComplexity="1" minCyclomaticComplexity="1" visitedClasses="0" numClasses="0" visitedMethods="1" numMethods="1" />
              <MetadataToken>100663317</MetadataToken>
              <Name>System.Void Helpful.TextParser.Model.Element::set_Positions(System.Collections.Generic.Dictionary`2&lt;System.String,System.Int32&gt;)</Name>
              <FileRef uid="63" />
              <SequencePoints>
                <SequencePoint vc="373" uspid="1405" ordinal="0" offset="0" sl="29" sc="57" el="29" ec="61" bec="0" bev="0" fileid="63" />
              </SequencePoints>
              <BranchPoints />
              <MethodPoint xsi:type="SequencePoint" vc="373" uspid="1405" ordinal="0" offset="0" sl="29" sc="57" el="29" ec="61" bec="0" bev="0" fileid="63" />
            </Method>
            <Method visited="true" cyclomaticComplexity="1" nPathComplexity="0" sequenceCoverage="100" branchCoverage="100" isConstructor="false" isStatic="false" isGetter="true" isSetter="false">
              <Summary numSequencePoints="1" visitedSequencePoints="1" numBranchPoints="1" visitedBranchPoints="1" sequenceCoverage="100" branchCoverage="100" maxCyclomaticComplexity="1" minCyclomaticComplexity="1" visitedClasses="0" numClasses="0" visitedMethods="1" numMethods="1" />
              <MetadataToken>100663318</MetadataToken>
              <Name>System.Collections.Generic.Dictionary`2&lt;System.String,System.String&gt; Helpful.TextParser.Model.Element::get_Custom()</Name>
              <FileRef uid="63" />
              <SequencePoints>
                <SequencePoint vc="696" uspid="1406" ordinal="0" offset="0" sl="31" sc="52" el="31" ec="56" bec="0" bev="0" fileid="63" />
              </SequencePoints>
              <BranchPoints />
              <MethodPoint xsi:type="SequencePoint" vc="696" uspid="1406" ordinal="0" offset="0" sl="31" sc="52" el="31" ec="56" bec="0" bev="0" fileid="63" />
            </Method>
            <Method visited="true" cyclomaticComplexity="1" nPathComplexity="0" sequenceCoverage="100" branchCoverage="100" isConstructor="false" isStatic="false" isGetter="false" isSetter="true">
              <Summary numSequencePoints="1" visitedSequencePoints="1" numBranchPoints="1" visitedBranchPoints="1" sequenceCoverage="100" branchCoverage="100" maxCyclomaticComplexity="1" minCyclomaticComplexity="1" visitedClasses="0" numClasses="0" visitedMethods="1" numMethods="1" />
              <MetadataToken>100663319</MetadataToken>
              <Name>System.Void Helpful.TextParser.Model.Element::set_Custom(System.Collections.Generic.Dictionary`2&lt;System.String,System.String&gt;)</Name>
              <FileRef uid="63" />
              <SequencePoints>
                <SequencePoint vc="373" uspid="1407" ordinal="0" offset="0" sl="31" sc="57" el="31" ec="61" bec="0" bev="0" fileid="63" />
              </SequencePoints>
              <BranchPoints />
              <MethodPoint xsi:type="SequencePoint" vc="373" uspid="1407" ordinal="0" offset="0" sl="31" sc="57" el="31" ec="61" bec="0" bev="0" fileid="63" />
            </Method>
            <Method visited="true" cyclomaticComplexity="1" nPathComplexity="0" sequenceCoverage="100" branchCoverage="100" isConstructor="false" isStatic="false" isGetter="true" isSetter="false">
              <Summary numSequencePoints="1" visitedSequencePoints="1" numBranchPoints="1" visitedBranchPoints="1" sequenceCoverage="100" branchCoverage="100" maxCyclomaticComplexity="1" minCyclomaticComplexity="1" visitedClasses="0" numClasses="0" visitedMethods="1" numMethods="1" />
              <MetadataToken>100663320</MetadataToken>
              <Name>System.Collections.Generic.List`1&lt;Helpful.TextParser.Model.Element&gt; Helpful.TextParser.Model.Element::get_Elements()</Name>
              <FileRef uid="63" />
              <SequencePoints>
                <SequencePoint vc="1214" uspid="1408" ordinal="0" offset="0" sl="33" sc="41" el="33" ec="45" bec="0" bev="0" fileid="63" />
              </SequencePoints>
              <BranchPoints />
              <MethodPoint xsi:type="SequencePoint" vc="1214" uspid="1408" ordinal="0" offset="0" sl="33" sc="41" el="33" ec="45" bec="0" bev="0" fileid="63" />
            </Method>
            <Method visited="true" cyclomaticComplexity="1" nPathComplexity="0" sequenceCoverage="100" branchCoverage="100" isConstructor="false" isStatic="false" isGetter="false" isSetter="true">
              <Summary numSequencePoints="1" visitedSequencePoints="1" numBranchPoints="1" visitedBranchPoints="1" sequenceCoverage="100" branchCoverage="100" maxCyclomaticComplexity="1" minCyclomaticComplexity="1" visitedClasses="0" numClasses="0" visitedMethods="1" numMethods="1" />
              <MetadataToken>100663321</MetadataToken>
              <Name>System.Void Helpful.TextParser.Model.Element::set_Elements(System.Collections.Generic.List`1&lt;Helpful.TextParser.Model.Element&gt;)</Name>
              <FileRef uid="63" />
              <SequencePoints>
                <SequencePoint vc="373" uspid="1409" ordinal="0" offset="0" sl="33" sc="46" el="33" ec="50" bec="0" bev="0" fileid="63" />
              </SequencePoints>
              <BranchPoints />
              <MethodPoint xsi:type="SequencePoint" vc="373" uspid="1409" ordinal="0" offset="0" sl="33" sc="46" el="33" ec="50" bec="0" bev="0" fileid="63" />
            </Method>
            <Method visited="true" cyclomaticComplexity="1" nPathComplexity="0" sequenceCoverage="100" branchCoverage="100" isConstructor="true" isStatic="false" isGetter="false" isSetter="false">
              <Summary numSequencePoints="6" visitedSequencePoints="6" numBranchPoints="1" visitedBranchPoints="1" sequenceCoverage="100" branchCoverage="100" maxCyclomaticComplexity="1" minCyclomaticComplexity="1" visitedClasses="0" numClasses="0" visitedMethods="1" numMethods="1" />
              <MetadataToken>100663303</MetadataToken>
              <Name>System.Void Helpful.TextParser.Model.Element::.ctor()</Name>
              <FileRef uid="63" />
              <SequencePoints>
                <SequencePoint vc="373" uspid="1410" ordinal="0" offset="0" sl="8" sc="9" el="8" ec="25" bec="0" bev="0" fileid="63" />
                <SequencePoint vc="373" uspid="1411" ordinal="1" offset="7" sl="9" sc="9" el="9" ec="10" bec="0" bev="0" fileid="63" />
                <SequencePoint vc="373" uspid="1412" ordinal="2" offset="8" sl="10" sc="13" el="10" ec="55" bec="0" bev="0" fileid="63" />
                <SequencePoint vc="373" uspid="1413" ordinal="3" offset="20" sl="12" sc="13" el="12" ec="55" bec="0" bev="0" fileid="63" />
                <SequencePoint vc="373" uspid="1414" ordinal="4" offset="32" sl="14" sc="13" el="14" ec="44" bec="0" bev="0" fileid="63" />
                <SequencePoint vc="373" uspid="1415" ordinal="5" offset="44" sl="15" sc="9" el="15" ec="10" bec="0" bev="0" fileid="63" />
              </SequencePoints>
              <BranchPoints />
              <MethodPoint xsi:type="SequencePoint" vc="373" uspid="1410" ordinal="0" offset="0" sl="8" sc="9" el="8" ec="25" bec="0" bev="0" fileid="63" />
            </Method>
          </Methods>
        </Class>
        <Class>
          <Summary numSequencePoints="9" visitedSequencePoints="9" numBranchPoints="5" visitedBranchPoints="5" sequenceCoverage="100" branchCoverage="100" maxCyclomaticComplexity="1" minCyclomaticComplexity="1" visitedClasses="1" numClasses="1" visitedMethods="5" numMethods="5" />
          <FullName>Helpful.TextParser.Model.Result`1</FullName>
          <Methods>
            <Method visited="true" cyclomaticComplexity="1" nPathComplexity="0" sequenceCoverage="100" branchCoverage="100" isConstructor="false" isStatic="false" isGetter="true" isSetter="false">
              <Summary numSequencePoints="1" visitedSequencePoints="1" numBranchPoints="1" visitedBranchPoints="1" sequenceCoverage="100" branchCoverage="100" maxCyclomaticComplexity="1" minCyclomaticComplexity="1" visitedClasses="0" numClasses="0" visitedMethods="1" numMethods="1" />
              <MetadataToken>100663323</MetadataToken>
              <Name>System.Collections.Generic.List`1&lt;T&gt; Helpful.TextParser.Model.Result`1::get_Content()</Name>
              <FileRef uid="64" />
              <SequencePoints>
                <SequencePoint vc="404" uspid="1416" ordinal="0" offset="0" sl="14" sc="34" el="14" ec="38" bec="0" bev="0" fileid="64" />
              </SequencePoints>
              <BranchPoints />
              <MethodPoint xsi:type="SequencePoint" vc="404" uspid="1416" ordinal="0" offset="0" sl="14" sc="34" el="14" ec="38" bec="0" bev="0" fileid="64" />
            </Method>
            <Method visited="true" cyclomaticComplexity="1" nPathComplexity="0" sequenceCoverage="100" branchCoverage="100" isConstructor="false" isStatic="false" isGetter="false" isSetter="true">
              <Summary numSequencePoints="1" visitedSequencePoints="1" numBranchPoints="1" visitedBranchPoints="1" sequenceCoverage="100" branchCoverage="100" maxCyclomaticComplexity="1" minCyclomaticComplexity="1" visitedClasses="0" numClasses="0" visitedMethods="1" numMethods="1" />
              <MetadataToken>100663324</MetadataToken>
              <Name>System.Void Helpful.TextParser.Model.Result`1::set_Content(System.Collections.Generic.List`1&lt;T&gt;)</Name>
              <FileRef uid="64" />
              <SequencePoints>
                <SequencePoint vc="32" uspid="1417" ordinal="0" offset="0" sl="14" sc="39" el="14" ec="43" bec="0" bev="0" fileid="64" />
              </SequencePoints>
              <BranchPoints />
              <MethodPoint xsi:type="SequencePoint" vc="32" uspid="1417" ordinal="0" offset="0" sl="14" sc="39" el="14" ec="43" bec="0" bev="0" fileid="64" />
            </Method>
            <Method visited="true" cyclomaticComplexity="1" nPathComplexity="0" sequenceCoverage="100" branchCoverage="100" isConstructor="false" isStatic="false" isGetter="true" isSetter="false">
              <Summary numSequencePoints="1" visitedSequencePoints="1" numBranchPoints="1" visitedBranchPoints="1" sequenceCoverage="100" branchCoverage="100" maxCyclomaticComplexity="1" minCyclomaticComplexity="1" visitedClasses="0" numClasses="0" visitedMethods="1" numMethods="1" />
              <MetadataToken>100663325</MetadataToken>
              <Name>System.Collections.Generic.List`1&lt;System.String&gt; Helpful.TextParser.Model.Result`1::get_Errors()</Name>
              <FileRef uid="64" />
              <SequencePoints>
                <SequencePoint vc="120" uspid="1418" ordinal="0" offset="0" sl="16" sc="38" el="16" ec="42" bec="0" bev="0" fileid="64" />
              </SequencePoints>
              <BranchPoints />
              <MethodPoint xsi:type="SequencePoint" vc="120" uspid="1418" ordinal="0" offset="0" sl="16" sc="38" el="16" ec="42" bec="0" bev="0" fileid="64" />
            </Method>
            <Method visited="true" cyclomaticComplexity="1" nPathComplexity="0" sequenceCoverage="100" branchCoverage="100" isConstructor="false" isStatic="false" isGetter="false" isSetter="true">
              <Summary numSequencePoints="1" visitedSequencePoints="1" numBranchPoints="1" visitedBranchPoints="1" sequenceCoverage="100" branchCoverage="100" maxCyclomaticComplexity="1" minCyclomaticComplexity="1" visitedClasses="0" numClasses="0" visitedMethods="1" numMethods="1" />
              <MetadataToken>100663326</MetadataToken>
              <Name>System.Void Helpful.TextParser.Model.Result`1::set_Errors(System.Collections.Generic.List`1&lt;System.String&gt;)</Name>
              <FileRef uid="64" />
              <SequencePoints>
                <SequencePoint vc="32" uspid="1419" ordinal="0" offset="0" sl="16" sc="43" el="16" ec="47" bec="0" bev="0" fileid="64" />
              </SequencePoints>
              <BranchPoints />
              <MethodPoint xsi:type="SequencePoint" vc="32" uspid="1419" ordinal="0" offset="0" sl="16" sc="43" el="16" ec="47" bec="0" bev="0" fileid="64" />
            </Method>
            <Method visited="true" cyclomaticComplexity="1" nPathComplexity="0" sequenceCoverage="100" branchCoverage="100" isConstructor="true" isStatic="false" isGetter="false" isSetter="false">
              <Summary numSequencePoints="5" visitedSequencePoints="5" numBranchPoints="1" visitedBranchPoints="1" sequenceCoverage="100" branchCoverage="100" maxCyclomaticComplexity="1" minCyclomaticComplexity="1" visitedClasses="0" numClasses="0" visitedMethods="1" numMethods="1" />
              <MetadataToken>100663322</MetadataToken>
              <Name>System.Void Helpful.TextParser.Model.Result`1::.ctor()</Name>
              <FileRef uid="64" />
              <SequencePoints>
                <SequencePoint vc="32" uspid="1420" ordinal="0" offset="0" sl="7" sc="9" el="7" ec="24" bec="0" bev="0" fileid="64" />
                <SequencePoint vc="32" uspid="1421" ordinal="1" offset="7" sl="8" sc="9" el="8" ec="10" bec="0" bev="0" fileid="64" />
                <SequencePoint vc="32" uspid="1422" ordinal="2" offset="8" sl="9" sc="13" el="9" ec="37" bec="0" bev="0" fileid="64" />
                <SequencePoint vc="32" uspid="1423" ordinal="3" offset="20" sl="11" sc="13" el="11" ec="41" bec="0" bev="0" fileid="64" />
                <SequencePoint vc="32" uspid="1424" ordinal="4" offset="32" sl="12" sc="9" el="12" ec="10" bec="0" bev="0" fileid="64" />
              </SequencePoints>
              <BranchPoints />
              <MethodPoint xsi:type="SequencePoint" vc="32" uspid="1420" ordinal="0" offset="0" sl="7" sc="9" el="7" ec="24" bec="0" bev="0" fileid="64" />
            </Method>
          </Methods>
        </Class>
        <Class>
          <Summary numSequencePoints="4" visitedSequencePoints="4" numBranchPoints="4" visitedBranchPoints="4" sequenceCoverage="100" branchCoverage="100" maxCyclomaticComplexity="1" minCyclomaticComplexity="1" visitedClasses="1" numClasses="1" visitedMethods="4" numMethods="4" />
          <FullName>Helpful.TextParser.Model.LineValue</FullName>
          <Methods>
            <Method visited="true" cyclomaticComplexity="1" nPathComplexity="0" sequenceCoverage="100" branchCoverage="100" isConstructor="false" isStatic="false" isGetter="true" isSetter="false">
              <Summary numSequencePoints="1" visitedSequencePoints="1" numBranchPoints="1" visitedBranchPoints="1" sequenceCoverage="100" branchCoverage="100" maxCyclomaticComplexity="1" minCyclomaticComplexity="1" visitedClasses="0" numClasses="0" visitedMethods="1" numMethods="1" />
              <MetadataToken>100663327</MetadataToken>
              <Name>System.Boolean Helpful.TextParser.Model.LineValue::get_IsFound()</Name>
              <FileRef uid="65" />
              <SequencePoints>
                <SequencePoint vc="1221" uspid="1425" ordinal="0" offset="0" sl="5" sc="31" el="5" ec="35" bec="0" bev="0" fileid="65" />
              </SequencePoints>
              <BranchPoints />
              <MethodPoint xsi:type="SequencePoint" vc="1221" uspid="1425" ordinal="0" offset="0" sl="5" sc="31" el="5" ec="35" bec="0" bev="0" fileid="65" />
            </Method>
            <Method visited="true" cyclomaticComplexity="1" nPathComplexity="0" sequenceCoverage="100" branchCoverage="100" isConstructor="false" isStatic="false" isGetter="false" isSetter="true">
              <Summary numSequencePoints="1" visitedSequencePoints="1" numBranchPoints="1" visitedBranchPoints="1" sequenceCoverage="100" branchCoverage="100" maxCyclomaticComplexity="1" minCyclomaticComplexity="1" visitedClasses="0" numClasses="0" visitedMethods="1" numMethods="1" />
              <MetadataToken>100663328</MetadataToken>
              <Name>System.Void Helpful.TextParser.Model.LineValue::set_IsFound(System.Boolean)</Name>
              <FileRef uid="65" />
              <SequencePoints>
                <SequencePoint vc="1221" uspid="1426" ordinal="0" offset="0" sl="5" sc="36" el="5" ec="40" bec="0" bev="0" fileid="65" />
              </SequencePoints>
              <BranchPoints />
              <MethodPoint xsi:type="SequencePoint" vc="1221" uspid="1426" ordinal="0" offset="0" sl="5" sc="36" el="5" ec="40" bec="0" bev="0" fileid="65" />
            </Method>
            <Method visited="true" cyclomaticComplexity="1" nPathComplexity="0" sequenceCoverage="100" branchCoverage="100" isConstructor="false" isStatic="false" isGetter="true" isSetter="false">
              <Summary numSequencePoints="1" visitedSequencePoints="1" numBranchPoints="1" visitedBranchPoints="1" sequenceCoverage="100" branchCoverage="100" maxCyclomaticComplexity="1" minCyclomaticComplexity="1" visitedClasses="0" numClasses="0" visitedMethods="1" numMethods="1" />
              <MetadataToken>100663329</MetadataToken>
              <Name>System.String Helpful.TextParser.Model.LineValue::get_Value()</Name>
              <FileRef uid="65" />
              <SequencePoints>
                <SequencePoint vc="2120" uspid="1427" ordinal="0" offset="0" sl="7" sc="31" el="7" ec="35" bec="0" bev="0" fileid="65" />
              </SequencePoints>
              <BranchPoints />
              <MethodPoint xsi:type="SequencePoint" vc="2120" uspid="1427" ordinal="0" offset="0" sl="7" sc="31" el="7" ec="35" bec="0" bev="0" fileid="65" />
            </Method>
            <Method visited="true" cyclomaticComplexity="1" nPathComplexity="0" sequenceCoverage="100" branchCoverage="100" isConstructor="false" isStatic="false" isGetter="false" isSetter="true">
              <Summary numSequencePoints="1" visitedSequencePoints="1" numBranchPoints="1" visitedBranchPoints="1" sequenceCoverage="100" branchCoverage="100" maxCyclomaticComplexity="1" minCyclomaticComplexity="1" visitedClasses="0" numClasses="0" visitedMethods="1" numMethods="1" />
              <MetadataToken>100663330</MetadataToken>
              <Name>System.Void Helpful.TextParser.Model.LineValue::set_Value(System.String)</Name>
              <FileRef uid="65" />
              <SequencePoints>
                <SequencePoint vc="1221" uspid="1428" ordinal="0" offset="0" sl="7" sc="36" el="7" ec="40" bec="0" bev="0" fileid="65" />
              </SequencePoints>
              <BranchPoints />
              <MethodPoint xsi:type="SequencePoint" vc="1221" uspid="1428" ordinal="0" offset="0" sl="7" sc="36" el="7" ec="40" bec="0" bev="0" fileid="65" />
            </Method>
            <Method visited="true" cyclomaticComplexity="1" nPathComplexity="0" sequenceCoverage="0" branchCoverage="0" isConstructor="true" isStatic="false" isGetter="false" isSetter="false">
              <Summary numSequencePoints="0" visitedSequencePoints="0" numBranchPoints="0" visitedBranchPoints="0" sequenceCoverage="0" branchCoverage="0" maxCyclomaticComplexity="1" minCyclomaticComplexity="1" visitedClasses="0" numClasses="0" visitedMethods="0" numMethods="0" />
              <MetadataToken>100663331</MetadataToken>
              <Name>System.Void Helpful.TextParser.Model.LineValue::.ctor()</Name>
              <SequencePoints />
              <BranchPoints />
              <MethodPoint vc="1221" uspid="1429" ordinal="0" offset="0" />
            </Method>
          </Methods>
        </Class>
        <Class>
          <Summary numSequencePoints="163" visitedSequencePoints="163" numBranchPoints="53" visitedBranchPoints="52" sequenceCoverage="100" branchCoverage="98.11" maxCyclomaticComplexity="15" minCyclomaticComplexity="1" visitedClasses="1" numClasses="1" visitedMethods="7" numMethods="7" />
          <FullName>Helpful.TextParser.Impl.Parser</FullName>
          <Methods>
            <Method visited="true" cyclomaticComplexity="2" nPathComplexity="0" sequenceCoverage="100" branchCoverage="100" isConstructor="true" isStatic="false" isGetter="false" isSetter="false">
              <Summary numSequencePoints="6" visitedSequencePoints="6" numBranchPoints="1" visitedBranchPoints="1" sequenceCoverage="100" branchCoverage="100" maxCyclomaticComplexity="2" minCyclomaticComplexity="2" visitedClasses="0" numClasses="0" visitedMethods="1" numMethods="1" />
              <MetadataToken>100663339</MetadataToken>
              <Name>System.Void Helpful.TextParser.Impl.Parser::.ctor(Helpful.TextParser.Interface.ILineValueExtractorFactory,Helpful.TextParser.Interface.IValueSetter)</Name>
              <FileRef uid="66" />
              <SequencePoints>
                <SequencePoint vc="32" uspid="1430" ordinal="0" offset="0" sl="15" sc="9" el="15" ec="102" bec="0" bev="0" fileid="66" />
                <SequencePoint vc="32" uspid="1431" ordinal="1" offset="7" sl="16" sc="9" el="16" ec="10" bec="0" bev="0" fileid="66" />
                <SequencePoint vc="32" uspid="1432" ordinal="2" offset="8" sl="17" sc="13" el="17" ec="68" bec="0" bev="0" fileid="66" />
                <SequencePoint vc="32" uspid="1433" ordinal="3" offset="15" sl="18" sc="13" el="18" ec="40" bec="0" bev="0" fileid="66" />
                <SequencePoint vc="32" uspid="1434" ordinal="4" offset="22" sl="19" sc="13" el="19" ec="201" bec="0" bev="0" fileid="66" />
                <SequencePoint vc="32" uspid="1435" ordinal="5" offset="81" sl="20" sc="9" el="20" ec="10" bec="0" bev="0" fileid="66" />
              </SequencePoints>
              <BranchPoints />
              <MethodPoint xsi:type="SequencePoint" vc="32" uspid="1430" ordinal="0" offset="0" sl="15" sc="9" el="15" ec="102" bec="0" bev="0" fileid="66" />
            </Method>
            <Method visited="true" cyclomaticComplexity="2" nPathComplexity="2" sequenceCoverage="100" branchCoverage="100" isConstructor="false" isStatic="false" isGetter="false" isSetter="false">
              <Summary numSequencePoints="11" visitedSequencePoints="11" numBranchPoints="3" visitedBranchPoints="3" sequenceCoverage="100" branchCoverage="100" maxCyclomaticComplexity="2" minCyclomaticComplexity="2" visitedClasses="0" numClasses="0" visitedMethods="1" numMethods="1" />
              <MetadataToken>100663340</MetadataToken>
              <Name>Helpful.TextParser.Model.Result`1&lt;T&gt; Helpful.TextParser.Impl.Parser::Parse(Helpful.TextParser.Model.Element,System.String[])</Name>
              <FileRef uid="66" />
              <SequencePoints>
                <SequencePoint vc="32" uspid="1438" ordinal="0" offset="0" sl="23" sc="9" el="23" ec="10" bec="0" bev="0" fileid="66" />
                <SequencePoint vc="32" uspid="1439" ordinal="1" offset="1" sl="24" sc="13" el="24" ec="42" bec="0" bev="0" fileid="66" />
                <SequencePoint vc="32" uspid="1440" ordinal="2" offset="7" sl="26" sc="13" el="26" ec="71" bec="2" bev="2" fileid="66" />
                <SequencePoint vc="4" uspid="1441" ordinal="3" offset="20" sl="27" sc="13" el="27" ec="14" bec="0" bev="0" fileid="66" />
                <SequencePoint vc="4" uspid="1442" ordinal="4" offset="21" sl="28" sc="17" el="28" ec="60" bec="0" bev="0" fileid="66" />
                <SequencePoint vc="4" uspid="1443" ordinal="5" offset="31" sl="29" sc="13" el="29" ec="14" bec="0" bev="0" fileid="66" />
                <SequencePoint vc="28" uspid="1444" ordinal="6" offset="34" sl="31" sc="13" el="31" ec="14" bec="0" bev="0" fileid="66" />
                <SequencePoint vc="28" uspid="1445" ordinal="7" offset="35" sl="32" sc="17" el="32" ec="60" bec="0" bev="0" fileid="66" />
                <SequencePoint vc="28" uspid="1446" ordinal="8" offset="46" sl="33" sc="13" el="33" ec="14" bec="0" bev="0" fileid="66" />
                <SequencePoint vc="32" uspid="1447" ordinal="9" offset="47" sl="35" sc="13" el="35" ec="27" bec="0" bev="0" fileid="66" />
                <SequencePoint vc="32" uspid="1448" ordinal="10" offset="51" sl="36" sc="9" el="36" ec="10" bec="0" bev="0" fileid="66" />
              </SequencePoints>
              <BranchPoints>
                <BranchPoint vc="4" uspid="1449" ordinal="0" offset="18" sl="26" path="0" offsetend="20" fileid="66" />
                <BranchPoint vc="28" uspid="1450" ordinal="1" offset="18" sl="26" path="1" offsetend="34" fileid="66" />
              </BranchPoints>
              <MethodPoint xsi:type="SequencePoint" vc="32" uspid="1438" ordinal="0" offset="0" sl="23" sc="9" el="23" ec="10" bec="0" bev="0" fileid="66" />
            </Method>
            <Method visited="true" cyclomaticComplexity="14" nPathComplexity="512" sequenceCoverage="100" branchCoverage="100" isConstructor="false" isStatic="false" isGetter="false" isSetter="false">
              <Summary numSequencePoints="53" visitedSequencePoints="53" numBranchPoints="19" visitedBranchPoints="19" sequenceCoverage="100" branchCoverage="100" maxCyclomaticComplexity="14" minCyclomaticComplexity="14" visitedClasses="0" numClasses="0" visitedMethods="1" numMethods="1" />
              <MetadataToken>100663341</MetadataToken>
              <Name>System.Void Helpful.TextParser.Impl.Parser::ParseWithTag(Helpful.TextParser.Model.Element,Helpful.TextParser.Model.Result`1&lt;T&gt;,System.String[],System.Int32)</Name>
              <FileRef uid="66" />
              <SequencePoints>
                <SequencePoint vc="28" uspid="1451" ordinal="0" offset="0" sl="39" sc="9" el="39" ec="10" bec="0" bev="0" fileid="66" />
                <SequencePoint vc="28" uspid="1452" ordinal="1" offset="1" sl="40" sc="13" el="40" ec="101" bec="0" bev="0" fileid="66" />
                <SequencePoint vc="28" uspid="1453" ordinal="2" offset="19" sl="42" sc="13" el="42" ec="40" bec="0" bev="0" fileid="66" />
                <SequencePoint vc="28" uspid="1454" ordinal="3" offset="21" sl="44" sc="18" el="44" ec="38" bec="0" bev="0" fileid="66" />
                <SequencePoint vc="116" uspid="1455" ordinal="4" offset="29" sl="45" sc="13" el="45" ec="14" bec="0" bev="0" fileid="66" />
                <SequencePoint vc="116" uspid="1456" ordinal="5" offset="30" sl="46" sc="17" el="46" ec="78" bec="0" bev="0" fileid="66" />
                <SequencePoint vc="116" uspid="1457" ordinal="6" offset="42" sl="48" sc="17" el="48" ec="79" bec="2" bev="2" fileid="66" />
                <SequencePoint vc="5" uspid="1458" ordinal="7" offset="70" sl="49" sc="17" el="49" ec="18" bec="0" bev="0" fileid="66" />
                <SequencePoint vc="5" uspid="1459" ordinal="8" offset="71" sl="50" sc="21" el="50" ec="84" bec="0" bev="0" fileid="66" />
                <SequencePoint vc="5" uspid="1460" ordinal="9" offset="99" sl="52" sc="21" el="52" ec="28" bec="0" bev="0" fileid="66" />
                <SequencePoint vc="111" uspid="1461" ordinal="10" offset="104" sl="55" sc="17" el="55" ec="51" bec="2" bev="2" fileid="66" />
                <SequencePoint vc="60" uspid="1462" ordinal="11" offset="130" sl="56" sc="17" el="56" ec="18" bec="0" bev="0" fileid="66" />
                <SequencePoint vc="60" uspid="1463" ordinal="12" offset="131" sl="57" sc="21" el="57" ec="90" bec="0" bev="0" fileid="66" />
                <SequencePoint vc="60" uspid="1464" ordinal="13" offset="144" sl="59" sc="21" el="59" ec="44" bec="2" bev="2" fileid="66" />
                <SequencePoint vc="45" uspid="1465" ordinal="14" offset="158" sl="60" sc="21" el="60" ec="22" bec="0" bev="0" fileid="66" />
                <SequencePoint vc="45" uspid="1466" ordinal="15" offset="159" sl="61" sc="25" el="61" ec="109" bec="0" bev="0" fileid="66" />
                <SequencePoint vc="45" uspid="1467" ordinal="16" offset="199" sl="63" sc="25" el="63" ec="86" bec="2" bev="2" fileid="66" />
                <SequencePoint vc="33" uspid="1468" ordinal="17" offset="231" sl="64" sc="25" el="64" ec="26" bec="0" bev="0" fileid="66" />
                <SequencePoint vc="33" uspid="1469" ordinal="18" offset="232" sl="65" sc="29" el="65" ec="135" bec="0" bev="0" fileid="66" />
                <SequencePoint vc="33" uspid="1470" ordinal="19" offset="268" sl="66" sc="25" el="66" ec="26" bec="0" bev="0" fileid="66" />
                <SequencePoint vc="45" uspid="1471" ordinal="20" offset="269" sl="68" sc="25" el="68" ec="163" bec="0" bev="0" fileid="66" />
                <SequencePoint vc="45" uspid="1472" ordinal="21" offset="304" sl="70" sc="25" el="70" ec="46" bec="2" bev="2" fileid="66" />
                <SequencePoint vc="4" uspid="1473" ordinal="22" offset="314" sl="71" sc="25" el="71" ec="26" bec="0" bev="0" fileid="66" />
                <SequencePoint vc="4" uspid="1474" ordinal="23" offset="315" sl="72" sc="29" el="72" ec="36" bec="0" bev="0" fileid="66" />
                <SequencePoint vc="41" uspid="1475" ordinal="24" offset="320" sl="75" sc="25" el="75" ec="34" bec="0" bev="0" fileid="66" />
                <SequencePoint vc="15" uspid="1476" ordinal="25" offset="325" sl="78" sc="21" el="78" ec="84" bec="0" bev="0" fileid="66" />
                <SequencePoint vc="15" uspid="1477" ordinal="26" offset="353" sl="80" sc="21" el="80" ec="28" bec="0" bev="0" fileid="66" />
                <SequencePoint vc="51" uspid="1478" ordinal="27" offset="358" sl="83" sc="17" el="83" ec="72" bec="0" bev="0" fileid="66" />
                <SequencePoint vc="51" uspid="1479" ordinal="28" offset="380" sl="85" sc="17" el="85" ec="47" bec="0" bev="0" fileid="66" />
                <SequencePoint vc="51" uspid="1480" ordinal="29" offset="394" sl="87" sc="17" el="87" ec="124" bec="0" bev="0" fileid="66" />
                <SequencePoint vc="51" uspid="1481" ordinal="30" offset="443" sl="89" sc="17" el="89" ec="24" bec="0" bev="0" fileid="66" />
                <SequencePoint vc="51" uspid="1482" ordinal="31" offset="444" sl="89" sc="49" el="89" ec="65" bec="0" bev="0" fileid="66" />
                <SequencePoint vc="171" uspid="1483" ordinal="32" offset="458" sl="89" sc="26" el="89" ec="45" bec="0" bev="0" fileid="66" />
                <SequencePoint vc="171" uspid="1484" ordinal="33" offset="467" sl="90" sc="17" el="90" ec="18" bec="0" bev="0" fileid="66" />
                <SequencePoint vc="171" uspid="1485" ordinal="34" offset="468" sl="91" sc="21" el="91" ec="104" bec="0" bev="0" fileid="66" />
                <SequencePoint vc="171" uspid="1486" ordinal="35" offset="482" sl="93" sc="21" el="93" ec="123" bec="4" bev="4" fileid="66" />
                <SequencePoint vc="2" uspid="1487" ordinal="36" offset="521" sl="94" sc="21" el="94" ec="22" bec="0" bev="0" fileid="66" />
                <SequencePoint vc="2" uspid="1488" ordinal="37" offset="522" sl="95" sc="25" el="95" ec="103" bec="0" bev="0" fileid="66" />
                <SequencePoint vc="2" uspid="1489" ordinal="38" offset="557" sl="96" sc="21" el="96" ec="22" bec="0" bev="0" fileid="66" />
                <SequencePoint vc="169" uspid="1490" ordinal="39" offset="560" sl="98" sc="21" el="98" ec="22" bec="0" bev="0" fileid="66" />
                <SequencePoint vc="169" uspid="1491" ordinal="40" offset="561" sl="99" sc="25" el="99" ec="133" bec="0" bev="0" fileid="66" />
                <SequencePoint vc="169" uspid="1492" ordinal="41" offset="587" sl="101" sc="25" el="101" ec="100" bec="0" bev="0" fileid="66" />
                <SequencePoint vc="169" uspid="1493" ordinal="42" offset="616" sl="103" sc="25" el="103" ec="36" bec="2" bev="2" fileid="66" />
                <SequencePoint vc="2" uspid="1494" ordinal="43" offset="627" sl="104" sc="25" el="104" ec="26" bec="0" bev="0" fileid="66" />
                <SequencePoint vc="2" uspid="1495" ordinal="44" offset="628" sl="105" sc="29" el="105" ec="118" bec="0" bev="0" fileid="66" />
                <SequencePoint vc="2" uspid="1496" ordinal="45" offset="663" sl="106" sc="25" el="106" ec="26" bec="0" bev="0" fileid="66" />
                <SequencePoint vc="169" uspid="1497" ordinal="46" offset="664" sl="107" sc="21" el="107" ec="22" bec="0" bev="0" fileid="66" />
                <SequencePoint vc="171" uspid="1498" ordinal="47" offset="665" sl="108" sc="17" el="108" ec="18" bec="0" bev="0" fileid="66" />
                <SequencePoint vc="222" uspid="1499" ordinal="48" offset="666" sl="89" sc="46" el="89" ec="48" bec="0" bev="0" fileid="66" />
                <SequencePoint vc="51" uspid="1500" ordinal="49" offset="695" sl="109" sc="13" el="109" ec="14" bec="0" bev="0" fileid="66" />
                <SequencePoint vc="92" uspid="1501" ordinal="50" offset="696" sl="44" sc="58" el="44" ec="61" bec="0" bev="0" fileid="66" />
                <SequencePoint vc="120" uspid="1502" ordinal="51" offset="700" sl="44" sc="40" el="44" ec="56" bec="2" bev="2" fileid="66" />
                <SequencePoint vc="28" uspid="1503" ordinal="52" offset="715" sl="110" sc="9" el="110" ec="10" bec="0" bev="0" fileid="66" />
              </SequencePoints>
              <BranchPoints>
                <BranchPoint vc="5" uspid="1506" ordinal="2" offset="68" sl="48" path="0" offsetend="70" fileid="66" />
                <BranchPoint vc="111" uspid="1507" ordinal="3" offset="68" sl="48" path="1" offsetend="104" fileid="66" />
                <BranchPoint vc="60" uspid="1508" ordinal="4" offset="125" sl="55" path="0" offsetend="130" fileid="66" />
                <BranchPoint vc="51" uspid="1509" ordinal="5" offset="125" sl="55" path="1" offsetend="358" fileid="66" />
                <BranchPoint vc="45" uspid="1510" ordinal="6" offset="153" sl="59" path="0" offsetend="158" fileid="66" />
                <BranchPoint vc="15" uspid="1511" ordinal="7" offset="153" sl="59" path="1" offsetend="325" fileid="66" />
                <BranchPoint vc="33" uspid="1512" ordinal="8" offset="229" sl="63" path="0" offsetend="231" fileid="66" />
                <BranchPoint vc="12" uspid="1513" ordinal="9" offset="229" sl="63" path="1" offsetend="269" fileid="66" />
                <BranchPoint vc="4" uspid="1514" ordinal="10" offset="312" sl="70" path="0" offsetend="314" fileid="66" />
                <BranchPoint vc="41" uspid="1515" ordinal="11" offset="312" sl="70" path="1" offsetchain="320" offsetend="696" fileid="66" />
                <BranchPoint vc="4" uspid="1520" ordinal="16" offset="503" sl="93" path="0" offsetend="505" fileid="66" />
                <BranchPoint vc="165" uspid="1521" ordinal="17" offset="503" sl="93" path="1" offsetend="514" fileid="66" />
                <BranchPoint vc="2" uspid="1522" ordinal="18" offset="519" sl="93" path="0" offsetend="521" fileid="66" />
                <BranchPoint vc="169" uspid="1523" ordinal="19" offset="519" sl="93" path="1" offsetend="560" fileid="66" />
                <BranchPoint vc="2" uspid="1524" ordinal="20" offset="625" sl="103" path="0" offsetend="627" fileid="66" />
                <BranchPoint vc="167" uspid="1525" ordinal="21" offset="625" sl="103" path="1" offsetend="664" fileid="66" />
                <BranchPoint vc="4" uspid="1528" ordinal="24" offset="710" sl="44" path="0" offsetend="715" fileid="66" />
                <BranchPoint vc="116" uspid="1529" ordinal="25" offset="710" sl="44" path="1" offsetend="29" fileid="66" />
              </BranchPoints>
              <MethodPoint xsi:type="SequencePoint" vc="28" uspid="1451" ordinal="0" offset="0" sl="39" sc="9" el="39" ec="10" bec="0" bev="0" fileid="66" />
            </Method>
            <Method visited="true" cyclomaticComplexity="15" nPathComplexity="512" sequenceCoverage="100" branchCoverage="94.74" isConstructor="false" isStatic="false" isGetter="false" isSetter="false">
              <Summary numSequencePoints="54" visitedSequencePoints="54" numBranchPoints="19" visitedBranchPoints="18" sequenceCoverage="100" branchCoverage="94.74" maxCyclomaticComplexity="15" minCyclomaticComplexity="15" visitedClasses="0" numClasses="0" visitedMethods="1" numMethods="1" />
              <MetadataToken>100663342</MetadataToken>
              <Name>System.Void Helpful.TextParser.Impl.Parser::ParseWithTag(Helpful.TextParser.Model.Element,Helpful.TextParser.Model.Element,System.Object,System.Reflection.PropertyInfo,Helpful.TextParser.Model.Result`1&lt;T&gt;,System.String[],Helpful.TextParser.Interface.ILineValueExtractor,System.Int32&amp;,System.Boolean&amp;)</Name>
              <FileRef uid="66" />
              <SequencePoints>
                <SequencePoint vc="75" uspid="1530" ordinal="0" offset="0" sl="113" sc="9" el="113" ec="10" bec="0" bev="0" fileid="66" />
                <SequencePoint vc="75" uspid="1531" ordinal="1" offset="1" sl="114" sc="18" el="114" ec="38" bec="0" bev="0" fileid="66" />
                <SequencePoint vc="190" uspid="1532" ordinal="2" offset="10" sl="115" sc="13" el="115" ec="14" bec="0" bev="0" fileid="66" />
                <SequencePoint vc="190" uspid="1533" ordinal="3" offset="11" sl="116" sc="17" el="116" ec="34" bec="0" bev="0" fileid="66" />
                <SequencePoint vc="190" uspid="1534" ordinal="4" offset="15" sl="118" sc="17" el="118" ec="97" bec="0" bev="0" fileid="66" />
                <SequencePoint vc="190" uspid="1535" ordinal="5" offset="29" sl="120" sc="17" el="120" ec="103" bec="2" bev="2" fileid="66" />
                <SequencePoint vc="21" uspid="1536" ordinal="6" offset="63" sl="121" sc="17" el="121" ec="18" bec="0" bev="0" fileid="66" />
                <SequencePoint vc="21" uspid="1537" ordinal="7" offset="64" sl="122" sc="21" el="122" ec="36" bec="0" bev="0" fileid="66" />
                <SequencePoint vc="21" uspid="1538" ordinal="8" offset="72" sl="124" sc="21" el="124" ec="28" bec="0" bev="0" fileid="66" />
                <SequencePoint vc="169" uspid="1539" ordinal="9" offset="77" sl="127" sc="17" el="127" ec="78" bec="0" bev="0" fileid="66" />
                <SequencePoint vc="169" uspid="1540" ordinal="10" offset="91" sl="129" sc="17" el="129" ec="79" bec="2" bev="2" fileid="66" />
                <SequencePoint vc="4" uspid="1541" ordinal="11" offset="119" sl="130" sc="17" el="130" ec="18" bec="0" bev="0" fileid="66" />
                <SequencePoint vc="4" uspid="1542" ordinal="12" offset="120" sl="131" sc="21" el="131" ec="84" bec="0" bev="0" fileid="66" />
                <SequencePoint vc="4" uspid="1543" ordinal="13" offset="149" sl="133" sc="21" el="133" ec="45" bec="0" bev="0" fileid="66" />
                <SequencePoint vc="4" uspid="1544" ordinal="14" offset="153" sl="135" sc="21" el="135" ec="28" bec="0" bev="0" fileid="66" />
                <SequencePoint vc="165" uspid="1545" ordinal="15" offset="158" sl="138" sc="17" el="138" ec="51" bec="2" bev="2" fileid="66" />
                <SequencePoint vc="46" uspid="1546" ordinal="16" offset="184" sl="139" sc="17" el="139" ec="18" bec="0" bev="0" fileid="66" />
                <SequencePoint vc="46" uspid="1547" ordinal="17" offset="185" sl="140" sc="21" el="140" ec="90" bec="0" bev="0" fileid="66" />
                <SequencePoint vc="46" uspid="1548" ordinal="18" offset="200" sl="142" sc="21" el="142" ec="44" bec="2" bev="2" fileid="66" />
                <SequencePoint vc="30" uspid="1549" ordinal="19" offset="211" sl="143" sc="21" el="143" ec="22" bec="0" bev="0" fileid="66" />
                <SequencePoint vc="30" uspid="1550" ordinal="20" offset="212" sl="144" sc="25" el="144" ec="108" bec="0" bev="0" fileid="66" />
                <SequencePoint vc="30" uspid="1551" ordinal="21" offset="229" sl="146" sc="25" el="146" ec="105" bec="0" bev="0" fileid="66" />
                <SequencePoint vc="30" uspid="1552" ordinal="22" offset="250" sl="148" sc="25" el="148" ec="82" bec="2" bev="1" fileid="66" />
                <SequencePoint vc="30" uspid="1553" ordinal="23" offset="268" sl="149" sc="25" el="149" ec="26" bec="0" bev="0" fileid="66" />
                <SequencePoint vc="30" uspid="1554" ordinal="24" offset="269" sl="150" sc="29" el="150" ec="136" bec="0" bev="0" fileid="66" />
                <SequencePoint vc="30" uspid="1555" ordinal="25" offset="291" sl="151" sc="25" el="151" ec="26" bec="0" bev="0" fileid="66" />
                <SequencePoint vc="30" uspid="1556" ordinal="26" offset="292" sl="153" sc="25" el="153" ec="170" bec="0" bev="0" fileid="66" />
                <SequencePoint vc="30" uspid="1557" ordinal="27" offset="316" sl="155" sc="25" el="155" ec="32" bec="0" bev="0" fileid="66" />
                <SequencePoint vc="16" uspid="1558" ordinal="28" offset="321" sl="158" sc="21" el="158" ec="36" bec="0" bev="0" fileid="66" />
                <SequencePoint vc="16" uspid="1559" ordinal="29" offset="329" sl="160" sc="21" el="160" ec="28" bec="0" bev="0" fileid="66" />
                <SequencePoint vc="119" uspid="1560" ordinal="30" offset="334" sl="163" sc="17" el="163" ec="72" bec="0" bev="0" fileid="66" />
                <SequencePoint vc="119" uspid="1561" ordinal="31" offset="346" sl="165" sc="17" el="165" ec="135" bec="0" bev="0" fileid="66" />
                <SequencePoint vc="119" uspid="1562" ordinal="32" offset="387" sl="167" sc="17" el="167" ec="124" bec="0" bev="0" fileid="66" />
                <SequencePoint vc="119" uspid="1563" ordinal="33" offset="436" sl="169" sc="17" el="169" ec="24" bec="0" bev="0" fileid="66" />
                <SequencePoint vc="119" uspid="1564" ordinal="34" offset="437" sl="169" sc="49" el="169" ec="65" bec="0" bev="0" fileid="66" />
                <SequencePoint vc="387" uspid="1565" ordinal="35" offset="451" sl="169" sc="26" el="169" ec="45" bec="0" bev="0" fileid="66" />
                <SequencePoint vc="387" uspid="1566" ordinal="36" offset="460" sl="170" sc="17" el="170" ec="18" bec="0" bev="0" fileid="66" />
                <SequencePoint vc="387" uspid="1567" ordinal="37" offset="461" sl="171" sc="21" el="171" ec="104" bec="0" bev="0" fileid="66" />
                <SequencePoint vc="387" uspid="1568" ordinal="38" offset="477" sl="173" sc="21" el="173" ec="123" bec="4" bev="4" fileid="66" />
                <SequencePoint vc="3" uspid="1569" ordinal="39" offset="516" sl="174" sc="21" el="174" ec="22" bec="0" bev="0" fileid="66" />
                <SequencePoint vc="3" uspid="1570" ordinal="40" offset="517" sl="175" sc="25" el="175" ec="103" bec="0" bev="0" fileid="66" />
                <SequencePoint vc="3" uspid="1571" ordinal="41" offset="553" sl="176" sc="21" el="176" ec="22" bec="0" bev="0" fileid="66" />
                <SequencePoint vc="387" uspid="1572" ordinal="42" offset="554" sl="178" sc="21" el="178" ec="132" bec="0" bev="0" fileid="66" />
                <SequencePoint vc="387" uspid="1573" ordinal="43" offset="576" sl="180" sc="21" el="180" ec="96" bec="0" bev="0" fileid="66" />
                <SequencePoint vc="387" uspid="1574" ordinal="44" offset="599" sl="182" sc="21" el="182" ec="32" bec="2" bev="2" fileid="66" />
                <SequencePoint vc="4" uspid="1575" ordinal="45" offset="610" sl="183" sc="21" el="183" ec="22" bec="0" bev="0" fileid="66" />
                <SequencePoint vc="4" uspid="1576" ordinal="46" offset="611" sl="184" sc="25" el="184" ec="114" bec="0" bev="0" fileid="66" />
                <SequencePoint vc="4" uspid="1577" ordinal="47" offset="647" sl="185" sc="21" el="185" ec="22" bec="0" bev="0" fileid="66" />
                <SequencePoint vc="387" uspid="1578" ordinal="48" offset="648" sl="186" sc="17" el="186" ec="18" bec="0" bev="0" fileid="66" />
                <SequencePoint vc="506" uspid="1579" ordinal="49" offset="649" sl="169" sc="46" el="169" ec="48" bec="0" bev="0" fileid="66" />
                <SequencePoint vc="119" uspid="1580" ordinal="50" offset="678" sl="187" sc="13" el="187" ec="14" bec="0" bev="0" fileid="66" />
                <SequencePoint vc="119" uspid="1581" ordinal="51" offset="679" sl="114" sc="58" el="114" ec="61" bec="0" bev="0" fileid="66" />
                <SequencePoint vc="194" uspid="1582" ordinal="52" offset="683" sl="114" sc="40" el="114" ec="56" bec="2" bev="2" fileid="66" />
                <SequencePoint vc="75" uspid="1583" ordinal="53" offset="699" sl="188" sc="9" el="188" ec="10" bec="0" bev="0" fileid="66" />
              </SequencePoints>
              <BranchPoints>
                <BranchPoint vc="21" uspid="1586" ordinal="2" offset="61" sl="120" path="0" offsetend="63" fileid="66" />
                <BranchPoint vc="169" uspid="1587" ordinal="3" offset="61" sl="120" path="1" offsetend="77" fileid="66" />
                <BranchPoint vc="4" uspid="1590" ordinal="6" offset="117" sl="129" path="0" offsetend="119" fileid="66" />
                <BranchPoint vc="165" uspid="1591" ordinal="7" offset="117" sl="129" path="1" offsetend="158" fileid="66" />
                <BranchPoint vc="46" uspid="1592" ordinal="8" offset="179" sl="138" path="0" offsetend="184" fileid="66" />
                <BranchPoint vc="119" uspid="1593" ordinal="9" offset="179" sl="138" path="1" offsetend="334" fileid="66" />
                <BranchPoint vc="30" uspid="1594" ordinal="10" offset="209" sl="142" path="0" offsetend="211" fileid="66" />
                <BranchPoint vc="16" uspid="1595" ordinal="11" offset="209" sl="142" path="1" offsetend="321" fileid="66" />
                <BranchPoint vc="30" uspid="1596" ordinal="12" offset="266" sl="148" path="0" offsetend="268" fileid="66" />
                <BranchPoint vc="0" uspid="1597" ordinal="13" offset="266" sl="148" path="1" offsetend="292" fileid="66" />
                <BranchPoint vc="3" uspid="1602" ordinal="18" offset="498" sl="173" path="0" offsetend="500" fileid="66" />
                <BranchPoint vc="384" uspid="1603" ordinal="19" offset="498" sl="173" path="1" offsetend="509" fileid="66" />
                <BranchPoint vc="3" uspid="1604" ordinal="20" offset="514" sl="173" path="0" offsetend="516" fileid="66" />
                <BranchPoint vc="384" uspid="1605" ordinal="21" offset="514" sl="173" path="1" offsetend="554" fileid="66" />
                <BranchPoint vc="4" uspid="1606" ordinal="22" offset="608" sl="182" path="0" offsetend="610" fileid="66" />
                <BranchPoint vc="383" uspid="1607" ordinal="23" offset="608" sl="182" path="1" offsetend="648" fileid="66" />
                <BranchPoint vc="4" uspid="1610" ordinal="26" offset="694" sl="114" path="0" offsetend="699" fileid="66" />
                <BranchPoint vc="190" uspid="1611" ordinal="27" offset="694" sl="114" path="1" offsetend="10" fileid="66" />
              </BranchPoints>
              <MethodPoint xsi:type="SequencePoint" vc="75" uspid="1530" ordinal="0" offset="0" sl="113" sc="9" el="113" ec="10" bec="0" bev="0" fileid="66" />
            </Method>
            <Method visited="true" cyclomaticComplexity="8" nPathComplexity="16" sequenceCoverage="100" branchCoverage="100" isConstructor="false" isStatic="false" isGetter="false" isSetter="false">
              <Summary numSequencePoints="30" visitedSequencePoints="30" numBranchPoints="9" visitedBranchPoints="9" sequenceCoverage="100" branchCoverage="100" maxCyclomaticComplexity="8" minCyclomaticComplexity="8" visitedClasses="0" numClasses="0" visitedMethods="1" numMethods="1" />
              <MetadataToken>100663343</MetadataToken>
              <Name>System.Void Helpful.TextParser.Impl.Parser::ParseWithoutTag(Helpful.TextParser.Model.Element,Helpful.TextParser.Model.Result`1&lt;T&gt;,System.String[])</Name>
              <FileRef uid="66" />
              <SequencePoints>
                <SequencePoint vc="4" uspid="1612" ordinal="0" offset="0" sl="191" sc="9" el="191" ec="10" bec="0" bev="0" fileid="66" />
                <SequencePoint vc="4" uspid="1613" ordinal="1" offset="1" sl="192" sc="13" el="192" ec="101" bec="0" bev="0" fileid="66" />
                <SequencePoint vc="4" uspid="1614" ordinal="2" offset="19" sl="194" sc="18" el="194" ec="27" bec="0" bev="0" fileid="66" />
                <SequencePoint vc="21" uspid="1615" ordinal="3" offset="26" sl="195" sc="13" el="195" ec="14" bec="0" bev="0" fileid="66" />
                <SequencePoint vc="21" uspid="1616" ordinal="4" offset="27" sl="196" sc="17" el="196" ec="72" bec="0" bev="0" fileid="66" />
                <SequencePoint vc="21" uspid="1617" ordinal="5" offset="48" sl="198" sc="17" el="198" ec="47" bec="0" bev="0" fileid="66" />
                <SequencePoint vc="21" uspid="1618" ordinal="6" offset="61" sl="200" sc="17" el="200" ec="124" bec="0" bev="0" fileid="66" />
                <SequencePoint vc="21" uspid="1619" ordinal="7" offset="109" sl="202" sc="17" el="202" ec="24" bec="0" bev="0" fileid="66" />
                <SequencePoint vc="21" uspid="1620" ordinal="8" offset="110" sl="202" sc="49" el="202" ec="65" bec="0" bev="0" fileid="66" />
                <SequencePoint vc="90" uspid="1621" ordinal="9" offset="123" sl="202" sc="26" el="202" ec="45" bec="0" bev="0" fileid="66" />
                <SequencePoint vc="90" uspid="1622" ordinal="10" offset="132" sl="203" sc="17" el="203" ec="18" bec="0" bev="0" fileid="66" />
                <SequencePoint vc="90" uspid="1623" ordinal="11" offset="133" sl="204" sc="21" el="204" ec="104" bec="0" bev="0" fileid="66" />
                <SequencePoint vc="90" uspid="1624" ordinal="12" offset="147" sl="206" sc="21" el="206" ec="123" bec="4" bev="4" fileid="66" />
                <SequencePoint vc="6" uspid="1625" ordinal="13" offset="186" sl="207" sc="21" el="207" ec="22" bec="0" bev="0" fileid="66" />
                <SequencePoint vc="6" uspid="1626" ordinal="14" offset="187" sl="208" sc="25" el="208" ec="103" bec="0" bev="0" fileid="66" />
                <SequencePoint vc="6" uspid="1627" ordinal="15" offset="222" sl="209" sc="21" el="209" ec="22" bec="0" bev="0" fileid="66" />
                <SequencePoint vc="84" uspid="1628" ordinal="16" offset="225" sl="211" sc="21" el="211" ec="22" bec="0" bev="0" fileid="66" />
                <SequencePoint vc="84" uspid="1629" ordinal="17" offset="226" sl="212" sc="25" el="212" ec="133" bec="0" bev="0" fileid="66" />
                <SequencePoint vc="84" uspid="1630" ordinal="18" offset="252" sl="214" sc="25" el="214" ec="100" bec="0" bev="0" fileid="66" />
                <SequencePoint vc="84" uspid="1631" ordinal="19" offset="280" sl="216" sc="25" el="216" ec="36" bec="2" bev="2" fileid="66" />
                <SequencePoint vc="3" uspid="1632" ordinal="20" offset="291" sl="217" sc="25" el="217" ec="26" bec="0" bev="0" fileid="66" />
                <SequencePoint vc="3" uspid="1633" ordinal="21" offset="292" sl="218" sc="29" el="218" ec="118" bec="0" bev="0" fileid="66" />
                <SequencePoint vc="3" uspid="1634" ordinal="22" offset="327" sl="219" sc="25" el="219" ec="26" bec="0" bev="0" fileid="66" />
                <SequencePoint vc="84" uspid="1635" ordinal="23" offset="328" sl="220" sc="21" el="220" ec="22" bec="0" bev="0" fileid="66" />
                <SequencePoint vc="90" uspid="1636" ordinal="24" offset="329" sl="221" sc="17" el="221" ec="18" bec="0" bev="0" fileid="66" />
                <SequencePoint vc="111" uspid="1637" ordinal="25" offset="330" sl="202" sc="46" el="202" ec="48" bec="0" bev="0" fileid="66" />
                <SequencePoint vc="21" uspid="1638" ordinal="26" offset="359" sl="222" sc="13" el="222" ec="14" bec="0" bev="0" fileid="66" />
                <SequencePoint vc="21" uspid="1639" ordinal="27" offset="360" sl="194" sc="47" el="194" ec="50" bec="0" bev="0" fileid="66" />
                <SequencePoint vc="25" uspid="1640" ordinal="28" offset="364" sl="194" sc="29" el="194" ec="45" bec="2" bev="2" fileid="66" />
                <SequencePoint vc="4" uspid="1641" ordinal="29" offset="379" sl="223" sc="9" el="223" ec="10" bec="0" bev="0" fileid="66" />
              </SequencePoints>
              <BranchPoints>
                <BranchPoint vc="5" uspid="1646" ordinal="4" offset="168" sl="206" path="0" offsetend="170" fileid="66" />
                <BranchPoint vc="74" uspid="1647" ordinal="5" offset="168" sl="206" path="1" offsetend="179" fileid="66" />
                <BranchPoint vc="6" uspid="1648" ordinal="6" offset="184" sl="206" path="0" offsetend="186" fileid="66" />
                <BranchPoint vc="84" uspid="1649" ordinal="7" offset="184" sl="206" path="1" offsetend="225" fileid="66" />
                <BranchPoint vc="3" uspid="1650" ordinal="8" offset="289" sl="216" path="0" offsetend="291" fileid="66" />
                <BranchPoint vc="81" uspid="1651" ordinal="9" offset="289" sl="216" path="1" offsetend="328" fileid="66" />
                <BranchPoint vc="4" uspid="1654" ordinal="12" offset="374" sl="194" path="0" offsetend="379" fileid="66" />
                <BranchPoint vc="21" uspid="1655" ordinal="13" offset="374" sl="194" path="1" offsetend="26" fileid="66" />
              </BranchPoints>
              <MethodPoint xsi:type="SequencePoint" vc="4" uspid="1612" ordinal="0" offset="0" sl="191" sc="9" el="191" ec="10" bec="0" bev="0" fileid="66" />
            </Method>
            <Method visited="true" cyclomaticComplexity="1" nPathComplexity="0" sequenceCoverage="100" branchCoverage="100" isConstructor="false" isStatic="false" isGetter="false" isSetter="false">
              <Summary numSequencePoints="5" visitedSequencePoints="5" numBranchPoints="1" visitedBranchPoints="1" sequenceCoverage="100" branchCoverage="100" maxCyclomaticComplexity="1" minCyclomaticComplexity="1" visitedClasses="0" numClasses="0" visitedMethods="1" numMethods="1" />
              <MetadataToken>100663344</MetadataToken>
              <Name>System.Object Helpful.TextParser.Impl.Parser::GetLastFromList(System.Type,System.Reflection.PropertyInfo,System.Object)</Name>
              <FileRef uid="66" />
              <SequencePoints>
                <SequencePoint vc="30" uspid="1656" ordinal="0" offset="0" sl="226" sc="9" el="226" ec="10" bec="0" bev="0" fileid="66" />
                <SequencePoint vc="30" uspid="1657" ordinal="1" offset="1" sl="227" sc="13" el="227" ec="77" bec="0" bev="0" fileid="66" />
                <SequencePoint vc="30" uspid="1658" ordinal="2" offset="23" sl="229" sc="13" el="229" ec="116" bec="0" bev="0" fileid="66" />
                <SequencePoint vc="30" uspid="1659" ordinal="3" offset="47" sl="231" sc="13" el="231" ec="33" bec="0" bev="0" fileid="66" />
                <SequencePoint vc="30" uspid="1660" ordinal="4" offset="51" sl="232" sc="9" el="232" ec="10" bec="0" bev="0" fileid="66" />
              </SequencePoints>
              <BranchPoints />
              <MethodPoint xsi:type="SequencePoint" vc="30" uspid="1656" ordinal="0" offset="0" sl="226" sc="9" el="226" ec="10" bec="0" bev="0" fileid="66" />
            </Method>
            <Method visited="true" cyclomaticComplexity="4" nPathComplexity="0" sequenceCoverage="100" branchCoverage="100" isConstructor="false" isStatic="false" isGetter="false" isSetter="false">
              <Summary numSequencePoints="4" visitedSequencePoints="4" numBranchPoints="1" visitedBranchPoints="1" sequenceCoverage="100" branchCoverage="100" maxCyclomaticComplexity="4" minCyclomaticComplexity="4" visitedClasses="0" numClasses="0" visitedMethods="1" numMethods="1" />
              <MetadataToken>100663345</MetadataToken>
              <Name>Helpful.TextParser.Model.Element Helpful.TextParser.Impl.Parser::GetTagObject(Helpful.TextParser.Model.Element,System.String,Helpful.TextParser.Interface.ILineValueExtractor)</Name>
              <FileRef uid="66" />
              <SequencePoints>
                <SequencePoint vc="106" uspid="1661" ordinal="0" offset="20" sl="235" sc="9" el="235" ec="10" bec="0" bev="0" fileid="66" />
                <SequencePoint vc="106" uspid="1662" ordinal="1" offset="21" sl="236" sc="13" el="239" ec="65" bec="0" bev="0" fileid="66" />
                <SequencePoint vc="106" uspid="1663" ordinal="2" offset="158" sl="241" sc="13" el="241" ec="31" bec="0" bev="0" fileid="66" />
                <SequencePoint vc="106" uspid="1664" ordinal="3" offset="162" sl="242" sc="9" el="242" ec="10" bec="0" bev="0" fileid="66" />
              </SequencePoints>
              <BranchPoints />
              <MethodPoint vc="106" uspid="1671" ordinal="0" offset="0" />
            </Method>
          </Methods>
        </Class>
        <Class>
          <Summary numSequencePoints="4" visitedSequencePoints="4" numBranchPoints="4" visitedBranchPoints="4" sequenceCoverage="100" branchCoverage="100" maxCyclomaticComplexity="2" minCyclomaticComplexity="1" visitedClasses="1" numClasses="1" visitedMethods="4" numMethods="4" />
          <FullName>Helpful.TextParser.Impl.Parser/&lt;&gt;c</FullName>
          <Methods>
            <Method visited="true" cyclomaticComplexity="1" nPathComplexity="0" sequenceCoverage="0" branchCoverage="0" isConstructor="true" isStatic="true" isGetter="false" isSetter="false">
              <Summary numSequencePoints="0" visitedSequencePoints="0" numBranchPoints="0" visitedBranchPoints="0" sequenceCoverage="0" branchCoverage="0" maxCyclomaticComplexity="1" minCyclomaticComplexity="1" visitedClasses="0" numClasses="0" visitedMethods="0" numMethods="0" />
              <MetadataToken>100663440</MetadataToken>
              <Name>System.Void Helpful.TextParser.Impl.Parser/&lt;&gt;c::.cctor()</Name>
              <SequencePoints />
              <BranchPoints />
              <MethodPoint vc="1" uspid="1672" ordinal="0" offset="0" />
            </Method>
            <Method visited="true" cyclomaticComplexity="1" nPathComplexity="0" sequenceCoverage="0" branchCoverage="0" isConstructor="true" isStatic="false" isGetter="false" isSetter="false">
              <Summary numSequencePoints="0" visitedSequencePoints="0" numBranchPoints="0" visitedBranchPoints="0" sequenceCoverage="0" branchCoverage="0" maxCyclomaticComplexity="1" minCyclomaticComplexity="1" visitedClasses="0" numClasses="0" visitedMethods="0" numMethods="0" />
              <MetadataToken>100663441</MetadataToken>
              <Name>System.Void Helpful.TextParser.Impl.Parser/&lt;&gt;c::.ctor()</Name>
              <SequencePoints />
              <BranchPoints />
              <MethodPoint vc="1" uspid="1673" ordinal="0" offset="0" />
            </Method>
            <Method visited="true" cyclomaticComplexity="2" nPathComplexity="0" sequenceCoverage="100" branchCoverage="100" isConstructor="false" isStatic="false" isGetter="false" isSetter="false">
              <Summary numSequencePoints="1" visitedSequencePoints="1" numBranchPoints="1" visitedBranchPoints="1" sequenceCoverage="100" branchCoverage="100" maxCyclomaticComplexity="2" minCyclomaticComplexity="2" visitedClasses="0" numClasses="0" visitedMethods="1" numMethods="1" />
              <MetadataToken>100663442</MetadataToken>
              <Name>System.Boolean Helpful.TextParser.Impl.Parser/&lt;&gt;c::&lt;.ctor&gt;b__3_0(System.Reflection.MethodInfo)</Name>
              <FileRef uid="66" />
              <SequencePoints>
                <SequencePoint vc="3136" uspid="1674" ordinal="0" offset="0" sl="19" sc="149" el="19" ec="199" bec="0" bev="0" fileid="66" />
              </SequencePoints>
              <BranchPoints />
              <MethodPoint xsi:type="SequencePoint" vc="3136" uspid="1674" ordinal="0" offset="0" sl="19" sc="149" el="19" ec="199" bec="0" bev="0" fileid="66" />
            </Method>
            <Method visited="true" cyclomaticComplexity="1" nPathComplexity="0" sequenceCoverage="100" branchCoverage="100" isConstructor="false" isStatic="false" isGetter="false" isSetter="false">
              <Summary numSequencePoints="1" visitedSequencePoints="1" numBranchPoints="1" visitedBranchPoints="1" sequenceCoverage="100" branchCoverage="100" maxCyclomaticComplexity="1" minCyclomaticComplexity="1" visitedClasses="0" numClasses="0" visitedMethods="1" numMethods="1" />
              <MetadataToken>100663443</MetadataToken>
              <Name>System.Boolean Helpful.TextParser.Impl.Parser/&lt;&gt;c::&lt;GetTagObject&gt;b__9_0(Helpful.TextParser.Model.Element)</Name>
              <FileRef uid="66" />
              <SequencePoints>
                <SequencePoint vc="422" uspid="1677" ordinal="0" offset="0" sl="236" sc="76" el="236" ec="108" bec="0" bev="0" fileid="66" />
              </SequencePoints>
              <BranchPoints />
              <MethodPoint xsi:type="SequencePoint" vc="422" uspid="1677" ordinal="0" offset="0" sl="236" sc="76" el="236" ec="108" bec="0" bev="0" fileid="66" />
            </Method>
            <Method visited="true" cyclomaticComplexity="2" nPathComplexity="0" sequenceCoverage="100" branchCoverage="100" isConstructor="false" isStatic="false" isGetter="false" isSetter="false">
              <Summary numSequencePoints="1" visitedSequencePoints="1" numBranchPoints="1" visitedBranchPoints="1" sequenceCoverage="100" branchCoverage="100" maxCyclomaticComplexity="2" minCyclomaticComplexity="2" visitedClasses="0" numClasses="0" visitedMethods="1" numMethods="1" />
              <MetadataToken>100663444</MetadataToken>
              <Name>System.Boolean Helpful.TextParser.Impl.Parser/&lt;&gt;c::&lt;GetTagObject&gt;b__9_2(&lt;&gt;f__AnonymousType0`2&lt;Helpful.TextParser.Model.Element,Helpful.TextParser.Model.LineValue&gt;)</Name>
              <FileRef uid="66" />
              <SequencePoints>
                <SequencePoint vc="86" uspid="1678" ordinal="0" offset="0" sl="238" sc="37" el="238" ec="97" bec="0" bev="0" fileid="66" />
              </SequencePoints>
              <BranchPoints />
              <MethodPoint xsi:type="SequencePoint" vc="86" uspid="1678" ordinal="0" offset="0" sl="238" sc="37" el="238" ec="97" bec="0" bev="0" fileid="66" />
            </Method>
            <Method visited="true" cyclomaticComplexity="1" nPathComplexity="0" sequenceCoverage="100" branchCoverage="100" isConstructor="false" isStatic="false" isGetter="false" isSetter="false">
              <Summary numSequencePoints="1" visitedSequencePoints="1" numBranchPoints="1" visitedBranchPoints="1" sequenceCoverage="100" branchCoverage="100" maxCyclomaticComplexity="1" minCyclomaticComplexity="1" visitedClasses="0" numClasses="0" visitedMethods="1" numMethods="1" />
              <MetadataToken>100663445</MetadataToken>
              <Name>Helpful.TextParser.Model.Element Helpful.TextParser.Impl.Parser/&lt;&gt;c::&lt;GetTagObject&gt;b__9_3(&lt;&gt;f__AnonymousType0`2&lt;Helpful.TextParser.Model.Element,Helpful.TextParser.Model.LineValue&gt;)</Name>
              <FileRef uid="66" />
              <SequencePoints>
                <SequencePoint vc="75" uspid="1681" ordinal="0" offset="0" sl="239" sc="38" el="239" ec="46" bec="0" bev="0" fileid="66" />
              </SequencePoints>
              <BranchPoints />
              <MethodPoint xsi:type="SequencePoint" vc="75" uspid="1681" ordinal="0" offset="0" sl="239" sc="38" el="239" ec="46" bec="0" bev="0" fileid="66" />
            </Method>
          </Methods>
        </Class>
        <Class>
          <Summary numSequencePoints="1" visitedSequencePoints="1" numBranchPoints="1" visitedBranchPoints="1" sequenceCoverage="100" branchCoverage="100" maxCyclomaticComplexity="1" minCyclomaticComplexity="1" visitedClasses="1" numClasses="1" visitedMethods="1" numMethods="1" />
          <FullName>Helpful.TextParser.Impl.Parser/&lt;&gt;c__5`1</FullName>
          <Methods>
            <Method visited="true" cyclomaticComplexity="1" nPathComplexity="0" sequenceCoverage="0" branchCoverage="0" isConstructor="true" isStatic="true" isGetter="false" isSetter="false">
              <Summary numSequencePoints="0" visitedSequencePoints="0" numBranchPoints="0" visitedBranchPoints="0" sequenceCoverage="0" branchCoverage="0" maxCyclomaticComplexity="1" minCyclomaticComplexity="1" visitedClasses="0" numClasses="0" visitedMethods="0" numMethods="0" />
              <MetadataToken>100663446</MetadataToken>
              <Name>System.Void Helpful.TextParser.Impl.Parser/&lt;&gt;c__5`1::.cctor()</Name>
              <SequencePoints />
              <BranchPoints />
              <MethodPoint vc="1" uspid="1682" ordinal="0" offset="0" />
            </Method>
            <Method visited="true" cyclomaticComplexity="1" nPathComplexity="0" sequenceCoverage="0" branchCoverage="0" isConstructor="true" isStatic="false" isGetter="false" isSetter="false">
              <Summary numSequencePoints="0" visitedSequencePoints="0" numBranchPoints="0" visitedBranchPoints="0" sequenceCoverage="0" branchCoverage="0" maxCyclomaticComplexity="1" minCyclomaticComplexity="1" visitedClasses="0" numClasses="0" visitedMethods="0" numMethods="0" />
              <MetadataToken>100663447</MetadataToken>
              <Name>System.Void Helpful.TextParser.Impl.Parser/&lt;&gt;c__5`1::.ctor()</Name>
              <SequencePoints />
              <BranchPoints />
              <MethodPoint vc="1" uspid="1683" ordinal="0" offset="0" />
            </Method>
            <Method visited="true" cyclomaticComplexity="1" nPathComplexity="0" sequenceCoverage="100" branchCoverage="100" isConstructor="false" isStatic="false" isGetter="false" isSetter="false">
              <Summary numSequencePoints="1" visitedSequencePoints="1" numBranchPoints="1" visitedBranchPoints="1" sequenceCoverage="100" branchCoverage="100" maxCyclomaticComplexity="1" minCyclomaticComplexity="1" visitedClasses="0" numClasses="0" visitedMethods="1" numMethods="1" />
              <MetadataToken>100663448</MetadataToken>
              <Name>System.Boolean Helpful.TextParser.Impl.Parser/&lt;&gt;c__5`1::&lt;ParseWithTag&gt;b__5_0(Helpful.TextParser.Model.Element)</Name>
              <FileRef uid="66" />
              <SequencePoints>
                <SequencePoint vc="210" uspid="1684" ordinal="0" offset="0" sl="87" sc="72" el="87" ec="113" bec="0" bev="0" fileid="66" />
              </SequencePoints>
              <BranchPoints />
              <MethodPoint xsi:type="SequencePoint" vc="210" uspid="1684" ordinal="0" offset="0" sl="87" sc="72" el="87" ec="113" bec="0" bev="0" fileid="66" />
            </Method>
          </Methods>
        </Class>
        <Class>
          <Summary numSequencePoints="1" visitedSequencePoints="1" numBranchPoints="1" visitedBranchPoints="1" sequenceCoverage="100" branchCoverage="100" maxCyclomaticComplexity="1" minCyclomaticComplexity="1" visitedClasses="1" numClasses="1" visitedMethods="1" numMethods="1" />
          <FullName>Helpful.TextParser.Impl.Parser/&lt;&gt;c__6`1</FullName>
          <Methods>
            <Method visited="true" cyclomaticComplexity="1" nPathComplexity="0" sequenceCoverage="0" branchCoverage="0" isConstructor="true" isStatic="true" isGetter="false" isSetter="false">
              <Summary numSequencePoints="0" visitedSequencePoints="0" numBranchPoints="0" visitedBranchPoints="0" sequenceCoverage="0" branchCoverage="0" maxCyclomaticComplexity="1" minCyclomaticComplexity="1" visitedClasses="0" numClasses="0" visitedMethods="0" numMethods="0" />
              <MetadataToken>100663449</MetadataToken>
              <Name>System.Void Helpful.TextParser.Impl.Parser/&lt;&gt;c__6`1::.cctor()</Name>
              <SequencePoints />
              <BranchPoints />
              <MethodPoint vc="1" uspid="1685" ordinal="0" offset="0" />
            </Method>
            <Method visited="true" cyclomaticComplexity="1" nPathComplexity="0" sequenceCoverage="0" branchCoverage="0" isConstructor="true" isStatic="false" isGetter="false" isSetter="false">
              <Summary numSequencePoints="0" visitedSequencePoints="0" numBranchPoints="0" visitedBranchPoints="0" sequenceCoverage="0" branchCoverage="0" maxCyclomaticComplexity="1" minCyclomaticComplexity="1" visitedClasses="0" numClasses="0" visitedMethods="0" numMethods="0" />
              <MetadataToken>100663450</MetadataToken>
              <Name>System.Void Helpful.TextParser.Impl.Parser/&lt;&gt;c__6`1::.ctor()</Name>
              <SequencePoints />
              <BranchPoints />
              <MethodPoint vc="1" uspid="1686" ordinal="0" offset="0" />
            </Method>
            <Method visited="true" cyclomaticComplexity="1" nPathComplexity="0" sequenceCoverage="100" branchCoverage="100" isConstructor="false" isStatic="false" isGetter="false" isSetter="false">
              <Summary numSequencePoints="1" visitedSequencePoints="1" numBranchPoints="1" visitedBranchPoints="1" sequenceCoverage="100" branchCoverage="100" maxCyclomaticComplexity="1" minCyclomaticComplexity="1" visitedClasses="0" numClasses="0" visitedMethods="1" numMethods="1" />
              <MetadataToken>100663451</MetadataToken>
              <Name>System.Boolean Helpful.TextParser.Impl.Parser/&lt;&gt;c__6`1::&lt;ParseWithTag&gt;b__6_0(Helpful.TextParser.Model.Element)</Name>
              <FileRef uid="66" />
              <SequencePoints>
                <SequencePoint vc="427" uspid="1687" ordinal="0" offset="0" sl="167" sc="72" el="167" ec="113" bec="0" bev="0" fileid="66" />
              </SequencePoints>
              <BranchPoints />
              <MethodPoint xsi:type="SequencePoint" vc="427" uspid="1687" ordinal="0" offset="0" sl="167" sc="72" el="167" ec="113" bec="0" bev="0" fileid="66" />
            </Method>
          </Methods>
        </Class>
        <Class>
          <Summary numSequencePoints="1" visitedSequencePoints="1" numBranchPoints="1" visitedBranchPoints="1" sequenceCoverage="100" branchCoverage="100" maxCyclomaticComplexity="1" minCyclomaticComplexity="1" visitedClasses="1" numClasses="1" visitedMethods="1" numMethods="1" />
          <FullName>Helpful.TextParser.Impl.Parser/&lt;&gt;c__7`1</FullName>
          <Methods>
            <Method visited="true" cyclomaticComplexity="1" nPathComplexity="0" sequenceCoverage="0" branchCoverage="0" isConstructor="true" isStatic="true" isGetter="false" isSetter="false">
              <Summary numSequencePoints="0" visitedSequencePoints="0" numBranchPoints="0" visitedBranchPoints="0" sequenceCoverage="0" branchCoverage="0" maxCyclomaticComplexity="1" minCyclomaticComplexity="1" visitedClasses="0" numClasses="0" visitedMethods="0" numMethods="0" />
              <MetadataToken>100663452</MetadataToken>
              <Name>System.Void Helpful.TextParser.Impl.Parser/&lt;&gt;c__7`1::.cctor()</Name>
              <SequencePoints />
              <BranchPoints />
              <MethodPoint vc="1" uspid="1688" ordinal="0" offset="0" />
            </Method>
            <Method visited="true" cyclomaticComplexity="1" nPathComplexity="0" sequenceCoverage="0" branchCoverage="0" isConstructor="true" isStatic="false" isGetter="false" isSetter="false">
              <Summary numSequencePoints="0" visitedSequencePoints="0" numBranchPoints="0" visitedBranchPoints="0" sequenceCoverage="0" branchCoverage="0" maxCyclomaticComplexity="1" minCyclomaticComplexity="1" visitedClasses="0" numClasses="0" visitedMethods="0" numMethods="0" />
              <MetadataToken>100663453</MetadataToken>
              <Name>System.Void Helpful.TextParser.Impl.Parser/&lt;&gt;c__7`1::.ctor()</Name>
              <SequencePoints />
              <BranchPoints />
              <MethodPoint vc="1" uspid="1689" ordinal="0" offset="0" />
            </Method>
            <Method visited="true" cyclomaticComplexity="1" nPathComplexity="0" sequenceCoverage="100" branchCoverage="100" isConstructor="false" isStatic="false" isGetter="false" isSetter="false">
              <Summary numSequencePoints="1" visitedSequencePoints="1" numBranchPoints="1" visitedBranchPoints="1" sequenceCoverage="100" branchCoverage="100" maxCyclomaticComplexity="1" minCyclomaticComplexity="1" visitedClasses="0" numClasses="0" visitedMethods="1" numMethods="1" />
              <MetadataToken>100663454</MetadataToken>
              <Name>System.Boolean Helpful.TextParser.Impl.Parser/&lt;&gt;c__7`1::&lt;ParseWithoutTag&gt;b__7_0(Helpful.TextParser.Model.Element)</Name>
              <FileRef uid="66" />
              <SequencePoints>
                <SequencePoint vc="90" uspid="1690" ordinal="0" offset="0" sl="200" sc="72" el="200" ec="113" bec="0" bev="0" fileid="66" />
              </SequencePoints>
              <BranchPoints />
              <MethodPoint xsi:type="SequencePoint" vc="90" uspid="1690" ordinal="0" offset="0" sl="200" sc="72" el="200" ec="113" bec="0" bev="0" fileid="66" />
            </Method>
          </Methods>
        </Class>
        <Class>
          <Summary numSequencePoints="1" visitedSequencePoints="1" numBranchPoints="1" visitedBranchPoints="1" sequenceCoverage="100" branchCoverage="100" maxCyclomaticComplexity="1" minCyclomaticComplexity="1" visitedClasses="1" numClasses="1" visitedMethods="1" numMethods="1" />
          <FullName>Helpful.TextParser.Impl.Parser/&lt;&gt;c__DisplayClass9_0</FullName>
          <Methods>
            <Method visited="true" cyclomaticComplexity="1" nPathComplexity="0" sequenceCoverage="0" branchCoverage="0" isConstructor="true" isStatic="false" isGetter="false" isSetter="false">
              <Summary numSequencePoints="0" visitedSequencePoints="0" numBranchPoints="0" visitedBranchPoints="0" sequenceCoverage="0" branchCoverage="0" maxCyclomaticComplexity="1" minCyclomaticComplexity="1" visitedClasses="0" numClasses="0" visitedMethods="0" numMethods="0" />
              <MetadataToken>100663455</MetadataToken>
              <Name>System.Void Helpful.TextParser.Impl.Parser/&lt;&gt;c__DisplayClass9_0::.ctor()</Name>
              <SequencePoints />
              <BranchPoints />
              <MethodPoint vc="106" uspid="1691" ordinal="0" offset="0" />
            </Method>
            <Method visited="true" cyclomaticComplexity="1" nPathComplexity="0" sequenceCoverage="100" branchCoverage="100" isConstructor="false" isStatic="false" isGetter="false" isSetter="false">
              <Summary numSequencePoints="1" visitedSequencePoints="1" numBranchPoints="1" visitedBranchPoints="1" sequenceCoverage="100" branchCoverage="100" maxCyclomaticComplexity="1" minCyclomaticComplexity="1" visitedClasses="0" numClasses="0" visitedMethods="1" numMethods="1" />
              <MetadataToken>100663456</MetadataToken>
              <Name>&lt;&gt;f__AnonymousType0`2&lt;Helpful.TextParser.Model.Element,Helpful.TextParser.Model.LineValue&gt; Helpful.TextParser.Impl.Parser/&lt;&gt;c__DisplayClass9_0::&lt;GetTagObject&gt;b__1(Helpful.TextParser.Model.Element)</Name>
              <FileRef uid="66" />
              <SequencePoints>
                <SequencePoint vc="86" uspid="1692" ordinal="0" offset="0" sl="237" sc="31" el="237" ec="93" bec="0" bev="0" fileid="66" />
              </SequencePoints>
              <BranchPoints />
              <MethodPoint xsi:type="SequencePoint" vc="86" uspid="1692" ordinal="0" offset="0" sl="237" sc="31" el="237" ec="93" bec="0" bev="0" fileid="66" />
            </Method>
          </Methods>
        </Class>
        <Class>
          <Summary numSequencePoints="13" visitedSequencePoints="11" numBranchPoints="5" visitedBranchPoints="4" sequenceCoverage="84.62" branchCoverage="80" maxCyclomaticComplexity="2" minCyclomaticComplexity="1" visitedClasses="1" numClasses="1" visitedMethods="3" numMethods="3" />
          <FullName>Helpful.TextParser.Impl.FluentParser</FullName>
          <Methods>
            <Method visited="true" cyclomaticComplexity="1" nPathComplexity="0" sequenceCoverage="100" branchCoverage="100" isConstructor="true" isStatic="false" isGetter="false" isSetter="false">
              <Summary numSequencePoints="4" visitedSequencePoints="4" numBranchPoints="1" visitedBranchPoints="1" sequenceCoverage="100" branchCoverage="100" maxCyclomaticComplexity="1" minCyclomaticComplexity="1" visitedClasses="0" numClasses="0" visitedMethods="1" numMethods="1" />
              <MetadataToken>100663346</MetadataToken>
              <Name>System.Void Helpful.TextParser.Impl.FluentParser::.ctor(Helpful.TextParser.Interface.IParser)</Name>
              <FileRef uid="72" />
              <SequencePoints>
                <SequencePoint vc="32" uspid="1693" ordinal="0" offset="0" sl="12" sc="9" el="12" ec="44" bec="0" bev="0" fileid="72" />
                <SequencePoint vc="32" uspid="1694" ordinal="1" offset="7" sl="13" sc="9" el="13" ec="10" bec="0" bev="0" fileid="72" />
                <SequencePoint vc="32" uspid="1695" ordinal="2" offset="8" sl="14" sc="13" el="14" ec="30" bec="0" bev="0" fileid="72" />
                <SequencePoint vc="32" uspid="1696" ordinal="3" offset="15" sl="15" sc="9" el="15" ec="10" bec="0" bev="0" fileid="72" />
              </SequencePoints>
              <BranchPoints />
              <MethodPoint xsi:type="SequencePoint" vc="32" uspid="1693" ordinal="0" offset="0" sl="12" sc="9" el="12" ec="44" bec="0" bev="0" fileid="72" />
            </Method>
            <Method visited="true" cyclomaticComplexity="2" nPathComplexity="2" sequenceCoverage="66.67" branchCoverage="66.67" isConstructor="false" isStatic="false" isGetter="false" isSetter="false">
              <Summary numSequencePoints="6" visitedSequencePoints="4" numBranchPoints="3" visitedBranchPoints="2" sequenceCoverage="66.67" branchCoverage="66.67" maxCyclomaticComplexity="2" minCyclomaticComplexity="2" visitedClasses="0" numClasses="0" visitedMethods="1" numMethods="1" />
              <MetadataToken>100663347</MetadataToken>
              <Name>Helpful.TextParser.Fluent.Interface.IDelimitedDescriptor Helpful.TextParser.Impl.FluentParser::Delimited(System.String)</Name>
              <FileRef uid="72" />
              <SequencePoints>
                <SequencePoint vc="16" uspid="1697" ordinal="0" offset="0" sl="18" sc="9" el="18" ec="10" bec="0" bev="0" fileid="72" />
                <SequencePoint vc="16" uspid="1698" ordinal="1" offset="1" sl="19" sc="13" el="19" ec="58" bec="2" bev="1" fileid="72" />
                <SequencePoint vc="0" uspid="1699" ordinal="2" offset="11" sl="20" sc="13" el="20" ec="14" bec="0" bev="0" fileid="72" />
                <SequencePoint vc="0" uspid="1700" ordinal="3" offset="12" sl="21" sc="17" el="21" ec="96" bec="0" bev="0" fileid="72" />
                <SequencePoint vc="16" uspid="1701" ordinal="4" offset="23" sl="24" sc="13" el="24" ec="73" bec="0" bev="0" fileid="72" />
                <SequencePoint vc="16" uspid="1702" ordinal="5" offset="38" sl="25" sc="9" el="25" ec="10" bec="0" bev="0" fileid="72" />
              </SequencePoints>
              <BranchPoints>
                <BranchPoint vc="0" uspid="1703" ordinal="0" offset="9" sl="19" path="0" offsetend="11" fileid="72" />
                <BranchPoint vc="16" uspid="1704" ordinal="1" offset="9" sl="19" path="1" offsetend="23" fileid="72" />
              </BranchPoints>
              <MethodPoint xsi:type="SequencePoint" vc="16" uspid="1697" ordinal="0" offset="0" sl="18" sc="9" el="18" ec="10" bec="0" bev="0" fileid="72" />
            </Method>
            <Method visited="true" cyclomaticComplexity="1" nPathComplexity="0" sequenceCoverage="100" branchCoverage="100" isConstructor="false" isStatic="false" isGetter="false" isSetter="false">
              <Summary numSequencePoints="3" visitedSequencePoints="3" numBranchPoints="1" visitedBranchPoints="1" sequenceCoverage="100" branchCoverage="100" maxCyclomaticComplexity="1" minCyclomaticComplexity="1" visitedClasses="0" numClasses="0" visitedMethods="1" numMethods="1" />
              <MetadataToken>100663348</MetadataToken>
              <Name>Helpful.TextParser.Fluent.Interface.IPositionedDescriptor Helpful.TextParser.Impl.FluentParser::Positioned()</Name>
              <FileRef uid="72" />
              <SequencePoints>
                <SequencePoint vc="16" uspid="1705" ordinal="0" offset="0" sl="28" sc="9" el="28" ec="10" bec="0" bev="0" fileid="72" />
                <SequencePoint vc="16" uspid="1706" ordinal="1" offset="1" sl="29" sc="13" el="29" ec="54" bec="0" bev="0" fileid="72" />
                <SequencePoint vc="16" uspid="1707" ordinal="2" offset="15" sl="30" sc="9" el="30" ec="10" bec="0" bev="0" fileid="72" />
              </SequencePoints>
              <BranchPoints />
              <MethodPoint xsi:type="SequencePoint" vc="16" uspid="1705" ordinal="0" offset="0" sl="28" sc="9" el="28" ec="10" bec="0" bev="0" fileid="72" />
            </Method>
          </Methods>
        </Class>
        <Class>
          <Summary numSequencePoints="22" visitedSequencePoints="20" numBranchPoints="7" visitedBranchPoints="6" sequenceCoverage="90.91" branchCoverage="85.71" maxCyclomaticComplexity="5" minCyclomaticComplexity="1" visitedClasses="1" numClasses="1" visitedMethods="1" numMethods="1" />
          <FullName>Helpful.TextParser.Impl.ValueSetter</FullName>
          <Methods>
            <Method visited="true" cyclomaticComplexity="5" nPathComplexity="8" sequenceCoverage="90.91" branchCoverage="85.71" isConstructor="false" isStatic="false" isGetter="false" isSetter="false">
              <Summary numSequencePoints="22" visitedSequencePoints="20" numBranchPoints="7" visitedBranchPoints="6" sequenceCoverage="90.91" branchCoverage="85.71" maxCyclomaticComplexity="5" minCyclomaticComplexity="5" visitedClasses="0" numClasses="0" visitedMethods="1" numMethods="1" />
              <MetadataToken>100663349</MetadataToken>
              <Name>System.Boolean Helpful.TextParser.Impl.ValueSetter::Set(System.Reflection.PropertyInfo,System.Object,System.Object)</Name>
              <FileRef uid="73" />
              <SequencePoints>
                <SequencePoint vc="662" uspid="1708" ordinal="0" offset="0" sl="10" sc="9" el="10" ec="10" bec="0" bev="0" fileid="73" />
                <SequencePoint vc="662" uspid="1709" ordinal="1" offset="1" sl="12" sc="13" el="12" ec="14" bec="0" bev="0" fileid="73" />
                <SequencePoint vc="662" uspid="1710" ordinal="2" offset="2" sl="13" sc="17" el="13" ec="73" bec="0" bev="0" fileid="73" />
                <SequencePoint vc="662" uspid="1711" ordinal="3" offset="14" sl="15" sc="17" el="15" ec="109" bec="2" bev="1" fileid="73" />
                <SequencePoint vc="0" uspid="1712" ordinal="4" offset="50" sl="16" sc="17" el="16" ec="18" bec="0" bev="0" fileid="73" />
                <SequencePoint vc="0" uspid="1713" ordinal="5" offset="51" sl="17" sc="21" el="17" ec="34" bec="0" bev="0" fileid="73" />
                <SequencePoint vc="662" uspid="1714" ordinal="6" offset="55" sl="20" sc="17" el="20" ec="132" bec="2" bev="2" fileid="73" />
                <SequencePoint vc="662" uspid="1715" ordinal="7" offset="78" sl="22" sc="17" el="22" ec="48" bec="2" bev="2" fileid="73" />
                <SequencePoint vc="12" uspid="1716" ordinal="8" offset="90" sl="23" sc="17" el="23" ec="18" bec="0" bev="0" fileid="73" />
                <SequencePoint vc="12" uspid="1717" ordinal="9" offset="91" sl="24" sc="21" el="24" ec="33" bec="0" bev="0" fileid="73" />
                <SequencePoint vc="650" uspid="1718" ordinal="10" offset="95" sl="27" sc="17" el="27" ec="92" bec="0" bev="0" fileid="73" />
                <SequencePoint vc="636" uspid="1719" ordinal="11" offset="110" sl="29" sc="17" el="29" ec="29" bec="0" bev="0" fileid="73" />
                <SequencePoint vc="1" uspid="1720" ordinal="12" offset="114" sl="31" sc="13" el="31" ec="41" bec="0" bev="0" fileid="73" />
                <SequencePoint vc="1" uspid="1721" ordinal="13" offset="115" sl="32" sc="13" el="32" ec="14" bec="0" bev="0" fileid="73" />
                <SequencePoint vc="1" uspid="1722" ordinal="14" offset="116" sl="33" sc="17" el="33" ec="30" bec="0" bev="0" fileid="73" />
                <SequencePoint vc="12" uspid="1723" ordinal="15" offset="120" sl="35" sc="13" el="35" ec="36" bec="0" bev="0" fileid="73" />
                <SequencePoint vc="12" uspid="1724" ordinal="16" offset="121" sl="36" sc="13" el="36" ec="14" bec="0" bev="0" fileid="73" />
                <SequencePoint vc="12" uspid="1725" ordinal="17" offset="122" sl="37" sc="17" el="37" ec="30" bec="0" bev="0" fileid="73" />
                <SequencePoint vc="1" uspid="1726" ordinal="18" offset="126" sl="39" sc="13" el="39" ec="38" bec="0" bev="0" fileid="73" />
                <SequencePoint vc="1" uspid="1727" ordinal="19" offset="127" sl="40" sc="13" el="40" ec="14" bec="0" bev="0" fileid="73" />
                <SequencePoint vc="1" uspid="1728" ordinal="20" offset="128" sl="41" sc="17" el="41" ec="30" bec="0" bev="0" fileid="73" />
                <SequencePoint vc="662" uspid="1729" ordinal="21" offset="132" sl="43" sc="9" el="43" ec="10" bec="0" bev="0" fileid="73" />
              </SequencePoints>
              <BranchPoints>
                <BranchPoint vc="0" uspid="1732" ordinal="2" offset="48" sl="15" path="0" offsetend="50" fileid="73" />
                <BranchPoint vc="662" uspid="1733" ordinal="3" offset="48" sl="15" path="1" offsetend="55" fileid="73" />
                <BranchPoint vc="635" uspid="1734" ordinal="4" offset="56" sl="20" path="0" offsetend="58" fileid="73" />
                <BranchPoint vc="27" uspid="1735" ordinal="5" offset="56" sl="20" path="1" offsetend="66" fileid="73" />
                <BranchPoint vc="12" uspid="1736" ordinal="6" offset="88" sl="22" path="0" offsetend="90" fileid="73" />
                <BranchPoint vc="650" uspid="1737" ordinal="7" offset="88" sl="22" path="1" offsetend="95" fileid="73" />
              </BranchPoints>
              <MethodPoint xsi:type="SequencePoint" vc="662" uspid="1708" ordinal="0" offset="0" sl="10" sc="9" el="10" ec="10" bec="0" bev="0" fileid="73" />
            </Method>
            <Method visited="true" cyclomaticComplexity="1" nPathComplexity="0" sequenceCoverage="0" branchCoverage="0" isConstructor="true" isStatic="false" isGetter="false" isSetter="false">
              <Summary numSequencePoints="0" visitedSequencePoints="0" numBranchPoints="0" visitedBranchPoints="0" sequenceCoverage="0" branchCoverage="0" maxCyclomaticComplexity="1" minCyclomaticComplexity="1" visitedClasses="0" numClasses="0" visitedMethods="0" numMethods="0" />
              <MetadataToken>100663350</MetadataToken>
              <Name>System.Void Helpful.TextParser.Impl.ValueSetter::.ctor()</Name>
              <SequencePoints />
              <BranchPoints />
              <MethodPoint vc="54" uspid="1738" ordinal="0" offset="0" />
            </Method>
          </Methods>
        </Class>
        <Class>
          <Summary numSequencePoints="10" visitedSequencePoints="10" numBranchPoints="6" visitedBranchPoints="5" sequenceCoverage="100" branchCoverage="83.33" maxCyclomaticComplexity="7" minCyclomaticComplexity="1" visitedClasses="1" numClasses="1" visitedMethods="2" numMethods="2" />
          <FullName>Helpful.TextParser.Impl.LineValueExtractor.DelimitedLineValueExtractor</FullName>
          <Methods>
            <Method visited="true" cyclomaticComplexity="1" nPathComplexity="0" sequenceCoverage="100" branchCoverage="100" isConstructor="false" isStatic="false" isGetter="true" isSetter="false">
              <Summary numSequencePoints="1" visitedSequencePoints="1" numBranchPoints="1" visitedBranchPoints="1" sequenceCoverage="100" branchCoverage="100" maxCyclomaticComplexity="1" minCyclomaticComplexity="1" visitedClasses="0" numClasses="0" visitedMethods="1" numMethods="1" />
              <MetadataToken>100663352</MetadataToken>
              <Name>Helpful.TextParser.Model.LineValueExtractorType Helpful.TextParser.Impl.LineValueExtractor.DelimitedLineValueExtractor::get_Type()</Name>
              <FileRef uid="74" />
              <SequencePoints>
                <SequencePoint vc="32" uspid="1739" ordinal="0" offset="0" sl="33" sc="47" el="33" ec="87" bec="0" bev="0" fileid="74" />
              </SequencePoints>
              <BranchPoints />
              <MethodPoint xsi:type="SequencePoint" vc="32" uspid="1739" ordinal="0" offset="0" sl="33" sc="47" el="33" ec="87" bec="0" bev="0" fileid="74" />
            </Method>
            <Method visited="true" cyclomaticComplexity="7" nPathComplexity="4" sequenceCoverage="100" branchCoverage="80" isConstructor="false" isStatic="false" isGetter="false" isSetter="false">
              <Summary numSequencePoints="9" visitedSequencePoints="9" numBranchPoints="5" visitedBranchPoints="4" sequenceCoverage="100" branchCoverage="80" maxCyclomaticComplexity="7" minCyclomaticComplexity="7" visitedClasses="0" numClasses="0" visitedMethods="1" numMethods="1" />
              <MetadataToken>100663351</MetadataToken>
              <Name>Helpful.TextParser.Model.LineValue Helpful.TextParser.Impl.LineValueExtractor.DelimitedLineValueExtractor::Extract(System.String,Helpful.TextParser.Model.Element,Helpful.TextParser.Model.Element)</Name>
              <FileRef uid="74" />
              <SequencePoints>
                <SequencePoint vc="610" uspid="1740" ordinal="0" offset="0" sl="10" sc="9" el="10" ec="10" bec="0" bev="0" fileid="74" />
                <SequencePoint vc="610" uspid="1741" ordinal="1" offset="1" sl="11" sc="13" el="11" ec="58" bec="0" bev="0" fileid="74" />
                <SequencePoint vc="610" uspid="1742" ordinal="2" offset="18" sl="13" sc="13" el="13" ec="145" bec="2" bev="1" fileid="74" />
                <SequencePoint vc="610" uspid="1743" ordinal="3" offset="62" sl="15" sc="13" el="15" ec="93" bec="0" bev="0" fileid="74" />
                <SequencePoint vc="610" uspid="1744" ordinal="4" offset="80" sl="17" sc="13" el="17" ec="46" bec="2" bev="2" fileid="74" />
                <SequencePoint vc="6" uspid="1745" ordinal="5" offset="93" sl="18" sc="13" el="18" ec="14" bec="0" bev="0" fileid="74" />
                <SequencePoint vc="6" uspid="1746" ordinal="6" offset="94" sl="19" sc="17" el="23" ec="19" bec="0" bev="0" fileid="74" />
                <SequencePoint vc="604" uspid="1747" ordinal="7" offset="119" sl="26" sc="13" el="30" ec="15" bec="0" bev="0" fileid="74" />
                <SequencePoint vc="610" uspid="1748" ordinal="8" offset="159" sl="31" sc="9" el="31" ec="10" bec="0" bev="0" fileid="74" />
              </SequencePoints>
              <BranchPoints>
                <BranchPoint vc="0" uspid="1751" ordinal="2" offset="22" sl="13" path="0" offsetend="24" fileid="74" />
                <BranchPoint vc="325" uspid="1752" ordinal="3" offset="22" sl="13" path="1" offsetend="27" fileid="74" />
                <BranchPoint vc="6" uspid="1753" ordinal="4" offset="91" sl="17" path="0" offsetend="93" fileid="74" />
                <BranchPoint vc="604" uspid="1754" ordinal="5" offset="91" sl="17" path="1" offsetend="119" fileid="74" />
              </BranchPoints>
              <MethodPoint xsi:type="SequencePoint" vc="610" uspid="1740" ordinal="0" offset="0" sl="10" sc="9" el="10" ec="10" bec="0" bev="0" fileid="74" />
            </Method>
            <Method visited="true" cyclomaticComplexity="1" nPathComplexity="0" sequenceCoverage="0" branchCoverage="0" isConstructor="true" isStatic="false" isGetter="false" isSetter="false">
              <Summary numSequencePoints="0" visitedSequencePoints="0" numBranchPoints="0" visitedBranchPoints="0" sequenceCoverage="0" branchCoverage="0" maxCyclomaticComplexity="1" minCyclomaticComplexity="1" visitedClasses="0" numClasses="0" visitedMethods="0" numMethods="0" />
              <MetadataToken>100663353</MetadataToken>
              <Name>System.Void Helpful.TextParser.Impl.LineValueExtractor.DelimitedLineValueExtractor::.ctor()</Name>
              <SequencePoints />
              <BranchPoints />
              <MethodPoint vc="40" uspid="1757" ordinal="0" offset="0" />
            </Method>
          </Methods>
        </Class>
        <Class>
          <Summary numSequencePoints="7" visitedSequencePoints="7" numBranchPoints="2" visitedBranchPoints="2" sequenceCoverage="100" branchCoverage="100" maxCyclomaticComplexity="1" minCyclomaticComplexity="1" visitedClasses="1" numClasses="1" visitedMethods="2" numMethods="2" />
          <FullName>Helpful.TextParser.Impl.LineValueExtractor.LineValueExtractorFactory</FullName>
          <Methods>
            <Method visited="true" cyclomaticComplexity="1" nPathComplexity="0" sequenceCoverage="100" branchCoverage="100" isConstructor="true" isStatic="false" isGetter="false" isSetter="false">
              <Summary numSequencePoints="4" visitedSequencePoints="4" numBranchPoints="1" visitedBranchPoints="1" sequenceCoverage="100" branchCoverage="100" maxCyclomaticComplexity="1" minCyclomaticComplexity="1" visitedClasses="0" numClasses="0" visitedMethods="1" numMethods="1" />
              <MetadataToken>100663354</MetadataToken>
              <Name>System.Void Helpful.TextParser.Impl.LineValueExtractor.LineValueExtractorFactory::.ctor(Helpful.TextParser.Interface.ILineValueExtractor[])</Name>
              <FileRef uid="75" />
              <SequencePoints>
                <SequencePoint vc="34" uspid="1758" ordinal="0" offset="0" sl="11" sc="9" el="11" ec="84" bec="0" bev="0" fileid="75" />
                <SequencePoint vc="34" uspid="1759" ordinal="1" offset="7" sl="12" sc="9" el="12" ec="10" bec="0" bev="0" fileid="75" />
                <SequencePoint vc="34" uspid="1760" ordinal="2" offset="8" sl="13" sc="13" el="13" ec="56" bec="0" bev="0" fileid="75" />
                <SequencePoint vc="34" uspid="1761" ordinal="3" offset="15" sl="14" sc="9" el="14" ec="10" bec="0" bev="0" fileid="75" />
              </SequencePoints>
              <BranchPoints />
              <MethodPoint xsi:type="SequencePoint" vc="34" uspid="1758" ordinal="0" offset="0" sl="11" sc="9" el="11" ec="84" bec="0" bev="0" fileid="75" />
            </Method>
            <Method visited="true" cyclomaticComplexity="1" nPathComplexity="0" sequenceCoverage="100" branchCoverage="100" isConstructor="false" isStatic="false" isGetter="false" isSetter="false">
              <Summary numSequencePoints="3" visitedSequencePoints="3" numBranchPoints="1" visitedBranchPoints="1" sequenceCoverage="100" branchCoverage="100" maxCyclomaticComplexity="1" minCyclomaticComplexity="1" visitedClasses="0" numClasses="0" visitedMethods="1" numMethods="1" />
              <MetadataToken>100663355</MetadataToken>
              <Name>Helpful.TextParser.Interface.ILineValueExtractor Helpful.TextParser.Impl.LineValueExtractor.LineValueExtractorFactory::Get(Helpful.TextParser.Model.LineValueExtractorType)</Name>
              <FileRef uid="75" />
              <SequencePoints>
                <SequencePoint vc="34" uspid="1762" ordinal="0" offset="13" sl="17" sc="9" el="17" ec="10" bec="0" bev="0" fileid="75" />
                <SequencePoint vc="34" uspid="1763" ordinal="1" offset="14" sl="18" sc="13" el="18" ec="86" bec="0" bev="0" fileid="75" />
                <SequencePoint vc="34" uspid="1764" ordinal="2" offset="40" sl="19" sc="9" el="19" ec="10" bec="0" bev="0" fileid="75" />
              </SequencePoints>
              <BranchPoints />
              <MethodPoint vc="34" uspid="1765" ordinal="0" offset="0" />
            </Method>
          </Methods>
        </Class>
        <Class>
          <Summary numSequencePoints="1" visitedSequencePoints="1" numBranchPoints="1" visitedBranchPoints="1" sequenceCoverage="100" branchCoverage="100" maxCyclomaticComplexity="1" minCyclomaticComplexity="1" visitedClasses="1" numClasses="1" visitedMethods="1" numMethods="1" />
          <FullName>Helpful.TextParser.Impl.LineValueExtractor.LineValueExtractorFactory/&lt;&gt;c__DisplayClass2_0</FullName>
          <Methods>
            <Method visited="true" cyclomaticComplexity="1" nPathComplexity="0" sequenceCoverage="0" branchCoverage="0" isConstructor="true" isStatic="false" isGetter="false" isSetter="false">
              <Summary numSequencePoints="0" visitedSequencePoints="0" numBranchPoints="0" visitedBranchPoints="0" sequenceCoverage="0" branchCoverage="0" maxCyclomaticComplexity="1" minCyclomaticComplexity="1" visitedClasses="0" numClasses="0" visitedMethods="0" numMethods="0" />
              <MetadataToken>100663457</MetadataToken>
              <Name>System.Void Helpful.TextParser.Impl.LineValueExtractor.LineValueExtractorFactory/&lt;&gt;c__DisplayClass2_0::.ctor()</Name>
              <SequencePoints />
              <BranchPoints />
              <MethodPoint vc="34" uspid="1766" ordinal="0" offset="0" />
            </Method>
            <Method visited="true" cyclomaticComplexity="1" nPathComplexity="0" sequenceCoverage="100" branchCoverage="100" isConstructor="false" isStatic="false" isGetter="false" isSetter="false">
              <Summary numSequencePoints="1" visitedSequencePoints="1" numBranchPoints="1" visitedBranchPoints="1" sequenceCoverage="100" branchCoverage="100" maxCyclomaticComplexity="1" minCyclomaticComplexity="1" visitedClasses="0" numClasses="0" visitedMethods="1" numMethods="1" />
              <MetadataToken>100663458</MetadataToken>
              <Name>System.Boolean Helpful.TextParser.Impl.LineValueExtractor.LineValueExtractorFactory/&lt;&gt;c__DisplayClass2_0::&lt;Get&gt;b__0(Helpful.TextParser.Interface.ILineValueExtractor)</Name>
              <FileRef uid="75" />
              <SequencePoints>
                <SequencePoint vc="51" uspid="1767" ordinal="0" offset="0" sl="18" sc="52" el="18" ec="84" bec="0" bev="0" fileid="75" />
              </SequencePoints>
              <BranchPoints />
              <MethodPoint xsi:type="SequencePoint" vc="51" uspid="1767" ordinal="0" offset="0" sl="18" sc="52" el="18" ec="84" bec="0" bev="0" fileid="75" />
            </Method>
          </Methods>
        </Class>
        <Class>
          <Summary numSequencePoints="12" visitedSequencePoints="12" numBranchPoints="6" visitedBranchPoints="6" sequenceCoverage="100" branchCoverage="100" maxCyclomaticComplexity="3" minCyclomaticComplexity="1" visitedClasses="1" numClasses="1" visitedMethods="2" numMethods="2" />
          <FullName>Helpful.TextParser.Impl.LineValueExtractor.PositionedLineValueExtractor</FullName>
          <Methods>
            <Method visited="true" cyclomaticComplexity="1" nPathComplexity="0" sequenceCoverage="100" branchCoverage="100" isConstructor="false" isStatic="false" isGetter="true" isSetter="false">
              <Summary numSequencePoints="1" visitedSequencePoints="1" numBranchPoints="1" visitedBranchPoints="1" sequenceCoverage="100" branchCoverage="100" maxCyclomaticComplexity="1" minCyclomaticComplexity="1" visitedClasses="0" numClasses="0" visitedMethods="1" numMethods="1" />
              <MetadataToken>100663357</MetadataToken>
              <Name>Helpful.TextParser.Model.LineValueExtractorType Helpful.TextParser.Impl.LineValueExtractor.PositionedLineValueExtractor::get_Type()</Name>
              <FileRef uid="77" />
              <SequencePoints>
                <SequencePoint vc="16" uspid="1768" ordinal="0" offset="0" sl="39" sc="47" el="39" ec="80" bec="0" bev="0" fileid="77" />
              </SequencePoints>
              <BranchPoints />
              <MethodPoint xsi:type="SequencePoint" vc="16" uspid="1768" ordinal="0" offset="0" sl="39" sc="47" el="39" ec="80" bec="0" bev="0" fileid="77" />
            </Method>
            <Method visited="true" cyclomaticComplexity="3" nPathComplexity="4" sequenceCoverage="100" branchCoverage="100" isConstructor="false" isStatic="false" isGetter="false" isSetter="false">
              <Summary numSequencePoints="11" visitedSequencePoints="11" numBranchPoints="5" visitedBranchPoints="5" sequenceCoverage="100" branchCoverage="100" maxCyclomaticComplexity="3" minCyclomaticComplexity="3" visitedClasses="0" numClasses="0" visitedMethods="1" numMethods="1" />
              <MetadataToken>100663356</MetadataToken>
              <Name>Helpful.TextParser.Model.LineValue Helpful.TextParser.Impl.LineValueExtractor.PositionedLineValueExtractor::Extract(System.String,Helpful.TextParser.Model.Element,Helpful.TextParser.Model.Element)</Name>
              <FileRef uid="77" />
              <SequencePoints>
                <SequencePoint vc="611" uspid="1769" ordinal="0" offset="0" sl="9" sc="9" el="9" ec="10" bec="0" bev="0" fileid="77" />
                <SequencePoint vc="611" uspid="1770" ordinal="1" offset="1" sl="10" sc="13" el="10" ec="68" bec="0" bev="0" fileid="77" />
                <SequencePoint vc="611" uspid="1771" ordinal="2" offset="18" sl="12" sc="13" el="12" ec="64" bec="0" bev="0" fileid="77" />
                <SequencePoint vc="611" uspid="1772" ordinal="3" offset="35" sl="14" sc="13" el="14" ec="46" bec="2" bev="2" fileid="77" />
                <SequencePoint vc="14" uspid="1773" ordinal="4" offset="51" sl="15" sc="13" el="15" ec="14" bec="0" bev="0" fileid="77" />
                <SequencePoint vc="14" uspid="1774" ordinal="5" offset="52" sl="16" sc="17" el="20" ec="19" bec="0" bev="0" fileid="77" />
                <SequencePoint vc="597" uspid="1775" ordinal="6" offset="76" sl="23" sc="13" el="23" ec="44" bec="2" bev="2" fileid="77" />
                <SequencePoint vc="92" uspid="1776" ordinal="7" offset="94" sl="24" sc="13" el="24" ec="14" bec="0" bev="0" fileid="77" />
                <SequencePoint vc="92" uspid="1777" ordinal="8" offset="95" sl="25" sc="17" el="29" ec="19" bec="0" bev="0" fileid="77" />
                <SequencePoint vc="505" uspid="1778" ordinal="9" offset="125" sl="32" sc="13" el="36" ec="15" bec="0" bev="0" fileid="77" />
                <SequencePoint vc="611" uspid="1779" ordinal="10" offset="158" sl="37" sc="9" el="37" ec="10" bec="0" bev="0" fileid="77" />
              </SequencePoints>
              <BranchPoints>
                <BranchPoint vc="14" uspid="1780" ordinal="0" offset="49" sl="14" path="0" offsetend="51" fileid="77" />
                <BranchPoint vc="597" uspid="1781" ordinal="1" offset="49" sl="14" path="1" offsetend="76" fileid="77" />
                <BranchPoint vc="92" uspid="1782" ordinal="2" offset="92" sl="23" path="0" offsetend="94" fileid="77" />
                <BranchPoint vc="505" uspid="1783" ordinal="3" offset="92" sl="23" path="1" offsetend="125" fileid="77" />
              </BranchPoints>
              <MethodPoint xsi:type="SequencePoint" vc="611" uspid="1769" ordinal="0" offset="0" sl="9" sc="9" el="9" ec="10" bec="0" bev="0" fileid="77" />
            </Method>
            <Method visited="true" cyclomaticComplexity="1" nPathComplexity="0" sequenceCoverage="0" branchCoverage="0" isConstructor="true" isStatic="false" isGetter="false" isSetter="false">
              <Summary numSequencePoints="0" visitedSequencePoints="0" numBranchPoints="0" visitedBranchPoints="0" sequenceCoverage="0" branchCoverage="0" maxCyclomaticComplexity="1" minCyclomaticComplexity="1" visitedClasses="0" numClasses="0" visitedMethods="0" numMethods="0" />
              <MetadataToken>100663358</MetadataToken>
              <Name>System.Void Helpful.TextParser.Impl.LineValueExtractor.PositionedLineValueExtractor::.ctor()</Name>
              <SequencePoints />
              <BranchPoints />
              <MethodPoint vc="36" uspid="1784" ordinal="0" offset="0" />
            </Method>
          </Methods>
        </Class>
        <Class>
          <Summary numSequencePoints="19" visitedSequencePoints="19" numBranchPoints="5" visitedBranchPoints="5" sequenceCoverage="100" branchCoverage="100" maxCyclomaticComplexity="2" minCyclomaticComplexity="1" visitedClasses="1" numClasses="1" visitedMethods="3" numMethods="3" />
          <FullName>Helpful.TextParser.Fluent.Impl.PositionedDescriptor</FullName>
          <Methods>
            <Method visited="true" cyclomaticComplexity="1" nPathComplexity="0" sequenceCoverage="100" branchCoverage="100" isConstructor="true" isStatic="false" isGetter="false" isSetter="false">
              <Summary numSequencePoints="5" visitedSequencePoints="5" numBranchPoints="1" visitedBranchPoints="1" sequenceCoverage="100" branchCoverage="100" maxCyclomaticComplexity="1" minCyclomaticComplexity="1" visitedClasses="0" numClasses="0" visitedMethods="1" numMethods="1" />
              <MetadataToken>100663392</MetadataToken>
              <Name>System.Void Helpful.TextParser.Fluent.Impl.PositionedDescriptor::.ctor(Helpful.TextParser.Interface.IParser)</Name>
              <FileRef uid="78" />
              <SequencePoints>
                <SequencePoint vc="42" uspid="1785" ordinal="0" offset="0" sl="13" sc="9" el="13" ec="52" bec="0" bev="0" fileid="78" />
                <SequencePoint vc="42" uspid="1786" ordinal="1" offset="7" sl="14" sc="9" el="14" ec="10" bec="0" bev="0" fileid="78" />
                <SequencePoint vc="42" uspid="1787" ordinal="2" offset="8" sl="15" sc="13" el="15" ec="101" bec="0" bev="0" fileid="78" />
                <SequencePoint vc="42" uspid="1788" ordinal="3" offset="27" sl="16" sc="13" el="16" ec="30" bec="0" bev="0" fileid="78" />
                <SequencePoint vc="42" uspid="1789" ordinal="4" offset="34" sl="17" sc="9" el="17" ec="10" bec="0" bev="0" fileid="78" />
              </SequencePoints>
              <BranchPoints />
              <MethodPoint xsi:type="SequencePoint" vc="42" uspid="1785" ordinal="0" offset="0" sl="13" sc="9" el="13" ec="52" bec="0" bev="0" fileid="78" />
            </Method>
            <Method visited="true" cyclomaticComplexity="2" nPathComplexity="2" sequenceCoverage="100" branchCoverage="100" isConstructor="false" isStatic="false" isGetter="false" isSetter="false">
              <Summary numSequencePoints="9" visitedSequencePoints="9" numBranchPoints="3" visitedBranchPoints="3" sequenceCoverage="100" branchCoverage="100" maxCyclomaticComplexity="2" minCyclomaticComplexity="2" visitedClasses="0" numClasses="0" visitedMethods="1" numMethods="1" />
              <MetadataToken>100663393</MetadataToken>
              <Name>Helpful.TextParser.Fluent.Interface.IPositionedPositionDescriptor`1&lt;TClass&gt; Helpful.TextParser.Fluent.Impl.PositionedDescriptor::MapTo(System.String)</Name>
              <FileRef uid="78" />
              <SequencePoints>
                <SequencePoint vc="34" uspid="1790" ordinal="0" offset="0" sl="20" sc="9" el="20" ec="10" bec="0" bev="0" fileid="78" />
                <SequencePoint vc="34" uspid="1791" ordinal="1" offset="1" sl="21" sc="13" el="21" ec="43" bec="2" bev="2" fileid="78" />
                <SequencePoint vc="2" uspid="1792" ordinal="2" offset="11" sl="22" sc="13" el="22" ec="14" bec="0" bev="0" fileid="78" />
                <SequencePoint vc="2" uspid="1793" ordinal="3" offset="12" sl="23" sc="17" el="23" ec="103" bec="0" bev="0" fileid="78" />
                <SequencePoint vc="32" uspid="1794" ordinal="4" offset="43" sl="26" sc="13" el="26" ec="32" bec="0" bev="0" fileid="78" />
                <SequencePoint vc="32" uspid="1795" ordinal="5" offset="56" sl="27" sc="13" el="27" ec="52" bec="0" bev="0" fileid="78" />
                <SequencePoint vc="32" uspid="1796" ordinal="6" offset="69" sl="28" sc="13" el="28" ec="44" bec="0" bev="0" fileid="78" />
                <SequencePoint vc="32" uspid="1797" ordinal="7" offset="91" sl="30" sc="13" el="30" ec="80" bec="0" bev="0" fileid="78" />
                <SequencePoint vc="32" uspid="1798" ordinal="8" offset="111" sl="31" sc="9" el="31" ec="10" bec="0" bev="0" fileid="78" />
              </SequencePoints>
              <BranchPoints>
                <BranchPoint vc="2" uspid="1799" ordinal="0" offset="9" sl="21" path="0" offsetend="11" fileid="78" />
                <BranchPoint vc="32" uspid="1800" ordinal="1" offset="9" sl="21" path="1" offsetend="43" fileid="78" />
              </BranchPoints>
              <MethodPoint xsi:type="SequencePoint" vc="34" uspid="1790" ordinal="0" offset="0" sl="20" sc="9" el="20" ec="10" bec="0" bev="0" fileid="78" />
            </Method>
            <Method visited="true" cyclomaticComplexity="1" nPathComplexity="0" sequenceCoverage="100" branchCoverage="100" isConstructor="false" isStatic="false" isGetter="false" isSetter="false">
              <Summary numSequencePoints="5" visitedSequencePoints="5" numBranchPoints="1" visitedBranchPoints="1" sequenceCoverage="100" branchCoverage="100" maxCyclomaticComplexity="1" minCyclomaticComplexity="1" visitedClasses="0" numClasses="0" visitedMethods="1" numMethods="1" />
              <MetadataToken>100663394</MetadataToken>
              <Name>Helpful.TextParser.Fluent.Interface.IPositionedPropertiesOnlyDescriptor`1&lt;TClass&gt; Helpful.TextParser.Fluent.Impl.PositionedDescriptor::MapTo()</Name>
              <FileRef uid="78" />
              <SequencePoints>
                <SequencePoint vc="7" uspid="1801" ordinal="0" offset="0" sl="34" sc="9" el="34" ec="10" bec="0" bev="0" fileid="78" />
                <SequencePoint vc="7" uspid="1802" ordinal="1" offset="1" sl="35" sc="13" el="35" ec="44" bec="0" bev="0" fileid="78" />
                <SequencePoint vc="7" uspid="1803" ordinal="2" offset="23" sl="36" sc="13" el="36" ec="67" bec="0" bev="0" fileid="78" />
                <SequencePoint vc="7" uspid="1804" ordinal="3" offset="36" sl="38" sc="13" el="38" ec="86" bec="0" bev="0" fileid="78" />
                <SequencePoint vc="7" uspid="1805" ordinal="4" offset="56" sl="39" sc="9" el="39" ec="10" bec="0" bev="0" fileid="78" />
              </SequencePoints>
              <BranchPoints />
              <MethodPoint xsi:type="SequencePoint" vc="7" uspid="1801" ordinal="0" offset="0" sl="34" sc="9" el="34" ec="10" bec="0" bev="0" fileid="78" />
            </Method>
          </Methods>
        </Class>
        <Class>
          <Summary numSequencePoints="20" visitedSequencePoints="20" numBranchPoints="5" visitedBranchPoints="5" sequenceCoverage="100" branchCoverage="100" maxCyclomaticComplexity="2" minCyclomaticComplexity="1" visitedClasses="1" numClasses="1" visitedMethods="3" numMethods="3" />
          <FullName>Helpful.TextParser.Fluent.Impl.DelimitedDescriptor</FullName>
          <Methods>
            <Method visited="true" cyclomaticComplexity="1" nPathComplexity="0" sequenceCoverage="100" branchCoverage="100" isConstructor="true" isStatic="false" isGetter="false" isSetter="false">
              <Summary numSequencePoints="6" visitedSequencePoints="6" numBranchPoints="1" visitedBranchPoints="1" sequenceCoverage="100" branchCoverage="100" maxCyclomaticComplexity="1" minCyclomaticComplexity="1" visitedClasses="0" numClasses="0" visitedMethods="1" numMethods="1" />
              <MetadataToken>100663395</MetadataToken>
              <Name>System.Void Helpful.TextParser.Fluent.Impl.DelimitedDescriptor::.ctor(System.String,Helpful.TextParser.Interface.IParser)</Name>
              <FileRef uid="79" />
              <SequencePoints>
                <SequencePoint vc="34" uspid="1806" ordinal="0" offset="0" sl="13" sc="9" el="13" ec="78" bec="0" bev="0" fileid="79" />
                <SequencePoint vc="34" uspid="1807" ordinal="1" offset="7" sl="14" sc="9" el="14" ec="10" bec="0" bev="0" fileid="79" />
                <SequencePoint vc="34" uspid="1808" ordinal="2" offset="8" sl="15" sc="13" el="15" ec="108" bec="0" bev="0" fileid="79" />
                <SequencePoint vc="34" uspid="1809" ordinal="3" offset="27" sl="16" sc="13" el="16" ec="75" bec="0" bev="0" fileid="79" />
                <SequencePoint vc="34" uspid="1810" ordinal="4" offset="50" sl="18" sc="13" el="18" ec="30" bec="0" bev="0" fileid="79" />
                <SequencePoint vc="34" uspid="1811" ordinal="5" offset="57" sl="19" sc="9" el="19" ec="10" bec="0" bev="0" fileid="79" />
              </SequencePoints>
              <BranchPoints />
              <MethodPoint xsi:type="SequencePoint" vc="34" uspid="1806" ordinal="0" offset="0" sl="13" sc="9" el="13" ec="78" bec="0" bev="0" fileid="79" />
            </Method>
            <Method visited="true" cyclomaticComplexity="2" nPathComplexity="2" sequenceCoverage="100" branchCoverage="100" isConstructor="false" isStatic="false" isGetter="false" isSetter="false">
              <Summary numSequencePoints="9" visitedSequencePoints="9" numBranchPoints="3" visitedBranchPoints="3" sequenceCoverage="100" branchCoverage="100" maxCyclomaticComplexity="2" minCyclomaticComplexity="2" visitedClasses="0" numClasses="0" visitedMethods="1" numMethods="1" />
              <MetadataToken>100663396</MetadataToken>
              <Name>Helpful.TextParser.Fluent.Interface.IDelimitedPositionDescriptor`1&lt;TClass&gt; Helpful.TextParser.Fluent.Impl.DelimitedDescriptor::MapTo(System.String)</Name>
              <FileRef uid="79" />
              <SequencePoints>
                <SequencePoint vc="27" uspid="1812" ordinal="0" offset="0" sl="22" sc="9" el="22" ec="10" bec="0" bev="0" fileid="79" />
                <SequencePoint vc="27" uspid="1813" ordinal="1" offset="1" sl="23" sc="13" el="23" ec="43" bec="2" bev="2" fileid="79" />
                <SequencePoint vc="4" uspid="1814" ordinal="2" offset="11" sl="24" sc="13" el="24" ec="14" bec="0" bev="0" fileid="79" />
                <SequencePoint vc="4" uspid="1815" ordinal="3" offset="12" sl="25" sc="17" el="25" ec="103" bec="0" bev="0" fileid="79" />
                <SequencePoint vc="23" uspid="1816" ordinal="4" offset="43" sl="28" sc="13" el="28" ec="32" bec="0" bev="0" fileid="79" />
                <SequencePoint vc="23" uspid="1817" ordinal="5" offset="56" sl="29" sc="13" el="29" ec="52" bec="0" bev="0" fileid="79" />
                <SequencePoint vc="23" uspid="1818" ordinal="6" offset="69" sl="30" sc="13" el="30" ec="44" bec="0" bev="0" fileid="79" />
                <SequencePoint vc="23" uspid="1819" ordinal="7" offset="91" sl="32" sc="13" el="32" ec="79" bec="0" bev="0" fileid="79" />
                <SequencePoint vc="23" uspid="1820" ordinal="8" offset="111" sl="33" sc="9" el="33" ec="10" bec="0" bev="0" fileid="79" />
              </SequencePoints>
              <BranchPoints>
                <BranchPoint vc="4" uspid="1821" ordinal="0" offset="9" sl="23" path="0" offsetend="11" fileid="79" />
                <BranchPoint vc="23" uspid="1822" ordinal="1" offset="9" sl="23" path="1" offsetend="43" fileid="79" />
              </BranchPoints>
              <MethodPoint xsi:type="SequencePoint" vc="27" uspid="1812" ordinal="0" offset="0" sl="22" sc="9" el="22" ec="10" bec="0" bev="0" fileid="79" />
            </Method>
            <Method visited="true" cyclomaticComplexity="1" nPathComplexity="0" sequenceCoverage="100" branchCoverage="100" isConstructor="false" isStatic="false" isGetter="false" isSetter="false">
              <Summary numSequencePoints="5" visitedSequencePoints="5" numBranchPoints="1" visitedBranchPoints="1" sequenceCoverage="100" branchCoverage="100" maxCyclomaticComplexity="1" minCyclomaticComplexity="1" visitedClasses="0" numClasses="0" visitedMethods="1" numMethods="1" />
              <MetadataToken>100663397</MetadataToken>
              <Name>Helpful.TextParser.Fluent.Interface.IDelimitedPropertiesOnlyDescriptor`1&lt;TClass&gt; Helpful.TextParser.Fluent.Impl.DelimitedDescriptor::MapTo()</Name>
              <FileRef uid="79" />
              <SequencePoints>
                <SequencePoint vc="4" uspid="1823" ordinal="0" offset="0" sl="36" sc="9" el="36" ec="10" bec="0" bev="0" fileid="79" />
                <SequencePoint vc="4" uspid="1824" ordinal="1" offset="1" sl="37" sc="13" el="37" ec="44" bec="0" bev="0" fileid="79" />
                <SequencePoint vc="4" uspid="1825" ordinal="2" offset="23" sl="38" sc="13" el="38" ec="67" bec="0" bev="0" fileid="79" />
                <SequencePoint vc="4" uspid="1826" ordinal="3" offset="36" sl="40" sc="13" el="40" ec="85" bec="0" bev="0" fileid="79" />
                <SequencePoint vc="4" uspid="1827" ordinal="4" offset="56" sl="41" sc="9" el="41" ec="10" bec="0" bev="0" fileid="79" />
              </SequencePoints>
              <BranchPoints />
              <MethodPoint xsi:type="SequencePoint" vc="4" uspid="1823" ordinal="0" offset="0" sl="36" sc="9" el="36" ec="10" bec="0" bev="0" fileid="79" />
            </Method>
          </Methods>
        </Class>
        <Class>
          <Summary numSequencePoints="22" visitedSequencePoints="22" numBranchPoints="6" visitedBranchPoints="6" sequenceCoverage="100" branchCoverage="100" maxCyclomaticComplexity="2" minCyclomaticComplexity="1" visitedClasses="1" numClasses="1" visitedMethods="4" numMethods="4" />
          <FullName>Helpful.TextParser.Fluent.Impl.PositionedPositionDescriptor`1</FullName>
          <Methods>
            <Method visited="true" cyclomaticComplexity="1" nPathComplexity="0" sequenceCoverage="100" branchCoverage="100" isConstructor="true" isStatic="false" isGetter="false" isSetter="false">
              <Summary numSequencePoints="5" visitedSequencePoints="5" numBranchPoints="1" visitedBranchPoints="1" sequenceCoverage="100" branchCoverage="100" maxCyclomaticComplexity="1" minCyclomaticComplexity="1" visitedClasses="0" numClasses="0" visitedMethods="1" numMethods="1" />
              <MetadataToken>100663398</MetadataToken>
              <Name>System.Void Helpful.TextParser.Fluent.Impl.PositionedPositionDescriptor`1::.ctor(Helpful.TextParser.Model.Element,Helpful.TextParser.Interface.IParser)</Name>
              <FileRef uid="80" />
              <SequencePoints>
                <SequencePoint vc="32" uspid="1828" ordinal="0" offset="0" sl="17" sc="9" el="17" ec="77" bec="0" bev="0" fileid="80" />
                <SequencePoint vc="32" uspid="1829" ordinal="1" offset="7" sl="18" sc="9" el="18" ec="10" bec="0" bev="0" fileid="80" />
                <SequencePoint vc="32" uspid="1830" ordinal="2" offset="8" sl="19" sc="13" el="19" ec="32" bec="0" bev="0" fileid="80" />
                <SequencePoint vc="32" uspid="1831" ordinal="3" offset="15" sl="20" sc="13" el="20" ec="30" bec="0" bev="0" fileid="80" />
                <SequencePoint vc="32" uspid="1832" ordinal="4" offset="22" sl="21" sc="9" el="21" ec="10" bec="0" bev="0" fileid="80" />
              </SequencePoints>
              <BranchPoints />
              <MethodPoint xsi:type="SequencePoint" vc="32" uspid="1828" ordinal="0" offset="0" sl="17" sc="9" el="17" ec="77" bec="0" bev="0" fileid="80" />
            </Method>
            <Method visited="true" cyclomaticComplexity="2" nPathComplexity="2" sequenceCoverage="100" branchCoverage="100" isConstructor="false" isStatic="false" isGetter="false" isSetter="false">
              <Summary numSequencePoints="8" visitedSequencePoints="8" numBranchPoints="3" visitedBranchPoints="3" sequenceCoverage="100" branchCoverage="100" maxCyclomaticComplexity="2" minCyclomaticComplexity="2" visitedClasses="0" numClasses="0" visitedMethods="1" numMethods="1" />
              <MetadataToken>100663399</MetadataToken>
              <Name>Helpful.TextParser.Fluent.Interface.IPositionedPropertiesDescriptor`1&lt;TClass&gt; Helpful.TextParser.Fluent.Impl.PositionedPositionDescriptor`1::Position(System.Int32,System.Int32)</Name>
              <FileRef uid="80" />
              <SequencePoints>
                <SequencePoint vc="29" uspid="1833" ordinal="0" offset="0" sl="24" sc="9" el="24" ec="10" bec="0" bev="0" fileid="80" />
                <SequencePoint vc="29" uspid="1834" ordinal="1" offset="1" sl="25" sc="13" el="25" ec="46" bec="2" bev="2" fileid="80" />
                <SequencePoint vc="3" uspid="1835" ordinal="2" offset="12" sl="26" sc="13" el="26" ec="14" bec="0" bev="0" fileid="80" />
                <SequencePoint vc="3" uspid="1836" ordinal="3" offset="13" sl="27" sc="17" el="27" ec="150" bec="0" bev="0" fileid="80" />
                <SequencePoint vc="26" uspid="1837" ordinal="4" offset="56" sl="30" sc="13" el="30" ec="68" bec="0" bev="0" fileid="80" />
                <SequencePoint vc="26" uspid="1838" ordinal="5" offset="79" sl="31" sc="13" el="31" ec="64" bec="0" bev="0" fileid="80" />
                <SequencePoint vc="26" uspid="1839" ordinal="6" offset="102" sl="33" sc="13" el="33" ec="25" bec="0" bev="0" fileid="80" />
                <SequencePoint vc="26" uspid="1840" ordinal="7" offset="106" sl="34" sc="9" el="34" ec="10" bec="0" bev="0" fileid="80" />
              </SequencePoints>
              <BranchPoints>
                <BranchPoint vc="3" uspid="1841" ordinal="0" offset="10" sl="25" path="0" offsetend="12" fileid="80" />
                <BranchPoint vc="26" uspid="1842" ordinal="1" offset="10" sl="25" path="1" offsetend="56" fileid="80" />
              </BranchPoints>
              <MethodPoint xsi:type="SequencePoint" vc="29" uspid="1833" ordinal="0" offset="0" sl="24" sc="9" el="24" ec="10" bec="0" bev="0" fileid="80" />
            </Method>
            <Method visited="true" cyclomaticComplexity="1" nPathComplexity="0" sequenceCoverage="100" branchCoverage="100" isConstructor="false" isStatic="false" isGetter="false" isSetter="false">
              <Summary numSequencePoints="6" visitedSequencePoints="6" numBranchPoints="1" visitedBranchPoints="1" sequenceCoverage="100" branchCoverage="100" maxCyclomaticComplexity="1" minCyclomaticComplexity="1" visitedClasses="0" numClasses="0" visitedMethods="1" numMethods="1" />
              <MetadataToken>100663400</MetadataToken>
              <Name>Helpful.TextParser.Fluent.Interface.IParseDescriptor`1&lt;TClass&gt; Helpful.TextParser.Fluent.Impl.PositionedPositionDescriptor`1::Properties(System.Action`1&lt;Helpful.TextParser.Fluent.Interface.IPositionedPropertyDescriptor`1&lt;TClass&gt;&gt;)</Name>
              <FileRef uid="80" />
              <SequencePoints>
                <SequencePoint vc="23" uspid="1843" ordinal="0" offset="0" sl="37" sc="9" el="37" ec="10" bec="0" bev="0" fileid="80" />
                <SequencePoint vc="23" uspid="1844" ordinal="1" offset="1" sl="38" sc="13" el="38" ec="34" bec="0" bev="0" fileid="80" />
                <SequencePoint vc="23" uspid="1845" ordinal="2" offset="8" sl="40" sc="13" el="40" ec="98" bec="0" bev="0" fileid="80" />
                <SequencePoint vc="23" uspid="1846" ordinal="3" offset="20" sl="42" sc="13" el="42" ec="50" bec="0" bev="0" fileid="80" />
                <SequencePoint vc="15" uspid="1847" ordinal="4" offset="33" sl="44" sc="13" el="44" ec="25" bec="0" bev="0" fileid="80" />
                <SequencePoint vc="15" uspid="1848" ordinal="5" offset="37" sl="45" sc="9" el="45" ec="10" bec="0" bev="0" fileid="80" />
              </SequencePoints>
              <BranchPoints />
              <MethodPoint xsi:type="SequencePoint" vc="23" uspid="1843" ordinal="0" offset="0" sl="37" sc="9" el="37" ec="10" bec="0" bev="0" fileid="80" />
            </Method>
            <Method visited="true" cyclomaticComplexity="1" nPathComplexity="0" sequenceCoverage="100" branchCoverage="100" isConstructor="false" isStatic="false" isGetter="false" isSetter="false">
              <Summary numSequencePoints="3" visitedSequencePoints="3" numBranchPoints="1" visitedBranchPoints="1" sequenceCoverage="100" branchCoverage="100" maxCyclomaticComplexity="1" minCyclomaticComplexity="1" visitedClasses="0" numClasses="0" visitedMethods="1" numMethods="1" />
              <MetadataToken>100663401</MetadataToken>
              <Name>Helpful.TextParser.Model.Result`1&lt;TClass&gt; Helpful.TextParser.Fluent.Impl.PositionedPositionDescriptor`1::Parse(System.String[])</Name>
              <FileRef uid="80" />
              <SequencePoints>
                <SequencePoint vc="14" uspid="1849" ordinal="0" offset="0" sl="48" sc="9" el="48" ec="10" bec="0" bev="0" fileid="80" />
                <SequencePoint vc="14" uspid="1850" ordinal="1" offset="1" sl="49" sc="13" el="49" ec="61" bec="0" bev="0" fileid="80" />
                <SequencePoint vc="14" uspid="1851" ordinal="2" offset="22" sl="50" sc="9" el="50" ec="10" bec="0" bev="0" fileid="80" />
              </SequencePoints>
              <BranchPoints />
              <MethodPoint xsi:type="SequencePoint" vc="14" uspid="1849" ordinal="0" offset="0" sl="48" sc="9" el="48" ec="10" bec="0" bev="0" fileid="80" />
            </Method>
          </Methods>
        </Class>
        <Class>
          <Summary numSequencePoints="18" visitedSequencePoints="18" numBranchPoints="4" visitedBranchPoints="4" sequenceCoverage="100" branchCoverage="100" maxCyclomaticComplexity="1" minCyclomaticComplexity="1" visitedClasses="1" numClasses="1" visitedMethods="4" numMethods="4" />
          <FullName>Helpful.TextParser.Fluent.Impl.DelimitedPositionDescriptor`1</FullName>
          <Methods>
            <Method visited="true" cyclomaticComplexity="1" nPathComplexity="0" sequenceCoverage="100" branchCoverage="100" isConstructor="true" isStatic="false" isGetter="false" isSetter="false">
              <Summary numSequencePoints="5" visitedSequencePoints="5" numBranchPoints="1" visitedBranchPoints="1" sequenceCoverage="100" branchCoverage="100" maxCyclomaticComplexity="1" minCyclomaticComplexity="1" visitedClasses="0" numClasses="0" visitedMethods="1" numMethods="1" />
              <MetadataToken>100663402</MetadataToken>
              <Name>System.Void Helpful.TextParser.Fluent.Impl.DelimitedPositionDescriptor`1::.ctor(Helpful.TextParser.Model.Element,Helpful.TextParser.Interface.IParser)</Name>
              <FileRef uid="81" />
              <SequencePoints>
                <SequencePoint vc="23" uspid="1852" ordinal="0" offset="0" sl="15" sc="9" el="15" ec="76" bec="0" bev="0" fileid="81" />
                <SequencePoint vc="23" uspid="1853" ordinal="1" offset="7" sl="16" sc="9" el="16" ec="10" bec="0" bev="0" fileid="81" />
                <SequencePoint vc="23" uspid="1854" ordinal="2" offset="8" sl="17" sc="13" el="17" ec="32" bec="0" bev="0" fileid="81" />
                <SequencePoint vc="23" uspid="1855" ordinal="3" offset="15" sl="18" sc="13" el="18" ec="30" bec="0" bev="0" fileid="81" />
                <SequencePoint vc="23" uspid="1856" ordinal="4" offset="22" sl="19" sc="9" el="19" ec="10" bec="0" bev="0" fileid="81" />
              </SequencePoints>
              <BranchPoints />
              <MethodPoint xsi:type="SequencePoint" vc="23" uspid="1852" ordinal="0" offset="0" sl="15" sc="9" el="15" ec="76" bec="0" bev="0" fileid="81" />
            </Method>
            <Method visited="true" cyclomaticComplexity="1" nPathComplexity="0" sequenceCoverage="100" branchCoverage="100" isConstructor="false" isStatic="false" isGetter="false" isSetter="false">
              <Summary numSequencePoints="4" visitedSequencePoints="4" numBranchPoints="1" visitedBranchPoints="1" sequenceCoverage="100" branchCoverage="100" maxCyclomaticComplexity="1" minCyclomaticComplexity="1" visitedClasses="0" numClasses="0" visitedMethods="1" numMethods="1" />
              <MetadataToken>100663403</MetadataToken>
              <Name>Helpful.TextParser.Fluent.Interface.IDelimitedPropertiesDescriptor`1&lt;TClass&gt; Helpful.TextParser.Fluent.Impl.DelimitedPositionDescriptor`1::Position(System.Int32)</Name>
              <FileRef uid="81" />
              <SequencePoints>
                <SequencePoint vc="20" uspid="1857" ordinal="0" offset="0" sl="22" sc="9" el="22" ec="10" bec="0" bev="0" fileid="81" />
                <SequencePoint vc="20" uspid="1858" ordinal="1" offset="1" sl="23" sc="13" el="23" ec="58" bec="0" bev="0" fileid="81" />
                <SequencePoint vc="20" uspid="1859" ordinal="2" offset="24" sl="25" sc="13" el="25" ec="25" bec="0" bev="0" fileid="81" />
                <SequencePoint vc="20" uspid="1860" ordinal="3" offset="28" sl="26" sc="9" el="26" ec="10" bec="0" bev="0" fileid="81" />
              </SequencePoints>
              <BranchPoints />
              <MethodPoint xsi:type="SequencePoint" vc="20" uspid="1857" ordinal="0" offset="0" sl="22" sc="9" el="22" ec="10" bec="0" bev="0" fileid="81" />
            </Method>
            <Method visited="true" cyclomaticComplexity="1" nPathComplexity="0" sequenceCoverage="100" branchCoverage="100" isConstructor="false" isStatic="false" isGetter="false" isSetter="false">
              <Summary numSequencePoints="6" visitedSequencePoints="6" numBranchPoints="1" visitedBranchPoints="1" sequenceCoverage="100" branchCoverage="100" maxCyclomaticComplexity="1" minCyclomaticComplexity="1" visitedClasses="0" numClasses="0" visitedMethods="1" numMethods="1" />
              <MetadataToken>100663404</MetadataToken>
              <Name>Helpful.TextParser.Fluent.Interface.IParseDescriptor`1&lt;TClass&gt; Helpful.TextParser.Fluent.Impl.DelimitedPositionDescriptor`1::Properties(System.Action`1&lt;Helpful.TextParser.Fluent.Interface.IDelimitedPropertyDescriptor`1&lt;TClass&gt;&gt;)</Name>
              <FileRef uid="81" />
              <SequencePoints>
                <SequencePoint vc="17" uspid="1861" ordinal="0" offset="0" sl="29" sc="9" el="29" ec="10" bec="0" bev="0" fileid="81" />
                <SequencePoint vc="17" uspid="1862" ordinal="1" offset="1" sl="30" sc="13" el="30" ec="34" bec="0" bev="0" fileid="81" />
                <SequencePoint vc="17" uspid="1863" ordinal="2" offset="8" sl="32" sc="13" el="32" ec="97" bec="0" bev="0" fileid="81" />
                <SequencePoint vc="17" uspid="1864" ordinal="3" offset="20" sl="34" sc="13" el="34" ec="50" bec="0" bev="0" fileid="81" />
                <SequencePoint vc="15" uspid="1865" ordinal="4" offset="33" sl="36" sc="13" el="36" ec="25" bec="0" bev="0" fileid="81" />
                <SequencePoint vc="15" uspid="1866" ordinal="5" offset="37" sl="37" sc="9" el="37" ec="10" bec="0" bev="0" fileid="81" />
              </SequencePoints>
              <BranchPoints />
              <MethodPoint xsi:type="SequencePoint" vc="17" uspid="1861" ordinal="0" offset="0" sl="29" sc="9" el="29" ec="10" bec="0" bev="0" fileid="81" />
            </Method>
            <Method visited="true" cyclomaticComplexity="1" nPathComplexity="0" sequenceCoverage="100" branchCoverage="100" isConstructor="false" isStatic="false" isGetter="false" isSetter="false">
              <Summary numSequencePoints="3" visitedSequencePoints="3" numBranchPoints="1" visitedBranchPoints="1" sequenceCoverage="100" branchCoverage="100" maxCyclomaticComplexity="1" minCyclomaticComplexity="1" visitedClasses="0" numClasses="0" visitedMethods="1" numMethods="1" />
              <MetadataToken>100663405</MetadataToken>
              <Name>Helpful.TextParser.Model.Result`1&lt;TClass&gt; Helpful.TextParser.Fluent.Impl.DelimitedPositionDescriptor`1::Parse(System.String[])</Name>
              <FileRef uid="81" />
              <SequencePoints>
                <SequencePoint vc="14" uspid="1867" ordinal="0" offset="0" sl="40" sc="9" el="40" ec="10" bec="0" bev="0" fileid="81" />
                <SequencePoint vc="14" uspid="1868" ordinal="1" offset="1" sl="41" sc="13" el="41" ec="61" bec="0" bev="0" fileid="81" />
                <SequencePoint vc="14" uspid="1869" ordinal="2" offset="22" sl="42" sc="9" el="42" ec="10" bec="0" bev="0" fileid="81" />
              </SequencePoints>
              <BranchPoints />
              <MethodPoint xsi:type="SequencePoint" vc="14" uspid="1867" ordinal="0" offset="0" sl="40" sc="9" el="40" ec="10" bec="0" bev="0" fileid="81" />
            </Method>
          </Methods>
        </Class>
        <Class>
          <Summary numSequencePoints="14" visitedSequencePoints="14" numBranchPoints="3" visitedBranchPoints="3" sequenceCoverage="100" branchCoverage="100" maxCyclomaticComplexity="1" minCyclomaticComplexity="1" visitedClasses="1" numClasses="1" visitedMethods="3" numMethods="3" />
          <FullName>Helpful.TextParser.Fluent.Impl.PositionedPropertiesOnlyDescriptor`1</FullName>
          <Methods>
            <Method visited="true" cyclomaticComplexity="1" nPathComplexity="0" sequenceCoverage="100" branchCoverage="100" isConstructor="true" isStatic="false" isGetter="false" isSetter="false">
              <Summary numSequencePoints="5" visitedSequencePoints="5" numBranchPoints="1" visitedBranchPoints="1" sequenceCoverage="100" branchCoverage="100" maxCyclomaticComplexity="1" minCyclomaticComplexity="1" visitedClasses="0" numClasses="0" visitedMethods="1" numMethods="1" />
              <MetadataToken>100663406</MetadataToken>
              <Name>System.Void Helpful.TextParser.Fluent.Impl.PositionedPropertiesOnlyDescriptor`1::.ctor(Helpful.TextParser.Model.Element,Helpful.TextParser.Interface.IParser)</Name>
              <FileRef uid="82" />
              <SequencePoints>
                <SequencePoint vc="7" uspid="1870" ordinal="0" offset="0" sl="16" sc="9" el="16" ec="83" bec="0" bev="0" fileid="82" />
                <SequencePoint vc="7" uspid="1871" ordinal="1" offset="7" sl="17" sc="9" el="17" ec="10" bec="0" bev="0" fileid="82" />
                <SequencePoint vc="7" uspid="1872" ordinal="2" offset="8" sl="18" sc="13" el="18" ec="32" bec="0" bev="0" fileid="82" />
                <SequencePoint vc="7" uspid="1873" ordinal="3" offset="15" sl="19" sc="13" el="19" ec="30" bec="0" bev="0" fileid="82" />
                <SequencePoint vc="7" uspid="1874" ordinal="4" offset="22" sl="20" sc="9" el="20" ec="10" bec="0" bev="0" fileid="82" />
              </SequencePoints>
              <BranchPoints />
              <MethodPoint xsi:type="SequencePoint" vc="7" uspid="1870" ordinal="0" offset="0" sl="16" sc="9" el="16" ec="83" bec="0" bev="0" fileid="82" />
            </Method>
            <Method visited="true" cyclomaticComplexity="1" nPathComplexity="0" sequenceCoverage="100" branchCoverage="100" isConstructor="false" isStatic="false" isGetter="false" isSetter="false">
              <Summary numSequencePoints="6" visitedSequencePoints="6" numBranchPoints="1" visitedBranchPoints="1" sequenceCoverage="100" branchCoverage="100" maxCyclomaticComplexity="1" minCyclomaticComplexity="1" visitedClasses="0" numClasses="0" visitedMethods="1" numMethods="1" />
              <MetadataToken>100663407</MetadataToken>
              <Name>Helpful.TextParser.Fluent.Interface.IParseDescriptor`1&lt;TClass&gt; Helpful.TextParser.Fluent.Impl.PositionedPropertiesOnlyDescriptor`1::Properties(System.Action`1&lt;Helpful.TextParser.Fluent.Interface.IPositionedPropertyOnlyDescriptor`1&lt;TClass&gt;&gt;)</Name>
              <FileRef uid="82" />
              <SequencePoints>
                <SequencePoint vc="6" uspid="1875" ordinal="0" offset="0" sl="23" sc="9" el="23" ec="10" bec="0" bev="0" fileid="82" />
                <SequencePoint vc="6" uspid="1876" ordinal="1" offset="1" sl="24" sc="13" el="24" ec="34" bec="0" bev="0" fileid="82" />
                <SequencePoint vc="6" uspid="1877" ordinal="2" offset="8" sl="26" sc="13" el="26" ec="107" bec="0" bev="0" fileid="82" />
                <SequencePoint vc="6" uspid="1878" ordinal="3" offset="20" sl="28" sc="13" el="28" ec="55" bec="0" bev="0" fileid="82" />
                <SequencePoint vc="3" uspid="1879" ordinal="4" offset="33" sl="30" sc="13" el="30" ec="25" bec="0" bev="0" fileid="82" />
                <SequencePoint vc="3" uspid="1880" ordinal="5" offset="37" sl="31" sc="9" el="31" ec="10" bec="0" bev="0" fileid="82" />
              </SequencePoints>
              <BranchPoints />
              <MethodPoint xsi:type="SequencePoint" vc="6" uspid="1875" ordinal="0" offset="0" sl="23" sc="9" el="23" ec="10" bec="0" bev="0" fileid="82" />
            </Method>
            <Method visited="true" cyclomaticComplexity="1" nPathComplexity="0" sequenceCoverage="100" branchCoverage="100" isConstructor="false" isStatic="false" isGetter="false" isSetter="false">
              <Summary numSequencePoints="3" visitedSequencePoints="3" numBranchPoints="1" visitedBranchPoints="1" sequenceCoverage="100" branchCoverage="100" maxCyclomaticComplexity="1" minCyclomaticComplexity="1" visitedClasses="0" numClasses="0" visitedMethods="1" numMethods="1" />
              <MetadataToken>100663408</MetadataToken>
              <Name>Helpful.TextParser.Model.Result`1&lt;TClass&gt; Helpful.TextParser.Fluent.Impl.PositionedPropertiesOnlyDescriptor`1::Parse(System.String[])</Name>
              <FileRef uid="82" />
              <SequencePoints>
                <SequencePoint vc="2" uspid="1881" ordinal="0" offset="0" sl="34" sc="9" el="34" ec="10" bec="0" bev="0" fileid="82" />
                <SequencePoint vc="2" uspid="1882" ordinal="1" offset="1" sl="35" sc="13" el="35" ec="61" bec="0" bev="0" fileid="82" />
                <SequencePoint vc="2" uspid="1883" ordinal="2" offset="22" sl="36" sc="9" el="36" ec="10" bec="0" bev="0" fileid="82" />
              </SequencePoints>
              <BranchPoints />
              <MethodPoint xsi:type="SequencePoint" vc="2" uspid="1881" ordinal="0" offset="0" sl="34" sc="9" el="34" ec="10" bec="0" bev="0" fileid="82" />
            </Method>
          </Methods>
        </Class>
        <Class>
          <Summary numSequencePoints="14" visitedSequencePoints="14" numBranchPoints="3" visitedBranchPoints="3" sequenceCoverage="100" branchCoverage="100" maxCyclomaticComplexity="1" minCyclomaticComplexity="1" visitedClasses="1" numClasses="1" visitedMethods="3" numMethods="3" />
          <FullName>Helpful.TextParser.Fluent.Impl.DelimitedPropertiesOnlyDescriptor`1</FullName>
          <Methods>
            <Method visited="true" cyclomaticComplexity="1" nPathComplexity="0" sequenceCoverage="100" branchCoverage="100" isConstructor="true" isStatic="false" isGetter="false" isSetter="false">
              <Summary numSequencePoints="5" visitedSequencePoints="5" numBranchPoints="1" visitedBranchPoints="1" sequenceCoverage="100" branchCoverage="100" maxCyclomaticComplexity="1" minCyclomaticComplexity="1" visitedClasses="0" numClasses="0" visitedMethods="1" numMethods="1" />
              <MetadataToken>100663409</MetadataToken>
              <Name>System.Void Helpful.TextParser.Fluent.Impl.DelimitedPropertiesOnlyDescriptor`1::.ctor(Helpful.TextParser.Model.Element,Helpful.TextParser.Interface.IParser)</Name>
              <FileRef uid="83" />
              <SequencePoints>
                <SequencePoint vc="4" uspid="1884" ordinal="0" offset="0" sl="16" sc="9" el="16" ec="82" bec="0" bev="0" fileid="83" />
                <SequencePoint vc="4" uspid="1885" ordinal="1" offset="7" sl="17" sc="9" el="17" ec="10" bec="0" bev="0" fileid="83" />
                <SequencePoint vc="4" uspid="1886" ordinal="2" offset="8" sl="18" sc="13" el="18" ec="32" bec="0" bev="0" fileid="83" />
                <SequencePoint vc="4" uspid="1887" ordinal="3" offset="15" sl="19" sc="13" el="19" ec="30" bec="0" bev="0" fileid="83" />
                <SequencePoint vc="4" uspid="1888" ordinal="4" offset="22" sl="20" sc="9" el="20" ec="10" bec="0" bev="0" fileid="83" />
              </SequencePoints>
              <BranchPoints />
              <MethodPoint xsi:type="SequencePoint" vc="4" uspid="1884" ordinal="0" offset="0" sl="16" sc="9" el="16" ec="82" bec="0" bev="0" fileid="83" />
            </Method>
            <Method visited="true" cyclomaticComplexity="1" nPathComplexity="0" sequenceCoverage="100" branchCoverage="100" isConstructor="false" isStatic="false" isGetter="false" isSetter="false">
              <Summary numSequencePoints="6" visitedSequencePoints="6" numBranchPoints="1" visitedBranchPoints="1" sequenceCoverage="100" branchCoverage="100" maxCyclomaticComplexity="1" minCyclomaticComplexity="1" visitedClasses="0" numClasses="0" visitedMethods="1" numMethods="1" />
              <MetadataToken>100663410</MetadataToken>
              <Name>Helpful.TextParser.Fluent.Interface.IParseDescriptor`1&lt;TClass&gt; Helpful.TextParser.Fluent.Impl.DelimitedPropertiesOnlyDescriptor`1::Properties(System.Action`1&lt;Helpful.TextParser.Fluent.Interface.IDelimitedPropertyOnlyDescriptor`1&lt;TClass&gt;&gt;)</Name>
              <FileRef uid="83" />
              <SequencePoints>
                <SequencePoint vc="3" uspid="1889" ordinal="0" offset="0" sl="23" sc="9" el="23" ec="10" bec="0" bev="0" fileid="83" />
                <SequencePoint vc="3" uspid="1890" ordinal="1" offset="1" sl="24" sc="13" el="24" ec="34" bec="0" bev="0" fileid="83" />
                <SequencePoint vc="3" uspid="1891" ordinal="2" offset="8" sl="26" sc="13" el="26" ec="101" bec="0" bev="0" fileid="83" />
                <SequencePoint vc="3" uspid="1892" ordinal="3" offset="20" sl="28" sc="13" el="28" ec="50" bec="0" bev="0" fileid="83" />
                <SequencePoint vc="3" uspid="1893" ordinal="4" offset="33" sl="30" sc="13" el="30" ec="25" bec="0" bev="0" fileid="83" />
                <SequencePoint vc="3" uspid="1894" ordinal="5" offset="37" sl="31" sc="9" el="31" ec="10" bec="0" bev="0" fileid="83" />
              </SequencePoints>
              <BranchPoints />
              <MethodPoint xsi:type="SequencePoint" vc="3" uspid="1889" ordinal="0" offset="0" sl="23" sc="9" el="23" ec="10" bec="0" bev="0" fileid="83" />
            </Method>
            <Method visited="true" cyclomaticComplexity="1" nPathComplexity="0" sequenceCoverage="100" branchCoverage="100" isConstructor="false" isStatic="false" isGetter="false" isSetter="false">
              <Summary numSequencePoints="3" visitedSequencePoints="3" numBranchPoints="1" visitedBranchPoints="1" sequenceCoverage="100" branchCoverage="100" maxCyclomaticComplexity="1" minCyclomaticComplexity="1" visitedClasses="0" numClasses="0" visitedMethods="1" numMethods="1" />
              <MetadataToken>100663411</MetadataToken>
              <Name>Helpful.TextParser.Model.Result`1&lt;TClass&gt; Helpful.TextParser.Fluent.Impl.DelimitedPropertiesOnlyDescriptor`1::Parse(System.String[])</Name>
              <FileRef uid="83" />
              <SequencePoints>
                <SequencePoint vc="2" uspid="1895" ordinal="0" offset="0" sl="34" sc="9" el="34" ec="10" bec="0" bev="0" fileid="83" />
                <SequencePoint vc="2" uspid="1896" ordinal="1" offset="1" sl="35" sc="13" el="35" ec="61" bec="0" bev="0" fileid="83" />
                <SequencePoint vc="2" uspid="1897" ordinal="2" offset="22" sl="36" sc="9" el="36" ec="10" bec="0" bev="0" fileid="83" />
              </SequencePoints>
              <BranchPoints />
              <MethodPoint xsi:type="SequencePoint" vc="2" uspid="1895" ordinal="0" offset="0" sl="34" sc="9" el="34" ec="10" bec="0" bev="0" fileid="83" />
            </Method>
          </Methods>
        </Class>
        <Class>
          <Summary numSequencePoints="40" visitedSequencePoints="40" numBranchPoints="10" visitedBranchPoints="10" sequenceCoverage="100" branchCoverage="100" maxCyclomaticComplexity="2" minCyclomaticComplexity="1" visitedClasses="1" numClasses="1" visitedMethods="6" numMethods="6" />
          <FullName>Helpful.TextParser.Fluent.Impl.PositionedPropertyDescriptor`1</FullName>
          <Methods>
            <Method visited="true" cyclomaticComplexity="1" nPathComplexity="0" sequenceCoverage="100" branchCoverage="100" isConstructor="true" isStatic="false" isGetter="false" isSetter="false">
              <Summary numSequencePoints="4" visitedSequencePoints="4" numBranchPoints="1" visitedBranchPoints="1" sequenceCoverage="100" branchCoverage="100" maxCyclomaticComplexity="1" minCyclomaticComplexity="1" visitedClasses="0" numClasses="0" visitedMethods="1" numMethods="1" />
              <MetadataToken>100663412</MetadataToken>
              <Name>System.Void Helpful.TextParser.Fluent.Impl.PositionedPropertyDescriptor`1::.ctor(Helpful.TextParser.Model.Element)</Name>
              <FileRef uid="84" />
              <SequencePoints>
                <SequencePoint vc="41" uspid="1898" ordinal="0" offset="0" sl="14" sc="9" el="14" ec="67" bec="0" bev="0" fileid="84" />
                <SequencePoint vc="41" uspid="1899" ordinal="1" offset="7" sl="15" sc="9" el="15" ec="10" bec="0" bev="0" fileid="84" />
                <SequencePoint vc="41" uspid="1900" ordinal="2" offset="8" sl="16" sc="13" el="16" ec="44" bec="0" bev="0" fileid="84" />
                <SequencePoint vc="41" uspid="1901" ordinal="3" offset="15" sl="17" sc="9" el="17" ec="10" bec="0" bev="0" fileid="84" />
              </SequencePoints>
              <BranchPoints />
              <MethodPoint xsi:type="SequencePoint" vc="41" uspid="1898" ordinal="0" offset="0" sl="14" sc="9" el="14" ec="67" bec="0" bev="0" fileid="84" />
            </Method>
            <Method visited="true" cyclomaticComplexity="1" nPathComplexity="0" sequenceCoverage="100" branchCoverage="100" isConstructor="false" isStatic="false" isGetter="false" isSetter="false">
              <Summary numSequencePoints="7" visitedSequencePoints="7" numBranchPoints="1" visitedBranchPoints="1" sequenceCoverage="100" branchCoverage="100" maxCyclomaticComplexity="1" minCyclomaticComplexity="1" visitedClasses="0" numClasses="0" visitedMethods="1" numMethods="1" />
              <MetadataToken>100663413</MetadataToken>
              <Name>Helpful.TextParser.Fluent.Interface.IPositionedPropertyMapToDescriptor Helpful.TextParser.Fluent.Impl.PositionedPropertyDescriptor`1::Property(System.Linq.Expressions.Expression`1&lt;System.Func`2&lt;TClass,TProperty&gt;&gt;)</Name>
              <FileRef uid="84" />
              <SequencePoints>
                <SequencePoint vc="131" uspid="1902" ordinal="0" offset="0" sl="20" sc="9" el="20" ec="10" bec="0" bev="0" fileid="84" />
                <SequencePoint vc="131" uspid="1903" ordinal="1" offset="1" sl="21" sc="13" el="21" ec="60" bec="0" bev="0" fileid="84" />
                <SequencePoint vc="131" uspid="1904" ordinal="2" offset="13" sl="23" sc="13" el="23" ec="58" bec="0" bev="0" fileid="84" />
                <SequencePoint vc="131" uspid="1905" ordinal="3" offset="25" sl="25" sc="13" el="28" ec="15" bec="0" bev="0" fileid="84" />
                <SequencePoint vc="131" uspid="1906" ordinal="4" offset="44" sl="30" sc="13" el="30" ec="50" bec="0" bev="0" fileid="84" />
                <SequencePoint vc="131" uspid="1907" ordinal="5" offset="62" sl="32" sc="13" el="32" ec="25" bec="0" bev="0" fileid="84" />
                <SequencePoint vc="131" uspid="1908" ordinal="6" offset="66" sl="33" sc="9" el="33" ec="10" bec="0" bev="0" fileid="84" />
              </SequencePoints>
              <BranchPoints />
              <MethodPoint xsi:type="SequencePoint" vc="131" uspid="1902" ordinal="0" offset="0" sl="20" sc="9" el="20" ec="10" bec="0" bev="0" fileid="84" />
            </Method>
            <Method visited="true" cyclomaticComplexity="2" nPathComplexity="2" sequenceCoverage="100" branchCoverage="100" isConstructor="false" isStatic="false" isGetter="false" isSetter="false">
              <Summary numSequencePoints="11" visitedSequencePoints="11" numBranchPoints="3" visitedBranchPoints="3" sequenceCoverage="100" branchCoverage="100" maxCyclomaticComplexity="2" minCyclomaticComplexity="2" visitedClasses="0" numClasses="0" visitedMethods="1" numMethods="1" />
              <MetadataToken>100663414</MetadataToken>
              <Name>Helpful.TextParser.Fluent.Interface.IPositionedPropertyPositionDescriptor`1&lt;TChildClass&gt; Helpful.TextParser.Fluent.Impl.PositionedPropertyDescriptor`1::MapTo(System.String)</Name>
              <FileRef uid="84" />
              <SequencePoints>
                <SequencePoint vc="24" uspid="1909" ordinal="0" offset="0" sl="36" sc="9" el="36" ec="10" bec="0" bev="0" fileid="84" />
                <SequencePoint vc="24" uspid="1910" ordinal="1" offset="1" sl="37" sc="13" el="37" ec="43" bec="2" bev="2" fileid="84" />
                <SequencePoint vc="2" uspid="1911" ordinal="2" offset="11" sl="38" sc="13" el="38" ec="14" bec="0" bev="0" fileid="84" />
                <SequencePoint vc="2" uspid="1912" ordinal="3" offset="12" sl="39" sc="17" el="39" ec="108" bec="0" bev="0" fileid="84" />
                <SequencePoint vc="22" uspid="1913" ordinal="4" offset="43" sl="42" sc="13" el="42" ec="58" bec="0" bev="0" fileid="84" />
                <SequencePoint vc="22" uspid="1914" ordinal="5" offset="60" sl="44" sc="13" el="44" ec="80" bec="0" bev="0" fileid="84" />
                <SequencePoint vc="22" uspid="1915" ordinal="6" offset="68" sl="45" sc="13" el="45" ec="51" bec="0" bev="0" fileid="84" />
                <SequencePoint vc="22" uspid="1916" ordinal="7" offset="76" sl="46" sc="13" el="46" ec="31" bec="0" bev="0" fileid="84" />
                <SequencePoint vc="22" uspid="1917" ordinal="8" offset="84" sl="47" sc="13" el="47" ec="48" bec="0" bev="0" fileid="84" />
                <SequencePoint vc="22" uspid="1918" ordinal="9" offset="101" sl="49" sc="13" el="49" ec="83" bec="0" bev="0" fileid="84" />
                <SequencePoint vc="22" uspid="1919" ordinal="10" offset="110" sl="50" sc="9" el="50" ec="10" bec="0" bev="0" fileid="84" />
              </SequencePoints>
              <BranchPoints>
                <BranchPoint vc="2" uspid="1920" ordinal="0" offset="9" sl="37" path="0" offsetend="11" fileid="84" />
                <BranchPoint vc="22" uspid="1921" ordinal="1" offset="9" sl="37" path="1" offsetend="43" fileid="84" />
              </BranchPoints>
              <MethodPoint xsi:type="SequencePoint" vc="24" uspid="1909" ordinal="0" offset="0" sl="36" sc="9" el="36" ec="10" bec="0" bev="0" fileid="84" />
            </Method>
            <Method visited="true" cyclomaticComplexity="2" nPathComplexity="2" sequenceCoverage="100" branchCoverage="100" isConstructor="false" isStatic="false" isGetter="false" isSetter="false">
              <Summary numSequencePoints="10" visitedSequencePoints="10" numBranchPoints="3" visitedBranchPoints="3" sequenceCoverage="100" branchCoverage="100" maxCyclomaticComplexity="2" minCyclomaticComplexity="2" visitedClasses="0" numClasses="0" visitedMethods="1" numMethods="1" />
              <MetadataToken>100663415</MetadataToken>
              <Name>Helpful.TextParser.Fluent.Interface.IPositionedPropertyRequiredDescriptor Helpful.TextParser.Fluent.Impl.PositionedPropertyDescriptor`1::Position(System.Int32,System.Int32)</Name>
              <FileRef uid="84" />
              <SequencePoints>
                <SequencePoint vc="107" uspid="1922" ordinal="0" offset="0" sl="53" sc="9" el="53" ec="10" bec="0" bev="0" fileid="84" />
                <SequencePoint vc="107" uspid="1923" ordinal="1" offset="1" sl="54" sc="13" el="54" ec="46" bec="2" bev="2" fileid="84" />
                <SequencePoint vc="3" uspid="1924" ordinal="2" offset="12" sl="55" sc="13" el="55" ec="14" bec="0" bev="0" fileid="84" />
                <SequencePoint vc="3" uspid="1925" ordinal="3" offset="13" sl="56" sc="17" el="56" ec="150" bec="0" bev="0" fileid="84" />
                <SequencePoint vc="104" uspid="1926" ordinal="4" offset="56" sl="59" sc="13" el="59" ec="58" bec="0" bev="0" fileid="84" />
                <SequencePoint vc="104" uspid="1927" ordinal="5" offset="73" sl="61" sc="13" el="61" ec="56" bec="0" bev="0" fileid="84" />
                <SequencePoint vc="104" uspid="1928" ordinal="6" offset="81" sl="62" sc="13" el="62" ec="67" bec="0" bev="0" fileid="84" />
                <SequencePoint vc="104" uspid="1929" ordinal="7" offset="99" sl="63" sc="13" el="63" ec="63" bec="0" bev="0" fileid="84" />
                <SequencePoint vc="104" uspid="1930" ordinal="8" offset="117" sl="65" sc="13" el="65" ec="25" bec="0" bev="0" fileid="84" />
                <SequencePoint vc="104" uspid="1931" ordinal="9" offset="121" sl="66" sc="9" el="66" ec="10" bec="0" bev="0" fileid="84" />
              </SequencePoints>
              <BranchPoints>
                <BranchPoint vc="3" uspid="1932" ordinal="0" offset="10" sl="54" path="0" offsetend="12" fileid="84" />
                <BranchPoint vc="104" uspid="1933" ordinal="1" offset="10" sl="54" path="1" offsetend="56" fileid="84" />
              </BranchPoints>
              <MethodPoint xsi:type="SequencePoint" vc="107" uspid="1922" ordinal="0" offset="0" sl="53" sc="9" el="53" ec="10" bec="0" bev="0" fileid="84" />
            </Method>
            <Method visited="true" cyclomaticComplexity="1" nPathComplexity="0" sequenceCoverage="100" branchCoverage="100" isConstructor="false" isStatic="false" isGetter="false" isSetter="false">
              <Summary numSequencePoints="4" visitedSequencePoints="4" numBranchPoints="1" visitedBranchPoints="1" sequenceCoverage="100" branchCoverage="100" maxCyclomaticComplexity="1" minCyclomaticComplexity="1" visitedClasses="0" numClasses="0" visitedMethods="1" numMethods="1" />
              <MetadataToken>100663416</MetadataToken>
              <Name>System.Void Helpful.TextParser.Fluent.Impl.PositionedPropertyDescriptor`1::Required()</Name>
              <FileRef uid="84" />
              <SequencePoints>
                <SequencePoint vc="98" uspid="1934" ordinal="0" offset="0" sl="69" sc="9" el="69" ec="10" bec="0" bev="0" fileid="84" />
                <SequencePoint vc="98" uspid="1935" ordinal="1" offset="1" sl="70" sc="13" el="70" ec="58" bec="0" bev="0" fileid="84" />
                <SequencePoint vc="98" uspid="1936" ordinal="2" offset="18" sl="72" sc="13" el="72" ec="37" bec="0" bev="0" fileid="84" />
                <SequencePoint vc="98" uspid="1937" ordinal="3" offset="26" sl="73" sc="9" el="73" ec="10" bec="0" bev="0" fileid="84" />
              </SequencePoints>
              <BranchPoints />
              <MethodPoint xsi:type="SequencePoint" vc="98" uspid="1934" ordinal="0" offset="0" sl="69" sc="9" el="69" ec="10" bec="0" bev="0" fileid="84" />
            </Method>
            <Method visited="true" cyclomaticComplexity="1" nPathComplexity="0" sequenceCoverage="100" branchCoverage="100" isConstructor="false" isStatic="false" isGetter="false" isSetter="false">
              <Summary numSequencePoints="4" visitedSequencePoints="4" numBranchPoints="1" visitedBranchPoints="1" sequenceCoverage="100" branchCoverage="100" maxCyclomaticComplexity="1" minCyclomaticComplexity="1" visitedClasses="0" numClasses="0" visitedMethods="1" numMethods="1" />
              <MetadataToken>100663417</MetadataToken>
              <Name>System.Void Helpful.TextParser.Fluent.Impl.PositionedPropertyDescriptor`1::NotRequired()</Name>
              <FileRef uid="84" />
              <SequencePoints>
                <SequencePoint vc="6" uspid="1938" ordinal="0" offset="0" sl="76" sc="9" el="76" ec="10" bec="0" bev="0" fileid="84" />
                <SequencePoint vc="6" uspid="1939" ordinal="1" offset="1" sl="77" sc="13" el="77" ec="58" bec="0" bev="0" fileid="84" />
                <SequencePoint vc="6" uspid="1940" ordinal="2" offset="18" sl="79" sc="13" el="79" ec="38" bec="0" bev="0" fileid="84" />
                <SequencePoint vc="6" uspid="1941" ordinal="3" offset="26" sl="80" sc="9" el="80" ec="10" bec="0" bev="0" fileid="84" />
              </SequencePoints>
              <BranchPoints />
              <MethodPoint xsi:type="SequencePoint" vc="6" uspid="1938" ordinal="0" offset="0" sl="76" sc="9" el="76" ec="10" bec="0" bev="0" fileid="84" />
            </Method>
          </Methods>
        </Class>
        <Class>
          <Summary numSequencePoints="37" visitedSequencePoints="37" numBranchPoints="8" visitedBranchPoints="8" sequenceCoverage="100" branchCoverage="100" maxCyclomaticComplexity="2" minCyclomaticComplexity="1" visitedClasses="1" numClasses="1" visitedMethods="6" numMethods="6" />
          <FullName>Helpful.TextParser.Fluent.Impl.DelimitedPropertyDescriptor`1</FullName>
          <Methods>
            <Method visited="true" cyclomaticComplexity="1" nPathComplexity="0" sequenceCoverage="100" branchCoverage="100" isConstructor="true" isStatic="false" isGetter="false" isSetter="false">
              <Summary numSequencePoints="4" visitedSequencePoints="4" numBranchPoints="1" visitedBranchPoints="1" sequenceCoverage="100" branchCoverage="100" maxCyclomaticComplexity="1" minCyclomaticComplexity="1" visitedClasses="0" numClasses="0" visitedMethods="1" numMethods="1" />
              <MetadataToken>100663418</MetadataToken>
              <Name>System.Void Helpful.TextParser.Fluent.Impl.DelimitedPropertyDescriptor`1::.ctor(Helpful.TextParser.Model.Element)</Name>
              <FileRef uid="85" />
              <SequencePoints>
                <SequencePoint vc="35" uspid="1942" ordinal="0" offset="0" sl="14" sc="9" el="14" ec="66" bec="0" bev="0" fileid="85" />
                <SequencePoint vc="35" uspid="1943" ordinal="1" offset="7" sl="15" sc="9" el="15" ec="10" bec="0" bev="0" fileid="85" />
                <SequencePoint vc="35" uspid="1944" ordinal="2" offset="8" sl="16" sc="13" el="16" ec="44" bec="0" bev="0" fileid="85" />
                <SequencePoint vc="35" uspid="1945" ordinal="3" offset="15" sl="17" sc="9" el="17" ec="10" bec="0" bev="0" fileid="85" />
              </SequencePoints>
              <BranchPoints />
              <MethodPoint xsi:type="SequencePoint" vc="35" uspid="1942" ordinal="0" offset="0" sl="14" sc="9" el="14" ec="66" bec="0" bev="0" fileid="85" />
            </Method>
            <Method visited="true" cyclomaticComplexity="1" nPathComplexity="0" sequenceCoverage="100" branchCoverage="100" isConstructor="false" isStatic="false" isGetter="false" isSetter="false">
              <Summary numSequencePoints="7" visitedSequencePoints="7" numBranchPoints="1" visitedBranchPoints="1" sequenceCoverage="100" branchCoverage="100" maxCyclomaticComplexity="1" minCyclomaticComplexity="1" visitedClasses="0" numClasses="0" visitedMethods="1" numMethods="1" />
              <MetadataToken>100663419</MetadataToken>
              <Name>Helpful.TextParser.Fluent.Interface.IDelimitedPropertyMapToDescriptor Helpful.TextParser.Fluent.Impl.DelimitedPropertyDescriptor`1::Property(System.Linq.Expressions.Expression`1&lt;System.Func`2&lt;TClass,TProperty&gt;&gt;)</Name>
              <FileRef uid="85" />
              <SequencePoints>
                <SequencePoint vc="125" uspid="1946" ordinal="0" offset="0" sl="20" sc="9" el="20" ec="10" bec="0" bev="0" fileid="85" />
                <SequencePoint vc="125" uspid="1947" ordinal="1" offset="1" sl="21" sc="13" el="21" ec="60" bec="0" bev="0" fileid="85" />
                <SequencePoint vc="125" uspid="1948" ordinal="2" offset="13" sl="23" sc="13" el="23" ec="58" bec="0" bev="0" fileid="85" />
                <SequencePoint vc="125" uspid="1949" ordinal="3" offset="25" sl="25" sc="13" el="28" ec="15" bec="0" bev="0" fileid="85" />
                <SequencePoint vc="125" uspid="1950" ordinal="4" offset="44" sl="30" sc="13" el="30" ec="50" bec="0" bev="0" fileid="85" />
                <SequencePoint vc="125" uspid="1951" ordinal="5" offset="62" sl="32" sc="13" el="32" ec="25" bec="0" bev="0" fileid="85" />
                <SequencePoint vc="125" uspid="1952" ordinal="6" offset="66" sl="33" sc="9" el="33" ec="10" bec="0" bev="0" fileid="85" />
              </SequencePoints>
              <BranchPoints />
              <MethodPoint xsi:type="SequencePoint" vc="125" uspid="1946" ordinal="0" offset="0" sl="20" sc="9" el="20" ec="10" bec="0" bev="0" fileid="85" />
            </Method>
            <Method visited="true" cyclomaticComplexity="2" nPathComplexity="2" sequenceCoverage="100" branchCoverage="100" isConstructor="false" isStatic="false" isGetter="false" isSetter="false">
              <Summary numSequencePoints="12" visitedSequencePoints="12" numBranchPoints="3" visitedBranchPoints="3" sequenceCoverage="100" branchCoverage="100" maxCyclomaticComplexity="2" minCyclomaticComplexity="2" visitedClasses="0" numClasses="0" visitedMethods="1" numMethods="1" />
              <MetadataToken>100663420</MetadataToken>
              <Name>Helpful.TextParser.Fluent.Interface.IDelimitedPropertyPositionDescriptor`1&lt;TChildClass&gt; Helpful.TextParser.Fluent.Impl.DelimitedPropertyDescriptor`1::MapTo(System.String)</Name>
              <FileRef uid="85" />
              <SequencePoints>
                <SequencePoint vc="21" uspid="1953" ordinal="0" offset="0" sl="36" sc="9" el="36" ec="10" bec="0" bev="0" fileid="85" />
                <SequencePoint vc="21" uspid="1954" ordinal="1" offset="1" sl="37" sc="13" el="37" ec="43" bec="2" bev="2" fileid="85" />
                <SequencePoint vc="2" uspid="1955" ordinal="2" offset="11" sl="38" sc="13" el="38" ec="14" bec="0" bev="0" fileid="85" />
                <SequencePoint vc="2" uspid="1956" ordinal="3" offset="12" sl="39" sc="17" el="39" ec="108" bec="0" bev="0" fileid="85" />
                <SequencePoint vc="19" uspid="1957" ordinal="4" offset="43" sl="42" sc="13" el="42" ec="58" bec="0" bev="0" fileid="85" />
                <SequencePoint vc="19" uspid="1958" ordinal="5" offset="60" sl="44" sc="13" el="44" ec="87" bec="0" bev="0" fileid="85" />
                <SequencePoint vc="19" uspid="1959" ordinal="6" offset="68" sl="45" sc="13" el="45" ec="51" bec="0" bev="0" fileid="85" />
                <SequencePoint vc="19" uspid="1960" ordinal="7" offset="76" sl="46" sc="13" el="46" ec="31" bec="0" bev="0" fileid="85" />
                <SequencePoint vc="19" uspid="1961" ordinal="8" offset="84" sl="47" sc="13" el="47" ec="99" bec="0" bev="0" fileid="85" />
                <SequencePoint vc="19" uspid="1962" ordinal="9" offset="122" sl="48" sc="13" el="48" ec="48" bec="0" bev="0" fileid="85" />
                <SequencePoint vc="19" uspid="1963" ordinal="10" offset="139" sl="50" sc="13" el="50" ec="82" bec="0" bev="0" fileid="85" />
                <SequencePoint vc="19" uspid="1964" ordinal="11" offset="148" sl="51" sc="9" el="51" ec="10" bec="0" bev="0" fileid="85" />
              </SequencePoints>
              <BranchPoints>
                <BranchPoint vc="2" uspid="1965" ordinal="0" offset="9" sl="37" path="0" offsetend="11" fileid="85" />
                <BranchPoint vc="19" uspid="1966" ordinal="1" offset="9" sl="37" path="1" offsetend="43" fileid="85" />
              </BranchPoints>
              <MethodPoint xsi:type="SequencePoint" vc="21" uspid="1953" ordinal="0" offset="0" sl="36" sc="9" el="36" ec="10" bec="0" bev="0" fileid="85" />
            </Method>
            <Method visited="true" cyclomaticComplexity="1" nPathComplexity="0" sequenceCoverage="100" branchCoverage="100" isConstructor="false" isStatic="false" isGetter="false" isSetter="false">
              <Summary numSequencePoints="6" visitedSequencePoints="6" numBranchPoints="1" visitedBranchPoints="1" sequenceCoverage="100" branchCoverage="100" maxCyclomaticComplexity="1" minCyclomaticComplexity="1" visitedClasses="0" numClasses="0" visitedMethods="1" numMethods="1" />
              <MetadataToken>100663421</MetadataToken>
              <Name>Helpful.TextParser.Fluent.Interface.IDelimitedPropertyRequiredDescriptor Helpful.TextParser.Fluent.Impl.DelimitedPropertyDescriptor`1::Position(System.Int32)</Name>
              <FileRef uid="85" />
              <SequencePoints>
                <SequencePoint vc="104" uspid="1967" ordinal="0" offset="0" sl="54" sc="9" el="54" ec="10" bec="0" bev="0" fileid="85" />
                <SequencePoint vc="104" uspid="1968" ordinal="1" offset="1" sl="55" sc="13" el="55" ec="58" bec="0" bev="0" fileid="85" />
                <SequencePoint vc="104" uspid="1969" ordinal="2" offset="18" sl="57" sc="13" el="57" ec="56" bec="0" bev="0" fileid="85" />
                <SequencePoint vc="104" uspid="1970" ordinal="3" offset="26" sl="58" sc="13" el="58" ec="57" bec="0" bev="0" fileid="85" />
                <SequencePoint vc="104" uspid="1971" ordinal="4" offset="44" sl="60" sc="13" el="60" ec="25" bec="0" bev="0" fileid="85" />
                <SequencePoint vc="104" uspid="1972" ordinal="5" offset="48" sl="61" sc="9" el="61" ec="10" bec="0" bev="0" fileid="85" />
              </SequencePoints>
              <BranchPoints />
              <MethodPoint xsi:type="SequencePoint" vc="104" uspid="1967" ordinal="0" offset="0" sl="54" sc="9" el="54" ec="10" bec="0" bev="0" fileid="85" />
            </Method>
            <Method visited="true" cyclomaticComplexity="1" nPathComplexity="0" sequenceCoverage="100" branchCoverage="100" isConstructor="false" isStatic="false" isGetter="false" isSetter="false">
              <Summary numSequencePoints="4" visitedSequencePoints="4" numBranchPoints="1" visitedBranchPoints="1" sequenceCoverage="100" branchCoverage="100" maxCyclomaticComplexity="1" minCyclomaticComplexity="1" visitedClasses="0" numClasses="0" visitedMethods="1" numMethods="1" />
              <MetadataToken>100663422</MetadataToken>
              <Name>System.Void Helpful.TextParser.Fluent.Impl.DelimitedPropertyDescriptor`1::Required()</Name>
              <FileRef uid="85" />
              <SequencePoints>
                <SequencePoint vc="98" uspid="1973" ordinal="0" offset="0" sl="64" sc="9" el="64" ec="10" bec="0" bev="0" fileid="85" />
                <SequencePoint vc="98" uspid="1974" ordinal="1" offset="1" sl="65" sc="13" el="65" ec="58" bec="0" bev="0" fileid="85" />
                <SequencePoint vc="98" uspid="1975" ordinal="2" offset="18" sl="67" sc="13" el="67" ec="37" bec="0" bev="0" fileid="85" />
                <SequencePoint vc="98" uspid="1976" ordinal="3" offset="26" sl="68" sc="9" el="68" ec="10" bec="0" bev="0" fileid="85" />
              </SequencePoints>
              <BranchPoints />
              <MethodPoint xsi:type="SequencePoint" vc="98" uspid="1973" ordinal="0" offset="0" sl="64" sc="9" el="64" ec="10" bec="0" bev="0" fileid="85" />
            </Method>
            <Method visited="true" cyclomaticComplexity="1" nPathComplexity="0" sequenceCoverage="100" branchCoverage="100" isConstructor="false" isStatic="false" isGetter="false" isSetter="false">
              <Summary numSequencePoints="4" visitedSequencePoints="4" numBranchPoints="1" visitedBranchPoints="1" sequenceCoverage="100" branchCoverage="100" maxCyclomaticComplexity="1" minCyclomaticComplexity="1" visitedClasses="0" numClasses="0" visitedMethods="1" numMethods="1" />
              <MetadataToken>100663423</MetadataToken>
              <Name>System.Void Helpful.TextParser.Fluent.Impl.DelimitedPropertyDescriptor`1::NotRequired()</Name>
              <FileRef uid="85" />
              <SequencePoints>
                <SequencePoint vc="6" uspid="1977" ordinal="0" offset="0" sl="71" sc="9" el="71" ec="10" bec="0" bev="0" fileid="85" />
                <SequencePoint vc="6" uspid="1978" ordinal="1" offset="1" sl="72" sc="13" el="72" ec="58" bec="0" bev="0" fileid="85" />
                <SequencePoint vc="6" uspid="1979" ordinal="2" offset="18" sl="74" sc="13" el="74" ec="38" bec="0" bev="0" fileid="85" />
                <SequencePoint vc="6" uspid="1980" ordinal="3" offset="26" sl="75" sc="9" el="75" ec="10" bec="0" bev="0" fileid="85" />
              </SequencePoints>
              <BranchPoints />
              <MethodPoint xsi:type="SequencePoint" vc="6" uspid="1977" ordinal="0" offset="0" sl="71" sc="9" el="71" ec="10" bec="0" bev="0" fileid="85" />
            </Method>
          </Methods>
        </Class>
        <Class>
          <Summary numSequencePoints="29" visitedSequencePoints="29" numBranchPoints="7" visitedBranchPoints="7" sequenceCoverage="100" branchCoverage="100" maxCyclomaticComplexity="2" minCyclomaticComplexity="1" visitedClasses="1" numClasses="1" visitedMethods="5" numMethods="5" />
          <FullName>Helpful.TextParser.Fluent.Impl.PositionedPropertyOnlyDescriptor`1</FullName>
          <Methods>
            <Method visited="true" cyclomaticComplexity="1" nPathComplexity="0" sequenceCoverage="100" branchCoverage="100" isConstructor="true" isStatic="false" isGetter="false" isSetter="false">
              <Summary numSequencePoints="4" visitedSequencePoints="4" numBranchPoints="1" visitedBranchPoints="1" sequenceCoverage="100" branchCoverage="100" maxCyclomaticComplexity="1" minCyclomaticComplexity="1" visitedClasses="0" numClasses="0" visitedMethods="1" numMethods="1" />
              <MetadataToken>100663424</MetadataToken>
              <Name>System.Void Helpful.TextParser.Fluent.Impl.PositionedPropertyOnlyDescriptor`1::.ctor(Helpful.TextParser.Model.Element)</Name>
              <FileRef uid="86" />
              <SequencePoints>
                <SequencePoint vc="6" uspid="1981" ordinal="0" offset="0" sl="15" sc="9" el="15" ec="71" bec="0" bev="0" fileid="86" />
                <SequencePoint vc="6" uspid="1982" ordinal="1" offset="7" sl="16" sc="9" el="16" ec="10" bec="0" bev="0" fileid="86" />
                <SequencePoint vc="6" uspid="1983" ordinal="2" offset="8" sl="17" sc="13" el="17" ec="44" bec="0" bev="0" fileid="86" />
                <SequencePoint vc="6" uspid="1984" ordinal="3" offset="15" sl="18" sc="9" el="18" ec="10" bec="0" bev="0" fileid="86" />
              </SequencePoints>
              <BranchPoints />
              <MethodPoint xsi:type="SequencePoint" vc="6" uspid="1981" ordinal="0" offset="0" sl="15" sc="9" el="15" ec="71" bec="0" bev="0" fileid="86" />
            </Method>
            <Method visited="true" cyclomaticComplexity="1" nPathComplexity="0" sequenceCoverage="100" branchCoverage="100" isConstructor="false" isStatic="false" isGetter="false" isSetter="false">
              <Summary numSequencePoints="7" visitedSequencePoints="7" numBranchPoints="1" visitedBranchPoints="1" sequenceCoverage="100" branchCoverage="100" maxCyclomaticComplexity="1" minCyclomaticComplexity="1" visitedClasses="0" numClasses="0" visitedMethods="1" numMethods="1" />
              <MetadataToken>100663425</MetadataToken>
              <Name>Helpful.TextParser.Fluent.Interface.IPositionedPropertyOnlyPositionDescriptor Helpful.TextParser.Fluent.Impl.PositionedPropertyOnlyDescriptor`1::Property(System.Linq.Expressions.Expression`1&lt;System.Func`2&lt;TClass,TProperty&gt;&gt;)</Name>
              <FileRef uid="86" />
              <SequencePoints>
                <SequencePoint vc="14" uspid="1985" ordinal="0" offset="0" sl="21" sc="9" el="21" ec="10" bec="0" bev="0" fileid="86" />
                <SequencePoint vc="14" uspid="1986" ordinal="1" offset="1" sl="22" sc="13" el="22" ec="60" bec="0" bev="0" fileid="86" />
                <SequencePoint vc="14" uspid="1987" ordinal="2" offset="13" sl="24" sc="13" el="24" ec="58" bec="0" bev="0" fileid="86" />
                <SequencePoint vc="14" uspid="1988" ordinal="3" offset="25" sl="26" sc="13" el="29" ec="15" bec="0" bev="0" fileid="86" />
                <SequencePoint vc="14" uspid="1989" ordinal="4" offset="44" sl="31" sc="13" el="31" ec="50" bec="0" bev="0" fileid="86" />
                <SequencePoint vc="14" uspid="1990" ordinal="5" offset="62" sl="33" sc="13" el="33" ec="25" bec="0" bev="0" fileid="86" />
                <SequencePoint vc="14" uspid="1991" ordinal="6" offset="66" sl="34" sc="9" el="34" ec="10" bec="0" bev="0" fileid="86" />
              </SequencePoints>
              <BranchPoints />
              <MethodPoint xsi:type="SequencePoint" vc="14" uspid="1985" ordinal="0" offset="0" sl="21" sc="9" el="21" ec="10" bec="0" bev="0" fileid="86" />
            </Method>
            <Method visited="true" cyclomaticComplexity="2" nPathComplexity="2" sequenceCoverage="100" branchCoverage="100" isConstructor="false" isStatic="false" isGetter="false" isSetter="false">
              <Summary numSequencePoints="10" visitedSequencePoints="10" numBranchPoints="3" visitedBranchPoints="3" sequenceCoverage="100" branchCoverage="100" maxCyclomaticComplexity="2" minCyclomaticComplexity="2" visitedClasses="0" numClasses="0" visitedMethods="1" numMethods="1" />
              <MetadataToken>100663426</MetadataToken>
              <Name>Helpful.TextParser.Fluent.Interface.IPositionedPropertyOnlyRequiredDescriptor Helpful.TextParser.Fluent.Impl.PositionedPropertyOnlyDescriptor`1::Position(System.Int32,System.Int32)</Name>
              <FileRef uid="86" />
              <SequencePoints>
                <SequencePoint vc="14" uspid="1992" ordinal="0" offset="0" sl="37" sc="9" el="37" ec="10" bec="0" bev="0" fileid="86" />
                <SequencePoint vc="14" uspid="1993" ordinal="1" offset="1" sl="38" sc="13" el="38" ec="46" bec="2" bev="2" fileid="86" />
                <SequencePoint vc="3" uspid="1994" ordinal="2" offset="12" sl="39" sc="13" el="39" ec="14" bec="0" bev="0" fileid="86" />
                <SequencePoint vc="3" uspid="1995" ordinal="3" offset="13" sl="40" sc="17" el="40" ec="150" bec="0" bev="0" fileid="86" />
                <SequencePoint vc="11" uspid="1996" ordinal="4" offset="56" sl="43" sc="13" el="43" ec="58" bec="0" bev="0" fileid="86" />
                <SequencePoint vc="11" uspid="1997" ordinal="5" offset="73" sl="45" sc="13" el="45" ec="56" bec="0" bev="0" fileid="86" />
                <SequencePoint vc="11" uspid="1998" ordinal="6" offset="81" sl="46" sc="13" el="46" ec="67" bec="0" bev="0" fileid="86" />
                <SequencePoint vc="11" uspid="1999" ordinal="7" offset="99" sl="47" sc="13" el="47" ec="63" bec="0" bev="0" fileid="86" />
                <SequencePoint vc="11" uspid="2000" ordinal="8" offset="117" sl="49" sc="13" el="49" ec="25" bec="0" bev="0" fileid="86" />
                <SequencePoint vc="11" uspid="2001" ordinal="9" offset="121" sl="50" sc="9" el="50" ec="10" bec="0" bev="0" fileid="86" />
              </SequencePoints>
              <BranchPoints>
                <BranchPoint vc="3" uspid="2002" ordinal="0" offset="10" sl="38" path="0" offsetend="12" fileid="86" />
                <BranchPoint vc="11" uspid="2003" ordinal="1" offset="10" sl="38" path="1" offsetend="56" fileid="86" />
              </BranchPoints>
              <MethodPoint xsi:type="SequencePoint" vc="14" uspid="1992" ordinal="0" offset="0" sl="37" sc="9" el="37" ec="10" bec="0" bev="0" fileid="86" />
            </Method>
            <Method visited="true" cyclomaticComplexity="1" nPathComplexity="0" sequenceCoverage="100" branchCoverage="100" isConstructor="false" isStatic="false" isGetter="false" isSetter="false">
              <Summary numSequencePoints="4" visitedSequencePoints="4" numBranchPoints="1" visitedBranchPoints="1" sequenceCoverage="100" branchCoverage="100" maxCyclomaticComplexity="1" minCyclomaticComplexity="1" visitedClasses="0" numClasses="0" visitedMethods="1" numMethods="1" />
              <MetadataToken>100663427</MetadataToken>
              <Name>System.Void Helpful.TextParser.Fluent.Impl.PositionedPropertyOnlyDescriptor`1::Required()</Name>
              <FileRef uid="86" />
              <SequencePoints>
                <SequencePoint vc="7" uspid="2004" ordinal="0" offset="0" sl="53" sc="9" el="53" ec="10" bec="0" bev="0" fileid="86" />
                <SequencePoint vc="7" uspid="2005" ordinal="1" offset="1" sl="54" sc="13" el="54" ec="58" bec="0" bev="0" fileid="86" />
                <SequencePoint vc="7" uspid="2006" ordinal="2" offset="18" sl="56" sc="13" el="56" ec="37" bec="0" bev="0" fileid="86" />
                <SequencePoint vc="7" uspid="2007" ordinal="3" offset="26" sl="57" sc="9" el="57" ec="10" bec="0" bev="0" fileid="86" />
              </SequencePoints>
              <BranchPoints />
              <MethodPoint xsi:type="SequencePoint" vc="7" uspid="2004" ordinal="0" offset="0" sl="53" sc="9" el="53" ec="10" bec="0" bev="0" fileid="86" />
            </Method>
            <Method visited="true" cyclomaticComplexity="1" nPathComplexity="0" sequenceCoverage="100" branchCoverage="100" isConstructor="false" isStatic="false" isGetter="false" isSetter="false">
              <Summary numSequencePoints="4" visitedSequencePoints="4" numBranchPoints="1" visitedBranchPoints="1" sequenceCoverage="100" branchCoverage="100" maxCyclomaticComplexity="1" minCyclomaticComplexity="1" visitedClasses="0" numClasses="0" visitedMethods="1" numMethods="1" />
              <MetadataToken>100663428</MetadataToken>
              <Name>System.Void Helpful.TextParser.Fluent.Impl.PositionedPropertyOnlyDescriptor`1::NotRequired()</Name>
              <FileRef uid="86" />
              <SequencePoints>
                <SequencePoint vc="4" uspid="2008" ordinal="0" offset="0" sl="60" sc="9" el="60" ec="10" bec="0" bev="0" fileid="86" />
                <SequencePoint vc="4" uspid="2009" ordinal="1" offset="1" sl="61" sc="13" el="61" ec="58" bec="0" bev="0" fileid="86" />
                <SequencePoint vc="4" uspid="2010" ordinal="2" offset="18" sl="63" sc="13" el="63" ec="38" bec="0" bev="0" fileid="86" />
                <SequencePoint vc="4" uspid="2011" ordinal="3" offset="26" sl="64" sc="9" el="64" ec="10" bec="0" bev="0" fileid="86" />
              </SequencePoints>
              <BranchPoints />
              <MethodPoint xsi:type="SequencePoint" vc="4" uspid="2008" ordinal="0" offset="0" sl="60" sc="9" el="60" ec="10" bec="0" bev="0" fileid="86" />
            </Method>
          </Methods>
        </Class>
        <Class>
          <Summary numSequencePoints="25" visitedSequencePoints="25" numBranchPoints="5" visitedBranchPoints="5" sequenceCoverage="100" branchCoverage="100" maxCyclomaticComplexity="1" minCyclomaticComplexity="1" visitedClasses="1" numClasses="1" visitedMethods="5" numMethods="5" />
          <FullName>Helpful.TextParser.Fluent.Impl.DelimitedPropertyOnlyDescriptor`1</FullName>
          <Methods>
            <Method visited="true" cyclomaticComplexity="1" nPathComplexity="0" sequenceCoverage="100" branchCoverage="100" isConstructor="true" isStatic="false" isGetter="false" isSetter="false">
              <Summary numSequencePoints="4" visitedSequencePoints="4" numBranchPoints="1" visitedBranchPoints="1" sequenceCoverage="100" branchCoverage="100" maxCyclomaticComplexity="1" minCyclomaticComplexity="1" visitedClasses="0" numClasses="0" visitedMethods="1" numMethods="1" />
              <MetadataToken>100663429</MetadataToken>
              <Name>System.Void Helpful.TextParser.Fluent.Impl.DelimitedPropertyOnlyDescriptor`1::.ctor(Helpful.TextParser.Model.Element)</Name>
              <FileRef uid="87" />
              <SequencePoints>
                <SequencePoint vc="3" uspid="2012" ordinal="0" offset="0" sl="15" sc="9" el="15" ec="70" bec="0" bev="0" fileid="87" />
                <SequencePoint vc="3" uspid="2013" ordinal="1" offset="7" sl="16" sc="9" el="16" ec="10" bec="0" bev="0" fileid="87" />
                <SequencePoint vc="3" uspid="2014" ordinal="2" offset="8" sl="17" sc="13" el="17" ec="44" bec="0" bev="0" fileid="87" />
                <SequencePoint vc="3" uspid="2015" ordinal="3" offset="15" sl="18" sc="9" el="18" ec="10" bec="0" bev="0" fileid="87" />
              </SequencePoints>
              <BranchPoints />
              <MethodPoint xsi:type="SequencePoint" vc="3" uspid="2012" ordinal="0" offset="0" sl="15" sc="9" el="15" ec="70" bec="0" bev="0" fileid="87" />
            </Method>
            <Method visited="true" cyclomaticComplexity="1" nPathComplexity="0" sequenceCoverage="100" branchCoverage="100" isConstructor="false" isStatic="false" isGetter="false" isSetter="false">
              <Summary numSequencePoints="7" visitedSequencePoints="7" numBranchPoints="1" visitedBranchPoints="1" sequenceCoverage="100" branchCoverage="100" maxCyclomaticComplexity="1" minCyclomaticComplexity="1" visitedClasses="0" numClasses="0" visitedMethods="1" numMethods="1" />
              <MetadataToken>100663430</MetadataToken>
              <Name>Helpful.TextParser.Fluent.Interface.IDelimitedPropertyOnlyPositionDescriptor Helpful.TextParser.Fluent.Impl.DelimitedPropertyOnlyDescriptor`1::Property(System.Linq.Expressions.Expression`1&lt;System.Func`2&lt;TClass,TProperty&gt;&gt;)</Name>
              <FileRef uid="87" />
              <SequencePoints>
                <SequencePoint vc="11" uspid="2016" ordinal="0" offset="0" sl="21" sc="9" el="21" ec="10" bec="0" bev="0" fileid="87" />
                <SequencePoint vc="11" uspid="2017" ordinal="1" offset="1" sl="22" sc="13" el="22" ec="60" bec="0" bev="0" fileid="87" />
                <SequencePoint vc="11" uspid="2018" ordinal="2" offset="13" sl="24" sc="13" el="24" ec="58" bec="0" bev="0" fileid="87" />
                <SequencePoint vc="11" uspid="2019" ordinal="3" offset="25" sl="26" sc="13" el="29" ec="15" bec="0" bev="0" fileid="87" />
                <SequencePoint vc="11" uspid="2020" ordinal="4" offset="44" sl="31" sc="13" el="31" ec="50" bec="0" bev="0" fileid="87" />
                <SequencePoint vc="11" uspid="2021" ordinal="5" offset="62" sl="33" sc="13" el="33" ec="25" bec="0" bev="0" fileid="87" />
                <SequencePoint vc="11" uspid="2022" ordinal="6" offset="66" sl="34" sc="9" el="34" ec="10" bec="0" bev="0" fileid="87" />
              </SequencePoints>
              <BranchPoints />
              <MethodPoint xsi:type="SequencePoint" vc="11" uspid="2016" ordinal="0" offset="0" sl="21" sc="9" el="21" ec="10" bec="0" bev="0" fileid="87" />
            </Method>
            <Method visited="true" cyclomaticComplexity="1" nPathComplexity="0" sequenceCoverage="100" branchCoverage="100" isConstructor="false" isStatic="false" isGetter="false" isSetter="false">
              <Summary numSequencePoints="6" visitedSequencePoints="6" numBranchPoints="1" visitedBranchPoints="1" sequenceCoverage="100" branchCoverage="100" maxCyclomaticComplexity="1" minCyclomaticComplexity="1" visitedClasses="0" numClasses="0" visitedMethods="1" numMethods="1" />
              <MetadataToken>100663431</MetadataToken>
              <Name>Helpful.TextParser.Fluent.Interface.IDelimitedPropertyOnlyRequiredDescriptor Helpful.TextParser.Fluent.Impl.DelimitedPropertyOnlyDescriptor`1::Position(System.Int32)</Name>
              <FileRef uid="87" />
              <SequencePoints>
                <SequencePoint vc="11" uspid="2023" ordinal="0" offset="0" sl="37" sc="9" el="37" ec="10" bec="0" bev="0" fileid="87" />
                <SequencePoint vc="11" uspid="2024" ordinal="1" offset="1" sl="38" sc="13" el="38" ec="58" bec="0" bev="0" fileid="87" />
                <SequencePoint vc="11" uspid="2025" ordinal="2" offset="18" sl="40" sc="13" el="40" ec="56" bec="0" bev="0" fileid="87" />
                <SequencePoint vc="11" uspid="2026" ordinal="3" offset="26" sl="41" sc="13" el="41" ec="57" bec="0" bev="0" fileid="87" />
                <SequencePoint vc="11" uspid="2027" ordinal="4" offset="44" sl="43" sc="13" el="43" ec="25" bec="0" bev="0" fileid="87" />
                <SequencePoint vc="11" uspid="2028" ordinal="5" offset="48" sl="44" sc="9" el="44" ec="10" bec="0" bev="0" fileid="87" />
              </SequencePoints>
              <BranchPoints />
              <MethodPoint xsi:type="SequencePoint" vc="11" uspid="2023" ordinal="0" offset="0" sl="37" sc="9" el="37" ec="10" bec="0" bev="0" fileid="87" />
            </Method>
            <Method visited="true" cyclomaticComplexity="1" nPathComplexity="0" sequenceCoverage="100" branchCoverage="100" isConstructor="false" isStatic="false" isGetter="false" isSetter="false">
              <Summary numSequencePoints="4" visitedSequencePoints="4" numBranchPoints="1" visitedBranchPoints="1" sequenceCoverage="100" branchCoverage="100" maxCyclomaticComplexity="1" minCyclomaticComplexity="1" visitedClasses="0" numClasses="0" visitedMethods="1" numMethods="1" />
              <MetadataToken>100663432</MetadataToken>
              <Name>System.Void Helpful.TextParser.Fluent.Impl.DelimitedPropertyOnlyDescriptor`1::Required()</Name>
              <FileRef uid="87" />
              <SequencePoints>
                <SequencePoint vc="7" uspid="2029" ordinal="0" offset="0" sl="47" sc="9" el="47" ec="10" bec="0" bev="0" fileid="87" />
                <SequencePoint vc="7" uspid="2030" ordinal="1" offset="1" sl="48" sc="13" el="48" ec="58" bec="0" bev="0" fileid="87" />
                <SequencePoint vc="7" uspid="2031" ordinal="2" offset="18" sl="50" sc="13" el="50" ec="37" bec="0" bev="0" fileid="87" />
                <SequencePoint vc="7" uspid="2032" ordinal="3" offset="26" sl="51" sc="9" el="51" ec="10" bec="0" bev="0" fileid="87" />
              </SequencePoints>
              <BranchPoints />
              <MethodPoint xsi:type="SequencePoint" vc="7" uspid="2029" ordinal="0" offset="0" sl="47" sc="9" el="47" ec="10" bec="0" bev="0" fileid="87" />
            </Method>
            <Method visited="true" cyclomaticComplexity="1" nPathComplexity="0" sequenceCoverage="100" branchCoverage="100" isConstructor="false" isStatic="false" isGetter="false" isSetter="false">
              <Summary numSequencePoints="4" visitedSequencePoints="4" numBranchPoints="1" visitedBranchPoints="1" sequenceCoverage="100" branchCoverage="100" maxCyclomaticComplexity="1" minCyclomaticComplexity="1" visitedClasses="0" numClasses="0" visitedMethods="1" numMethods="1" />
              <MetadataToken>100663433</MetadataToken>
              <Name>System.Void Helpful.TextParser.Fluent.Impl.DelimitedPropertyOnlyDescriptor`1::NotRequired()</Name>
              <FileRef uid="87" />
              <SequencePoints>
                <SequencePoint vc="4" uspid="2033" ordinal="0" offset="0" sl="54" sc="9" el="54" ec="10" bec="0" bev="0" fileid="87" />
                <SequencePoint vc="4" uspid="2034" ordinal="1" offset="1" sl="55" sc="13" el="55" ec="58" bec="0" bev="0" fileid="87" />
                <SequencePoint vc="4" uspid="2035" ordinal="2" offset="18" sl="57" sc="13" el="57" ec="38" bec="0" bev="0" fileid="87" />
                <SequencePoint vc="4" uspid="2036" ordinal="3" offset="26" sl="58" sc="9" el="58" ec="10" bec="0" bev="0" fileid="87" />
              </SequencePoints>
              <BranchPoints />
              <MethodPoint xsi:type="SequencePoint" vc="4" uspid="2033" ordinal="0" offset="0" sl="54" sc="9" el="54" ec="10" bec="0" bev="0" fileid="87" />
            </Method>
          </Methods>
        </Class>
        <Class>
          <Summary numSequencePoints="17" visitedSequencePoints="17" numBranchPoints="5" visitedBranchPoints="5" sequenceCoverage="100" branchCoverage="100" maxCyclomaticComplexity="2" minCyclomaticComplexity="1" visitedClasses="1" numClasses="1" visitedMethods="3" numMethods="3" />
          <FullName>Helpful.TextParser.Fluent.Impl.PositionedPropertyPositionDescriptor`1</FullName>
          <Methods>
            <Method visited="true" cyclomaticComplexity="1" nPathComplexity="0" sequenceCoverage="100" branchCoverage="100" isConstructor="true" isStatic="false" isGetter="false" isSetter="false">
              <Summary numSequencePoints="4" visitedSequencePoints="4" numBranchPoints="1" visitedBranchPoints="1" sequenceCoverage="100" branchCoverage="100" maxCyclomaticComplexity="1" minCyclomaticComplexity="1" visitedClasses="0" numClasses="0" visitedMethods="1" numMethods="1" />
              <MetadataToken>100663434</MetadataToken>
              <Name>System.Void Helpful.TextParser.Fluent.Impl.PositionedPropertyPositionDescriptor`1::.ctor(Helpful.TextParser.Model.Element)</Name>
              <FileRef uid="88" />
              <SequencePoints>
                <SequencePoint vc="22" uspid="2037" ordinal="0" offset="0" sl="13" sc="9" el="13" ec="69" bec="0" bev="0" fileid="88" />
                <SequencePoint vc="22" uspid="2038" ordinal="1" offset="7" sl="14" sc="9" el="14" ec="10" bec="0" bev="0" fileid="88" />
                <SequencePoint vc="22" uspid="2039" ordinal="2" offset="8" sl="15" sc="13" el="15" ec="32" bec="0" bev="0" fileid="88" />
                <SequencePoint vc="22" uspid="2040" ordinal="3" offset="15" sl="16" sc="9" el="16" ec="10" bec="0" bev="0" fileid="88" />
              </SequencePoints>
              <BranchPoints />
              <MethodPoint xsi:type="SequencePoint" vc="22" uspid="2037" ordinal="0" offset="0" sl="13" sc="9" el="13" ec="69" bec="0" bev="0" fileid="88" />
            </Method>
            <Method visited="true" cyclomaticComplexity="2" nPathComplexity="2" sequenceCoverage="100" branchCoverage="100" isConstructor="false" isStatic="false" isGetter="false" isSetter="false">
              <Summary numSequencePoints="8" visitedSequencePoints="8" numBranchPoints="3" visitedBranchPoints="3" sequenceCoverage="100" branchCoverage="100" maxCyclomaticComplexity="2" minCyclomaticComplexity="2" visitedClasses="0" numClasses="0" visitedMethods="1" numMethods="1" />
              <MetadataToken>100663435</MetadataToken>
              <Name>Helpful.TextParser.Fluent.Interface.IPositionedPropertyPropertiesDescriptor`1&lt;TClass&gt; Helpful.TextParser.Fluent.Impl.PositionedPropertyPositionDescriptor`1::Position(System.Int32,System.Int32)</Name>
              <FileRef uid="88" />
              <SequencePoints>
                <SequencePoint vc="22" uspid="2041" ordinal="0" offset="0" sl="19" sc="9" el="19" ec="10" bec="0" bev="0" fileid="88" />
                <SequencePoint vc="22" uspid="2042" ordinal="1" offset="1" sl="20" sc="13" el="20" ec="46" bec="2" bev="2" fileid="88" />
                <SequencePoint vc="3" uspid="2043" ordinal="2" offset="12" sl="21" sc="13" el="21" ec="14" bec="0" bev="0" fileid="88" />
                <SequencePoint vc="3" uspid="2044" ordinal="3" offset="13" sl="22" sc="17" el="22" ec="150" bec="0" bev="0" fileid="88" />
                <SequencePoint vc="19" uspid="2045" ordinal="4" offset="56" sl="25" sc="13" el="25" ec="68" bec="0" bev="0" fileid="88" />
                <SequencePoint vc="19" uspid="2046" ordinal="5" offset="79" sl="26" sc="13" el="26" ec="64" bec="0" bev="0" fileid="88" />
                <SequencePoint vc="19" uspid="2047" ordinal="6" offset="102" sl="28" sc="13" el="28" ec="25" bec="0" bev="0" fileid="88" />
                <SequencePoint vc="19" uspid="2048" ordinal="7" offset="106" sl="29" sc="9" el="29" ec="10" bec="0" bev="0" fileid="88" />
              </SequencePoints>
              <BranchPoints>
                <BranchPoint vc="3" uspid="2049" ordinal="0" offset="10" sl="20" path="0" offsetend="12" fileid="88" />
                <BranchPoint vc="19" uspid="2050" ordinal="1" offset="10" sl="20" path="1" offsetend="56" fileid="88" />
              </BranchPoints>
              <MethodPoint xsi:type="SequencePoint" vc="22" uspid="2041" ordinal="0" offset="0" sl="19" sc="9" el="19" ec="10" bec="0" bev="0" fileid="88" />
            </Method>
            <Method visited="true" cyclomaticComplexity="1" nPathComplexity="0" sequenceCoverage="100" branchCoverage="100" isConstructor="false" isStatic="false" isGetter="false" isSetter="false">
              <Summary numSequencePoints="5" visitedSequencePoints="5" numBranchPoints="1" visitedBranchPoints="1" sequenceCoverage="100" branchCoverage="100" maxCyclomaticComplexity="1" minCyclomaticComplexity="1" visitedClasses="0" numClasses="0" visitedMethods="1" numMethods="1" />
              <MetadataToken>100663436</MetadataToken>
              <Name>System.Void Helpful.TextParser.Fluent.Impl.PositionedPropertyPositionDescriptor`1::Properties(System.Action`1&lt;Helpful.TextParser.Fluent.Interface.IPositionedPropertyDescriptor`1&lt;TClass&gt;&gt;)</Name>
              <FileRef uid="88" />
              <SequencePoints>
                <SequencePoint vc="18" uspid="2051" ordinal="0" offset="0" sl="32" sc="9" el="32" ec="10" bec="0" bev="0" fileid="88" />
                <SequencePoint vc="18" uspid="2052" ordinal="1" offset="1" sl="33" sc="13" el="33" ec="34" bec="0" bev="0" fileid="88" />
                <SequencePoint vc="18" uspid="2053" ordinal="2" offset="8" sl="35" sc="13" el="35" ec="98" bec="0" bev="0" fileid="88" />
                <SequencePoint vc="18" uspid="2054" ordinal="3" offset="20" sl="37" sc="13" el="37" ec="50" bec="0" bev="0" fileid="88" />
                <SequencePoint vc="18" uspid="2055" ordinal="4" offset="33" sl="38" sc="9" el="38" ec="10" bec="0" bev="0" fileid="88" />
              </SequencePoints>
              <BranchPoints />
              <MethodPoint xsi:type="SequencePoint" vc="18" uspid="2051" ordinal="0" offset="0" sl="32" sc="9" el="32" ec="10" bec="0" bev="0" fileid="88" />
            </Method>
          </Methods>
        </Class>
        <Class>
          <Summary numSequencePoints="13" visitedSequencePoints="13" numBranchPoints="3" visitedBranchPoints="3" sequenceCoverage="100" branchCoverage="100" maxCyclomaticComplexity="1" minCyclomaticComplexity="1" visitedClasses="1" numClasses="1" visitedMethods="3" numMethods="3" />
          <FullName>Helpful.TextParser.Fluent.Impl.DelimitedPropertyPositionDescriptor`1</FullName>
          <Methods>
            <Method visited="true" cyclomaticComplexity="1" nPathComplexity="0" sequenceCoverage="100" branchCoverage="100" isConstructor="true" isStatic="false" isGetter="false" isSetter="false">
              <Summary numSequencePoints="4" visitedSequencePoints="4" numBranchPoints="1" visitedBranchPoints="1" sequenceCoverage="100" branchCoverage="100" maxCyclomaticComplexity="1" minCyclomaticComplexity="1" visitedClasses="0" numClasses="0" visitedMethods="1" numMethods="1" />
              <MetadataToken>100663437</MetadataToken>
              <Name>System.Void Helpful.TextParser.Fluent.Impl.DelimitedPropertyPositionDescriptor`1::.ctor(Helpful.TextParser.Model.Element)</Name>
              <FileRef uid="89" />
              <SequencePoints>
                <SequencePoint vc="19" uspid="2056" ordinal="0" offset="0" sl="13" sc="9" el="13" ec="68" bec="0" bev="0" fileid="89" />
                <SequencePoint vc="19" uspid="2057" ordinal="1" offset="7" sl="14" sc="9" el="14" ec="10" bec="0" bev="0" fileid="89" />
                <SequencePoint vc="19" uspid="2058" ordinal="2" offset="8" sl="15" sc="13" el="15" ec="32" bec="0" bev="0" fileid="89" />
                <SequencePoint vc="19" uspid="2059" ordinal="3" offset="15" sl="16" sc="9" el="16" ec="10" bec="0" bev="0" fileid="89" />
              </SequencePoints>
              <BranchPoints />
              <MethodPoint xsi:type="SequencePoint" vc="19" uspid="2056" ordinal="0" offset="0" sl="13" sc="9" el="13" ec="68" bec="0" bev="0" fileid="89" />
            </Method>
            <Method visited="true" cyclomaticComplexity="1" nPathComplexity="0" sequenceCoverage="100" branchCoverage="100" isConstructor="false" isStatic="false" isGetter="false" isSetter="false">
              <Summary numSequencePoints="4" visitedSequencePoints="4" numBranchPoints="1" visitedBranchPoints="1" sequenceCoverage="100" branchCoverage="100" maxCyclomaticComplexity="1" minCyclomaticComplexity="1" visitedClasses="0" numClasses="0" visitedMethods="1" numMethods="1" />
              <MetadataToken>100663438</MetadataToken>
              <Name>Helpful.TextParser.Fluent.Interface.IDelimitedPropertyPropertiesDescriptor`1&lt;TClass&gt; Helpful.TextParser.Fluent.Impl.DelimitedPropertyPositionDescriptor`1::Position(System.Int32)</Name>
              <FileRef uid="89" />
              <SequencePoints>
                <SequencePoint vc="19" uspid="2060" ordinal="0" offset="0" sl="19" sc="9" el="19" ec="10" bec="0" bev="0" fileid="89" />
                <SequencePoint vc="19" uspid="2061" ordinal="1" offset="1" sl="20" sc="13" el="20" ec="58" bec="0" bev="0" fileid="89" />
                <SequencePoint vc="19" uspid="2062" ordinal="2" offset="24" sl="22" sc="13" el="22" ec="25" bec="0" bev="0" fileid="89" />
                <SequencePoint vc="19" uspid="2063" ordinal="3" offset="28" sl="23" sc="9" el="23" ec="10" bec="0" bev="0" fileid="89" />
              </SequencePoints>
              <BranchPoints />
              <MethodPoint xsi:type="SequencePoint" vc="19" uspid="2060" ordinal="0" offset="0" sl="19" sc="9" el="19" ec="10" bec="0" bev="0" fileid="89" />
            </Method>
            <Method visited="true" cyclomaticComplexity="1" nPathComplexity="0" sequenceCoverage="100" branchCoverage="100" isConstructor="false" isStatic="false" isGetter="false" isSetter="false">
              <Summary numSequencePoints="5" visitedSequencePoints="5" numBranchPoints="1" visitedBranchPoints="1" sequenceCoverage="100" branchCoverage="100" maxCyclomaticComplexity="1" minCyclomaticComplexity="1" visitedClasses="0" numClasses="0" visitedMethods="1" numMethods="1" />
              <MetadataToken>100663439</MetadataToken>
              <Name>System.Void Helpful.TextParser.Fluent.Impl.DelimitedPropertyPositionDescriptor`1::Properties(System.Action`1&lt;Helpful.TextParser.Fluent.Interface.IDelimitedPropertyDescriptor`1&lt;TClass&gt;&gt;)</Name>
              <FileRef uid="89" />
              <SequencePoints>
                <SequencePoint vc="18" uspid="2064" ordinal="0" offset="0" sl="26" sc="9" el="26" ec="10" bec="0" bev="0" fileid="89" />
                <SequencePoint vc="18" uspid="2065" ordinal="1" offset="1" sl="27" sc="13" el="27" ec="34" bec="0" bev="0" fileid="89" />
                <SequencePoint vc="18" uspid="2066" ordinal="2" offset="8" sl="29" sc="13" el="29" ec="97" bec="0" bev="0" fileid="89" />
                <SequencePoint vc="18" uspid="2067" ordinal="3" offset="20" sl="31" sc="13" el="31" ec="50" bec="0" bev="0" fileid="89" />
                <SequencePoint vc="18" uspid="2068" ordinal="4" offset="33" sl="32" sc="9" el="32" ec="10" bec="0" bev="0" fileid="89" />
              </SequencePoints>
              <BranchPoints />
              <MethodPoint xsi:type="SequencePoint" vc="18" uspid="2064" ordinal="0" offset="0" sl="26" sc="9" el="26" ec="10" bec="0" bev="0" fileid="89" />
            </Method>
          </Methods>
        </Class>
      </Classes>
    </Module>
    <Module skippedDueTo="Filter" hash="88-45-F0-9C-3C-9F-72-79-CB-6A-82-FA-D7-DB-C3-4A-59-80-3C-6B">
      <ModulePath>C:\WINDOWS\Microsoft.Net\assembly\GAC_MSIL\System.Xml\v4.0_4.0.0.0__b77a5c561934e089\System.Xml.dll</ModulePath>
      <ModuleTime>2016-07-16T11:43:55.4992744Z</ModuleTime>
      <ModuleName>System.Xml</ModuleName>
      <Classes />
    </Module>
    <Module skippedDueTo="Filter" hash="34-9C-B1-D6-36-C6-B5-9F-A6-6E-83-F4-85-9A-0F-37-A7-F0-8D-02">
      <ModulePath>C:\Users\RonaldRicardo\Source\Repos\Helpful.TextParser\Helpful.TextParser.Test\bin\Debug\Moq.dll</ModulePath>
      <ModuleTime>2017-03-27T00:59:10Z</ModuleTime>
      <ModuleName>Moq</ModuleName>
      <Classes />
    </Module>
    <Module skippedDueTo="Filter" hash="75-89-DB-0A-A4-AC-9C-22-21-F2-A6-FE-5C-75-4A-49-28-CE-5B-B3">
      <ModulePath>C:\Users\RonaldRicardo\Source\Repos\Helpful.TextParser\Helpful.TextParser.Test\bin\Debug\Shouldly.dll</ModulePath>
      <ModuleTime>2016-08-13T07:02:38Z</ModuleTime>
      <ModuleName>Shouldly</ModuleName>
      <Classes />
    </Module>
    <Module skippedDueTo="Filter" hash="">
      <ModulePath>RefEmit_InMemoryManifestModule</ModulePath>
      <ModuleTime>0001-01-01T00:00:00</ModuleTime>
      <ModuleName>Anonymously Hosted DynamicMethods Assembly</ModuleName>
      <Classes />
    </Module>
    <Module skippedDueTo="Filter" hash="A3-09-9D-C9-2F-8D-F7-55-B0-7D-76-E4-D8-07-6F-8D-70-0A-35-14">
      <ModulePath>C:\Users\RonaldRicardo\Source\Repos\Helpful.TextParser\Helpful.TextParser.Test\bin\Debug\Castle.Core.dll</ModulePath>
      <ModuleTime>2017-01-24T22:26:06Z</ModuleTime>
      <ModuleName>Castle.Core</ModuleName>
      <Classes />
    </Module>
    <Module skippedDueTo="Filter" hash="34-A3-5D-67-8E-E7-DB-60-FE-97-F3-BD-D4-E7-40-6B-00-DA-51-C8">
      <ModulePath>C:\WINDOWS\Microsoft.Net\assembly\GAC_MSIL\System.Configuration\v4.0_4.0.0.0__b03f5f7f11d50a3a\System.Configuration.dll</ModulePath>
      <ModuleTime>2016-07-16T11:43:53.9992781Z</ModuleTime>
      <ModuleName>System.Configuration</ModuleName>
      <Classes />
    </Module>
    <Module skippedDueTo="Filter" hash="">
      <ModulePath>RefEmit_InMemoryManifestModule</ModulePath>
      <ModuleTime>0001-01-01T00:00:00</ModuleTime>
      <ModuleName>DynamicProxyGenAssembly2</ModuleName>
      <Classes />
    </Module>
    <Module skippedDueTo="Filter" hash="">
      <ModulePath>RefEmit_InMemoryManifestModule</ModulePath>
      <ModuleTime>0001-01-01T00:00:00</ModuleTime>
      <ModuleName>DynamicProxyGenAssembly2</ModuleName>
      <Classes />
    </Module>
  </Modules>
</CoverageSession>